#-----------------------------------------------------------
# Vivado v2018.3 (64-bit)
# SW Build 2405991 on Thu Dec  6 23:38:27 MST 2018
# IP Build 2404404 on Fri Dec  7 01:43:56 MST 2018
# Start of session at: Sun Sep 27 22:50:46 2026
# Process ID: 38824
# Current directory: C:/Users/32035/Desktop/FPGA/ProjectIII/.build/asic/vivado_check
# Command line: vivado.exe -mode batch -source C:\Users\32035\Desktop\FPGA\ProjectIII\asic\scripts\create_v10_vivado_view.tcl -log C:\Users\32035\Desktop\FPGA\ProjectIII\results\asic\v10\projectiii_vivado\elaboration.log -journal C:\Users\32035\Desktop\FPGA\ProjectIII\.build\asic\vivado_check\vivado.jou
# Log file: C:/Users/32035/Desktop/FPGA/ProjectIII/results/asic/v10/projectiii_vivado/elaboration.log
# Journal file: C:\Users\32035\Desktop\FPGA\ProjectIII\.build\asic\vivado_check\vivado.jou
#-----------------------------------------------------------
source {C:\Users\32035\Desktop\FPGA\ProjectIII\asic\scripts\create_v10_vivado_view.tcl}
# set root [file normalize [file join [file dirname [info script]] .. ..]]
# set project_dir [file join $root asic vivado mbist_asic_v10]
# set list_file [file join $root asic rtl asic_rtl.f]
# set part xc7a35tfgg484-2
# if {[file exists $project_dir]} {
#     error "V10 Vivado view project already exists; open it instead of overwriting: $project_dir"
# }
# set fp [open $list_file r]
# set rtl {}
# while {[gets $fp relative] >= 0} {
#     set relative [string trim $relative]
#     if {$relative eq "" || [string match "#*" $relative]} { continue }
#     lappend rtl [file join $root $relative]
# }
# close $fp
# if {[llength $rtl] != 7} { error "Expected exactly seven V10 controller RTL files" }
# foreach path $rtl {
#     if {![file exists $path]} { error "Missing RTL file: $path" }
# }
# create_project mbist_asic_v10 $project_dir -part $part
# set_property target_language Verilog [current_project]
# add_files -norecurse $rtl
# set_property top mbist_asic_top [get_filesets sources_1]
# update_compile_order -fileset sources_1
# puts "V10_VIEW_TOP [get_property top [get_filesets sources_1]]"
V10_VIEW_TOP mbist_asic_top
# puts "V10_VIEW_FILE_COUNT [llength $rtl]"
V10_VIEW_FILE_COUNT 7
# foreach path $rtl { puts "V10_VIEW_SOURCE $path" }
V10_VIEW_SOURCE C:/Users/32035/Desktop/FPGA/ProjectIII/rtl/address_generator.v
V10_VIEW_SOURCE C:/Users/32035/Desktop/FPGA/ProjectIII/rtl/data_generator.v
V10_VIEW_SOURCE C:/Users/32035/Desktop/FPGA/ProjectIII/rtl/memory_interface.v
V10_VIEW_SOURCE C:/Users/32035/Desktop/FPGA/ProjectIII/rtl/response_checker.v
V10_VIEW_SOURCE C:/Users/32035/Desktop/FPGA/ProjectIII/rtl/march_controller.v
V10_VIEW_SOURCE C:/Users/32035/Desktop/FPGA/ProjectIII/rtl/mbist_top.v
V10_VIEW_SOURCE C:/Users/32035/Desktop/FPGA/ProjectIII/asic/rtl/mbist_asic_top.v
# synth_design -rtl -name rtl_1
Command: synth_design -rtl -name rtl_1
Starting synth_design
Using part: xc7a35tfgg484-2
Top: mbist_asic_top
---------------------------------------------------------------------------------
Starting RTL Elaboration : Time (s): cpu = 00:00:01 ; elapsed = 00:00:01 . Memory (MB): peak = 366.070 ; gain = 113.078
---------------------------------------------------------------------------------
INFO: [Synth 8-6157] synthesizing module 'mbist_asic_top' [C:/Users/32035/Desktop/FPGA/ProjectIII/asic/rtl/mbist_asic_top.v:5]
	Parameter ADDR_WIDTH bound to: 6 - type: integer 
	Parameter DATA_WIDTH bound to: 8 - type: integer 
INFO: [Synth 8-6157] synthesizing module 'mbist_top' [C:/Users/32035/Desktop/FPGA/ProjectIII/rtl/mbist_top.v:11]
	Parameter ADDR_WIDTH bound to: 6 - type: integer 
	Parameter DATA_WIDTH bound to: 8 - type: integer 
INFO: [Synth 8-6157] synthesizing module 'march_controller' [C:/Users/32035/Desktop/FPGA/ProjectIII/rtl/march_controller.v:11]
	Parameter ADDR_WIDTH bound to: 6 - type: integer 
	Parameter IDLE bound to: 3'b000 
	Parameter ISSUE bound to: 3'b001 
	Parameter WAIT_READ bound to: 3'b010 
	Parameter WRITE_AFTER_READ bound to: 3'b011 
	Parameter DONE bound to: 3'b100 
	Parameter LAST_ADDR bound to: 6'b111111 
INFO: [Synth 8-6155] done synthesizing module 'march_controller' (1#1) [C:/Users/32035/Desktop/FPGA/ProjectIII/rtl/march_controller.v:11]
INFO: [Synth 8-6157] synthesizing module 'address_generator' [C:/Users/32035/Desktop/FPGA/ProjectIII/rtl/address_generator.v:11]
	Parameter ADDR_WIDTH bound to: 6 - type: integer 
INFO: [Synth 8-6155] done synthesizing module 'address_generator' (2#1) [C:/Users/32035/Desktop/FPGA/ProjectIII/rtl/address_generator.v:11]
INFO: [Synth 8-6157] synthesizing module 'data_generator' [C:/Users/32035/Desktop/FPGA/ProjectIII/rtl/data_generator.v:11]
	Parameter DATA_WIDTH bound to: 8 - type: integer 
INFO: [Synth 8-6155] done synthesizing module 'data_generator' (3#1) [C:/Users/32035/Desktop/FPGA/ProjectIII/rtl/data_generator.v:11]
INFO: [Synth 8-6157] synthesizing module 'memory_interface' [C:/Users/32035/Desktop/FPGA/ProjectIII/rtl/memory_interface.v:13]
	Parameter ADDR_WIDTH bound to: 6 - type: integer 
	Parameter DATA_WIDTH bound to: 8 - type: integer 
INFO: [Synth 8-6155] done synthesizing module 'memory_interface' (4#1) [C:/Users/32035/Desktop/FPGA/ProjectIII/rtl/memory_interface.v:13]
INFO: [Synth 8-6157] synthesizing module 'response_checker' [C:/Users/32035/Desktop/FPGA/ProjectIII/rtl/response_checker.v:11]
	Parameter ADDR_WIDTH bound to: 6 - type: integer 
	Parameter DATA_WIDTH bound to: 8 - type: integer 
INFO: [Synth 8-6155] done synthesizing module 'response_checker' (5#1) [C:/Users/32035/Desktop/FPGA/ProjectIII/rtl/response_checker.v:11]
INFO: [Synth 8-6155] done synthesizing module 'mbist_top' (6#1) [C:/Users/32035/Desktop/FPGA/ProjectIII/rtl/mbist_top.v:11]
INFO: [Synth 8-6155] done synthesizing module 'mbist_asic_top' (7#1) [C:/Users/32035/Desktop/FPGA/ProjectIII/asic/rtl/mbist_asic_top.v:5]
---------------------------------------------------------------------------------
Finished RTL Elaboration : Time (s): cpu = 00:00:01 ; elapsed = 00:00:02 . Memory (MB): peak = 421.984 ; gain = 168.992
---------------------------------------------------------------------------------

Report Check Netlist: 
+------+------------------+-------+---------+-------+------------------+
|      |Item              |Errors |Warnings |Status |Description       |
+------+------------------+-------+---------+-------+------------------+
|1     |multi_driven_nets |      0|        0|Passed |Multi driven nets |
+------+------------------+-------+---------+-------+------------------+
---------------------------------------------------------------------------------
Start Handling Custom Attributes
---------------------------------------------------------------------------------
---------------------------------------------------------------------------------
Finished Handling Custom Attributes : Time (s): cpu = 00:00:01 ; elapsed = 00:00:02 . Memory (MB): peak = 421.984 ; gain = 168.992
---------------------------------------------------------------------------------
---------------------------------------------------------------------------------
Finished RTL Optimization Phase 1 : Time (s): cpu = 00:00:01 ; elapsed = 00:00:02 . Memory (MB): peak = 421.984 ; gain = 168.992
---------------------------------------------------------------------------------
INFO: [Device 21-403] Loading part xc7a35tfgg484-2
INFO: [Project 1-570] Preparing netlist for logic optimization

Processing XDC Constraints
Initializing timing engine
Completed Processing XDC Constraints

INFO: [Opt 31-138] Pushed 0 inverter(s) to 0 load pin(s).
Netlist sorting complete. Time (s): cpu = 00:00:00 ; elapsed = 00:00:00.001 . Memory (MB): peak = 742.059 ; gain = 0.000
INFO: [Project 1-111] Unisim Transformation Summary:
No Unisim elements were transformed.

RTL Elaboration Complete:  : Time (s): cpu = 00:00:05 ; elapsed = 00:00:07 . Memory (MB): peak = 742.059 ; gain = 489.066
18 Infos, 0 Warnings, 0 Critical Warnings and 0 Errors encountered.
synth_design completed successfully
synth_design: Time (s): cpu = 00:00:05 ; elapsed = 00:00:07 . Memory (MB): peak = 742.059 ; gain = 490.645
# puts "V10_VIEW_ELABORATION_PASS top=mbist_asic_top"
V10_VIEW_ELABORATION_PASS top=mbist_asic_top
# close_design
# close_project
INFO: [Common 17-206] Exiting Vivado at Sun Sep 27 22:50:56 2026...
