
****** xsim v2018.3 (64-bit)
  **** SW Build 2405991 on Thu Dec  6 23:38:27 MST 2018
  **** IP Build 2404404 on Fri Dec  7 01:43:56 MST 2018
    ** Copyright 1986-2018 Xilinx, Inc. All Rights Reserved.

source xsim.dir/projectiii_mbist_check/xsim_script.tcl
# xsim {projectiii_mbist_check} -autoloadwcfg -runall
Vivado Simulator 2018.3
Time resolution is 1 ps
run -all
TRACE,1,0,0,0,1,00
TRACE,1,1,0,1,1,00
TRACE,1,2,0,2,1,00
TRACE,1,3,0,3,1,00
TRACE,1,4,0,4,1,00
TRACE,1,5,0,5,1,00
TRACE,1,6,0,6,1,00
TRACE,1,7,0,7,1,00
TRACE,1,8,0,8,1,00
TRACE,1,9,0,9,1,00
TRACE,1,10,0,10,1,00
TRACE,1,11,0,11,1,00
TRACE,1,12,0,12,1,00
TRACE,1,13,0,13,1,00
TRACE,1,14,0,14,1,00
TRACE,1,15,0,15,1,00
TRACE,1,16,0,16,1,00
TRACE,1,17,0,17,1,00
TRACE,1,18,0,18,1,00
TRACE,1,19,0,19,1,00
TRACE,1,20,0,20,1,00
TRACE,1,21,0,21,1,00
TRACE,1,22,0,22,1,00
TRACE,1,23,0,23,1,00
TRACE,1,24,0,24,1,00
TRACE,1,25,0,25,1,00
TRACE,1,26,0,26,1,00
TRACE,1,27,0,27,1,00
TRACE,1,28,0,28,1,00
TRACE,1,29,0,29,1,00
TRACE,1,30,0,30,1,00
TRACE,1,31,0,31,1,00
TRACE,1,32,0,32,1,00
TRACE,1,33,0,33,1,00
TRACE,1,34,0,34,1,00
TRACE,1,35,0,35,1,00
TRACE,1,36,0,36,1,00
TRACE,1,37,0,37,1,00
TRACE,1,38,0,38,1,00
TRACE,1,39,0,39,1,00
TRACE,1,40,0,40,1,00
TRACE,1,41,0,41,1,00
TRACE,1,42,0,42,1,00
TRACE,1,43,0,43,1,00
TRACE,1,44,0,44,1,00
TRACE,1,45,0,45,1,00
TRACE,1,46,0,46,1,00
TRACE,1,47,0,47,1,00
TRACE,1,48,0,48,1,00
TRACE,1,49,0,49,1,00
TRACE,1,50,0,50,1,00
TRACE,1,51,0,51,1,00
TRACE,1,52,0,52,1,00
TRACE,1,53,0,53,1,00
TRACE,1,54,0,54,1,00
TRACE,1,55,0,55,1,00
TRACE,1,56,0,56,1,00
TRACE,1,57,0,57,1,00
TRACE,1,58,0,58,1,00
TRACE,1,59,0,59,1,00
TRACE,1,60,0,60,1,00
TRACE,1,61,0,61,1,00
TRACE,1,62,0,62,1,00
TRACE,1,63,0,63,1,00
TRACE,1,64,1,0,0,ff
TRACE,1,65,1,0,1,ff
TRACE,1,66,1,1,0,ff
TRACE,1,67,1,1,1,ff
TRACE,1,68,1,2,0,ff
TRACE,1,69,1,2,1,ff
TRACE,1,70,1,3,0,ff
TRACE,1,71,1,3,1,ff
TRACE,1,72,1,4,0,ff
TRACE,1,73,1,4,1,ff
TRACE,1,74,1,5,0,ff
TRACE,1,75,1,5,1,ff
TRACE,1,76,1,6,0,ff
TRACE,1,77,1,6,1,ff
TRACE,1,78,1,7,0,ff
TRACE,1,79,1,7,1,ff
TRACE,1,80,1,8,0,ff
TRACE,1,81,1,8,1,ff
TRACE,1,82,1,9,0,ff
TRACE,1,83,1,9,1,ff
TRACE,1,84,1,10,0,ff
TRACE,1,85,1,10,1,ff
TRACE,1,86,1,11,0,ff
TRACE,1,87,1,11,1,ff
TRACE,1,88,1,12,0,ff
TRACE,1,89,1,12,1,ff
TRACE,1,90,1,13,0,ff
TRACE,1,91,1,13,1,ff
TRACE,1,92,1,14,0,ff
TRACE,1,93,1,14,1,ff
TRACE,1,94,1,15,0,ff
TRACE,1,95,1,15,1,ff
TRACE,1,96,1,16,0,ff
TRACE,1,97,1,16,1,ff
TRACE,1,98,1,17,0,ff
TRACE,1,99,1,17,1,ff
TRACE,1,100,1,18,0,ff
TRACE,1,101,1,18,1,ff
TRACE,1,102,1,19,0,ff
TRACE,1,103,1,19,1,ff
TRACE,1,104,1,20,0,ff
TRACE,1,105,1,20,1,ff
TRACE,1,106,1,21,0,ff
TRACE,1,107,1,21,1,ff
TRACE,1,108,1,22,0,ff
TRACE,1,109,1,22,1,ff
TRACE,1,110,1,23,0,ff
TRACE,1,111,1,23,1,ff
TRACE,1,112,1,24,0,ff
TRACE,1,113,1,24,1,ff
TRACE,1,114,1,25,0,ff
TRACE,1,115,1,25,1,ff
TRACE,1,116,1,26,0,ff
TRACE,1,117,1,26,1,ff
TRACE,1,118,1,27,0,ff
TRACE,1,119,1,27,1,ff
TRACE,1,120,1,28,0,ff
TRACE,1,121,1,28,1,ff
TRACE,1,122,1,29,0,ff
TRACE,1,123,1,29,1,ff
TRACE,1,124,1,30,0,ff
TRACE,1,125,1,30,1,ff
TRACE,1,126,1,31,0,ff
TRACE,1,127,1,31,1,ff
TRACE,1,128,1,32,0,ff
TRACE,1,129,1,32,1,ff
TRACE,1,130,1,33,0,ff
TRACE,1,131,1,33,1,ff
TRACE,1,132,1,34,0,ff
TRACE,1,133,1,34,1,ff
TRACE,1,134,1,35,0,ff
TRACE,1,135,1,35,1,ff
TRACE,1,136,1,36,0,ff
TRACE,1,137,1,36,1,ff
TRACE,1,138,1,37,0,ff
TRACE,1,139,1,37,1,ff
TRACE,1,140,1,38,0,ff
TRACE,1,141,1,38,1,ff
TRACE,1,142,1,39,0,ff
TRACE,1,143,1,39,1,ff
TRACE,1,144,1,40,0,ff
TRACE,1,145,1,40,1,ff
TRACE,1,146,1,41,0,ff
TRACE,1,147,1,41,1,ff
TRACE,1,148,1,42,0,ff
TRACE,1,149,1,42,1,ff
TRACE,1,150,1,43,0,ff
TRACE,1,151,1,43,1,ff
TRACE,1,152,1,44,0,ff
TRACE,1,153,1,44,1,ff
TRACE,1,154,1,45,0,ff
TRACE,1,155,1,45,1,ff
TRACE,1,156,1,46,0,ff
TRACE,1,157,1,46,1,ff
TRACE,1,158,1,47,0,ff
TRACE,1,159,1,47,1,ff
TRACE,1,160,1,48,0,ff
TRACE,1,161,1,48,1,ff
TRACE,1,162,1,49,0,ff
TRACE,1,163,1,49,1,ff
TRACE,1,164,1,50,0,ff
TRACE,1,165,1,50,1,ff
TRACE,1,166,1,51,0,ff
TRACE,1,167,1,51,1,ff
TRACE,1,168,1,52,0,ff
TRACE,1,169,1,52,1,ff
TRACE,1,170,1,53,0,ff
TRACE,1,171,1,53,1,ff
TRACE,1,172,1,54,0,ff
TRACE,1,173,1,54,1,ff
TRACE,1,174,1,55,0,ff
TRACE,1,175,1,55,1,ff
TRACE,1,176,1,56,0,ff
TRACE,1,177,1,56,1,ff
TRACE,1,178,1,57,0,ff
TRACE,1,179,1,57,1,ff
TRACE,1,180,1,58,0,ff
TRACE,1,181,1,58,1,ff
TRACE,1,182,1,59,0,ff
TRACE,1,183,1,59,1,ff
TRACE,1,184,1,60,0,ff
TRACE,1,185,1,60,1,ff
TRACE,1,186,1,61,0,ff
TRACE,1,187,1,61,1,ff
TRACE,1,188,1,62,0,ff
TRACE,1,189,1,62,1,ff
TRACE,1,190,1,63,0,ff
TRACE,1,191,1,63,1,ff
TRACE,1,192,2,0,0,00
TRACE,1,193,2,0,1,00
TRACE,1,194,2,1,0,00
TRACE,1,195,2,1,1,00
TRACE,1,196,2,2,0,00
TRACE,1,197,2,2,1,00
TRACE,1,198,2,3,0,00
TRACE,1,199,2,3,1,00
TRACE,1,200,2,4,0,00
TRACE,1,201,2,4,1,00
TRACE,1,202,2,5,0,00
TRACE,1,203,2,5,1,00
TRACE,1,204,2,6,0,00
TRACE,1,205,2,6,1,00
TRACE,1,206,2,7,0,00
TRACE,1,207,2,7,1,00
TRACE,1,208,2,8,0,00
TRACE,1,209,2,8,1,00
TRACE,1,210,2,9,0,00
TRACE,1,211,2,9,1,00
TRACE,1,212,2,10,0,00
TRACE,1,213,2,10,1,00
TRACE,1,214,2,11,0,00
TRACE,1,215,2,11,1,00
TRACE,1,216,2,12,0,00
TRACE,1,217,2,12,1,00
TRACE,1,218,2,13,0,00
TRACE,1,219,2,13,1,00
TRACE,1,220,2,14,0,00
TRACE,1,221,2,14,1,00
TRACE,1,222,2,15,0,00
TRACE,1,223,2,15,1,00
TRACE,1,224,2,16,0,00
TRACE,1,225,2,16,1,00
TRACE,1,226,2,17,0,00
TRACE,1,227,2,17,1,00
TRACE,1,228,2,18,0,00
TRACE,1,229,2,18,1,00
TRACE,1,230,2,19,0,00
TRACE,1,231,2,19,1,00
TRACE,1,232,2,20,0,00
TRACE,1,233,2,20,1,00
TRACE,1,234,2,21,0,00
TRACE,1,235,2,21,1,00
TRACE,1,236,2,22,0,00
TRACE,1,237,2,22,1,00
TRACE,1,238,2,23,0,00
TRACE,1,239,2,23,1,00
TRACE,1,240,2,24,0,00
TRACE,1,241,2,24,1,00
TRACE,1,242,2,25,0,00
TRACE,1,243,2,25,1,00
TRACE,1,244,2,26,0,00
TRACE,1,245,2,26,1,00
TRACE,1,246,2,27,0,00
TRACE,1,247,2,27,1,00
TRACE,1,248,2,28,0,00
TRACE,1,249,2,28,1,00
TRACE,1,250,2,29,0,00
TRACE,1,251,2,29,1,00
TRACE,1,252,2,30,0,00
TRACE,1,253,2,30,1,00
TRACE,1,254,2,31,0,00
TRACE,1,255,2,31,1,00
TRACE,1,256,2,32,0,00
TRACE,1,257,2,32,1,00
TRACE,1,258,2,33,0,00
TRACE,1,259,2,33,1,00
TRACE,1,260,2,34,0,00
TRACE,1,261,2,34,1,00
TRACE,1,262,2,35,0,00
TRACE,1,263,2,35,1,00
TRACE,1,264,2,36,0,00
TRACE,1,265,2,36,1,00
TRACE,1,266,2,37,0,00
TRACE,1,267,2,37,1,00
TRACE,1,268,2,38,0,00
TRACE,1,269,2,38,1,00
TRACE,1,270,2,39,0,00
TRACE,1,271,2,39,1,00
TRACE,1,272,2,40,0,00
TRACE,1,273,2,40,1,00
TRACE,1,274,2,41,0,00
TRACE,1,275,2,41,1,00
TRACE,1,276,2,42,0,00
TRACE,1,277,2,42,1,00
TRACE,1,278,2,43,0,00
TRACE,1,279,2,43,1,00
TRACE,1,280,2,44,0,00
TRACE,1,281,2,44,1,00
TRACE,1,282,2,45,0,00
TRACE,1,283,2,45,1,00
TRACE,1,284,2,46,0,00
TRACE,1,285,2,46,1,00
TRACE,1,286,2,47,0,00
TRACE,1,287,2,47,1,00
TRACE,1,288,2,48,0,00
TRACE,1,289,2,48,1,00
TRACE,1,290,2,49,0,00
TRACE,1,291,2,49,1,00
TRACE,1,292,2,50,0,00
TRACE,1,293,2,50,1,00
TRACE,1,294,2,51,0,00
TRACE,1,295,2,51,1,00
TRACE,1,296,2,52,0,00
TRACE,1,297,2,52,1,00
TRACE,1,298,2,53,0,00
TRACE,1,299,2,53,1,00
TRACE,1,300,2,54,0,00
TRACE,1,301,2,54,1,00
TRACE,1,302,2,55,0,00
TRACE,1,303,2,55,1,00
TRACE,1,304,2,56,0,00
TRACE,1,305,2,56,1,00
TRACE,1,306,2,57,0,00
TRACE,1,307,2,57,1,00
TRACE,1,308,2,58,0,00
TRACE,1,309,2,58,1,00
TRACE,1,310,2,59,0,00
TRACE,1,311,2,59,1,00
TRACE,1,312,2,60,0,00
TRACE,1,313,2,60,1,00
TRACE,1,314,2,61,0,00
TRACE,1,315,2,61,1,00
TRACE,1,316,2,62,0,00
TRACE,1,317,2,62,1,00
TRACE,1,318,2,63,0,00
TRACE,1,319,2,63,1,00
TRACE,1,320,3,63,0,ff
TRACE,1,321,3,63,1,ff
TRACE,1,322,3,62,0,ff
TRACE,1,323,3,62,1,ff
TRACE,1,324,3,61,0,ff
TRACE,1,325,3,61,1,ff
TRACE,1,326,3,60,0,ff
TRACE,1,327,3,60,1,ff
TRACE,1,328,3,59,0,ff
TRACE,1,329,3,59,1,ff
TRACE,1,330,3,58,0,ff
TRACE,1,331,3,58,1,ff
TRACE,1,332,3,57,0,ff
TRACE,1,333,3,57,1,ff
TRACE,1,334,3,56,0,ff
TRACE,1,335,3,56,1,ff
TRACE,1,336,3,55,0,ff
TRACE,1,337,3,55,1,ff
TRACE,1,338,3,54,0,ff
TRACE,1,339,3,54,1,ff
TRACE,1,340,3,53,0,ff
TRACE,1,341,3,53,1,ff
TRACE,1,342,3,52,0,ff
TRACE,1,343,3,52,1,ff
TRACE,1,344,3,51,0,ff
TRACE,1,345,3,51,1,ff
TRACE,1,346,3,50,0,ff
TRACE,1,347,3,50,1,ff
TRACE,1,348,3,49,0,ff
TRACE,1,349,3,49,1,ff
TRACE,1,350,3,48,0,ff
TRACE,1,351,3,48,1,ff
TRACE,1,352,3,47,0,ff
TRACE,1,353,3,47,1,ff
TRACE,1,354,3,46,0,ff
TRACE,1,355,3,46,1,ff
TRACE,1,356,3,45,0,ff
TRACE,1,357,3,45,1,ff
TRACE,1,358,3,44,0,ff
TRACE,1,359,3,44,1,ff
TRACE,1,360,3,43,0,ff
TRACE,1,361,3,43,1,ff
TRACE,1,362,3,42,0,ff
TRACE,1,363,3,42,1,ff
TRACE,1,364,3,41,0,ff
TRACE,1,365,3,41,1,ff
TRACE,1,366,3,40,0,ff
TRACE,1,367,3,40,1,ff
TRACE,1,368,3,39,0,ff
TRACE,1,369,3,39,1,ff
TRACE,1,370,3,38,0,ff
TRACE,1,371,3,38,1,ff
TRACE,1,372,3,37,0,ff
TRACE,1,373,3,37,1,ff
TRACE,1,374,3,36,0,ff
TRACE,1,375,3,36,1,ff
TRACE,1,376,3,35,0,ff
TRACE,1,377,3,35,1,ff
TRACE,1,378,3,34,0,ff
TRACE,1,379,3,34,1,ff
TRACE,1,380,3,33,0,ff
TRACE,1,381,3,33,1,ff
TRACE,1,382,3,32,0,ff
TRACE,1,383,3,32,1,ff
TRACE,1,384,3,31,0,ff
TRACE,1,385,3,31,1,ff
TRACE,1,386,3,30,0,ff
TRACE,1,387,3,30,1,ff
TRACE,1,388,3,29,0,ff
TRACE,1,389,3,29,1,ff
TRACE,1,390,3,28,0,ff
TRACE,1,391,3,28,1,ff
TRACE,1,392,3,27,0,ff
TRACE,1,393,3,27,1,ff
TRACE,1,394,3,26,0,ff
TRACE,1,395,3,26,1,ff
TRACE,1,396,3,25,0,ff
TRACE,1,397,3,25,1,ff
TRACE,1,398,3,24,0,ff
TRACE,1,399,3,24,1,ff
TRACE,1,400,3,23,0,ff
TRACE,1,401,3,23,1,ff
TRACE,1,402,3,22,0,ff
TRACE,1,403,3,22,1,ff
TRACE,1,404,3,21,0,ff
TRACE,1,405,3,21,1,ff
TRACE,1,406,3,20,0,ff
TRACE,1,407,3,20,1,ff
TRACE,1,408,3,19,0,ff
TRACE,1,409,3,19,1,ff
TRACE,1,410,3,18,0,ff
TRACE,1,411,3,18,1,ff
TRACE,1,412,3,17,0,ff
TRACE,1,413,3,17,1,ff
TRACE,1,414,3,16,0,ff
TRACE,1,415,3,16,1,ff
TRACE,1,416,3,15,0,ff
TRACE,1,417,3,15,1,ff
TRACE,1,418,3,14,0,ff
TRACE,1,419,3,14,1,ff
TRACE,1,420,3,13,0,ff
TRACE,1,421,3,13,1,ff
TRACE,1,422,3,12,0,ff
TRACE,1,423,3,12,1,ff
TRACE,1,424,3,11,0,ff
TRACE,1,425,3,11,1,ff
TRACE,1,426,3,10,0,ff
TRACE,1,427,3,10,1,ff
TRACE,1,428,3,9,0,ff
TRACE,1,429,3,9,1,ff
TRACE,1,430,3,8,0,ff
TRACE,1,431,3,8,1,ff
TRACE,1,432,3,7,0,ff
TRACE,1,433,3,7,1,ff
TRACE,1,434,3,6,0,ff
TRACE,1,435,3,6,1,ff
TRACE,1,436,3,5,0,ff
TRACE,1,437,3,5,1,ff
TRACE,1,438,3,4,0,ff
TRACE,1,439,3,4,1,ff
TRACE,1,440,3,3,0,ff
TRACE,1,441,3,3,1,ff
TRACE,1,442,3,2,0,ff
TRACE,1,443,3,2,1,ff
TRACE,1,444,3,1,0,ff
TRACE,1,445,3,1,1,ff
TRACE,1,446,3,0,0,ff
TRACE,1,447,3,0,1,ff
TRACE,1,448,4,63,0,00
TRACE,1,449,4,63,1,00
TRACE,1,450,4,62,0,00
TRACE,1,451,4,62,1,00
TRACE,1,452,4,61,0,00
TRACE,1,453,4,61,1,00
TRACE,1,454,4,60,0,00
TRACE,1,455,4,60,1,00
TRACE,1,456,4,59,0,00
TRACE,1,457,4,59,1,00
TRACE,1,458,4,58,0,00
TRACE,1,459,4,58,1,00
TRACE,1,460,4,57,0,00
TRACE,1,461,4,57,1,00
TRACE,1,462,4,56,0,00
TRACE,1,463,4,56,1,00
TRACE,1,464,4,55,0,00
TRACE,1,465,4,55,1,00
TRACE,1,466,4,54,0,00
TRACE,1,467,4,54,1,00
TRACE,1,468,4,53,0,00
TRACE,1,469,4,53,1,00
TRACE,1,470,4,52,0,00
TRACE,1,471,4,52,1,00
TRACE,1,472,4,51,0,00
TRACE,1,473,4,51,1,00
TRACE,1,474,4,50,0,00
TRACE,1,475,4,50,1,00
TRACE,1,476,4,49,0,00
TRACE,1,477,4,49,1,00
TRACE,1,478,4,48,0,00
TRACE,1,479,4,48,1,00
TRACE,1,480,4,47,0,00
TRACE,1,481,4,47,1,00
TRACE,1,482,4,46,0,00
TRACE,1,483,4,46,1,00
TRACE,1,484,4,45,0,00
TRACE,1,485,4,45,1,00
TRACE,1,486,4,44,0,00
TRACE,1,487,4,44,1,00
TRACE,1,488,4,43,0,00
TRACE,1,489,4,43,1,00
TRACE,1,490,4,42,0,00
TRACE,1,491,4,42,1,00
TRACE,1,492,4,41,0,00
TRACE,1,493,4,41,1,00
TRACE,1,494,4,40,0,00
TRACE,1,495,4,40,1,00
TRACE,1,496,4,39,0,00
TRACE,1,497,4,39,1,00
TRACE,1,498,4,38,0,00
TRACE,1,499,4,38,1,00
TRACE,1,500,4,37,0,00
TRACE,1,501,4,37,1,00
TRACE,1,502,4,36,0,00
TRACE,1,503,4,36,1,00
TRACE,1,504,4,35,0,00
TRACE,1,505,4,35,1,00
TRACE,1,506,4,34,0,00
TRACE,1,507,4,34,1,00
TRACE,1,508,4,33,0,00
TRACE,1,509,4,33,1,00
TRACE,1,510,4,32,0,00
TRACE,1,511,4,32,1,00
TRACE,1,512,4,31,0,00
TRACE,1,513,4,31,1,00
TRACE,1,514,4,30,0,00
TRACE,1,515,4,30,1,00
TRACE,1,516,4,29,0,00
TRACE,1,517,4,29,1,00
TRACE,1,518,4,28,0,00
TRACE,1,519,4,28,1,00
TRACE,1,520,4,27,0,00
TRACE,1,521,4,27,1,00
TRACE,1,522,4,26,0,00
TRACE,1,523,4,26,1,00
TRACE,1,524,4,25,0,00
TRACE,1,525,4,25,1,00
TRACE,1,526,4,24,0,00
TRACE,1,527,4,24,1,00
TRACE,1,528,4,23,0,00
TRACE,1,529,4,23,1,00
TRACE,1,530,4,22,0,00
TRACE,1,531,4,22,1,00
TRACE,1,532,4,21,0,00
TRACE,1,533,4,21,1,00
TRACE,1,534,4,20,0,00
TRACE,1,535,4,20,1,00
TRACE,1,536,4,19,0,00
TRACE,1,537,4,19,1,00
TRACE,1,538,4,18,0,00
TRACE,1,539,4,18,1,00
TRACE,1,540,4,17,0,00
TRACE,1,541,4,17,1,00
TRACE,1,542,4,16,0,00
TRACE,1,543,4,16,1,00
TRACE,1,544,4,15,0,00
TRACE,1,545,4,15,1,00
TRACE,1,546,4,14,0,00
TRACE,1,547,4,14,1,00
TRACE,1,548,4,13,0,00
TRACE,1,549,4,13,1,00
TRACE,1,550,4,12,0,00
TRACE,1,551,4,12,1,00
TRACE,1,552,4,11,0,00
TRACE,1,553,4,11,1,00
TRACE,1,554,4,10,0,00
TRACE,1,555,4,10,1,00
TRACE,1,556,4,9,0,00
TRACE,1,557,4,9,1,00
TRACE,1,558,4,8,0,00
TRACE,1,559,4,8,1,00
TRACE,1,560,4,7,0,00
TRACE,1,561,4,7,1,00
TRACE,1,562,4,6,0,00
TRACE,1,563,4,6,1,00
TRACE,1,564,4,5,0,00
TRACE,1,565,4,5,1,00
TRACE,1,566,4,4,0,00
TRACE,1,567,4,4,1,00
TRACE,1,568,4,3,0,00
TRACE,1,569,4,3,1,00
TRACE,1,570,4,2,0,00
TRACE,1,571,4,2,1,00
TRACE,1,572,4,1,0,00
TRACE,1,573,4,1,1,00
TRACE,1,574,4,0,0,00
TRACE,1,575,4,0,1,00
TRACE,1,576,5,0,0,00
TRACE,1,577,5,1,0,00
TRACE,1,578,5,2,0,00
TRACE,1,579,5,3,0,00
TRACE,1,580,5,4,0,00
TRACE,1,581,5,5,0,00
TRACE,1,582,5,6,0,00
TRACE,1,583,5,7,0,00
TRACE,1,584,5,8,0,00
TRACE,1,585,5,9,0,00
TRACE,1,586,5,10,0,00
TRACE,1,587,5,11,0,00
TRACE,1,588,5,12,0,00
TRACE,1,589,5,13,0,00
TRACE,1,590,5,14,0,00
TRACE,1,591,5,15,0,00
TRACE,1,592,5,16,0,00
TRACE,1,593,5,17,0,00
TRACE,1,594,5,18,0,00
TRACE,1,595,5,19,0,00
TRACE,1,596,5,20,0,00
TRACE,1,597,5,21,0,00
TRACE,1,598,5,22,0,00
TRACE,1,599,5,23,0,00
TRACE,1,600,5,24,0,00
TRACE,1,601,5,25,0,00
TRACE,1,602,5,26,0,00
TRACE,1,603,5,27,0,00
TRACE,1,604,5,28,0,00
TRACE,1,605,5,29,0,00
TRACE,1,606,5,30,0,00
TRACE,1,607,5,31,0,00
TRACE,1,608,5,32,0,00
TRACE,1,609,5,33,0,00
TRACE,1,610,5,34,0,00
TRACE,1,611,5,35,0,00
TRACE,1,612,5,36,0,00
TRACE,1,613,5,37,0,00
TRACE,1,614,5,38,0,00
TRACE,1,615,5,39,0,00
TRACE,1,616,5,40,0,00
TRACE,1,617,5,41,0,00
TRACE,1,618,5,42,0,00
TRACE,1,619,5,43,0,00
TRACE,1,620,5,44,0,00
TRACE,1,621,5,45,0,00
TRACE,1,622,5,46,0,00
TRACE,1,623,5,47,0,00
TRACE,1,624,5,48,0,00
TRACE,1,625,5,49,0,00
TRACE,1,626,5,50,0,00
TRACE,1,627,5,51,0,00
TRACE,1,628,5,52,0,00
TRACE,1,629,5,53,0,00
TRACE,1,630,5,54,0,00
TRACE,1,631,5,55,0,00
TRACE,1,632,5,56,0,00
TRACE,1,633,5,57,0,00
TRACE,1,634,5,58,0,00
TRACE,1,635,5,59,0,00
TRACE,1,636,5,60,0,00
TRACE,1,637,5,61,0,00
TRACE,1,638,5,62,0,00
TRACE,1,639,5,63,0,00
CASE_PASS run=1 requests=640 reads=320 writes=320 cycles=961 pass=1 fail=0 errors=0
TRACE,2,0,0,0,1,00
TRACE,2,1,0,1,1,00
TRACE,2,2,0,2,1,00
TRACE,2,3,0,3,1,00
TRACE,2,4,0,4,1,00
TRACE,2,5,0,5,1,00
TRACE,2,6,0,6,1,00
TRACE,2,7,0,7,1,00
TRACE,2,8,0,8,1,00
TRACE,2,9,0,9,1,00
TRACE,2,10,0,10,1,00
TRACE,2,11,0,11,1,00
TRACE,2,12,0,12,1,00
TRACE,2,13,0,13,1,00
TRACE,2,14,0,14,1,00
TRACE,2,15,0,15,1,00
TRACE,2,16,0,16,1,00
TRACE,2,17,0,17,1,00
TRACE,2,18,0,18,1,00
TRACE,2,19,0,19,1,00
TRACE,2,20,0,20,1,00
TRACE,2,21,0,21,1,00
TRACE,2,22,0,22,1,00
TRACE,2,23,0,23,1,00
TRACE,2,24,0,24,1,00
TRACE,2,25,0,25,1,00
TRACE,2,26,0,26,1,00
TRACE,2,27,0,27,1,00
TRACE,2,28,0,28,1,00
TRACE,2,29,0,29,1,00
TRACE,2,30,0,30,1,00
TRACE,2,31,0,31,1,00
TRACE,2,32,0,32,1,00
TRACE,2,33,0,33,1,00
TRACE,2,34,0,34,1,00
TRACE,2,35,0,35,1,00
TRACE,2,36,0,36,1,00
TRACE,2,37,0,37,1,00
TRACE,2,38,0,38,1,00
TRACE,2,39,0,39,1,00
TRACE,2,40,0,40,1,00
TRACE,2,41,0,41,1,00
TRACE,2,42,0,42,1,00
TRACE,2,43,0,43,1,00
TRACE,2,44,0,44,1,00
TRACE,2,45,0,45,1,00
TRACE,2,46,0,46,1,00
TRACE,2,47,0,47,1,00
TRACE,2,48,0,48,1,00
TRACE,2,49,0,49,1,00
TRACE,2,50,0,50,1,00
TRACE,2,51,0,51,1,00
TRACE,2,52,0,52,1,00
TRACE,2,53,0,53,1,00
TRACE,2,54,0,54,1,00
TRACE,2,55,0,55,1,00
TRACE,2,56,0,56,1,00
TRACE,2,57,0,57,1,00
TRACE,2,58,0,58,1,00
TRACE,2,59,0,59,1,00
TRACE,2,60,0,60,1,00
TRACE,2,61,0,61,1,00
TRACE,2,62,0,62,1,00
TRACE,2,63,0,63,1,00
TRACE,2,64,1,0,0,ff
TRACE,2,65,1,0,1,ff
TRACE,2,66,1,1,0,ff
TRACE,2,67,1,1,1,ff
TRACE,2,68,1,2,0,ff
TRACE,2,69,1,2,1,ff
TRACE,2,70,1,3,0,ff
TRACE,2,71,1,3,1,ff
TRACE,2,72,1,4,0,ff
TRACE,2,73,1,4,1,ff
TRACE,2,74,1,5,0,ff
TRACE,2,75,1,5,1,ff
TRACE,2,76,1,6,0,ff
TRACE,2,77,1,6,1,ff
TRACE,2,78,1,7,0,ff
TRACE,2,79,1,7,1,ff
TRACE,2,80,1,8,0,ff
TRACE,2,81,1,8,1,ff
TRACE,2,82,1,9,0,ff
TRACE,2,83,1,9,1,ff
TRACE,2,84,1,10,0,ff
TRACE,2,85,1,10,1,ff
TRACE,2,86,1,11,0,ff
TRACE,2,87,1,11,1,ff
TRACE,2,88,1,12,0,ff
TRACE,2,89,1,12,1,ff
TRACE,2,90,1,13,0,ff
TRACE,2,91,1,13,1,ff
TRACE,2,92,1,14,0,ff
TRACE,2,93,1,14,1,ff
TRACE,2,94,1,15,0,ff
TRACE,2,95,1,15,1,ff
TRACE,2,96,1,16,0,ff
TRACE,2,97,1,16,1,ff
TRACE,2,98,1,17,0,ff
TRACE,2,99,1,17,1,ff
TRACE,2,100,1,18,0,ff
TRACE,2,101,1,18,1,ff
TRACE,2,102,1,19,0,ff
TRACE,2,103,1,19,1,ff
TRACE,2,104,1,20,0,ff
TRACE,2,105,1,20,1,ff
TRACE,2,106,1,21,0,ff
TRACE,2,107,1,21,1,ff
TRACE,2,108,1,22,0,ff
TRACE,2,109,1,22,1,ff
TRACE,2,110,1,23,0,ff
TRACE,2,111,1,23,1,ff
TRACE,2,112,1,24,0,ff
TRACE,2,113,1,24,1,ff
TRACE,2,114,1,25,0,ff
TRACE,2,115,1,25,1,ff
TRACE,2,116,1,26,0,ff
TRACE,2,117,1,26,1,ff
TRACE,2,118,1,27,0,ff
TRACE,2,119,1,27,1,ff
TRACE,2,120,1,28,0,ff
TRACE,2,121,1,28,1,ff
TRACE,2,122,1,29,0,ff
TRACE,2,123,1,29,1,ff
TRACE,2,124,1,30,0,ff
TRACE,2,125,1,30,1,ff
TRACE,2,126,1,31,0,ff
TRACE,2,127,1,31,1,ff
TRACE,2,128,1,32,0,ff
TRACE,2,129,1,32,1,ff
TRACE,2,130,1,33,0,ff
TRACE,2,131,1,33,1,ff
TRACE,2,132,1,34,0,ff
TRACE,2,133,1,34,1,ff
TRACE,2,134,1,35,0,ff
TRACE,2,135,1,35,1,ff
TRACE,2,136,1,36,0,ff
TRACE,2,137,1,36,1,ff
TRACE,2,138,1,37,0,ff
TRACE,2,139,1,37,1,ff
TRACE,2,140,1,38,0,ff
TRACE,2,141,1,38,1,ff
TRACE,2,142,1,39,0,ff
TRACE,2,143,1,39,1,ff
TRACE,2,144,1,40,0,ff
TRACE,2,145,1,40,1,ff
TRACE,2,146,1,41,0,ff
TRACE,2,147,1,41,1,ff
TRACE,2,148,1,42,0,ff
TRACE,2,149,1,42,1,ff
TRACE,2,150,1,43,0,ff
TRACE,2,151,1,43,1,ff
TRACE,2,152,1,44,0,ff
TRACE,2,153,1,44,1,ff
TRACE,2,154,1,45,0,ff
TRACE,2,155,1,45,1,ff
TRACE,2,156,1,46,0,ff
TRACE,2,157,1,46,1,ff
TRACE,2,158,1,47,0,ff
TRACE,2,159,1,47,1,ff
TRACE,2,160,1,48,0,ff
TRACE,2,161,1,48,1,ff
TRACE,2,162,1,49,0,ff
TRACE,2,163,1,49,1,ff
TRACE,2,164,1,50,0,ff
TRACE,2,165,1,50,1,ff
TRACE,2,166,1,51,0,ff
TRACE,2,167,1,51,1,ff
TRACE,2,168,1,52,0,ff
TRACE,2,169,1,52,1,ff
TRACE,2,170,1,53,0,ff
TRACE,2,171,1,53,1,ff
TRACE,2,172,1,54,0,ff
TRACE,2,173,1,54,1,ff
TRACE,2,174,1,55,0,ff
TRACE,2,175,1,55,1,ff
TRACE,2,176,1,56,0,ff
TRACE,2,177,1,56,1,ff
TRACE,2,178,1,57,0,ff
TRACE,2,179,1,57,1,ff
TRACE,2,180,1,58,0,ff
TRACE,2,181,1,58,1,ff
TRACE,2,182,1,59,0,ff
TRACE,2,183,1,59,1,ff
TRACE,2,184,1,60,0,ff
TRACE,2,185,1,60,1,ff
TRACE,2,186,1,61,0,ff
TRACE,2,187,1,61,1,ff
TRACE,2,188,1,62,0,ff
TRACE,2,189,1,62,1,ff
TRACE,2,190,1,63,0,ff
TRACE,2,191,1,63,1,ff
TRACE,2,192,2,0,0,00
TRACE,2,193,2,0,1,00
TRACE,2,194,2,1,0,00
TRACE,2,195,2,1,1,00
TRACE,2,196,2,2,0,00
TRACE,2,197,2,2,1,00
TRACE,2,198,2,3,0,00
TRACE,2,199,2,3,1,00
TRACE,2,200,2,4,0,00
TRACE,2,201,2,4,1,00
TRACE,2,202,2,5,0,00
TRACE,2,203,2,5,1,00
TRACE,2,204,2,6,0,00
TRACE,2,205,2,6,1,00
TRACE,2,206,2,7,0,00
TRACE,2,207,2,7,1,00
TRACE,2,208,2,8,0,00
TRACE,2,209,2,8,1,00
TRACE,2,210,2,9,0,00
TRACE,2,211,2,9,1,00
TRACE,2,212,2,10,0,00
TRACE,2,213,2,10,1,00
TRACE,2,214,2,11,0,00
TRACE,2,215,2,11,1,00
TRACE,2,216,2,12,0,00
TRACE,2,217,2,12,1,00
TRACE,2,218,2,13,0,00
TRACE,2,219,2,13,1,00
TRACE,2,220,2,14,0,00
TRACE,2,221,2,14,1,00
TRACE,2,222,2,15,0,00
TRACE,2,223,2,15,1,00
TRACE,2,224,2,16,0,00
TRACE,2,225,2,16,1,00
TRACE,2,226,2,17,0,00
TRACE,2,227,2,17,1,00
TRACE,2,228,2,18,0,00
TRACE,2,229,2,18,1,00
TRACE,2,230,2,19,0,00
TRACE,2,231,2,19,1,00
TRACE,2,232,2,20,0,00
TRACE,2,233,2,20,1,00
TRACE,2,234,2,21,0,00
TRACE,2,235,2,21,1,00
TRACE,2,236,2,22,0,00
TRACE,2,237,2,22,1,00
TRACE,2,238,2,23,0,00
TRACE,2,239,2,23,1,00
TRACE,2,240,2,24,0,00
TRACE,2,241,2,24,1,00
TRACE,2,242,2,25,0,00
TRACE,2,243,2,25,1,00
TRACE,2,244,2,26,0,00
TRACE,2,245,2,26,1,00
TRACE,2,246,2,27,0,00
TRACE,2,247,2,27,1,00
TRACE,2,248,2,28,0,00
TRACE,2,249,2,28,1,00
TRACE,2,250,2,29,0,00
TRACE,2,251,2,29,1,00
TRACE,2,252,2,30,0,00
TRACE,2,253,2,30,1,00
TRACE,2,254,2,31,0,00
TRACE,2,255,2,31,1,00
TRACE,2,256,2,32,0,00
TRACE,2,257,2,32,1,00
TRACE,2,258,2,33,0,00
TRACE,2,259,2,33,1,00
TRACE,2,260,2,34,0,00
TRACE,2,261,2,34,1,00
TRACE,2,262,2,35,0,00
TRACE,2,263,2,35,1,00
TRACE,2,264,2,36,0,00
TRACE,2,265,2,36,1,00
TRACE,2,266,2,37,0,00
TRACE,2,267,2,37,1,00
TRACE,2,268,2,38,0,00
TRACE,2,269,2,38,1,00
TRACE,2,270,2,39,0,00
TRACE,2,271,2,39,1,00
TRACE,2,272,2,40,0,00
TRACE,2,273,2,40,1,00
TRACE,2,274,2,41,0,00
TRACE,2,275,2,41,1,00
TRACE,2,276,2,42,0,00
TRACE,2,277,2,42,1,00
TRACE,2,278,2,43,0,00
TRACE,2,279,2,43,1,00
TRACE,2,280,2,44,0,00
TRACE,2,281,2,44,1,00
TRACE,2,282,2,45,0,00
TRACE,2,283,2,45,1,00
TRACE,2,284,2,46,0,00
TRACE,2,285,2,46,1,00
TRACE,2,286,2,47,0,00
TRACE,2,287,2,47,1,00
TRACE,2,288,2,48,0,00
TRACE,2,289,2,48,1,00
TRACE,2,290,2,49,0,00
TRACE,2,291,2,49,1,00
TRACE,2,292,2,50,0,00
TRACE,2,293,2,50,1,00
TRACE,2,294,2,51,0,00
TRACE,2,295,2,51,1,00
TRACE,2,296,2,52,0,00
TRACE,2,297,2,52,1,00
TRACE,2,298,2,53,0,00
TRACE,2,299,2,53,1,00
TRACE,2,300,2,54,0,00
TRACE,2,301,2,54,1,00
TRACE,2,302,2,55,0,00
TRACE,2,303,2,55,1,00
TRACE,2,304,2,56,0,00
TRACE,2,305,2,56,1,00
TRACE,2,306,2,57,0,00
TRACE,2,307,2,57,1,00
TRACE,2,308,2,58,0,00
TRACE,2,309,2,58,1,00
TRACE,2,310,2,59,0,00
TRACE,2,311,2,59,1,00
TRACE,2,312,2,60,0,00
TRACE,2,313,2,60,1,00
TRACE,2,314,2,61,0,00
TRACE,2,315,2,61,1,00
TRACE,2,316,2,62,0,00
TRACE,2,317,2,62,1,00
TRACE,2,318,2,63,0,00
TRACE,2,319,2,63,1,00
TRACE,2,320,3,63,0,ff
TRACE,2,321,3,63,1,ff
TRACE,2,322,3,62,0,ff
TRACE,2,323,3,62,1,ff
TRACE,2,324,3,61,0,ff
TRACE,2,325,3,61,1,ff
TRACE,2,326,3,60,0,ff
TRACE,2,327,3,60,1,ff
TRACE,2,328,3,59,0,ff
TRACE,2,329,3,59,1,ff
TRACE,2,330,3,58,0,ff
TRACE,2,331,3,58,1,ff
TRACE,2,332,3,57,0,ff
TRACE,2,333,3,57,1,ff
TRACE,2,334,3,56,0,ff
TRACE,2,335,3,56,1,ff
TRACE,2,336,3,55,0,ff
TRACE,2,337,3,55,1,ff
TRACE,2,338,3,54,0,ff
TRACE,2,339,3,54,1,ff
TRACE,2,340,3,53,0,ff
TRACE,2,341,3,53,1,ff
TRACE,2,342,3,52,0,ff
TRACE,2,343,3,52,1,ff
TRACE,2,344,3,51,0,ff
TRACE,2,345,3,51,1,ff
TRACE,2,346,3,50,0,ff
TRACE,2,347,3,50,1,ff
TRACE,2,348,3,49,0,ff
TRACE,2,349,3,49,1,ff
TRACE,2,350,3,48,0,ff
TRACE,2,351,3,48,1,ff
TRACE,2,352,3,47,0,ff
TRACE,2,353,3,47,1,ff
TRACE,2,354,3,46,0,ff
TRACE,2,355,3,46,1,ff
TRACE,2,356,3,45,0,ff
TRACE,2,357,3,45,1,ff
TRACE,2,358,3,44,0,ff
TRACE,2,359,3,44,1,ff
TRACE,2,360,3,43,0,ff
TRACE,2,361,3,43,1,ff
TRACE,2,362,3,42,0,ff
TRACE,2,363,3,42,1,ff
TRACE,2,364,3,41,0,ff
TRACE,2,365,3,41,1,ff
TRACE,2,366,3,40,0,ff
TRACE,2,367,3,40,1,ff
TRACE,2,368,3,39,0,ff
TRACE,2,369,3,39,1,ff
TRACE,2,370,3,38,0,ff
TRACE,2,371,3,38,1,ff
TRACE,2,372,3,37,0,ff
TRACE,2,373,3,37,1,ff
TRACE,2,374,3,36,0,ff
TRACE,2,375,3,36,1,ff
TRACE,2,376,3,35,0,ff
TRACE,2,377,3,35,1,ff
TRACE,2,378,3,34,0,ff
TRACE,2,379,3,34,1,ff
TRACE,2,380,3,33,0,ff
TRACE,2,381,3,33,1,ff
TRACE,2,382,3,32,0,ff
TRACE,2,383,3,32,1,ff
TRACE,2,384,3,31,0,ff
TRACE,2,385,3,31,1,ff
TRACE,2,386,3,30,0,ff
TRACE,2,387,3,30,1,ff
TRACE,2,388,3,29,0,ff
TRACE,2,389,3,29,1,ff
TRACE,2,390,3,28,0,ff
TRACE,2,391,3,28,1,ff
TRACE,2,392,3,27,0,ff
TRACE,2,393,3,27,1,ff
TRACE,2,394,3,26,0,ff
TRACE,2,395,3,26,1,ff
TRACE,2,396,3,25,0,ff
TRACE,2,397,3,25,1,ff
TRACE,2,398,3,24,0,ff
TRACE,2,399,3,24,1,ff
TRACE,2,400,3,23,0,ff
TRACE,2,401,3,23,1,ff
TRACE,2,402,3,22,0,ff
TRACE,2,403,3,22,1,ff
TRACE,2,404,3,21,0,ff
TRACE,2,405,3,21,1,ff
TRACE,2,406,3,20,0,ff
TRACE,2,407,3,20,1,ff
TRACE,2,408,3,19,0,ff
TRACE,2,409,3,19,1,ff
TRACE,2,410,3,18,0,ff
TRACE,2,411,3,18,1,ff
TRACE,2,412,3,17,0,ff
TRACE,2,413,3,17,1,ff
TRACE,2,414,3,16,0,ff
TRACE,2,415,3,16,1,ff
TRACE,2,416,3,15,0,ff
TRACE,2,417,3,15,1,ff
TRACE,2,418,3,14,0,ff
TRACE,2,419,3,14,1,ff
TRACE,2,420,3,13,0,ff
TRACE,2,421,3,13,1,ff
TRACE,2,422,3,12,0,ff
TRACE,2,423,3,12,1,ff
TRACE,2,424,3,11,0,ff
TRACE,2,425,3,11,1,ff
TRACE,2,426,3,10,0,ff
TRACE,2,427,3,10,1,ff
TRACE,2,428,3,9,0,ff
TRACE,2,429,3,9,1,ff
TRACE,2,430,3,8,0,ff
TRACE,2,431,3,8,1,ff
TRACE,2,432,3,7,0,ff
TRACE,2,433,3,7,1,ff
TRACE,2,434,3,6,0,ff
TRACE,2,435,3,6,1,ff
TRACE,2,436,3,5,0,ff
TRACE,2,437,3,5,1,ff
TRACE,2,438,3,4,0,ff
TRACE,2,439,3,4,1,ff
TRACE,2,440,3,3,0,ff
TRACE,2,441,3,3,1,ff
TRACE,2,442,3,2,0,ff
TRACE,2,443,3,2,1,ff
TRACE,2,444,3,1,0,ff
TRACE,2,445,3,1,1,ff
TRACE,2,446,3,0,0,ff
TRACE,2,447,3,0,1,ff
TRACE,2,448,4,63,0,00
TRACE,2,449,4,63,1,00
TRACE,2,450,4,62,0,00
TRACE,2,451,4,62,1,00
TRACE,2,452,4,61,0,00
TRACE,2,453,4,61,1,00
TRACE,2,454,4,60,0,00
TRACE,2,455,4,60,1,00
TRACE,2,456,4,59,0,00
TRACE,2,457,4,59,1,00
TRACE,2,458,4,58,0,00
TRACE,2,459,4,58,1,00
TRACE,2,460,4,57,0,00
TRACE,2,461,4,57,1,00
TRACE,2,462,4,56,0,00
TRACE,2,463,4,56,1,00
TRACE,2,464,4,55,0,00
TRACE,2,465,4,55,1,00
TRACE,2,466,4,54,0,00
TRACE,2,467,4,54,1,00
TRACE,2,468,4,53,0,00
TRACE,2,469,4,53,1,00
TRACE,2,470,4,52,0,00
TRACE,2,471,4,52,1,00
TRACE,2,472,4,51,0,00
TRACE,2,473,4,51,1,00
TRACE,2,474,4,50,0,00
TRACE,2,475,4,50,1,00
TRACE,2,476,4,49,0,00
TRACE,2,477,4,49,1,00
TRACE,2,478,4,48,0,00
TRACE,2,479,4,48,1,00
TRACE,2,480,4,47,0,00
TRACE,2,481,4,47,1,00
TRACE,2,482,4,46,0,00
TRACE,2,483,4,46,1,00
TRACE,2,484,4,45,0,00
TRACE,2,485,4,45,1,00
TRACE,2,486,4,44,0,00
TRACE,2,487,4,44,1,00
TRACE,2,488,4,43,0,00
TRACE,2,489,4,43,1,00
TRACE,2,490,4,42,0,00
TRACE,2,491,4,42,1,00
TRACE,2,492,4,41,0,00
TRACE,2,493,4,41,1,00
TRACE,2,494,4,40,0,00
TRACE,2,495,4,40,1,00
TRACE,2,496,4,39,0,00
TRACE,2,497,4,39,1,00
TRACE,2,498,4,38,0,00
TRACE,2,499,4,38,1,00
TRACE,2,500,4,37,0,00
TRACE,2,501,4,37,1,00
TRACE,2,502,4,36,0,00
TRACE,2,503,4,36,1,00
TRACE,2,504,4,35,0,00
TRACE,2,505,4,35,1,00
TRACE,2,506,4,34,0,00
TRACE,2,507,4,34,1,00
TRACE,2,508,4,33,0,00
TRACE,2,509,4,33,1,00
TRACE,2,510,4,32,0,00
TRACE,2,511,4,32,1,00
TRACE,2,512,4,31,0,00
TRACE,2,513,4,31,1,00
TRACE,2,514,4,30,0,00
TRACE,2,515,4,30,1,00
TRACE,2,516,4,29,0,00
TRACE,2,517,4,29,1,00
TRACE,2,518,4,28,0,00
TRACE,2,519,4,28,1,00
TRACE,2,520,4,27,0,00
TRACE,2,521,4,27,1,00
TRACE,2,522,4,26,0,00
TRACE,2,523,4,26,1,00
TRACE,2,524,4,25,0,00
TRACE,2,525,4,25,1,00
TRACE,2,526,4,24,0,00
TRACE,2,527,4,24,1,00
TRACE,2,528,4,23,0,00
TRACE,2,529,4,23,1,00
TRACE,2,530,4,22,0,00
TRACE,2,531,4,22,1,00
TRACE,2,532,4,21,0,00
TRACE,2,533,4,21,1,00
TRACE,2,534,4,20,0,00
TRACE,2,535,4,20,1,00
TRACE,2,536,4,19,0,00
TRACE,2,537,4,19,1,00
TRACE,2,538,4,18,0,00
TRACE,2,539,4,18,1,00
TRACE,2,540,4,17,0,00
TRACE,2,541,4,17,1,00
TRACE,2,542,4,16,0,00
TRACE,2,543,4,16,1,00
TRACE,2,544,4,15,0,00
TRACE,2,545,4,15,1,00
TRACE,2,546,4,14,0,00
TRACE,2,547,4,14,1,00
TRACE,2,548,4,13,0,00
TRACE,2,549,4,13,1,00
TRACE,2,550,4,12,0,00
TRACE,2,551,4,12,1,00
TRACE,2,552,4,11,0,00
TRACE,2,553,4,11,1,00
TRACE,2,554,4,10,0,00
TRACE,2,555,4,10,1,00
TRACE,2,556,4,9,0,00
TRACE,2,557,4,9,1,00
TRACE,2,558,4,8,0,00
TRACE,2,559,4,8,1,00
TRACE,2,560,4,7,0,00
TRACE,2,561,4,7,1,00
TRACE,2,562,4,6,0,00
TRACE,2,563,4,6,1,00
TRACE,2,564,4,5,0,00
TRACE,2,565,4,5,1,00
TRACE,2,566,4,4,0,00
TRACE,2,567,4,4,1,00
TRACE,2,568,4,3,0,00
TRACE,2,569,4,3,1,00
TRACE,2,570,4,2,0,00
TRACE,2,571,4,2,1,00
TRACE,2,572,4,1,0,00
TRACE,2,573,4,1,1,00
TRACE,2,574,4,0,0,00
TRACE,2,575,4,0,1,00
TRACE,2,576,5,0,0,00
TRACE,2,577,5,1,0,00
TRACE,2,578,5,2,0,00
TRACE,2,579,5,3,0,00
TRACE,2,580,5,4,0,00
TRACE,2,581,5,5,0,00
TRACE,2,582,5,6,0,00
TRACE,2,583,5,7,0,00
TRACE,2,584,5,8,0,00
TRACE,2,585,5,9,0,00
TRACE,2,586,5,10,0,00
TRACE,2,587,5,11,0,00
TRACE,2,588,5,12,0,00
TRACE,2,589,5,13,0,00
TRACE,2,590,5,14,0,00
TRACE,2,591,5,15,0,00
TRACE,2,592,5,16,0,00
TRACE,2,593,5,17,0,00
TRACE,2,594,5,18,0,00
TRACE,2,595,5,19,0,00
TRACE,2,596,5,20,0,00
TRACE,2,597,5,21,0,00
TRACE,2,598,5,22,0,00
TRACE,2,599,5,23,0,00
TRACE,2,600,5,24,0,00
TRACE,2,601,5,25,0,00
TRACE,2,602,5,26,0,00
TRACE,2,603,5,27,0,00
TRACE,2,604,5,28,0,00
TRACE,2,605,5,29,0,00
TRACE,2,606,5,30,0,00
TRACE,2,607,5,31,0,00
TRACE,2,608,5,32,0,00
TRACE,2,609,5,33,0,00
TRACE,2,610,5,34,0,00
TRACE,2,611,5,35,0,00
TRACE,2,612,5,36,0,00
TRACE,2,613,5,37,0,00
TRACE,2,614,5,38,0,00
TRACE,2,615,5,39,0,00
TRACE,2,616,5,40,0,00
TRACE,2,617,5,41,0,00
TRACE,2,618,5,42,0,00
TRACE,2,619,5,43,0,00
TRACE,2,620,5,44,0,00
TRACE,2,621,5,45,0,00
TRACE,2,622,5,46,0,00
TRACE,2,623,5,47,0,00
TRACE,2,624,5,48,0,00
TRACE,2,625,5,49,0,00
TRACE,2,626,5,50,0,00
TRACE,2,627,5,51,0,00
TRACE,2,628,5,52,0,00
TRACE,2,629,5,53,0,00
TRACE,2,630,5,54,0,00
TRACE,2,631,5,55,0,00
TRACE,2,632,5,56,0,00
TRACE,2,633,5,57,0,00
TRACE,2,634,5,58,0,00
TRACE,2,635,5,59,0,00
TRACE,2,636,5,60,0,00
TRACE,2,637,5,61,0,00
TRACE,2,638,5,62,0,00
TRACE,2,639,5,63,0,00
CASE_PASS run=2 requests=640 reads=320 writes=320 cycles=961 pass=0 fail=1 errors=1
MBIST_TB_PASS normal_and_injected_continue
$finish called at time : 38600 ns : File "C:/Users/32035/Desktop/FPGA/ProjectIII/tb/tb_mbist_top.sv" Line 180
exit
INFO: [Common 17-206] Exiting xsim at Sat Sep 26 15:41:29 2026...
