Copyright 1986-2018 Xilinx, Inc. All Rights Reserved.
---------------------------------------------------------------------------------------------------------------------------------------------------------------------------------------------------------
| Tool Version : Vivado v.2018.3 (win64) Build 2405991 Thu Dec  6 23:38:27 MST 2018
| Date         : Sat Sep 26 20:33:16 2026
| Host         : Hugo running 64-bit major release  (build 9200)
| Command      : report_timing -delay_type max -max_paths 10 -sort_by group -file C:/Users/32035/Desktop/FPGA/ProjectIII/results/reruns/20260926_engineering_review/step08/base_fault/critical_paths.rpt
| Design       : board_top
| Device       : 7a35t-fgg484
| Speed File   : -2  PRODUCTION 1.23 2018-06-13
---------------------------------------------------------------------------------------------------------------------------------------------------------------------------------------------------------

Timing Report

Slack (MET) :             14.054ns  (required time - arrival time)
  Source:                 reset_sync_reg/C
                            (rising edge-triggered cell FDRE clocked by sys_clk  {rise@0.000ns fall@10.000ns period=20.000ns})
  Destination:            u_mbist/u_address/addr_reg[4]/CE
                            (rising edge-triggered cell FDRE clocked by sys_clk  {rise@0.000ns fall@10.000ns period=20.000ns})
  Path Group:             sys_clk
  Path Type:              Setup (Max at Slow Process Corner)
  Requirement:            20.000ns  (sys_clk rise@20.000ns - sys_clk rise@0.000ns)
  Data Path Delay:        5.627ns  (logic 1.598ns (28.398%)  route 4.029ns (71.602%))
  Logic Levels:           5  (LUT2=3 LUT5=1 LUT6=1)
  Clock Path Skew:        -0.115ns (DCD - SCD + CPR)
    Destination Clock Delay (DCD):    4.301ns = ( 24.301 - 20.000 ) 
    Source Clock Delay      (SCD):    4.642ns
    Clock Pessimism Removal (CPR):    0.226ns
  Clock Uncertainty:      0.035ns  ((TSJ^2 + TIJ^2)^1/2 + DJ) / 2 + PE
    Total System Jitter     (TSJ):    0.071ns
    Total Input Jitter      (TIJ):    0.000ns
    Discrete Jitter          (DJ):    0.000ns
    Phase Error              (PE):    0.000ns

    Location             Delay type                Incr(ns)  Path(ns)    Netlist Resource(s)
  -------------------------------------------------------------------    -------------------
                         (clock sys_clk rise edge)    0.000     0.000 r  
    R4                                                0.000     0.000 r  sys_clk (IN)
                         net (fo=0)                   0.000     0.000    sys_clk
    R4                   IBUF (Prop_ibuf_I_O)         1.432     1.432 r  sys_clk_IBUF_inst/O
                         net (fo=1, routed)           1.689     3.121    sys_clk_IBUF
    BUFGCTRL_X0Y0        BUFG (Prop_bufg_I_O)         0.081     3.202 r  sys_clk_IBUF_BUFG_inst/O
                         net (fo=73, routed)          1.440     4.642    sys_clk_IBUF_BUFG
    SLICE_X64Y43         FDRE                                         r  reset_sync_reg/C
  -------------------------------------------------------------------    -------------------
    SLICE_X64Y43         FDRE (Prop_fdre_C_Q)         0.398     5.040 r  reset_sync_reg/Q
                         net (fo=20, routed)          1.840     6.879    u_mbist/u_memory_if/req_ready
    SLICE_X56Y36         LUT2 (Prop_lut2_I1_O)        0.248     7.127 r  u_mbist/u_memory_if/accepted_INST_0/O
                         net (fo=2, routed)           0.372     7.499    u_mbist/u_controller/accepted
    SLICE_X56Y36         LUT6 (Prop_lut6_I3_O)        0.286     7.785 r  u_mbist/u_controller/addr_step_INST_0_i_1/O
                         net (fo=3, routed)           0.361     8.145    u_mbist/u_controller/addr_step_INST_0_i_1_n_0
    SLICE_X56Y36         LUT2 (Prop_lut2_I1_O)        0.125     8.270 f  u_mbist/u_controller/addr_load_INST_0_i_1/O
                         net (fo=6, routed)           0.700     8.970    u_mbist/u_controller/addr_load_INST_0_i_1_n_0
    SLICE_X55Y36         LUT5 (Prop_lut5_I0_O)        0.274     9.244 r  u_mbist/u_controller/addr_load_INST_0/O
                         net (fo=7, routed)           0.382     9.627    u_mbist/u_address/load
    SLICE_X56Y36         LUT2 (Prop_lut2_I0_O)        0.267     9.894 r  u_mbist/u_address/addr[5]_i_2/O
                         net (fo=6, routed)           0.375    10.269    u_mbist/u_address/addr[5]_i_2_n_0
    SLICE_X57Y35         FDRE                                         r  u_mbist/u_address/addr_reg[4]/CE
  -------------------------------------------------------------------    -------------------

                         (clock sys_clk rise edge)   20.000    20.000 r  
    R4                                                0.000    20.000 r  sys_clk (IN)
                         net (fo=0)                   0.000    20.000    sys_clk
    R4                   IBUF (Prop_ibuf_I_O)         1.366    21.366 r  sys_clk_IBUF_inst/O
                         net (fo=1, routed)           1.599    22.965    sys_clk_IBUF
    BUFGCTRL_X0Y0        BUFG (Prop_bufg_I_O)         0.077    23.042 r  sys_clk_IBUF_BUFG_inst/O
                         net (fo=73, routed)          1.259    24.301    u_mbist/u_address/clk
    SLICE_X57Y35         FDRE                                         r  u_mbist/u_address/addr_reg[4]/C
                         clock pessimism              0.226    24.527    
                         clock uncertainty           -0.035    24.491    
    SLICE_X57Y35         FDRE (Setup_fdre_C_CE)      -0.168    24.323    u_mbist/u_address/addr_reg[4]
  -------------------------------------------------------------------
                         required time                         24.323    
                         arrival time                         -10.269    
  -------------------------------------------------------------------
                         slack                                 14.054    

Slack (MET) :             14.054ns  (required time - arrival time)
  Source:                 reset_sync_reg/C
                            (rising edge-triggered cell FDRE clocked by sys_clk  {rise@0.000ns fall@10.000ns period=20.000ns})
  Destination:            u_mbist/u_address/addr_reg[5]/CE
                            (rising edge-triggered cell FDRE clocked by sys_clk  {rise@0.000ns fall@10.000ns period=20.000ns})
  Path Group:             sys_clk
  Path Type:              Setup (Max at Slow Process Corner)
  Requirement:            20.000ns  (sys_clk rise@20.000ns - sys_clk rise@0.000ns)
  Data Path Delay:        5.627ns  (logic 1.598ns (28.398%)  route 4.029ns (71.602%))
  Logic Levels:           5  (LUT2=3 LUT5=1 LUT6=1)
  Clock Path Skew:        -0.115ns (DCD - SCD + CPR)
    Destination Clock Delay (DCD):    4.301ns = ( 24.301 - 20.000 ) 
    Source Clock Delay      (SCD):    4.642ns
    Clock Pessimism Removal (CPR):    0.226ns
  Clock Uncertainty:      0.035ns  ((TSJ^2 + TIJ^2)^1/2 + DJ) / 2 + PE
    Total System Jitter     (TSJ):    0.071ns
    Total Input Jitter      (TIJ):    0.000ns
    Discrete Jitter          (DJ):    0.000ns
    Phase Error              (PE):    0.000ns

    Location             Delay type                Incr(ns)  Path(ns)    Netlist Resource(s)
  -------------------------------------------------------------------    -------------------
                         (clock sys_clk rise edge)    0.000     0.000 r  
    R4                                                0.000     0.000 r  sys_clk (IN)
                         net (fo=0)                   0.000     0.000    sys_clk
    R4                   IBUF (Prop_ibuf_I_O)         1.432     1.432 r  sys_clk_IBUF_inst/O
                         net (fo=1, routed)           1.689     3.121    sys_clk_IBUF
    BUFGCTRL_X0Y0        BUFG (Prop_bufg_I_O)         0.081     3.202 r  sys_clk_IBUF_BUFG_inst/O
                         net (fo=73, routed)          1.440     4.642    sys_clk_IBUF_BUFG
    SLICE_X64Y43         FDRE                                         r  reset_sync_reg/C
  -------------------------------------------------------------------    -------------------
    SLICE_X64Y43         FDRE (Prop_fdre_C_Q)         0.398     5.040 r  reset_sync_reg/Q
                         net (fo=20, routed)          1.840     6.879    u_mbist/u_memory_if/req_ready
    SLICE_X56Y36         LUT2 (Prop_lut2_I1_O)        0.248     7.127 r  u_mbist/u_memory_if/accepted_INST_0/O
                         net (fo=2, routed)           0.372     7.499    u_mbist/u_controller/accepted
    SLICE_X56Y36         LUT6 (Prop_lut6_I3_O)        0.286     7.785 r  u_mbist/u_controller/addr_step_INST_0_i_1/O
                         net (fo=3, routed)           0.361     8.145    u_mbist/u_controller/addr_step_INST_0_i_1_n_0
    SLICE_X56Y36         LUT2 (Prop_lut2_I1_O)        0.125     8.270 f  u_mbist/u_controller/addr_load_INST_0_i_1/O
                         net (fo=6, routed)           0.700     8.970    u_mbist/u_controller/addr_load_INST_0_i_1_n_0
    SLICE_X55Y36         LUT5 (Prop_lut5_I0_O)        0.274     9.244 r  u_mbist/u_controller/addr_load_INST_0/O
                         net (fo=7, routed)           0.382     9.627    u_mbist/u_address/load
    SLICE_X56Y36         LUT2 (Prop_lut2_I0_O)        0.267     9.894 r  u_mbist/u_address/addr[5]_i_2/O
                         net (fo=6, routed)           0.375    10.269    u_mbist/u_address/addr[5]_i_2_n_0
    SLICE_X57Y35         FDRE                                         r  u_mbist/u_address/addr_reg[5]/CE
  -------------------------------------------------------------------    -------------------

                         (clock sys_clk rise edge)   20.000    20.000 r  
    R4                                                0.000    20.000 r  sys_clk (IN)
                         net (fo=0)                   0.000    20.000    sys_clk
    R4                   IBUF (Prop_ibuf_I_O)         1.366    21.366 r  sys_clk_IBUF_inst/O
                         net (fo=1, routed)           1.599    22.965    sys_clk_IBUF
    BUFGCTRL_X0Y0        BUFG (Prop_bufg_I_O)         0.077    23.042 r  sys_clk_IBUF_BUFG_inst/O
                         net (fo=73, routed)          1.259    24.301    u_mbist/u_address/clk
    SLICE_X57Y35         FDRE                                         r  u_mbist/u_address/addr_reg[5]/C
                         clock pessimism              0.226    24.527    
                         clock uncertainty           -0.035    24.491    
    SLICE_X57Y35         FDRE (Setup_fdre_C_CE)      -0.168    24.323    u_mbist/u_address/addr_reg[5]
  -------------------------------------------------------------------
                         required time                         24.323    
                         arrival time                         -10.269    
  -------------------------------------------------------------------
                         slack                                 14.054    

Slack (MET) :             14.086ns  (required time - arrival time)
  Source:                 reset_sync_reg/C
                            (rising edge-triggered cell FDRE clocked by sys_clk  {rise@0.000ns fall@10.000ns period=20.000ns})
  Destination:            u_mbist/u_address/addr_reg[0]/CE
                            (rising edge-triggered cell FDRE clocked by sys_clk  {rise@0.000ns fall@10.000ns period=20.000ns})
  Path Group:             sys_clk
  Path Type:              Setup (Max at Slow Process Corner)
  Requirement:            20.000ns  (sys_clk rise@20.000ns - sys_clk rise@0.000ns)
  Data Path Delay:        5.627ns  (logic 1.598ns (28.398%)  route 4.029ns (71.602%))
  Logic Levels:           5  (LUT2=3 LUT5=1 LUT6=1)
  Clock Path Skew:        -0.115ns (DCD - SCD + CPR)
    Destination Clock Delay (DCD):    4.301ns = ( 24.301 - 20.000 ) 
    Source Clock Delay      (SCD):    4.642ns
    Clock Pessimism Removal (CPR):    0.226ns
  Clock Uncertainty:      0.035ns  ((TSJ^2 + TIJ^2)^1/2 + DJ) / 2 + PE
    Total System Jitter     (TSJ):    0.071ns
    Total Input Jitter      (TIJ):    0.000ns
    Discrete Jitter          (DJ):    0.000ns
    Phase Error              (PE):    0.000ns

    Location             Delay type                Incr(ns)  Path(ns)    Netlist Resource(s)
  -------------------------------------------------------------------    -------------------
                         (clock sys_clk rise edge)    0.000     0.000 r  
    R4                                                0.000     0.000 r  sys_clk (IN)
                         net (fo=0)                   0.000     0.000    sys_clk
    R4                   IBUF (Prop_ibuf_I_O)         1.432     1.432 r  sys_clk_IBUF_inst/O
                         net (fo=1, routed)           1.689     3.121    sys_clk_IBUF
    BUFGCTRL_X0Y0        BUFG (Prop_bufg_I_O)         0.081     3.202 r  sys_clk_IBUF_BUFG_inst/O
                         net (fo=73, routed)          1.440     4.642    sys_clk_IBUF_BUFG
    SLICE_X64Y43         FDRE                                         r  reset_sync_reg/C
  -------------------------------------------------------------------    -------------------
    SLICE_X64Y43         FDRE (Prop_fdre_C_Q)         0.398     5.040 r  reset_sync_reg/Q
                         net (fo=20, routed)          1.840     6.879    u_mbist/u_memory_if/req_ready
    SLICE_X56Y36         LUT2 (Prop_lut2_I1_O)        0.248     7.127 r  u_mbist/u_memory_if/accepted_INST_0/O
                         net (fo=2, routed)           0.372     7.499    u_mbist/u_controller/accepted
    SLICE_X56Y36         LUT6 (Prop_lut6_I3_O)        0.286     7.785 r  u_mbist/u_controller/addr_step_INST_0_i_1/O
                         net (fo=3, routed)           0.361     8.145    u_mbist/u_controller/addr_step_INST_0_i_1_n_0
    SLICE_X56Y36         LUT2 (Prop_lut2_I1_O)        0.125     8.270 f  u_mbist/u_controller/addr_load_INST_0_i_1/O
                         net (fo=6, routed)           0.700     8.970    u_mbist/u_controller/addr_load_INST_0_i_1_n_0
    SLICE_X55Y36         LUT5 (Prop_lut5_I0_O)        0.274     9.244 r  u_mbist/u_controller/addr_load_INST_0/O
                         net (fo=7, routed)           0.382     9.627    u_mbist/u_address/load
    SLICE_X56Y36         LUT2 (Prop_lut2_I0_O)        0.267     9.894 r  u_mbist/u_address/addr[5]_i_2/O
                         net (fo=6, routed)           0.375    10.269    u_mbist/u_address/addr[5]_i_2_n_0
    SLICE_X56Y35         FDRE                                         r  u_mbist/u_address/addr_reg[0]/CE
  -------------------------------------------------------------------    -------------------

                         (clock sys_clk rise edge)   20.000    20.000 r  
    R4                                                0.000    20.000 r  sys_clk (IN)
                         net (fo=0)                   0.000    20.000    sys_clk
    R4                   IBUF (Prop_ibuf_I_O)         1.366    21.366 r  sys_clk_IBUF_inst/O
                         net (fo=1, routed)           1.599    22.965    sys_clk_IBUF
    BUFGCTRL_X0Y0        BUFG (Prop_bufg_I_O)         0.077    23.042 r  sys_clk_IBUF_BUFG_inst/O
                         net (fo=73, routed)          1.259    24.301    u_mbist/u_address/clk
    SLICE_X56Y35         FDRE                                         r  u_mbist/u_address/addr_reg[0]/C
                         clock pessimism              0.226    24.527    
                         clock uncertainty           -0.035    24.491    
    SLICE_X56Y35         FDRE (Setup_fdre_C_CE)      -0.136    24.355    u_mbist/u_address/addr_reg[0]
  -------------------------------------------------------------------
                         required time                         24.355    
                         arrival time                         -10.269    
  -------------------------------------------------------------------
                         slack                                 14.086    

Slack (MET) :             14.086ns  (required time - arrival time)
  Source:                 reset_sync_reg/C
                            (rising edge-triggered cell FDRE clocked by sys_clk  {rise@0.000ns fall@10.000ns period=20.000ns})
  Destination:            u_mbist/u_address/addr_reg[1]/CE
                            (rising edge-triggered cell FDRE clocked by sys_clk  {rise@0.000ns fall@10.000ns period=20.000ns})
  Path Group:             sys_clk
  Path Type:              Setup (Max at Slow Process Corner)
  Requirement:            20.000ns  (sys_clk rise@20.000ns - sys_clk rise@0.000ns)
  Data Path Delay:        5.627ns  (logic 1.598ns (28.398%)  route 4.029ns (71.602%))
  Logic Levels:           5  (LUT2=3 LUT5=1 LUT6=1)
  Clock Path Skew:        -0.115ns (DCD - SCD + CPR)
    Destination Clock Delay (DCD):    4.301ns = ( 24.301 - 20.000 ) 
    Source Clock Delay      (SCD):    4.642ns
    Clock Pessimism Removal (CPR):    0.226ns
  Clock Uncertainty:      0.035ns  ((TSJ^2 + TIJ^2)^1/2 + DJ) / 2 + PE
    Total System Jitter     (TSJ):    0.071ns
    Total Input Jitter      (TIJ):    0.000ns
    Discrete Jitter          (DJ):    0.000ns
    Phase Error              (PE):    0.000ns

    Location             Delay type                Incr(ns)  Path(ns)    Netlist Resource(s)
  -------------------------------------------------------------------    -------------------
                         (clock sys_clk rise edge)    0.000     0.000 r  
    R4                                                0.000     0.000 r  sys_clk (IN)
                         net (fo=0)                   0.000     0.000    sys_clk
    R4                   IBUF (Prop_ibuf_I_O)         1.432     1.432 r  sys_clk_IBUF_inst/O
                         net (fo=1, routed)           1.689     3.121    sys_clk_IBUF
    BUFGCTRL_X0Y0        BUFG (Prop_bufg_I_O)         0.081     3.202 r  sys_clk_IBUF_BUFG_inst/O
                         net (fo=73, routed)          1.440     4.642    sys_clk_IBUF_BUFG
    SLICE_X64Y43         FDRE                                         r  reset_sync_reg/C
  -------------------------------------------------------------------    -------------------
    SLICE_X64Y43         FDRE (Prop_fdre_C_Q)         0.398     5.040 r  reset_sync_reg/Q
                         net (fo=20, routed)          1.840     6.879    u_mbist/u_memory_if/req_ready
    SLICE_X56Y36         LUT2 (Prop_lut2_I1_O)        0.248     7.127 r  u_mbist/u_memory_if/accepted_INST_0/O
                         net (fo=2, routed)           0.372     7.499    u_mbist/u_controller/accepted
    SLICE_X56Y36         LUT6 (Prop_lut6_I3_O)        0.286     7.785 r  u_mbist/u_controller/addr_step_INST_0_i_1/O
                         net (fo=3, routed)           0.361     8.145    u_mbist/u_controller/addr_step_INST_0_i_1_n_0
    SLICE_X56Y36         LUT2 (Prop_lut2_I1_O)        0.125     8.270 f  u_mbist/u_controller/addr_load_INST_0_i_1/O
                         net (fo=6, routed)           0.700     8.970    u_mbist/u_controller/addr_load_INST_0_i_1_n_0
    SLICE_X55Y36         LUT5 (Prop_lut5_I0_O)        0.274     9.244 r  u_mbist/u_controller/addr_load_INST_0/O
                         net (fo=7, routed)           0.382     9.627    u_mbist/u_address/load
    SLICE_X56Y36         LUT2 (Prop_lut2_I0_O)        0.267     9.894 r  u_mbist/u_address/addr[5]_i_2/O
                         net (fo=6, routed)           0.375    10.269    u_mbist/u_address/addr[5]_i_2_n_0
    SLICE_X56Y35         FDRE                                         r  u_mbist/u_address/addr_reg[1]/CE
  -------------------------------------------------------------------    -------------------

                         (clock sys_clk rise edge)   20.000    20.000 r  
    R4                                                0.000    20.000 r  sys_clk (IN)
                         net (fo=0)                   0.000    20.000    sys_clk
    R4                   IBUF (Prop_ibuf_I_O)         1.366    21.366 r  sys_clk_IBUF_inst/O
                         net (fo=1, routed)           1.599    22.965    sys_clk_IBUF
    BUFGCTRL_X0Y0        BUFG (Prop_bufg_I_O)         0.077    23.042 r  sys_clk_IBUF_BUFG_inst/O
                         net (fo=73, routed)          1.259    24.301    u_mbist/u_address/clk
    SLICE_X56Y35         FDRE                                         r  u_mbist/u_address/addr_reg[1]/C
                         clock pessimism              0.226    24.527    
                         clock uncertainty           -0.035    24.491    
    SLICE_X56Y35         FDRE (Setup_fdre_C_CE)      -0.136    24.355    u_mbist/u_address/addr_reg[1]
  -------------------------------------------------------------------
                         required time                         24.355    
                         arrival time                         -10.269    
  -------------------------------------------------------------------
                         slack                                 14.086    

Slack (MET) :             14.086ns  (required time - arrival time)
  Source:                 reset_sync_reg/C
                            (rising edge-triggered cell FDRE clocked by sys_clk  {rise@0.000ns fall@10.000ns period=20.000ns})
  Destination:            u_mbist/u_address/addr_reg[2]/CE
                            (rising edge-triggered cell FDRE clocked by sys_clk  {rise@0.000ns fall@10.000ns period=20.000ns})
  Path Group:             sys_clk
  Path Type:              Setup (Max at Slow Process Corner)
  Requirement:            20.000ns  (sys_clk rise@20.000ns - sys_clk rise@0.000ns)
  Data Path Delay:        5.627ns  (logic 1.598ns (28.398%)  route 4.029ns (71.602%))
  Logic Levels:           5  (LUT2=3 LUT5=1 LUT6=1)
  Clock Path Skew:        -0.115ns (DCD - SCD + CPR)
    Destination Clock Delay (DCD):    4.301ns = ( 24.301 - 20.000 ) 
    Source Clock Delay      (SCD):    4.642ns
    Clock Pessimism Removal (CPR):    0.226ns
  Clock Uncertainty:      0.035ns  ((TSJ^2 + TIJ^2)^1/2 + DJ) / 2 + PE
    Total System Jitter     (TSJ):    0.071ns
    Total Input Jitter      (TIJ):    0.000ns
    Discrete Jitter          (DJ):    0.000ns
    Phase Error              (PE):    0.000ns

    Location             Delay type                Incr(ns)  Path(ns)    Netlist Resource(s)
  -------------------------------------------------------------------    -------------------
                         (clock sys_clk rise edge)    0.000     0.000 r  
    R4                                                0.000     0.000 r  sys_clk (IN)
                         net (fo=0)                   0.000     0.000    sys_clk
    R4                   IBUF (Prop_ibuf_I_O)         1.432     1.432 r  sys_clk_IBUF_inst/O
                         net (fo=1, routed)           1.689     3.121    sys_clk_IBUF
    BUFGCTRL_X0Y0        BUFG (Prop_bufg_I_O)         0.081     3.202 r  sys_clk_IBUF_BUFG_inst/O
                         net (fo=73, routed)          1.440     4.642    sys_clk_IBUF_BUFG
    SLICE_X64Y43         FDRE                                         r  reset_sync_reg/C
  -------------------------------------------------------------------    -------------------
    SLICE_X64Y43         FDRE (Prop_fdre_C_Q)         0.398     5.040 r  reset_sync_reg/Q
                         net (fo=20, routed)          1.840     6.879    u_mbist/u_memory_if/req_ready
    SLICE_X56Y36         LUT2 (Prop_lut2_I1_O)        0.248     7.127 r  u_mbist/u_memory_if/accepted_INST_0/O
                         net (fo=2, routed)           0.372     7.499    u_mbist/u_controller/accepted
    SLICE_X56Y36         LUT6 (Prop_lut6_I3_O)        0.286     7.785 r  u_mbist/u_controller/addr_step_INST_0_i_1/O
                         net (fo=3, routed)           0.361     8.145    u_mbist/u_controller/addr_step_INST_0_i_1_n_0
    SLICE_X56Y36         LUT2 (Prop_lut2_I1_O)        0.125     8.270 f  u_mbist/u_controller/addr_load_INST_0_i_1/O
                         net (fo=6, routed)           0.700     8.970    u_mbist/u_controller/addr_load_INST_0_i_1_n_0
    SLICE_X55Y36         LUT5 (Prop_lut5_I0_O)        0.274     9.244 r  u_mbist/u_controller/addr_load_INST_0/O
                         net (fo=7, routed)           0.382     9.627    u_mbist/u_address/load
    SLICE_X56Y36         LUT2 (Prop_lut2_I0_O)        0.267     9.894 r  u_mbist/u_address/addr[5]_i_2/O
                         net (fo=6, routed)           0.375    10.269    u_mbist/u_address/addr[5]_i_2_n_0
    SLICE_X56Y35         FDRE                                         r  u_mbist/u_address/addr_reg[2]/CE
  -------------------------------------------------------------------    -------------------

                         (clock sys_clk rise edge)   20.000    20.000 r  
    R4                                                0.000    20.000 r  sys_clk (IN)
                         net (fo=0)                   0.000    20.000    sys_clk
    R4                   IBUF (Prop_ibuf_I_O)         1.366    21.366 r  sys_clk_IBUF_inst/O
                         net (fo=1, routed)           1.599    22.965    sys_clk_IBUF
    BUFGCTRL_X0Y0        BUFG (Prop_bufg_I_O)         0.077    23.042 r  sys_clk_IBUF_BUFG_inst/O
                         net (fo=73, routed)          1.259    24.301    u_mbist/u_address/clk
    SLICE_X56Y35         FDRE                                         r  u_mbist/u_address/addr_reg[2]/C
                         clock pessimism              0.226    24.527    
                         clock uncertainty           -0.035    24.491    
    SLICE_X56Y35         FDRE (Setup_fdre_C_CE)      -0.136    24.355    u_mbist/u_address/addr_reg[2]
  -------------------------------------------------------------------
                         required time                         24.355    
                         arrival time                         -10.269    
  -------------------------------------------------------------------
                         slack                                 14.086    

Slack (MET) :             14.086ns  (required time - arrival time)
  Source:                 reset_sync_reg/C
                            (rising edge-triggered cell FDRE clocked by sys_clk  {rise@0.000ns fall@10.000ns period=20.000ns})
  Destination:            u_mbist/u_address/addr_reg[3]/CE
                            (rising edge-triggered cell FDRE clocked by sys_clk  {rise@0.000ns fall@10.000ns period=20.000ns})
  Path Group:             sys_clk
  Path Type:              Setup (Max at Slow Process Corner)
  Requirement:            20.000ns  (sys_clk rise@20.000ns - sys_clk rise@0.000ns)
  Data Path Delay:        5.627ns  (logic 1.598ns (28.398%)  route 4.029ns (71.602%))
  Logic Levels:           5  (LUT2=3 LUT5=1 LUT6=1)
  Clock Path Skew:        -0.115ns (DCD - SCD + CPR)
    Destination Clock Delay (DCD):    4.301ns = ( 24.301 - 20.000 ) 
    Source Clock Delay      (SCD):    4.642ns
    Clock Pessimism Removal (CPR):    0.226ns
  Clock Uncertainty:      0.035ns  ((TSJ^2 + TIJ^2)^1/2 + DJ) / 2 + PE
    Total System Jitter     (TSJ):    0.071ns
    Total Input Jitter      (TIJ):    0.000ns
    Discrete Jitter          (DJ):    0.000ns
    Phase Error              (PE):    0.000ns

    Location             Delay type                Incr(ns)  Path(ns)    Netlist Resource(s)
  -------------------------------------------------------------------    -------------------
                         (clock sys_clk rise edge)    0.000     0.000 r  
    R4                                                0.000     0.000 r  sys_clk (IN)
                         net (fo=0)                   0.000     0.000    sys_clk
    R4                   IBUF (Prop_ibuf_I_O)         1.432     1.432 r  sys_clk_IBUF_inst/O
                         net (fo=1, routed)           1.689     3.121    sys_clk_IBUF
    BUFGCTRL_X0Y0        BUFG (Prop_bufg_I_O)         0.081     3.202 r  sys_clk_IBUF_BUFG_inst/O
                         net (fo=73, routed)          1.440     4.642    sys_clk_IBUF_BUFG
    SLICE_X64Y43         FDRE                                         r  reset_sync_reg/C
  -------------------------------------------------------------------    -------------------
    SLICE_X64Y43         FDRE (Prop_fdre_C_Q)         0.398     5.040 r  reset_sync_reg/Q
                         net (fo=20, routed)          1.840     6.879    u_mbist/u_memory_if/req_ready
    SLICE_X56Y36         LUT2 (Prop_lut2_I1_O)        0.248     7.127 r  u_mbist/u_memory_if/accepted_INST_0/O
                         net (fo=2, routed)           0.372     7.499    u_mbist/u_controller/accepted
    SLICE_X56Y36         LUT6 (Prop_lut6_I3_O)        0.286     7.785 r  u_mbist/u_controller/addr_step_INST_0_i_1/O
                         net (fo=3, routed)           0.361     8.145    u_mbist/u_controller/addr_step_INST_0_i_1_n_0
    SLICE_X56Y36         LUT2 (Prop_lut2_I1_O)        0.125     8.270 f  u_mbist/u_controller/addr_load_INST_0_i_1/O
                         net (fo=6, routed)           0.700     8.970    u_mbist/u_controller/addr_load_INST_0_i_1_n_0
    SLICE_X55Y36         LUT5 (Prop_lut5_I0_O)        0.274     9.244 r  u_mbist/u_controller/addr_load_INST_0/O
                         net (fo=7, routed)           0.382     9.627    u_mbist/u_address/load
    SLICE_X56Y36         LUT2 (Prop_lut2_I0_O)        0.267     9.894 r  u_mbist/u_address/addr[5]_i_2/O
                         net (fo=6, routed)           0.375    10.269    u_mbist/u_address/addr[5]_i_2_n_0
    SLICE_X56Y35         FDRE                                         r  u_mbist/u_address/addr_reg[3]/CE
  -------------------------------------------------------------------    -------------------

                         (clock sys_clk rise edge)   20.000    20.000 r  
    R4                                                0.000    20.000 r  sys_clk (IN)
                         net (fo=0)                   0.000    20.000    sys_clk
    R4                   IBUF (Prop_ibuf_I_O)         1.366    21.366 r  sys_clk_IBUF_inst/O
                         net (fo=1, routed)           1.599    22.965    sys_clk_IBUF
    BUFGCTRL_X0Y0        BUFG (Prop_bufg_I_O)         0.077    23.042 r  sys_clk_IBUF_BUFG_inst/O
                         net (fo=73, routed)          1.259    24.301    u_mbist/u_address/clk
    SLICE_X56Y35         FDRE                                         r  u_mbist/u_address/addr_reg[3]/C
                         clock pessimism              0.226    24.527    
                         clock uncertainty           -0.035    24.491    
    SLICE_X56Y35         FDRE (Setup_fdre_C_CE)      -0.136    24.355    u_mbist/u_address/addr_reg[3]
  -------------------------------------------------------------------
                         required time                         24.355    
                         arrival time                         -10.269    
  -------------------------------------------------------------------
                         slack                                 14.086    

Slack (MET) :             14.241ns  (required time - arrival time)
  Source:                 reset_sync_reg/C
                            (rising edge-triggered cell FDRE clocked by sys_clk  {rise@0.000ns fall@10.000ns period=20.000ns})
  Destination:            u_mbist/u_address/addr_reg[0]/D
                            (rising edge-triggered cell FDRE clocked by sys_clk  {rise@0.000ns fall@10.000ns period=20.000ns})
  Path Group:             sys_clk
  Path Type:              Setup (Max at Slow Process Corner)
  Requirement:            20.000ns  (sys_clk rise@20.000ns - sys_clk rise@0.000ns)
  Data Path Delay:        5.681ns  (logic 1.598ns (28.130%)  route 4.083ns (71.870%))
  Logic Levels:           5  (LUT2=2 LUT3=1 LUT5=1 LUT6=1)
  Clock Path Skew:        -0.115ns (DCD - SCD + CPR)
    Destination Clock Delay (DCD):    4.301ns = ( 24.301 - 20.000 ) 
    Source Clock Delay      (SCD):    4.642ns
    Clock Pessimism Removal (CPR):    0.226ns
  Clock Uncertainty:      0.035ns  ((TSJ^2 + TIJ^2)^1/2 + DJ) / 2 + PE
    Total System Jitter     (TSJ):    0.071ns
    Total Input Jitter      (TIJ):    0.000ns
    Discrete Jitter          (DJ):    0.000ns
    Phase Error              (PE):    0.000ns

    Location             Delay type                Incr(ns)  Path(ns)    Netlist Resource(s)
  -------------------------------------------------------------------    -------------------
                         (clock sys_clk rise edge)    0.000     0.000 r  
    R4                                                0.000     0.000 r  sys_clk (IN)
                         net (fo=0)                   0.000     0.000    sys_clk
    R4                   IBUF (Prop_ibuf_I_O)         1.432     1.432 r  sys_clk_IBUF_inst/O
                         net (fo=1, routed)           1.689     3.121    sys_clk_IBUF
    BUFGCTRL_X0Y0        BUFG (Prop_bufg_I_O)         0.081     3.202 r  sys_clk_IBUF_BUFG_inst/O
                         net (fo=73, routed)          1.440     4.642    sys_clk_IBUF_BUFG
    SLICE_X64Y43         FDRE                                         r  reset_sync_reg/C
  -------------------------------------------------------------------    -------------------
    SLICE_X64Y43         FDRE (Prop_fdre_C_Q)         0.398     5.040 r  reset_sync_reg/Q
                         net (fo=20, routed)          1.840     6.879    u_mbist/u_memory_if/req_ready
    SLICE_X56Y36         LUT2 (Prop_lut2_I1_O)        0.248     7.127 r  u_mbist/u_memory_if/accepted_INST_0/O
                         net (fo=2, routed)           0.372     7.499    u_mbist/u_controller/accepted
    SLICE_X56Y36         LUT6 (Prop_lut6_I3_O)        0.286     7.785 r  u_mbist/u_controller/addr_step_INST_0_i_1/O
                         net (fo=3, routed)           0.361     8.145    u_mbist/u_controller/addr_step_INST_0_i_1_n_0
    SLICE_X56Y36         LUT2 (Prop_lut2_I1_O)        0.125     8.270 f  u_mbist/u_controller/addr_load_INST_0_i_1/O
                         net (fo=6, routed)           0.700     8.970    u_mbist/u_controller/addr_load_INST_0_i_1_n_0
    SLICE_X55Y36         LUT5 (Prop_lut5_I0_O)        0.274     9.244 r  u_mbist/u_controller/addr_load_INST_0/O
                         net (fo=7, routed)           0.811    10.055    u_mbist/u_address/load
    SLICE_X56Y35         LUT3 (Prop_lut3_I1_O)        0.267    10.322 r  u_mbist/u_address/addr[0]_i_1/O
                         net (fo=1, routed)           0.000    10.322    u_mbist/u_address/addr[0]_i_1_n_0
    SLICE_X56Y35         FDRE                                         r  u_mbist/u_address/addr_reg[0]/D
  -------------------------------------------------------------------    -------------------

                         (clock sys_clk rise edge)   20.000    20.000 r  
    R4                                                0.000    20.000 r  sys_clk (IN)
                         net (fo=0)                   0.000    20.000    sys_clk
    R4                   IBUF (Prop_ibuf_I_O)         1.366    21.366 r  sys_clk_IBUF_inst/O
                         net (fo=1, routed)           1.599    22.965    sys_clk_IBUF
    BUFGCTRL_X0Y0        BUFG (Prop_bufg_I_O)         0.077    23.042 r  sys_clk_IBUF_BUFG_inst/O
                         net (fo=73, routed)          1.259    24.301    u_mbist/u_address/clk
    SLICE_X56Y35         FDRE                                         r  u_mbist/u_address/addr_reg[0]/C
                         clock pessimism              0.226    24.527    
                         clock uncertainty           -0.035    24.491    
    SLICE_X56Y35         FDRE (Setup_fdre_C_D)        0.072    24.563    u_mbist/u_address/addr_reg[0]
  -------------------------------------------------------------------
                         required time                         24.563    
                         arrival time                         -10.322    
  -------------------------------------------------------------------
                         slack                                 14.241    

Slack (MET) :             14.265ns  (required time - arrival time)
  Source:                 reset_sync_reg/C
                            (rising edge-triggered cell FDRE clocked by sys_clk  {rise@0.000ns fall@10.000ns period=20.000ns})
  Destination:            u_mbist/u_address/addr_reg[1]/D
                            (rising edge-triggered cell FDRE clocked by sys_clk  {rise@0.000ns fall@10.000ns period=20.000ns})
  Path Group:             sys_clk
  Path Type:              Setup (Max at Slow Process Corner)
  Requirement:            20.000ns  (sys_clk rise@20.000ns - sys_clk rise@0.000ns)
  Data Path Delay:        5.691ns  (logic 1.608ns (28.256%)  route 4.083ns (71.744%))
  Logic Levels:           5  (LUT2=2 LUT5=2 LUT6=1)
  Clock Path Skew:        -0.115ns (DCD - SCD + CPR)
    Destination Clock Delay (DCD):    4.301ns = ( 24.301 - 20.000 ) 
    Source Clock Delay      (SCD):    4.642ns
    Clock Pessimism Removal (CPR):    0.226ns
  Clock Uncertainty:      0.035ns  ((TSJ^2 + TIJ^2)^1/2 + DJ) / 2 + PE
    Total System Jitter     (TSJ):    0.071ns
    Total Input Jitter      (TIJ):    0.000ns
    Discrete Jitter          (DJ):    0.000ns
    Phase Error              (PE):    0.000ns

    Location             Delay type                Incr(ns)  Path(ns)    Netlist Resource(s)
  -------------------------------------------------------------------    -------------------
                         (clock sys_clk rise edge)    0.000     0.000 r  
    R4                                                0.000     0.000 r  sys_clk (IN)
                         net (fo=0)                   0.000     0.000    sys_clk
    R4                   IBUF (Prop_ibuf_I_O)         1.432     1.432 r  sys_clk_IBUF_inst/O
                         net (fo=1, routed)           1.689     3.121    sys_clk_IBUF
    BUFGCTRL_X0Y0        BUFG (Prop_bufg_I_O)         0.081     3.202 r  sys_clk_IBUF_BUFG_inst/O
                         net (fo=73, routed)          1.440     4.642    sys_clk_IBUF_BUFG
    SLICE_X64Y43         FDRE                                         r  reset_sync_reg/C
  -------------------------------------------------------------------    -------------------
    SLICE_X64Y43         FDRE (Prop_fdre_C_Q)         0.398     5.040 r  reset_sync_reg/Q
                         net (fo=20, routed)          1.840     6.879    u_mbist/u_memory_if/req_ready
    SLICE_X56Y36         LUT2 (Prop_lut2_I1_O)        0.248     7.127 r  u_mbist/u_memory_if/accepted_INST_0/O
                         net (fo=2, routed)           0.372     7.499    u_mbist/u_controller/accepted
    SLICE_X56Y36         LUT6 (Prop_lut6_I3_O)        0.286     7.785 r  u_mbist/u_controller/addr_step_INST_0_i_1/O
                         net (fo=3, routed)           0.361     8.145    u_mbist/u_controller/addr_step_INST_0_i_1_n_0
    SLICE_X56Y36         LUT2 (Prop_lut2_I1_O)        0.125     8.270 f  u_mbist/u_controller/addr_load_INST_0_i_1/O
                         net (fo=6, routed)           0.700     8.970    u_mbist/u_controller/addr_load_INST_0_i_1_n_0
    SLICE_X55Y36         LUT5 (Prop_lut5_I0_O)        0.274     9.244 r  u_mbist/u_controller/addr_load_INST_0/O
                         net (fo=7, routed)           0.811    10.055    u_mbist/u_address/load
    SLICE_X56Y35         LUT5 (Prop_lut5_I1_O)        0.277    10.332 r  u_mbist/u_address/addr[1]_i_1/O
                         net (fo=1, routed)           0.000    10.332    u_mbist/u_address/addr[1]_i_1_n_0
    SLICE_X56Y35         FDRE                                         r  u_mbist/u_address/addr_reg[1]/D
  -------------------------------------------------------------------    -------------------

                         (clock sys_clk rise edge)   20.000    20.000 r  
    R4                                                0.000    20.000 r  sys_clk (IN)
                         net (fo=0)                   0.000    20.000    sys_clk
    R4                   IBUF (Prop_ibuf_I_O)         1.366    21.366 r  sys_clk_IBUF_inst/O
                         net (fo=1, routed)           1.599    22.965    sys_clk_IBUF
    BUFGCTRL_X0Y0        BUFG (Prop_bufg_I_O)         0.077    23.042 r  sys_clk_IBUF_BUFG_inst/O
                         net (fo=73, routed)          1.259    24.301    u_mbist/u_address/clk
    SLICE_X56Y35         FDRE                                         r  u_mbist/u_address/addr_reg[1]/C
                         clock pessimism              0.226    24.527    
                         clock uncertainty           -0.035    24.491    
    SLICE_X56Y35         FDRE (Setup_fdre_C_D)        0.106    24.597    u_mbist/u_address/addr_reg[1]
  -------------------------------------------------------------------
                         required time                         24.597    
                         arrival time                         -10.332    
  -------------------------------------------------------------------
                         slack                                 14.265    

Slack (MET) :             14.486ns  (required time - arrival time)
  Source:                 reset_sync_reg/C
                            (rising edge-triggered cell FDRE clocked by sys_clk  {rise@0.000ns fall@10.000ns period=20.000ns})
  Destination:            u_mbist/u_address/addr_reg[3]/D
                            (rising edge-triggered cell FDRE clocked by sys_clk  {rise@0.000ns fall@10.000ns period=20.000ns})
  Path Group:             sys_clk
  Path Type:              Setup (Max at Slow Process Corner)
  Requirement:            20.000ns  (sys_clk rise@20.000ns - sys_clk rise@0.000ns)
  Data Path Delay:        5.437ns  (logic 1.598ns (29.390%)  route 3.839ns (70.610%))
  Logic Levels:           5  (LUT2=2 LUT5=2 LUT6=1)
  Clock Path Skew:        -0.115ns (DCD - SCD + CPR)
    Destination Clock Delay (DCD):    4.301ns = ( 24.301 - 20.000 ) 
    Source Clock Delay      (SCD):    4.642ns
    Clock Pessimism Removal (CPR):    0.226ns
  Clock Uncertainty:      0.035ns  ((TSJ^2 + TIJ^2)^1/2 + DJ) / 2 + PE
    Total System Jitter     (TSJ):    0.071ns
    Total Input Jitter      (TIJ):    0.000ns
    Discrete Jitter          (DJ):    0.000ns
    Phase Error              (PE):    0.000ns

    Location             Delay type                Incr(ns)  Path(ns)    Netlist Resource(s)
  -------------------------------------------------------------------    -------------------
                         (clock sys_clk rise edge)    0.000     0.000 r  
    R4                                                0.000     0.000 r  sys_clk (IN)
                         net (fo=0)                   0.000     0.000    sys_clk
    R4                   IBUF (Prop_ibuf_I_O)         1.432     1.432 r  sys_clk_IBUF_inst/O
                         net (fo=1, routed)           1.689     3.121    sys_clk_IBUF
    BUFGCTRL_X0Y0        BUFG (Prop_bufg_I_O)         0.081     3.202 r  sys_clk_IBUF_BUFG_inst/O
                         net (fo=73, routed)          1.440     4.642    sys_clk_IBUF_BUFG
    SLICE_X64Y43         FDRE                                         r  reset_sync_reg/C
  -------------------------------------------------------------------    -------------------
    SLICE_X64Y43         FDRE (Prop_fdre_C_Q)         0.398     5.040 r  reset_sync_reg/Q
                         net (fo=20, routed)          1.840     6.879    u_mbist/u_memory_if/req_ready
    SLICE_X56Y36         LUT2 (Prop_lut2_I1_O)        0.248     7.127 r  u_mbist/u_memory_if/accepted_INST_0/O
                         net (fo=2, routed)           0.372     7.499    u_mbist/u_controller/accepted
    SLICE_X56Y36         LUT6 (Prop_lut6_I3_O)        0.286     7.785 r  u_mbist/u_controller/addr_step_INST_0_i_1/O
                         net (fo=3, routed)           0.361     8.145    u_mbist/u_controller/addr_step_INST_0_i_1_n_0
    SLICE_X56Y36         LUT2 (Prop_lut2_I1_O)        0.125     8.270 f  u_mbist/u_controller/addr_load_INST_0_i_1/O
                         net (fo=6, routed)           0.700     8.970    u_mbist/u_controller/addr_load_INST_0_i_1_n_0
    SLICE_X55Y36         LUT5 (Prop_lut5_I0_O)        0.274     9.244 r  u_mbist/u_controller/addr_load_INST_0/O
                         net (fo=7, routed)           0.567     9.812    u_mbist/u_address/load
    SLICE_X56Y35         LUT5 (Prop_lut5_I1_O)        0.267    10.079 r  u_mbist/u_address/addr[3]_i_1/O
                         net (fo=1, routed)           0.000    10.079    u_mbist/u_address/addr[3]_i_1_n_0
    SLICE_X56Y35         FDRE                                         r  u_mbist/u_address/addr_reg[3]/D
  -------------------------------------------------------------------    -------------------

                         (clock sys_clk rise edge)   20.000    20.000 r  
    R4                                                0.000    20.000 r  sys_clk (IN)
                         net (fo=0)                   0.000    20.000    sys_clk
    R4                   IBUF (Prop_ibuf_I_O)         1.366    21.366 r  sys_clk_IBUF_inst/O
                         net (fo=1, routed)           1.599    22.965    sys_clk_IBUF
    BUFGCTRL_X0Y0        BUFG (Prop_bufg_I_O)         0.077    23.042 r  sys_clk_IBUF_BUFG_inst/O
                         net (fo=73, routed)          1.259    24.301    u_mbist/u_address/clk
    SLICE_X56Y35         FDRE                                         r  u_mbist/u_address/addr_reg[3]/C
                         clock pessimism              0.226    24.527    
                         clock uncertainty           -0.035    24.491    
    SLICE_X56Y35         FDRE (Setup_fdre_C_D)        0.074    24.565    u_mbist/u_address/addr_reg[3]
  -------------------------------------------------------------------
                         required time                         24.565    
                         arrival time                         -10.079    
  -------------------------------------------------------------------
                         slack                                 14.486    

Slack (MET) :             14.501ns  (required time - arrival time)
  Source:                 reset_sync_reg/C
                            (rising edge-triggered cell FDRE clocked by sys_clk  {rise@0.000ns fall@10.000ns period=20.000ns})
  Destination:            u_mbist/u_address/addr_reg[2]/D
                            (rising edge-triggered cell FDRE clocked by sys_clk  {rise@0.000ns fall@10.000ns period=20.000ns})
  Path Group:             sys_clk
  Path Type:              Setup (Max at Slow Process Corner)
  Requirement:            20.000ns  (sys_clk rise@20.000ns - sys_clk rise@0.000ns)
  Data Path Delay:        5.422ns  (logic 1.598ns (29.471%)  route 3.824ns (70.529%))
  Logic Levels:           5  (LUT2=2 LUT5=1 LUT6=2)
  Clock Path Skew:        -0.115ns (DCD - SCD + CPR)
    Destination Clock Delay (DCD):    4.301ns = ( 24.301 - 20.000 ) 
    Source Clock Delay      (SCD):    4.642ns
    Clock Pessimism Removal (CPR):    0.226ns
  Clock Uncertainty:      0.035ns  ((TSJ^2 + TIJ^2)^1/2 + DJ) / 2 + PE
    Total System Jitter     (TSJ):    0.071ns
    Total Input Jitter      (TIJ):    0.000ns
    Discrete Jitter          (DJ):    0.000ns
    Phase Error              (PE):    0.000ns

    Location             Delay type                Incr(ns)  Path(ns)    Netlist Resource(s)
  -------------------------------------------------------------------    -------------------
                         (clock sys_clk rise edge)    0.000     0.000 r  
    R4                                                0.000     0.000 r  sys_clk (IN)
                         net (fo=0)                   0.000     0.000    sys_clk
    R4                   IBUF (Prop_ibuf_I_O)         1.432     1.432 r  sys_clk_IBUF_inst/O
                         net (fo=1, routed)           1.689     3.121    sys_clk_IBUF
    BUFGCTRL_X0Y0        BUFG (Prop_bufg_I_O)         0.081     3.202 r  sys_clk_IBUF_BUFG_inst/O
                         net (fo=73, routed)          1.440     4.642    sys_clk_IBUF_BUFG
    SLICE_X64Y43         FDRE                                         r  reset_sync_reg/C
  -------------------------------------------------------------------    -------------------
    SLICE_X64Y43         FDRE (Prop_fdre_C_Q)         0.398     5.040 r  reset_sync_reg/Q
                         net (fo=20, routed)          1.840     6.879    u_mbist/u_memory_if/req_ready
    SLICE_X56Y36         LUT2 (Prop_lut2_I1_O)        0.248     7.127 r  u_mbist/u_memory_if/accepted_INST_0/O
                         net (fo=2, routed)           0.372     7.499    u_mbist/u_controller/accepted
    SLICE_X56Y36         LUT6 (Prop_lut6_I3_O)        0.286     7.785 r  u_mbist/u_controller/addr_step_INST_0_i_1/O
                         net (fo=3, routed)           0.361     8.145    u_mbist/u_controller/addr_step_INST_0_i_1_n_0
    SLICE_X56Y36         LUT2 (Prop_lut2_I1_O)        0.125     8.270 f  u_mbist/u_controller/addr_load_INST_0_i_1/O
                         net (fo=6, routed)           0.700     8.970    u_mbist/u_controller/addr_load_INST_0_i_1_n_0
    SLICE_X55Y36         LUT5 (Prop_lut5_I0_O)        0.274     9.244 r  u_mbist/u_controller/addr_load_INST_0/O
                         net (fo=7, routed)           0.552     9.797    u_mbist/u_address/load
    SLICE_X56Y35         LUT6 (Prop_lut6_I1_O)        0.267    10.064 r  u_mbist/u_address/addr[2]_i_1/O
                         net (fo=1, routed)           0.000    10.064    u_mbist/u_address/addr[2]_i_1_n_0
    SLICE_X56Y35         FDRE                                         r  u_mbist/u_address/addr_reg[2]/D
  -------------------------------------------------------------------    -------------------

                         (clock sys_clk rise edge)   20.000    20.000 r  
    R4                                                0.000    20.000 r  sys_clk (IN)
                         net (fo=0)                   0.000    20.000    sys_clk
    R4                   IBUF (Prop_ibuf_I_O)         1.366    21.366 r  sys_clk_IBUF_inst/O
                         net (fo=1, routed)           1.599    22.965    sys_clk_IBUF
    BUFGCTRL_X0Y0        BUFG (Prop_bufg_I_O)         0.077    23.042 r  sys_clk_IBUF_BUFG_inst/O
                         net (fo=73, routed)          1.259    24.301    u_mbist/u_address/clk
    SLICE_X56Y35         FDRE                                         r  u_mbist/u_address/addr_reg[2]/C
                         clock pessimism              0.226    24.527    
                         clock uncertainty           -0.035    24.491    
    SLICE_X56Y35         FDRE (Setup_fdre_C_D)        0.074    24.565    u_mbist/u_address/addr_reg[2]
  -------------------------------------------------------------------
                         required time                         24.565    
                         arrival time                         -10.064    
  -------------------------------------------------------------------
                         slack                                 14.501    




