INFO: [VRFC 10-2263] Analyzing SystemVerilog file "./rtl/address_generator.v" into library work
INFO: [VRFC 10-311] analyzing module address_generator
INFO: [VRFC 10-2263] Analyzing SystemVerilog file "./rtl/data_generator.v" into library work
INFO: [VRFC 10-311] analyzing module data_generator
INFO: [VRFC 10-2263] Analyzing SystemVerilog file "./rtl/memory_interface.v" into library work
INFO: [VRFC 10-311] analyzing module memory_interface
INFO: [VRFC 10-2263] Analyzing SystemVerilog file "./rtl/response_checker.v" into library work
INFO: [VRFC 10-311] analyzing module response_checker
INFO: [VRFC 10-2263] Analyzing SystemVerilog file "./rtl/march_controller.v" into library work
INFO: [VRFC 10-311] analyzing module march_controller
INFO: [VRFC 10-2263] Analyzing SystemVerilog file "./rtl/mbist_top.v" into library work
INFO: [VRFC 10-311] analyzing module mbist_top
INFO: [VRFC 10-2263] Analyzing SystemVerilog file "./tb/march_transaction_checker.sv" into library work
INFO: [VRFC 10-311] analyzing module march_transaction_checker
INFO: [VRFC 10-2263] Analyzing SystemVerilog file "./tb/fault_injector.sv" into library work
INFO: [VRFC 10-311] analyzing module fault_injector
INFO: [VRFC 10-2263] Analyzing SystemVerilog file "./tb/faulty_memory.sv" into library work
INFO: [VRFC 10-311] analyzing module faulty_memory
INFO: [VRFC 10-2263] Analyzing SystemVerilog file "./tb/fault_reference_monitor.sv" into library work
INFO: [VRFC 10-311] analyzing module fault_reference_monitor
INFO: [VRFC 10-2263] Analyzing SystemVerilog file "./results/asic/v10/20260927_xsim_v10/xsim/baseline/fault/tb_step05_mbist.sv" into library work
INFO: [VRFC 10-311] analyzing module tb_step05_mbist
