Copyright 1986-2018 Xilinx, Inc. All Rights Reserved.
--------------------------------------------------------------------------------------------------------------------------------------------------------------------------------
| Tool Version : Vivado v.2018.3 (win64) Build 2405991 Thu Dec  6 23:38:27 MST 2018
| Date         : Sat Sep 26 20:38:28 2026
| Host         : Hugo running 64-bit major release  (build 9200)
| Command      : report_timing -delay_type min -max_paths 10 -file C:/Users/32035/Desktop/FPGA/ProjectIII/results/reruns/20260926_review_final/step08/base_fault/hold_paths.rpt
| Design       : board_top
| Device       : 7a35t-fgg484
| Speed File   : -2  PRODUCTION 1.23 2018-06-13
--------------------------------------------------------------------------------------------------------------------------------------------------------------------------------

Timing Report

Slack (MET) :             0.130ns  (arrival time - required time)
  Source:                 reset_meta_reg/C
                            (rising edge-triggered cell FDCE clocked by sys_clk  {rise@0.000ns fall@10.000ns period=20.000ns})
  Destination:            reset_release_reg/D
                            (rising edge-triggered cell FDCE clocked by sys_clk  {rise@0.000ns fall@10.000ns period=20.000ns})
  Path Group:             sys_clk
  Path Type:              Hold (Min at Fast Process Corner)
  Requirement:            0.000ns  (sys_clk rise@0.000ns - sys_clk rise@0.000ns)
  Data Path Delay:        0.205ns  (logic 0.141ns (68.843%)  route 0.064ns (31.157%))
  Logic Levels:           0  
  Clock Path Skew:        0.000ns (DCD - SCD - CPR)
    Destination Clock Delay (DCD):    2.036ns
    Source Clock Delay      (SCD):    1.520ns
    Clock Pessimism Removal (CPR):    0.516ns

    Location             Delay type                Incr(ns)  Path(ns)    Netlist Resource(s)
  -------------------------------------------------------------------    -------------------
                         (clock sys_clk rise edge)    0.000     0.000 r  
    R4                                                0.000     0.000 r  sys_clk (IN)
                         net (fo=0)                   0.000     0.000    sys_clk
    R4                   IBUF (Prop_ibuf_I_O)         0.269     0.269 r  sys_clk_IBUF_inst/O
                         net (fo=1, routed)           0.631     0.900    sys_clk_IBUF
    BUFGCTRL_X0Y0        BUFG (Prop_bufg_I_O)         0.026     0.926 r  sys_clk_IBUF_BUFG_inst/O
                         net (fo=74, routed)          0.595     1.520    sys_clk_IBUF_BUFG
    SLICE_X62Y45         FDCE                                         r  reset_meta_reg/C
  -------------------------------------------------------------------    -------------------
    SLICE_X62Y45         FDCE (Prop_fdce_C_Q)         0.141     1.661 r  reset_meta_reg/Q
                         net (fo=1, routed)           0.064     1.725    reset_meta
    SLICE_X62Y45         FDCE                                         r  reset_release_reg/D
  -------------------------------------------------------------------    -------------------

                         (clock sys_clk rise edge)    0.000     0.000 r  
    R4                                                0.000     0.000 r  sys_clk (IN)
                         net (fo=0)                   0.000     0.000    sys_clk
    R4                   IBUF (Prop_ibuf_I_O)         0.457     0.457 r  sys_clk_IBUF_inst/O
                         net (fo=1, routed)           0.685     1.141    sys_clk_IBUF
    BUFGCTRL_X0Y0        BUFG (Prop_bufg_I_O)         0.029     1.170 r  sys_clk_IBUF_BUFG_inst/O
                         net (fo=74, routed)          0.866     2.036    sys_clk_IBUF_BUFG
    SLICE_X62Y45         FDCE                                         r  reset_release_reg/C
                         clock pessimism             -0.516     1.520    
    SLICE_X62Y45         FDCE (Hold_fdce_C_D)         0.075     1.595    reset_release_reg
  -------------------------------------------------------------------
                         required time                         -1.595    
                         arrival time                           1.725    
  -------------------------------------------------------------------
                         slack                                  0.130    

Slack (MET) :             0.159ns  (arrival time - required time)
  Source:                 key_sync_reg[0]/C
                            (rising edge-triggered cell FDSE clocked by sys_clk  {rise@0.000ns fall@10.000ns period=20.000ns})
  Destination:            key_sync_reg[1]/D
                            (rising edge-triggered cell FDSE clocked by sys_clk  {rise@0.000ns fall@10.000ns period=20.000ns})
  Path Group:             sys_clk
  Path Type:              Hold (Min at Fast Process Corner)
  Requirement:            0.000ns  (sys_clk rise@0.000ns - sys_clk rise@0.000ns)
  Data Path Delay:        0.219ns  (logic 0.164ns (74.792%)  route 0.055ns (25.208%))
  Logic Levels:           0  
  Clock Path Skew:        0.000ns (DCD - SCD - CPR)
    Destination Clock Delay (DCD):    2.036ns
    Source Clock Delay      (SCD):    1.520ns
    Clock Pessimism Removal (CPR):    0.516ns

    Location             Delay type                Incr(ns)  Path(ns)    Netlist Resource(s)
  -------------------------------------------------------------------    -------------------
                         (clock sys_clk rise edge)    0.000     0.000 r  
    R4                                                0.000     0.000 r  sys_clk (IN)
                         net (fo=0)                   0.000     0.000    sys_clk
    R4                   IBUF (Prop_ibuf_I_O)         0.269     0.269 r  sys_clk_IBUF_inst/O
                         net (fo=1, routed)           0.631     0.900    sys_clk_IBUF
    BUFGCTRL_X0Y0        BUFG (Prop_bufg_I_O)         0.026     0.926 r  sys_clk_IBUF_BUFG_inst/O
                         net (fo=74, routed)          0.595     1.520    sys_clk_IBUF_BUFG
    SLICE_X64Y44         FDSE                                         r  key_sync_reg[0]/C
  -------------------------------------------------------------------    -------------------
    SLICE_X64Y44         FDSE (Prop_fdse_C_Q)         0.164     1.684 r  key_sync_reg[0]/Q
                         net (fo=1, routed)           0.055     1.740    key_sync[0]
    SLICE_X64Y44         FDSE                                         r  key_sync_reg[1]/D
  -------------------------------------------------------------------    -------------------

                         (clock sys_clk rise edge)    0.000     0.000 r  
    R4                                                0.000     0.000 r  sys_clk (IN)
                         net (fo=0)                   0.000     0.000    sys_clk
    R4                   IBUF (Prop_ibuf_I_O)         0.457     0.457 r  sys_clk_IBUF_inst/O
                         net (fo=1, routed)           0.685     1.141    sys_clk_IBUF
    BUFGCTRL_X0Y0        BUFG (Prop_bufg_I_O)         0.029     1.170 r  sys_clk_IBUF_BUFG_inst/O
                         net (fo=74, routed)          0.866     2.036    sys_clk_IBUF_BUFG
    SLICE_X64Y44         FDSE                                         r  key_sync_reg[1]/C
                         clock pessimism             -0.516     1.520    
    SLICE_X64Y44         FDSE (Hold_fdse_C_D)         0.060     1.580    key_sync_reg[1]
  -------------------------------------------------------------------
                         required time                         -1.580    
                         arrival time                           1.740    
  -------------------------------------------------------------------
                         slack                                  0.159    

Slack (MET) :             0.186ns  (arrival time - required time)
  Source:                 u_mbist/u_address/addr_reg[3]/C
                            (rising edge-triggered cell FDRE clocked by sys_clk  {rise@0.000ns fall@10.000ns period=20.000ns})
  Destination:            u_mbist/u_address/addr_reg[5]/D
                            (rising edge-triggered cell FDRE clocked by sys_clk  {rise@0.000ns fall@10.000ns period=20.000ns})
  Path Group:             sys_clk
  Path Type:              Hold (Min at Fast Process Corner)
  Requirement:            0.000ns  (sys_clk rise@0.000ns - sys_clk rise@0.000ns)
  Data Path Delay:        0.291ns  (logic 0.186ns (63.963%)  route 0.105ns (36.037%))
  Logic Levels:           1  (LUT6=1)
  Clock Path Skew:        0.013ns (DCD - SCD - CPR)
    Destination Clock Delay (DCD):    2.032ns
    Source Clock Delay      (SCD):    1.517ns
    Clock Pessimism Removal (CPR):    0.502ns

    Location             Delay type                Incr(ns)  Path(ns)    Netlist Resource(s)
  -------------------------------------------------------------------    -------------------
                         (clock sys_clk rise edge)    0.000     0.000 r  
    R4                                                0.000     0.000 r  sys_clk (IN)
                         net (fo=0)                   0.000     0.000    sys_clk
    R4                   IBUF (Prop_ibuf_I_O)         0.269     0.269 r  sys_clk_IBUF_inst/O
                         net (fo=1, routed)           0.631     0.900    sys_clk_IBUF
    BUFGCTRL_X0Y0        BUFG (Prop_bufg_I_O)         0.026     0.926 r  sys_clk_IBUF_BUFG_inst/O
                         net (fo=74, routed)          0.592     1.517    u_mbist/u_address/clk
    SLICE_X58Y39         FDRE                                         r  u_mbist/u_address/addr_reg[3]/C
  -------------------------------------------------------------------    -------------------
    SLICE_X58Y39         FDRE (Prop_fdre_C_Q)         0.141     1.658 r  u_mbist/u_address/addr_reg[3]/Q
                         net (fo=7, routed)           0.105     1.763    u_mbist/u_address/addr[3]
    SLICE_X59Y39         LUT6 (Prop_lut6_I3_O)        0.045     1.808 r  u_mbist/u_address/addr[5]_i_3/O
                         net (fo=1, routed)           0.000     1.808    u_mbist/u_address/addr[5]_i_3_n_0
    SLICE_X59Y39         FDRE                                         r  u_mbist/u_address/addr_reg[5]/D
  -------------------------------------------------------------------    -------------------

                         (clock sys_clk rise edge)    0.000     0.000 r  
    R4                                                0.000     0.000 r  sys_clk (IN)
                         net (fo=0)                   0.000     0.000    sys_clk
    R4                   IBUF (Prop_ibuf_I_O)         0.457     0.457 r  sys_clk_IBUF_inst/O
                         net (fo=1, routed)           0.685     1.141    sys_clk_IBUF
    BUFGCTRL_X0Y0        BUFG (Prop_bufg_I_O)         0.029     1.170 r  sys_clk_IBUF_BUFG_inst/O
                         net (fo=74, routed)          0.862     2.032    u_mbist/u_address/clk
    SLICE_X59Y39         FDRE                                         r  u_mbist/u_address/addr_reg[5]/C
                         clock pessimism             -0.502     1.530    
    SLICE_X59Y39         FDRE (Hold_fdre_C_D)         0.092     1.622    u_mbist/u_address/addr_reg[5]
  -------------------------------------------------------------------
                         required time                         -1.622    
                         arrival time                           1.808    
  -------------------------------------------------------------------
                         slack                                  0.186    

Slack (MET) :             0.201ns  (arrival time - required time)
  Source:                 accepted_count_reg[9]/C
                            (rising edge-triggered cell FDRE clocked by sys_clk  {rise@0.000ns fall@10.000ns period=20.000ns})
  Destination:            accepted_count_reg[9]/D
                            (rising edge-triggered cell FDRE clocked by sys_clk  {rise@0.000ns fall@10.000ns period=20.000ns})
  Path Group:             sys_clk
  Path Type:              Hold (Min at Fast Process Corner)
  Requirement:            0.000ns  (sys_clk rise@0.000ns - sys_clk rise@0.000ns)
  Data Path Delay:        0.293ns  (logic 0.186ns (63.575%)  route 0.107ns (36.425%))
  Logic Levels:           1  (LUT5=1)
  Clock Path Skew:        0.000ns (DCD - SCD - CPR)
    Destination Clock Delay (DCD):    2.034ns
    Source Clock Delay      (SCD):    1.519ns
    Clock Pessimism Removal (CPR):    0.515ns

    Location             Delay type                Incr(ns)  Path(ns)    Netlist Resource(s)
  -------------------------------------------------------------------    -------------------
                         (clock sys_clk rise edge)    0.000     0.000 r  
    R4                                                0.000     0.000 r  sys_clk (IN)
                         net (fo=0)                   0.000     0.000    sys_clk
    R4                   IBUF (Prop_ibuf_I_O)         0.269     0.269 r  sys_clk_IBUF_inst/O
                         net (fo=1, routed)           0.631     0.900    sys_clk_IBUF
    BUFGCTRL_X0Y0        BUFG (Prop_bufg_I_O)         0.026     0.926 r  sys_clk_IBUF_BUFG_inst/O
                         net (fo=74, routed)          0.594     1.519    sys_clk_IBUF_BUFG
    SLICE_X59Y43         FDRE                                         r  accepted_count_reg[9]/C
  -------------------------------------------------------------------    -------------------
    SLICE_X59Y43         FDRE (Prop_fdre_C_Q)         0.141     1.660 r  accepted_count_reg[9]/Q
                         net (fo=1, routed)           0.107     1.767    accepted_count[9]
    SLICE_X59Y43         LUT5 (Prop_lut5_I4_O)        0.045     1.812 r  accepted_count[9]_i_3/O
                         net (fo=1, routed)           0.000     1.812    p_1_in__0[9]
    SLICE_X59Y43         FDRE                                         r  accepted_count_reg[9]/D
  -------------------------------------------------------------------    -------------------

                         (clock sys_clk rise edge)    0.000     0.000 r  
    R4                                                0.000     0.000 r  sys_clk (IN)
                         net (fo=0)                   0.000     0.000    sys_clk
    R4                   IBUF (Prop_ibuf_I_O)         0.457     0.457 r  sys_clk_IBUF_inst/O
                         net (fo=1, routed)           0.685     1.141    sys_clk_IBUF
    BUFGCTRL_X0Y0        BUFG (Prop_bufg_I_O)         0.029     1.170 r  sys_clk_IBUF_BUFG_inst/O
                         net (fo=74, routed)          0.864     2.034    sys_clk_IBUF_BUFG
    SLICE_X59Y43         FDRE                                         r  accepted_count_reg[9]/C
                         clock pessimism             -0.515     1.519    
    SLICE_X59Y43         FDRE (Hold_fdre_C_D)         0.092     1.611    accepted_count_reg[9]
  -------------------------------------------------------------------
                         required time                         -1.611    
                         arrival time                           1.812    
  -------------------------------------------------------------------
                         slack                                  0.201    

Slack (MET) :             0.207ns  (arrival time - required time)
  Source:                 g_response_test.read_ordinal_reg[5]/C
                            (rising edge-triggered cell FDRE clocked by sys_clk  {rise@0.000ns fall@10.000ns period=20.000ns})
  Destination:            g_response_test.read_ordinal_reg[6]/D
                            (rising edge-triggered cell FDRE clocked by sys_clk  {rise@0.000ns fall@10.000ns period=20.000ns})
  Path Group:             sys_clk
  Path Type:              Hold (Min at Fast Process Corner)
  Requirement:            0.000ns  (sys_clk rise@0.000ns - sys_clk rise@0.000ns)
  Data Path Delay:        0.343ns  (logic 0.209ns (60.869%)  route 0.134ns (39.131%))
  Logic Levels:           1  (LUT5=1)
  Clock Path Skew:        0.015ns (DCD - SCD - CPR)
    Destination Clock Delay (DCD):    2.006ns
    Source Clock Delay      (SCD):    1.493ns
    Clock Pessimism Removal (CPR):    0.498ns

    Location             Delay type                Incr(ns)  Path(ns)    Netlist Resource(s)
  -------------------------------------------------------------------    -------------------
                         (clock sys_clk rise edge)    0.000     0.000 r  
    R4                                                0.000     0.000 r  sys_clk (IN)
                         net (fo=0)                   0.000     0.000    sys_clk
    R4                   IBUF (Prop_ibuf_I_O)         0.269     0.269 r  sys_clk_IBUF_inst/O
                         net (fo=1, routed)           0.631     0.900    sys_clk_IBUF
    BUFGCTRL_X0Y0        BUFG (Prop_bufg_I_O)         0.026     0.926 r  sys_clk_IBUF_BUFG_inst/O
                         net (fo=74, routed)          0.568     1.493    sys_clk_IBUF_BUFG
    SLICE_X56Y43         FDRE                                         r  g_response_test.read_ordinal_reg[5]/C
  -------------------------------------------------------------------    -------------------
    SLICE_X56Y43         FDRE (Prop_fdre_C_Q)         0.164     1.657 r  g_response_test.read_ordinal_reg[5]/Q
                         net (fo=5, routed)           0.134     1.792    g_response_test.read_ordinal_reg__0[5]
    SLICE_X56Y42         LUT5 (Prop_lut5_I0_O)        0.045     1.837 r  g_response_test.read_ordinal[6]_i_1/O
                         net (fo=1, routed)           0.000     1.837    p_0_in__0[6]
    SLICE_X56Y42         FDRE                                         r  g_response_test.read_ordinal_reg[6]/D
  -------------------------------------------------------------------    -------------------

                         (clock sys_clk rise edge)    0.000     0.000 r  
    R4                                                0.000     0.000 r  sys_clk (IN)
                         net (fo=0)                   0.000     0.000    sys_clk
    R4                   IBUF (Prop_ibuf_I_O)         0.457     0.457 r  sys_clk_IBUF_inst/O
                         net (fo=1, routed)           0.685     1.141    sys_clk_IBUF
    BUFGCTRL_X0Y0        BUFG (Prop_bufg_I_O)         0.029     1.170 r  sys_clk_IBUF_BUFG_inst/O
                         net (fo=74, routed)          0.836     2.006    sys_clk_IBUF_BUFG
    SLICE_X56Y42         FDRE                                         r  g_response_test.read_ordinal_reg[6]/C
                         clock pessimism             -0.498     1.508    
    SLICE_X56Y42         FDRE (Hold_fdre_C_D)         0.121     1.629    g_response_test.read_ordinal_reg[6]
  -------------------------------------------------------------------
                         required time                         -1.629    
                         arrival time                           1.837    
  -------------------------------------------------------------------
                         slack                                  0.207    

Slack (MET) :             0.222ns  (arrival time - required time)
  Source:                 accepted_count_reg[7]/C
                            (rising edge-triggered cell FDRE clocked by sys_clk  {rise@0.000ns fall@10.000ns period=20.000ns})
  Destination:            accepted_count_reg[7]/D
                            (rising edge-triggered cell FDRE clocked by sys_clk  {rise@0.000ns fall@10.000ns period=20.000ns})
  Path Group:             sys_clk
  Path Type:              Hold (Min at Fast Process Corner)
  Requirement:            0.000ns  (sys_clk rise@0.000ns - sys_clk rise@0.000ns)
  Data Path Delay:        0.314ns  (logic 0.186ns (59.287%)  route 0.128ns (40.713%))
  Logic Levels:           1  (LUT3=1)
  Clock Path Skew:        0.000ns (DCD - SCD - CPR)
    Destination Clock Delay (DCD):    2.034ns
    Source Clock Delay      (SCD):    1.519ns
    Clock Pessimism Removal (CPR):    0.515ns

    Location             Delay type                Incr(ns)  Path(ns)    Netlist Resource(s)
  -------------------------------------------------------------------    -------------------
                         (clock sys_clk rise edge)    0.000     0.000 r  
    R4                                                0.000     0.000 r  sys_clk (IN)
                         net (fo=0)                   0.000     0.000    sys_clk
    R4                   IBUF (Prop_ibuf_I_O)         0.269     0.269 r  sys_clk_IBUF_inst/O
                         net (fo=1, routed)           0.631     0.900    sys_clk_IBUF
    BUFGCTRL_X0Y0        BUFG (Prop_bufg_I_O)         0.026     0.926 r  sys_clk_IBUF_BUFG_inst/O
                         net (fo=74, routed)          0.594     1.519    sys_clk_IBUF_BUFG
    SLICE_X59Y43         FDRE                                         r  accepted_count_reg[7]/C
  -------------------------------------------------------------------    -------------------
    SLICE_X59Y43         FDRE (Prop_fdre_C_Q)         0.141     1.660 r  accepted_count_reg[7]/Q
                         net (fo=3, routed)           0.128     1.788    accepted_count[7]
    SLICE_X59Y43         LUT3 (Prop_lut3_I2_O)        0.045     1.833 r  accepted_count[7]_i_1/O
                         net (fo=1, routed)           0.000     1.833    p_1_in__0[7]
    SLICE_X59Y43         FDRE                                         r  accepted_count_reg[7]/D
  -------------------------------------------------------------------    -------------------

                         (clock sys_clk rise edge)    0.000     0.000 r  
    R4                                                0.000     0.000 r  sys_clk (IN)
                         net (fo=0)                   0.000     0.000    sys_clk
    R4                   IBUF (Prop_ibuf_I_O)         0.457     0.457 r  sys_clk_IBUF_inst/O
                         net (fo=1, routed)           0.685     1.141    sys_clk_IBUF
    BUFGCTRL_X0Y0        BUFG (Prop_bufg_I_O)         0.029     1.170 r  sys_clk_IBUF_BUFG_inst/O
                         net (fo=74, routed)          0.864     2.034    sys_clk_IBUF_BUFG
    SLICE_X59Y43         FDRE                                         r  accepted_count_reg[7]/C
                         clock pessimism             -0.515     1.519    
    SLICE_X59Y43         FDRE (Hold_fdre_C_D)         0.092     1.611    accepted_count_reg[7]
  -------------------------------------------------------------------
                         required time                         -1.611    
                         arrival time                           1.833    
  -------------------------------------------------------------------
                         slack                                  0.222    

Slack (MET) :             0.227ns  (arrival time - required time)
  Source:                 u_mbist/u_address/addr_reg[2]/C
                            (rising edge-triggered cell FDRE clocked by sys_clk  {rise@0.000ns fall@10.000ns period=20.000ns})
  Destination:            u_bram/mem_reg/ADDRARDADDR[6]
                            (rising edge-triggered cell RAMB18E1 clocked by sys_clk  {rise@0.000ns fall@10.000ns period=20.000ns})
  Path Group:             sys_clk
  Path Type:              Hold (Min at Fast Process Corner)
  Requirement:            0.000ns  (sys_clk rise@0.000ns - sys_clk rise@0.000ns)
  Data Path Delay:        0.459ns  (logic 0.141ns (30.710%)  route 0.318ns (69.290%))
  Logic Levels:           0  
  Clock Path Skew:        0.049ns (DCD - SCD - CPR)
    Destination Clock Delay (DCD):    2.046ns
    Source Clock Delay      (SCD):    1.518ns
    Clock Pessimism Removal (CPR):    0.479ns

    Location             Delay type                Incr(ns)  Path(ns)    Netlist Resource(s)
  -------------------------------------------------------------------    -------------------
                         (clock sys_clk rise edge)    0.000     0.000 r  
    R4                                                0.000     0.000 r  sys_clk (IN)
                         net (fo=0)                   0.000     0.000    sys_clk
    R4                   IBUF (Prop_ibuf_I_O)         0.269     0.269 r  sys_clk_IBUF_inst/O
                         net (fo=1, routed)           0.631     0.900    sys_clk_IBUF
    BUFGCTRL_X0Y0        BUFG (Prop_bufg_I_O)         0.026     0.926 r  sys_clk_IBUF_BUFG_inst/O
                         net (fo=74, routed)          0.593     1.518    u_mbist/u_address/clk
    SLICE_X58Y40         FDRE                                         r  u_mbist/u_address/addr_reg[2]/C
  -------------------------------------------------------------------    -------------------
    SLICE_X58Y40         FDRE (Prop_fdre_C_Q)         0.141     1.659 r  u_mbist/u_address/addr_reg[2]/Q
                         net (fo=7, routed)           0.318     1.977    u_bram/req_addr[2]
    RAMB18_X2Y16         RAMB18E1                                     r  u_bram/mem_reg/ADDRARDADDR[6]
  -------------------------------------------------------------------    -------------------

                         (clock sys_clk rise edge)    0.000     0.000 r  
    R4                                                0.000     0.000 r  sys_clk (IN)
                         net (fo=0)                   0.000     0.000    sys_clk
    R4                   IBUF (Prop_ibuf_I_O)         0.457     0.457 r  sys_clk_IBUF_inst/O
                         net (fo=1, routed)           0.685     1.141    sys_clk_IBUF
    BUFGCTRL_X0Y0        BUFG (Prop_bufg_I_O)         0.029     1.170 r  sys_clk_IBUF_BUFG_inst/O
                         net (fo=74, routed)          0.875     2.046    u_bram/clk
    RAMB18_X2Y16         RAMB18E1                                     r  u_bram/mem_reg/CLKARDCLK
                         clock pessimism             -0.479     1.567    
    RAMB18_X2Y16         RAMB18E1 (Hold_ramb18e1_CLKARDCLK_ADDRARDADDR[6])
                                                      0.183     1.750    u_bram/mem_reg
  -------------------------------------------------------------------
                         required time                         -1.750    
                         arrival time                           1.977    
  -------------------------------------------------------------------
                         slack                                  0.227    

Slack (MET) :             0.231ns  (arrival time - required time)
  Source:                 accepted_count_reg[1]/C
                            (rising edge-triggered cell FDRE clocked by sys_clk  {rise@0.000ns fall@10.000ns period=20.000ns})
  Destination:            accepted_count_reg[4]/D
                            (rising edge-triggered cell FDRE clocked by sys_clk  {rise@0.000ns fall@10.000ns period=20.000ns})
  Path Group:             sys_clk
  Path Type:              Hold (Min at Fast Process Corner)
  Requirement:            0.000ns  (sys_clk rise@0.000ns - sys_clk rise@0.000ns)
  Data Path Delay:        0.339ns  (logic 0.209ns (61.629%)  route 0.130ns (38.371%))
  Logic Levels:           1  (LUT5=1)
  Clock Path Skew:        0.016ns (DCD - SCD - CPR)
    Destination Clock Delay (DCD):    2.033ns
    Source Clock Delay      (SCD):    1.518ns
    Clock Pessimism Removal (CPR):    0.499ns

    Location             Delay type                Incr(ns)  Path(ns)    Netlist Resource(s)
  -------------------------------------------------------------------    -------------------
                         (clock sys_clk rise edge)    0.000     0.000 r  
    R4                                                0.000     0.000 r  sys_clk (IN)
                         net (fo=0)                   0.000     0.000    sys_clk
    R4                   IBUF (Prop_ibuf_I_O)         0.269     0.269 r  sys_clk_IBUF_inst/O
                         net (fo=1, routed)           0.631     0.900    sys_clk_IBUF
    BUFGCTRL_X0Y0        BUFG (Prop_bufg_I_O)         0.026     0.926 r  sys_clk_IBUF_BUFG_inst/O
                         net (fo=74, routed)          0.593     1.518    sys_clk_IBUF_BUFG
    SLICE_X60Y42         FDRE                                         r  accepted_count_reg[1]/C
  -------------------------------------------------------------------    -------------------
    SLICE_X60Y42         FDRE (Prop_fdre_C_Q)         0.164     1.682 r  accepted_count_reg[1]/Q
                         net (fo=6, routed)           0.130     1.812    accepted_count[1]
    SLICE_X59Y42         LUT5 (Prop_lut5_I2_O)        0.045     1.857 r  accepted_count[4]_i_1/O
                         net (fo=1, routed)           0.000     1.857    p_1_in__0[4]
    SLICE_X59Y42         FDRE                                         r  accepted_count_reg[4]/D
  -------------------------------------------------------------------    -------------------

                         (clock sys_clk rise edge)    0.000     0.000 r  
    R4                                                0.000     0.000 r  sys_clk (IN)
                         net (fo=0)                   0.000     0.000    sys_clk
    R4                   IBUF (Prop_ibuf_I_O)         0.457     0.457 r  sys_clk_IBUF_inst/O
                         net (fo=1, routed)           0.685     1.141    sys_clk_IBUF
    BUFGCTRL_X0Y0        BUFG (Prop_bufg_I_O)         0.029     1.170 r  sys_clk_IBUF_BUFG_inst/O
                         net (fo=74, routed)          0.863     2.033    sys_clk_IBUF_BUFG
    SLICE_X59Y42         FDRE                                         r  accepted_count_reg[4]/C
                         clock pessimism             -0.499     1.534    
    SLICE_X59Y42         FDRE (Hold_fdre_C_D)         0.092     1.626    accepted_count_reg[4]
  -------------------------------------------------------------------
                         required time                         -1.626    
                         arrival time                           1.857    
  -------------------------------------------------------------------
                         slack                                  0.231    

Slack (MET) :             0.233ns  (arrival time - required time)
  Source:                 accepted_count_reg[1]/C
                            (rising edge-triggered cell FDRE clocked by sys_clk  {rise@0.000ns fall@10.000ns period=20.000ns})
  Destination:            accepted_count_reg[3]/D
                            (rising edge-triggered cell FDRE clocked by sys_clk  {rise@0.000ns fall@10.000ns period=20.000ns})
  Path Group:             sys_clk
  Path Type:              Hold (Min at Fast Process Corner)
  Requirement:            0.000ns  (sys_clk rise@0.000ns - sys_clk rise@0.000ns)
  Data Path Delay:        0.340ns  (logic 0.209ns (61.448%)  route 0.131ns (38.552%))
  Logic Levels:           1  (LUT4=1)
  Clock Path Skew:        0.016ns (DCD - SCD - CPR)
    Destination Clock Delay (DCD):    2.033ns
    Source Clock Delay      (SCD):    1.518ns
    Clock Pessimism Removal (CPR):    0.499ns

    Location             Delay type                Incr(ns)  Path(ns)    Netlist Resource(s)
  -------------------------------------------------------------------    -------------------
                         (clock sys_clk rise edge)    0.000     0.000 r  
    R4                                                0.000     0.000 r  sys_clk (IN)
                         net (fo=0)                   0.000     0.000    sys_clk
    R4                   IBUF (Prop_ibuf_I_O)         0.269     0.269 r  sys_clk_IBUF_inst/O
                         net (fo=1, routed)           0.631     0.900    sys_clk_IBUF
    BUFGCTRL_X0Y0        BUFG (Prop_bufg_I_O)         0.026     0.926 r  sys_clk_IBUF_BUFG_inst/O
                         net (fo=74, routed)          0.593     1.518    sys_clk_IBUF_BUFG
    SLICE_X60Y42         FDRE                                         r  accepted_count_reg[1]/C
  -------------------------------------------------------------------    -------------------
    SLICE_X60Y42         FDRE (Prop_fdre_C_Q)         0.164     1.682 r  accepted_count_reg[1]/Q
                         net (fo=6, routed)           0.131     1.813    accepted_count[1]
    SLICE_X59Y42         LUT4 (Prop_lut4_I0_O)        0.045     1.858 r  accepted_count[3]_i_1/O
                         net (fo=1, routed)           0.000     1.858    p_1_in__0[3]
    SLICE_X59Y42         FDRE                                         r  accepted_count_reg[3]/D
  -------------------------------------------------------------------    -------------------

                         (clock sys_clk rise edge)    0.000     0.000 r  
    R4                                                0.000     0.000 r  sys_clk (IN)
                         net (fo=0)                   0.000     0.000    sys_clk
    R4                   IBUF (Prop_ibuf_I_O)         0.457     0.457 r  sys_clk_IBUF_inst/O
                         net (fo=1, routed)           0.685     1.141    sys_clk_IBUF
    BUFGCTRL_X0Y0        BUFG (Prop_bufg_I_O)         0.029     1.170 r  sys_clk_IBUF_BUFG_inst/O
                         net (fo=74, routed)          0.863     2.033    sys_clk_IBUF_BUFG
    SLICE_X59Y42         FDRE                                         r  accepted_count_reg[3]/C
                         clock pessimism             -0.499     1.534    
    SLICE_X59Y42         FDRE (Hold_fdre_C_D)         0.091     1.625    accepted_count_reg[3]
  -------------------------------------------------------------------
                         required time                         -1.625    
                         arrival time                           1.858    
  -------------------------------------------------------------------
                         slack                                  0.233    

Slack (MET) :             0.233ns  (arrival time - required time)
  Source:                 g_response_test.read_ordinal_reg[5]/C
                            (rising edge-triggered cell FDRE clocked by sys_clk  {rise@0.000ns fall@10.000ns period=20.000ns})
  Destination:            g_response_test.read_ordinal_reg[5]/D
                            (rising edge-triggered cell FDRE clocked by sys_clk  {rise@0.000ns fall@10.000ns period=20.000ns})
  Path Group:             sys_clk
  Path Type:              Hold (Min at Fast Process Corner)
  Requirement:            0.000ns  (sys_clk rise@0.000ns - sys_clk rise@0.000ns)
  Data Path Delay:        0.354ns  (logic 0.209ns (59.013%)  route 0.145ns (40.987%))
  Logic Levels:           1  (LUT6=1)
  Clock Path Skew:        0.000ns (DCD - SCD - CPR)
    Destination Clock Delay (DCD):    2.007ns
    Source Clock Delay      (SCD):    1.493ns
    Clock Pessimism Removal (CPR):    0.514ns

    Location             Delay type                Incr(ns)  Path(ns)    Netlist Resource(s)
  -------------------------------------------------------------------    -------------------
                         (clock sys_clk rise edge)    0.000     0.000 r  
    R4                                                0.000     0.000 r  sys_clk (IN)
                         net (fo=0)                   0.000     0.000    sys_clk
    R4                   IBUF (Prop_ibuf_I_O)         0.269     0.269 r  sys_clk_IBUF_inst/O
                         net (fo=1, routed)           0.631     0.900    sys_clk_IBUF
    BUFGCTRL_X0Y0        BUFG (Prop_bufg_I_O)         0.026     0.926 r  sys_clk_IBUF_BUFG_inst/O
                         net (fo=74, routed)          0.568     1.493    sys_clk_IBUF_BUFG
    SLICE_X56Y43         FDRE                                         r  g_response_test.read_ordinal_reg[5]/C
  -------------------------------------------------------------------    -------------------
    SLICE_X56Y43         FDRE (Prop_fdre_C_Q)         0.164     1.657 r  g_response_test.read_ordinal_reg[5]/Q
                         net (fo=5, routed)           0.145     1.802    g_response_test.read_ordinal_reg__0[5]
    SLICE_X56Y43         LUT6 (Prop_lut6_I5_O)        0.045     1.847 r  g_response_test.read_ordinal[5]_i_1/O
                         net (fo=1, routed)           0.000     1.847    p_0_in__0[5]
    SLICE_X56Y43         FDRE                                         r  g_response_test.read_ordinal_reg[5]/D
  -------------------------------------------------------------------    -------------------

                         (clock sys_clk rise edge)    0.000     0.000 r  
    R4                                                0.000     0.000 r  sys_clk (IN)
                         net (fo=0)                   0.000     0.000    sys_clk
    R4                   IBUF (Prop_ibuf_I_O)         0.457     0.457 r  sys_clk_IBUF_inst/O
                         net (fo=1, routed)           0.685     1.141    sys_clk_IBUF
    BUFGCTRL_X0Y0        BUFG (Prop_bufg_I_O)         0.029     1.170 r  sys_clk_IBUF_BUFG_inst/O
                         net (fo=74, routed)          0.837     2.007    sys_clk_IBUF_BUFG
    SLICE_X56Y43         FDRE                                         r  g_response_test.read_ordinal_reg[5]/C
                         clock pessimism             -0.514     1.493    
    SLICE_X56Y43         FDRE (Hold_fdre_C_D)         0.121     1.614    g_response_test.read_ordinal_reg[5]
  -------------------------------------------------------------------
                         required time                         -1.614    
                         arrival time                           1.847    
  -------------------------------------------------------------------
                         slack                                  0.233    




