Copyright 1986-2018 Xilinx, Inc. All Rights Reserved.
---------------------------------------------------------------------------------------------------------------------------------------------------------------------------------------------------------
| Tool Version : Vivado v.2018.3 (win64) Build 2405991 Thu Dec  6 23:38:27 MST 2018
| Date         : Sat Sep 26 10:57:37 2026
| Host         : Hugo running 64-bit major release  (build 9200)
| Command      : report_timing -delay_type max -max_paths 10 -sort_by group -file <PROJECT_ROOT>/results/step08/base/critical_paths.rpt
| Design       : board_top
| Device       : 7a35t-fgg484
| Speed File   : -2  PRODUCTION 1.23 2018-06-13
---------------------------------------------------------------------------------------------------------------------------------------------------------------------------------------------------------

Timing Report

Slack (MET) :             14.628ns  (required time - arrival time)
  Source:                 u_mbist/u_controller/state_reg[0]/C
                            (rising edge-triggered cell FDRE clocked by sys_clk  {rise@0.000ns fall@10.000ns period=20.000ns})
  Destination:            u_mbist/u_address/addr_reg[0]/CE
                            (rising edge-triggered cell FDRE clocked by sys_clk  {rise@0.000ns fall@10.000ns period=20.000ns})
  Path Group:             sys_clk
  Path Type:              Setup (Max at Slow Process Corner)
  Requirement:            20.000ns  (sys_clk rise@20.000ns - sys_clk rise@0.000ns)
  Data Path Delay:        5.140ns  (logic 1.579ns (30.718%)  route 3.561ns (69.282%))
  Logic Levels:           6  (LUT2=4 LUT5=1 LUT6=1)
  Clock Path Skew:        -0.028ns (DCD - SCD + CPR)
    Destination Clock Delay (DCD):    4.370ns = ( 24.370 - 20.000 ) 
    Source Clock Delay      (SCD):    4.639ns
    Clock Pessimism Removal (CPR):    0.241ns
  Clock Uncertainty:      0.035ns  ((TSJ^2 + TIJ^2)^1/2 + DJ) / 2 + PE
    Total System Jitter     (TSJ):    0.071ns
    Total Input Jitter      (TIJ):    0.000ns
    Discrete Jitter          (DJ):    0.000ns
    Phase Error              (PE):    0.000ns

    Location             Delay type                Incr(ns)  Path(ns)    Netlist Resource(s)
  -------------------------------------------------------------------    -------------------
                         (clock sys_clk rise edge)    0.000     0.000 r  
    R4                                                0.000     0.000 r  sys_clk (IN)
                         net (fo=0)                   0.000     0.000    sys_clk
    R4                   IBUF (Prop_ibuf_I_O)         1.432     1.432 r  sys_clk_IBUF_inst/O
                         net (fo=1, routed)           1.689     3.121    sys_clk_IBUF
    BUFGCTRL_X0Y0        BUFG (Prop_bufg_I_O)         0.081     3.202 r  sys_clk_IBUF_BUFG_inst/O
                         net (fo=63, routed)          1.437     4.639    u_mbist/u_controller/clk
    SLICE_X60Y41         FDRE                                         r  u_mbist/u_controller/state_reg[0]/C
  -------------------------------------------------------------------    -------------------
    SLICE_X60Y41         FDRE (Prop_fdre_C_Q)         0.433     5.072 r  u_mbist/u_controller/state_reg[0]/Q
                         net (fo=10, routed)          0.714     5.785    u_mbist/u_controller/state[0]
    SLICE_X59Y41         LUT2 (Prop_lut2_I0_O)        0.105     5.890 r  u_mbist/u_controller/issue_valid_INST_0/O
                         net (fo=4, routed)           0.332     6.222    u_mbist/u_memory_if/issue_valid
    SLICE_X59Y41         LUT2 (Prop_lut2_I0_O)        0.108     6.330 r  u_mbist/u_memory_if/accepted_INST_0/O
                         net (fo=2, routed)           0.355     6.685    u_mbist/u_controller/accepted
    SLICE_X59Y40         LUT6 (Prop_lut6_I3_O)        0.267     6.952 r  u_mbist/u_controller/addr_step_INST_0_i_1/O
                         net (fo=3, routed)           0.484     7.436    u_mbist/u_controller/addr_step_INST_0_i_1_n_0
    SLICE_X60Y40         LUT2 (Prop_lut2_I1_O)        0.125     7.561 f  u_mbist/u_controller/addr_load_INST_0_i_1/O
                         net (fo=6, routed)           0.709     8.270    u_mbist/u_controller/addr_load_INST_0_i_1_n_0
    SLICE_X60Y39         LUT5 (Prop_lut5_I0_O)        0.277     8.547 r  u_mbist/u_controller/addr_load_INST_0/O
                         net (fo=7, routed)           0.540     9.086    u_mbist/u_address/load
    SLICE_X58Y39         LUT2 (Prop_lut2_I0_O)        0.264     9.350 r  u_mbist/u_address/addr[5]_i_2/O
                         net (fo=6, routed)           0.428     9.779    u_mbist/u_address/addr[5]_i_2_n_0
    SLICE_X59Y39         FDRE                                         r  u_mbist/u_address/addr_reg[0]/CE
  -------------------------------------------------------------------    -------------------

                         (clock sys_clk rise edge)   20.000    20.000 r  
    R4                                                0.000    20.000 r  sys_clk (IN)
                         net (fo=0)                   0.000    20.000    sys_clk
    R4                   IBUF (Prop_ibuf_I_O)         1.366    21.366 r  sys_clk_IBUF_inst/O
                         net (fo=1, routed)           1.599    22.965    sys_clk_IBUF
    BUFGCTRL_X0Y0        BUFG (Prop_bufg_I_O)         0.077    23.042 r  sys_clk_IBUF_BUFG_inst/O
                         net (fo=63, routed)          1.328    24.370    u_mbist/u_address/clk
    SLICE_X59Y39         FDRE                                         r  u_mbist/u_address/addr_reg[0]/C
                         clock pessimism              0.241    24.611    
                         clock uncertainty           -0.035    24.575    
    SLICE_X59Y39         FDRE (Setup_fdre_C_CE)      -0.168    24.407    u_mbist/u_address/addr_reg[0]
  -------------------------------------------------------------------
                         required time                         24.407    
                         arrival time                          -9.779    
  -------------------------------------------------------------------
                         slack                                 14.628    

Slack (MET) :             14.628ns  (required time - arrival time)
  Source:                 u_mbist/u_controller/state_reg[0]/C
                            (rising edge-triggered cell FDRE clocked by sys_clk  {rise@0.000ns fall@10.000ns period=20.000ns})
  Destination:            u_mbist/u_address/addr_reg[1]/CE
                            (rising edge-triggered cell FDRE clocked by sys_clk  {rise@0.000ns fall@10.000ns period=20.000ns})
  Path Group:             sys_clk
  Path Type:              Setup (Max at Slow Process Corner)
  Requirement:            20.000ns  (sys_clk rise@20.000ns - sys_clk rise@0.000ns)
  Data Path Delay:        5.140ns  (logic 1.579ns (30.718%)  route 3.561ns (69.282%))
  Logic Levels:           6  (LUT2=4 LUT5=1 LUT6=1)
  Clock Path Skew:        -0.028ns (DCD - SCD + CPR)
    Destination Clock Delay (DCD):    4.370ns = ( 24.370 - 20.000 ) 
    Source Clock Delay      (SCD):    4.639ns
    Clock Pessimism Removal (CPR):    0.241ns
  Clock Uncertainty:      0.035ns  ((TSJ^2 + TIJ^2)^1/2 + DJ) / 2 + PE
    Total System Jitter     (TSJ):    0.071ns
    Total Input Jitter      (TIJ):    0.000ns
    Discrete Jitter          (DJ):    0.000ns
    Phase Error              (PE):    0.000ns

    Location             Delay type                Incr(ns)  Path(ns)    Netlist Resource(s)
  -------------------------------------------------------------------    -------------------
                         (clock sys_clk rise edge)    0.000     0.000 r  
    R4                                                0.000     0.000 r  sys_clk (IN)
                         net (fo=0)                   0.000     0.000    sys_clk
    R4                   IBUF (Prop_ibuf_I_O)         1.432     1.432 r  sys_clk_IBUF_inst/O
                         net (fo=1, routed)           1.689     3.121    sys_clk_IBUF
    BUFGCTRL_X0Y0        BUFG (Prop_bufg_I_O)         0.081     3.202 r  sys_clk_IBUF_BUFG_inst/O
                         net (fo=63, routed)          1.437     4.639    u_mbist/u_controller/clk
    SLICE_X60Y41         FDRE                                         r  u_mbist/u_controller/state_reg[0]/C
  -------------------------------------------------------------------    -------------------
    SLICE_X60Y41         FDRE (Prop_fdre_C_Q)         0.433     5.072 r  u_mbist/u_controller/state_reg[0]/Q
                         net (fo=10, routed)          0.714     5.785    u_mbist/u_controller/state[0]
    SLICE_X59Y41         LUT2 (Prop_lut2_I0_O)        0.105     5.890 r  u_mbist/u_controller/issue_valid_INST_0/O
                         net (fo=4, routed)           0.332     6.222    u_mbist/u_memory_if/issue_valid
    SLICE_X59Y41         LUT2 (Prop_lut2_I0_O)        0.108     6.330 r  u_mbist/u_memory_if/accepted_INST_0/O
                         net (fo=2, routed)           0.355     6.685    u_mbist/u_controller/accepted
    SLICE_X59Y40         LUT6 (Prop_lut6_I3_O)        0.267     6.952 r  u_mbist/u_controller/addr_step_INST_0_i_1/O
                         net (fo=3, routed)           0.484     7.436    u_mbist/u_controller/addr_step_INST_0_i_1_n_0
    SLICE_X60Y40         LUT2 (Prop_lut2_I1_O)        0.125     7.561 f  u_mbist/u_controller/addr_load_INST_0_i_1/O
                         net (fo=6, routed)           0.709     8.270    u_mbist/u_controller/addr_load_INST_0_i_1_n_0
    SLICE_X60Y39         LUT5 (Prop_lut5_I0_O)        0.277     8.547 r  u_mbist/u_controller/addr_load_INST_0/O
                         net (fo=7, routed)           0.540     9.086    u_mbist/u_address/load
    SLICE_X58Y39         LUT2 (Prop_lut2_I0_O)        0.264     9.350 r  u_mbist/u_address/addr[5]_i_2/O
                         net (fo=6, routed)           0.428     9.779    u_mbist/u_address/addr[5]_i_2_n_0
    SLICE_X59Y39         FDRE                                         r  u_mbist/u_address/addr_reg[1]/CE
  -------------------------------------------------------------------    -------------------

                         (clock sys_clk rise edge)   20.000    20.000 r  
    R4                                                0.000    20.000 r  sys_clk (IN)
                         net (fo=0)                   0.000    20.000    sys_clk
    R4                   IBUF (Prop_ibuf_I_O)         1.366    21.366 r  sys_clk_IBUF_inst/O
                         net (fo=1, routed)           1.599    22.965    sys_clk_IBUF
    BUFGCTRL_X0Y0        BUFG (Prop_bufg_I_O)         0.077    23.042 r  sys_clk_IBUF_BUFG_inst/O
                         net (fo=63, routed)          1.328    24.370    u_mbist/u_address/clk
    SLICE_X59Y39         FDRE                                         r  u_mbist/u_address/addr_reg[1]/C
                         clock pessimism              0.241    24.611    
                         clock uncertainty           -0.035    24.575    
    SLICE_X59Y39         FDRE (Setup_fdre_C_CE)      -0.168    24.407    u_mbist/u_address/addr_reg[1]
  -------------------------------------------------------------------
                         required time                         24.407    
                         arrival time                          -9.779    
  -------------------------------------------------------------------
                         slack                                 14.628    

Slack (MET) :             14.628ns  (required time - arrival time)
  Source:                 u_mbist/u_controller/state_reg[0]/C
                            (rising edge-triggered cell FDRE clocked by sys_clk  {rise@0.000ns fall@10.000ns period=20.000ns})
  Destination:            u_mbist/u_address/addr_reg[2]/CE
                            (rising edge-triggered cell FDRE clocked by sys_clk  {rise@0.000ns fall@10.000ns period=20.000ns})
  Path Group:             sys_clk
  Path Type:              Setup (Max at Slow Process Corner)
  Requirement:            20.000ns  (sys_clk rise@20.000ns - sys_clk rise@0.000ns)
  Data Path Delay:        5.140ns  (logic 1.579ns (30.718%)  route 3.561ns (69.282%))
  Logic Levels:           6  (LUT2=4 LUT5=1 LUT6=1)
  Clock Path Skew:        -0.028ns (DCD - SCD + CPR)
    Destination Clock Delay (DCD):    4.370ns = ( 24.370 - 20.000 ) 
    Source Clock Delay      (SCD):    4.639ns
    Clock Pessimism Removal (CPR):    0.241ns
  Clock Uncertainty:      0.035ns  ((TSJ^2 + TIJ^2)^1/2 + DJ) / 2 + PE
    Total System Jitter     (TSJ):    0.071ns
    Total Input Jitter      (TIJ):    0.000ns
    Discrete Jitter          (DJ):    0.000ns
    Phase Error              (PE):    0.000ns

    Location             Delay type                Incr(ns)  Path(ns)    Netlist Resource(s)
  -------------------------------------------------------------------    -------------------
                         (clock sys_clk rise edge)    0.000     0.000 r  
    R4                                                0.000     0.000 r  sys_clk (IN)
                         net (fo=0)                   0.000     0.000    sys_clk
    R4                   IBUF (Prop_ibuf_I_O)         1.432     1.432 r  sys_clk_IBUF_inst/O
                         net (fo=1, routed)           1.689     3.121    sys_clk_IBUF
    BUFGCTRL_X0Y0        BUFG (Prop_bufg_I_O)         0.081     3.202 r  sys_clk_IBUF_BUFG_inst/O
                         net (fo=63, routed)          1.437     4.639    u_mbist/u_controller/clk
    SLICE_X60Y41         FDRE                                         r  u_mbist/u_controller/state_reg[0]/C
  -------------------------------------------------------------------    -------------------
    SLICE_X60Y41         FDRE (Prop_fdre_C_Q)         0.433     5.072 r  u_mbist/u_controller/state_reg[0]/Q
                         net (fo=10, routed)          0.714     5.785    u_mbist/u_controller/state[0]
    SLICE_X59Y41         LUT2 (Prop_lut2_I0_O)        0.105     5.890 r  u_mbist/u_controller/issue_valid_INST_0/O
                         net (fo=4, routed)           0.332     6.222    u_mbist/u_memory_if/issue_valid
    SLICE_X59Y41         LUT2 (Prop_lut2_I0_O)        0.108     6.330 r  u_mbist/u_memory_if/accepted_INST_0/O
                         net (fo=2, routed)           0.355     6.685    u_mbist/u_controller/accepted
    SLICE_X59Y40         LUT6 (Prop_lut6_I3_O)        0.267     6.952 r  u_mbist/u_controller/addr_step_INST_0_i_1/O
                         net (fo=3, routed)           0.484     7.436    u_mbist/u_controller/addr_step_INST_0_i_1_n_0
    SLICE_X60Y40         LUT2 (Prop_lut2_I1_O)        0.125     7.561 f  u_mbist/u_controller/addr_load_INST_0_i_1/O
                         net (fo=6, routed)           0.709     8.270    u_mbist/u_controller/addr_load_INST_0_i_1_n_0
    SLICE_X60Y39         LUT5 (Prop_lut5_I0_O)        0.277     8.547 r  u_mbist/u_controller/addr_load_INST_0/O
                         net (fo=7, routed)           0.540     9.086    u_mbist/u_address/load
    SLICE_X58Y39         LUT2 (Prop_lut2_I0_O)        0.264     9.350 r  u_mbist/u_address/addr[5]_i_2/O
                         net (fo=6, routed)           0.428     9.779    u_mbist/u_address/addr[5]_i_2_n_0
    SLICE_X59Y39         FDRE                                         r  u_mbist/u_address/addr_reg[2]/CE
  -------------------------------------------------------------------    -------------------

                         (clock sys_clk rise edge)   20.000    20.000 r  
    R4                                                0.000    20.000 r  sys_clk (IN)
                         net (fo=0)                   0.000    20.000    sys_clk
    R4                   IBUF (Prop_ibuf_I_O)         1.366    21.366 r  sys_clk_IBUF_inst/O
                         net (fo=1, routed)           1.599    22.965    sys_clk_IBUF
    BUFGCTRL_X0Y0        BUFG (Prop_bufg_I_O)         0.077    23.042 r  sys_clk_IBUF_BUFG_inst/O
                         net (fo=63, routed)          1.328    24.370    u_mbist/u_address/clk
    SLICE_X59Y39         FDRE                                         r  u_mbist/u_address/addr_reg[2]/C
                         clock pessimism              0.241    24.611    
                         clock uncertainty           -0.035    24.575    
    SLICE_X59Y39         FDRE (Setup_fdre_C_CE)      -0.168    24.407    u_mbist/u_address/addr_reg[2]
  -------------------------------------------------------------------
                         required time                         24.407    
                         arrival time                          -9.779    
  -------------------------------------------------------------------
                         slack                                 14.628    

Slack (MET) :             14.771ns  (required time - arrival time)
  Source:                 u_mbist/u_controller/state_reg[0]/C
                            (rising edge-triggered cell FDRE clocked by sys_clk  {rise@0.000ns fall@10.000ns period=20.000ns})
  Destination:            u_mbist/u_address/addr_reg[3]/CE
                            (rising edge-triggered cell FDRE clocked by sys_clk  {rise@0.000ns fall@10.000ns period=20.000ns})
  Path Group:             sys_clk
  Path Type:              Setup (Max at Slow Process Corner)
  Requirement:            20.000ns  (sys_clk rise@20.000ns - sys_clk rise@0.000ns)
  Data Path Delay:        4.998ns  (logic 1.579ns (31.595%)  route 3.419ns (68.405%))
  Logic Levels:           6  (LUT2=4 LUT5=1 LUT6=1)
  Clock Path Skew:        -0.028ns (DCD - SCD + CPR)
    Destination Clock Delay (DCD):    4.370ns = ( 24.370 - 20.000 ) 
    Source Clock Delay      (SCD):    4.639ns
    Clock Pessimism Removal (CPR):    0.241ns
  Clock Uncertainty:      0.035ns  ((TSJ^2 + TIJ^2)^1/2 + DJ) / 2 + PE
    Total System Jitter     (TSJ):    0.071ns
    Total Input Jitter      (TIJ):    0.000ns
    Discrete Jitter          (DJ):    0.000ns
    Phase Error              (PE):    0.000ns

    Location             Delay type                Incr(ns)  Path(ns)    Netlist Resource(s)
  -------------------------------------------------------------------    -------------------
                         (clock sys_clk rise edge)    0.000     0.000 r  
    R4                                                0.000     0.000 r  sys_clk (IN)
                         net (fo=0)                   0.000     0.000    sys_clk
    R4                   IBUF (Prop_ibuf_I_O)         1.432     1.432 r  sys_clk_IBUF_inst/O
                         net (fo=1, routed)           1.689     3.121    sys_clk_IBUF
    BUFGCTRL_X0Y0        BUFG (Prop_bufg_I_O)         0.081     3.202 r  sys_clk_IBUF_BUFG_inst/O
                         net (fo=63, routed)          1.437     4.639    u_mbist/u_controller/clk
    SLICE_X60Y41         FDRE                                         r  u_mbist/u_controller/state_reg[0]/C
  -------------------------------------------------------------------    -------------------
    SLICE_X60Y41         FDRE (Prop_fdre_C_Q)         0.433     5.072 r  u_mbist/u_controller/state_reg[0]/Q
                         net (fo=10, routed)          0.714     5.785    u_mbist/u_controller/state[0]
    SLICE_X59Y41         LUT2 (Prop_lut2_I0_O)        0.105     5.890 r  u_mbist/u_controller/issue_valid_INST_0/O
                         net (fo=4, routed)           0.332     6.222    u_mbist/u_memory_if/issue_valid
    SLICE_X59Y41         LUT2 (Prop_lut2_I0_O)        0.108     6.330 r  u_mbist/u_memory_if/accepted_INST_0/O
                         net (fo=2, routed)           0.355     6.685    u_mbist/u_controller/accepted
    SLICE_X59Y40         LUT6 (Prop_lut6_I3_O)        0.267     6.952 r  u_mbist/u_controller/addr_step_INST_0_i_1/O
                         net (fo=3, routed)           0.484     7.436    u_mbist/u_controller/addr_step_INST_0_i_1_n_0
    SLICE_X60Y40         LUT2 (Prop_lut2_I1_O)        0.125     7.561 f  u_mbist/u_controller/addr_load_INST_0_i_1/O
                         net (fo=6, routed)           0.709     8.270    u_mbist/u_controller/addr_load_INST_0_i_1_n_0
    SLICE_X60Y39         LUT5 (Prop_lut5_I0_O)        0.277     8.547 r  u_mbist/u_controller/addr_load_INST_0/O
                         net (fo=7, routed)           0.540     9.086    u_mbist/u_address/load
    SLICE_X58Y39         LUT2 (Prop_lut2_I0_O)        0.264     9.350 r  u_mbist/u_address/addr[5]_i_2/O
                         net (fo=6, routed)           0.286     9.636    u_mbist/u_address/addr[5]_i_2_n_0
    SLICE_X58Y39         FDRE                                         r  u_mbist/u_address/addr_reg[3]/CE
  -------------------------------------------------------------------    -------------------

                         (clock sys_clk rise edge)   20.000    20.000 r  
    R4                                                0.000    20.000 r  sys_clk (IN)
                         net (fo=0)                   0.000    20.000    sys_clk
    R4                   IBUF (Prop_ibuf_I_O)         1.366    21.366 r  sys_clk_IBUF_inst/O
                         net (fo=1, routed)           1.599    22.965    sys_clk_IBUF
    BUFGCTRL_X0Y0        BUFG (Prop_bufg_I_O)         0.077    23.042 r  sys_clk_IBUF_BUFG_inst/O
                         net (fo=63, routed)          1.328    24.370    u_mbist/u_address/clk
    SLICE_X58Y39         FDRE                                         r  u_mbist/u_address/addr_reg[3]/C
                         clock pessimism              0.241    24.611    
                         clock uncertainty           -0.035    24.575    
    SLICE_X58Y39         FDRE (Setup_fdre_C_CE)      -0.168    24.407    u_mbist/u_address/addr_reg[3]
  -------------------------------------------------------------------
                         required time                         24.407    
                         arrival time                          -9.636    
  -------------------------------------------------------------------
                         slack                                 14.771    

Slack (MET) :             14.771ns  (required time - arrival time)
  Source:                 u_mbist/u_controller/state_reg[0]/C
                            (rising edge-triggered cell FDRE clocked by sys_clk  {rise@0.000ns fall@10.000ns period=20.000ns})
  Destination:            u_mbist/u_address/addr_reg[4]/CE
                            (rising edge-triggered cell FDRE clocked by sys_clk  {rise@0.000ns fall@10.000ns period=20.000ns})
  Path Group:             sys_clk
  Path Type:              Setup (Max at Slow Process Corner)
  Requirement:            20.000ns  (sys_clk rise@20.000ns - sys_clk rise@0.000ns)
  Data Path Delay:        4.998ns  (logic 1.579ns (31.595%)  route 3.419ns (68.405%))
  Logic Levels:           6  (LUT2=4 LUT5=1 LUT6=1)
  Clock Path Skew:        -0.028ns (DCD - SCD + CPR)
    Destination Clock Delay (DCD):    4.370ns = ( 24.370 - 20.000 ) 
    Source Clock Delay      (SCD):    4.639ns
    Clock Pessimism Removal (CPR):    0.241ns
  Clock Uncertainty:      0.035ns  ((TSJ^2 + TIJ^2)^1/2 + DJ) / 2 + PE
    Total System Jitter     (TSJ):    0.071ns
    Total Input Jitter      (TIJ):    0.000ns
    Discrete Jitter          (DJ):    0.000ns
    Phase Error              (PE):    0.000ns

    Location             Delay type                Incr(ns)  Path(ns)    Netlist Resource(s)
  -------------------------------------------------------------------    -------------------
                         (clock sys_clk rise edge)    0.000     0.000 r  
    R4                                                0.000     0.000 r  sys_clk (IN)
                         net (fo=0)                   0.000     0.000    sys_clk
    R4                   IBUF (Prop_ibuf_I_O)         1.432     1.432 r  sys_clk_IBUF_inst/O
                         net (fo=1, routed)           1.689     3.121    sys_clk_IBUF
    BUFGCTRL_X0Y0        BUFG (Prop_bufg_I_O)         0.081     3.202 r  sys_clk_IBUF_BUFG_inst/O
                         net (fo=63, routed)          1.437     4.639    u_mbist/u_controller/clk
    SLICE_X60Y41         FDRE                                         r  u_mbist/u_controller/state_reg[0]/C
  -------------------------------------------------------------------    -------------------
    SLICE_X60Y41         FDRE (Prop_fdre_C_Q)         0.433     5.072 r  u_mbist/u_controller/state_reg[0]/Q
                         net (fo=10, routed)          0.714     5.785    u_mbist/u_controller/state[0]
    SLICE_X59Y41         LUT2 (Prop_lut2_I0_O)        0.105     5.890 r  u_mbist/u_controller/issue_valid_INST_0/O
                         net (fo=4, routed)           0.332     6.222    u_mbist/u_memory_if/issue_valid
    SLICE_X59Y41         LUT2 (Prop_lut2_I0_O)        0.108     6.330 r  u_mbist/u_memory_if/accepted_INST_0/O
                         net (fo=2, routed)           0.355     6.685    u_mbist/u_controller/accepted
    SLICE_X59Y40         LUT6 (Prop_lut6_I3_O)        0.267     6.952 r  u_mbist/u_controller/addr_step_INST_0_i_1/O
                         net (fo=3, routed)           0.484     7.436    u_mbist/u_controller/addr_step_INST_0_i_1_n_0
    SLICE_X60Y40         LUT2 (Prop_lut2_I1_O)        0.125     7.561 f  u_mbist/u_controller/addr_load_INST_0_i_1/O
                         net (fo=6, routed)           0.709     8.270    u_mbist/u_controller/addr_load_INST_0_i_1_n_0
    SLICE_X60Y39         LUT5 (Prop_lut5_I0_O)        0.277     8.547 r  u_mbist/u_controller/addr_load_INST_0/O
                         net (fo=7, routed)           0.540     9.086    u_mbist/u_address/load
    SLICE_X58Y39         LUT2 (Prop_lut2_I0_O)        0.264     9.350 r  u_mbist/u_address/addr[5]_i_2/O
                         net (fo=6, routed)           0.286     9.636    u_mbist/u_address/addr[5]_i_2_n_0
    SLICE_X58Y39         FDRE                                         r  u_mbist/u_address/addr_reg[4]/CE
  -------------------------------------------------------------------    -------------------

                         (clock sys_clk rise edge)   20.000    20.000 r  
    R4                                                0.000    20.000 r  sys_clk (IN)
                         net (fo=0)                   0.000    20.000    sys_clk
    R4                   IBUF (Prop_ibuf_I_O)         1.366    21.366 r  sys_clk_IBUF_inst/O
                         net (fo=1, routed)           1.599    22.965    sys_clk_IBUF
    BUFGCTRL_X0Y0        BUFG (Prop_bufg_I_O)         0.077    23.042 r  sys_clk_IBUF_BUFG_inst/O
                         net (fo=63, routed)          1.328    24.370    u_mbist/u_address/clk
    SLICE_X58Y39         FDRE                                         r  u_mbist/u_address/addr_reg[4]/C
                         clock pessimism              0.241    24.611    
                         clock uncertainty           -0.035    24.575    
    SLICE_X58Y39         FDRE (Setup_fdre_C_CE)      -0.168    24.407    u_mbist/u_address/addr_reg[4]
  -------------------------------------------------------------------
                         required time                         24.407    
                         arrival time                          -9.636    
  -------------------------------------------------------------------
                         slack                                 14.771    

Slack (MET) :             14.771ns  (required time - arrival time)
  Source:                 u_mbist/u_controller/state_reg[0]/C
                            (rising edge-triggered cell FDRE clocked by sys_clk  {rise@0.000ns fall@10.000ns period=20.000ns})
  Destination:            u_mbist/u_address/addr_reg[5]/CE
                            (rising edge-triggered cell FDRE clocked by sys_clk  {rise@0.000ns fall@10.000ns period=20.000ns})
  Path Group:             sys_clk
  Path Type:              Setup (Max at Slow Process Corner)
  Requirement:            20.000ns  (sys_clk rise@20.000ns - sys_clk rise@0.000ns)
  Data Path Delay:        4.998ns  (logic 1.579ns (31.595%)  route 3.419ns (68.405%))
  Logic Levels:           6  (LUT2=4 LUT5=1 LUT6=1)
  Clock Path Skew:        -0.028ns (DCD - SCD + CPR)
    Destination Clock Delay (DCD):    4.370ns = ( 24.370 - 20.000 ) 
    Source Clock Delay      (SCD):    4.639ns
    Clock Pessimism Removal (CPR):    0.241ns
  Clock Uncertainty:      0.035ns  ((TSJ^2 + TIJ^2)^1/2 + DJ) / 2 + PE
    Total System Jitter     (TSJ):    0.071ns
    Total Input Jitter      (TIJ):    0.000ns
    Discrete Jitter          (DJ):    0.000ns
    Phase Error              (PE):    0.000ns

    Location             Delay type                Incr(ns)  Path(ns)    Netlist Resource(s)
  -------------------------------------------------------------------    -------------------
                         (clock sys_clk rise edge)    0.000     0.000 r  
    R4                                                0.000     0.000 r  sys_clk (IN)
                         net (fo=0)                   0.000     0.000    sys_clk
    R4                   IBUF (Prop_ibuf_I_O)         1.432     1.432 r  sys_clk_IBUF_inst/O
                         net (fo=1, routed)           1.689     3.121    sys_clk_IBUF
    BUFGCTRL_X0Y0        BUFG (Prop_bufg_I_O)         0.081     3.202 r  sys_clk_IBUF_BUFG_inst/O
                         net (fo=63, routed)          1.437     4.639    u_mbist/u_controller/clk
    SLICE_X60Y41         FDRE                                         r  u_mbist/u_controller/state_reg[0]/C
  -------------------------------------------------------------------    -------------------
    SLICE_X60Y41         FDRE (Prop_fdre_C_Q)         0.433     5.072 r  u_mbist/u_controller/state_reg[0]/Q
                         net (fo=10, routed)          0.714     5.785    u_mbist/u_controller/state[0]
    SLICE_X59Y41         LUT2 (Prop_lut2_I0_O)        0.105     5.890 r  u_mbist/u_controller/issue_valid_INST_0/O
                         net (fo=4, routed)           0.332     6.222    u_mbist/u_memory_if/issue_valid
    SLICE_X59Y41         LUT2 (Prop_lut2_I0_O)        0.108     6.330 r  u_mbist/u_memory_if/accepted_INST_0/O
                         net (fo=2, routed)           0.355     6.685    u_mbist/u_controller/accepted
    SLICE_X59Y40         LUT6 (Prop_lut6_I3_O)        0.267     6.952 r  u_mbist/u_controller/addr_step_INST_0_i_1/O
                         net (fo=3, routed)           0.484     7.436    u_mbist/u_controller/addr_step_INST_0_i_1_n_0
    SLICE_X60Y40         LUT2 (Prop_lut2_I1_O)        0.125     7.561 f  u_mbist/u_controller/addr_load_INST_0_i_1/O
                         net (fo=6, routed)           0.709     8.270    u_mbist/u_controller/addr_load_INST_0_i_1_n_0
    SLICE_X60Y39         LUT5 (Prop_lut5_I0_O)        0.277     8.547 r  u_mbist/u_controller/addr_load_INST_0/O
                         net (fo=7, routed)           0.540     9.086    u_mbist/u_address/load
    SLICE_X58Y39         LUT2 (Prop_lut2_I0_O)        0.264     9.350 r  u_mbist/u_address/addr[5]_i_2/O
                         net (fo=6, routed)           0.286     9.636    u_mbist/u_address/addr[5]_i_2_n_0
    SLICE_X58Y39         FDRE                                         r  u_mbist/u_address/addr_reg[5]/CE
  -------------------------------------------------------------------    -------------------

                         (clock sys_clk rise edge)   20.000    20.000 r  
    R4                                                0.000    20.000 r  sys_clk (IN)
                         net (fo=0)                   0.000    20.000    sys_clk
    R4                   IBUF (Prop_ibuf_I_O)         1.366    21.366 r  sys_clk_IBUF_inst/O
                         net (fo=1, routed)           1.599    22.965    sys_clk_IBUF
    BUFGCTRL_X0Y0        BUFG (Prop_bufg_I_O)         0.077    23.042 r  sys_clk_IBUF_BUFG_inst/O
                         net (fo=63, routed)          1.328    24.370    u_mbist/u_address/clk
    SLICE_X58Y39         FDRE                                         r  u_mbist/u_address/addr_reg[5]/C
                         clock pessimism              0.241    24.611    
                         clock uncertainty           -0.035    24.575    
    SLICE_X58Y39         FDRE (Setup_fdre_C_CE)      -0.168    24.407    u_mbist/u_address/addr_reg[5]
  -------------------------------------------------------------------
                         required time                         24.407    
                         arrival time                          -9.636    
  -------------------------------------------------------------------
                         slack                                 14.771    

Slack (MET) :             15.105ns  (required time - arrival time)
  Source:                 u_mbist/u_controller/state_reg[0]/C
                            (rising edge-triggered cell FDRE clocked by sys_clk  {rise@0.000ns fall@10.000ns period=20.000ns})
  Destination:            u_mbist/u_address/addr_reg[0]/D
                            (rising edge-triggered cell FDRE clocked by sys_clk  {rise@0.000ns fall@10.000ns period=20.000ns})
  Path Group:             sys_clk
  Path Type:              Setup (Max at Slow Process Corner)
  Requirement:            20.000ns  (sys_clk rise@20.000ns - sys_clk rise@0.000ns)
  Data Path Delay:        4.862ns  (logic 1.579ns (32.477%)  route 3.283ns (67.523%))
  Logic Levels:           6  (LUT2=3 LUT3=1 LUT5=1 LUT6=1)
  Clock Path Skew:        -0.028ns (DCD - SCD + CPR)
    Destination Clock Delay (DCD):    4.370ns = ( 24.370 - 20.000 ) 
    Source Clock Delay      (SCD):    4.639ns
    Clock Pessimism Removal (CPR):    0.241ns
  Clock Uncertainty:      0.035ns  ((TSJ^2 + TIJ^2)^1/2 + DJ) / 2 + PE
    Total System Jitter     (TSJ):    0.071ns
    Total Input Jitter      (TIJ):    0.000ns
    Discrete Jitter          (DJ):    0.000ns
    Phase Error              (PE):    0.000ns

    Location             Delay type                Incr(ns)  Path(ns)    Netlist Resource(s)
  -------------------------------------------------------------------    -------------------
                         (clock sys_clk rise edge)    0.000     0.000 r  
    R4                                                0.000     0.000 r  sys_clk (IN)
                         net (fo=0)                   0.000     0.000    sys_clk
    R4                   IBUF (Prop_ibuf_I_O)         1.432     1.432 r  sys_clk_IBUF_inst/O
                         net (fo=1, routed)           1.689     3.121    sys_clk_IBUF
    BUFGCTRL_X0Y0        BUFG (Prop_bufg_I_O)         0.081     3.202 r  sys_clk_IBUF_BUFG_inst/O
                         net (fo=63, routed)          1.437     4.639    u_mbist/u_controller/clk
    SLICE_X60Y41         FDRE                                         r  u_mbist/u_controller/state_reg[0]/C
  -------------------------------------------------------------------    -------------------
    SLICE_X60Y41         FDRE (Prop_fdre_C_Q)         0.433     5.072 r  u_mbist/u_controller/state_reg[0]/Q
                         net (fo=10, routed)          0.714     5.785    u_mbist/u_controller/state[0]
    SLICE_X59Y41         LUT2 (Prop_lut2_I0_O)        0.105     5.890 r  u_mbist/u_controller/issue_valid_INST_0/O
                         net (fo=4, routed)           0.332     6.222    u_mbist/u_memory_if/issue_valid
    SLICE_X59Y41         LUT2 (Prop_lut2_I0_O)        0.108     6.330 r  u_mbist/u_memory_if/accepted_INST_0/O
                         net (fo=2, routed)           0.355     6.685    u_mbist/u_controller/accepted
    SLICE_X59Y40         LUT6 (Prop_lut6_I3_O)        0.267     6.952 r  u_mbist/u_controller/addr_step_INST_0_i_1/O
                         net (fo=3, routed)           0.484     7.436    u_mbist/u_controller/addr_step_INST_0_i_1_n_0
    SLICE_X60Y40         LUT2 (Prop_lut2_I1_O)        0.125     7.561 f  u_mbist/u_controller/addr_load_INST_0_i_1/O
                         net (fo=6, routed)           0.709     8.270    u_mbist/u_controller/addr_load_INST_0_i_1_n_0
    SLICE_X60Y39         LUT5 (Prop_lut5_I0_O)        0.277     8.547 r  u_mbist/u_controller/addr_load_INST_0/O
                         net (fo=7, routed)           0.690     9.236    u_mbist/u_address/load
    SLICE_X59Y39         LUT3 (Prop_lut3_I1_O)        0.264     9.500 r  u_mbist/u_address/addr[0]_i_1/O
                         net (fo=1, routed)           0.000     9.500    u_mbist/u_address/addr[0]_i_1_n_0
    SLICE_X59Y39         FDRE                                         r  u_mbist/u_address/addr_reg[0]/D
  -------------------------------------------------------------------    -------------------

                         (clock sys_clk rise edge)   20.000    20.000 r  
    R4                                                0.000    20.000 r  sys_clk (IN)
                         net (fo=0)                   0.000    20.000    sys_clk
    R4                   IBUF (Prop_ibuf_I_O)         1.366    21.366 r  sys_clk_IBUF_inst/O
                         net (fo=1, routed)           1.599    22.965    sys_clk_IBUF
    BUFGCTRL_X0Y0        BUFG (Prop_bufg_I_O)         0.077    23.042 r  sys_clk_IBUF_BUFG_inst/O
                         net (fo=63, routed)          1.328    24.370    u_mbist/u_address/clk
    SLICE_X59Y39         FDRE                                         r  u_mbist/u_address/addr_reg[0]/C
                         clock pessimism              0.241    24.611    
                         clock uncertainty           -0.035    24.575    
    SLICE_X59Y39         FDRE (Setup_fdre_C_D)        0.030    24.605    u_mbist/u_address/addr_reg[0]
  -------------------------------------------------------------------
                         required time                         24.605    
                         arrival time                          -9.500    
  -------------------------------------------------------------------
                         slack                                 15.105    

Slack (MET) :             15.130ns  (required time - arrival time)
  Source:                 u_mbist/u_controller/state_reg[0]/C
                            (rising edge-triggered cell FDRE clocked by sys_clk  {rise@0.000ns fall@10.000ns period=20.000ns})
  Destination:            u_mbist/u_address/addr_reg[1]/D
                            (rising edge-triggered cell FDRE clocked by sys_clk  {rise@0.000ns fall@10.000ns period=20.000ns})
  Path Group:             sys_clk
  Path Type:              Setup (Max at Slow Process Corner)
  Requirement:            20.000ns  (sys_clk rise@20.000ns - sys_clk rise@0.000ns)
  Data Path Delay:        4.876ns  (logic 1.593ns (32.671%)  route 3.283ns (67.329%))
  Logic Levels:           6  (LUT2=3 LUT5=2 LUT6=1)
  Clock Path Skew:        -0.028ns (DCD - SCD + CPR)
    Destination Clock Delay (DCD):    4.370ns = ( 24.370 - 20.000 ) 
    Source Clock Delay      (SCD):    4.639ns
    Clock Pessimism Removal (CPR):    0.241ns
  Clock Uncertainty:      0.035ns  ((TSJ^2 + TIJ^2)^1/2 + DJ) / 2 + PE
    Total System Jitter     (TSJ):    0.071ns
    Total Input Jitter      (TIJ):    0.000ns
    Discrete Jitter          (DJ):    0.000ns
    Phase Error              (PE):    0.000ns

    Location             Delay type                Incr(ns)  Path(ns)    Netlist Resource(s)
  -------------------------------------------------------------------    -------------------
                         (clock sys_clk rise edge)    0.000     0.000 r  
    R4                                                0.000     0.000 r  sys_clk (IN)
                         net (fo=0)                   0.000     0.000    sys_clk
    R4                   IBUF (Prop_ibuf_I_O)         1.432     1.432 r  sys_clk_IBUF_inst/O
                         net (fo=1, routed)           1.689     3.121    sys_clk_IBUF
    BUFGCTRL_X0Y0        BUFG (Prop_bufg_I_O)         0.081     3.202 r  sys_clk_IBUF_BUFG_inst/O
                         net (fo=63, routed)          1.437     4.639    u_mbist/u_controller/clk
    SLICE_X60Y41         FDRE                                         r  u_mbist/u_controller/state_reg[0]/C
  -------------------------------------------------------------------    -------------------
    SLICE_X60Y41         FDRE (Prop_fdre_C_Q)         0.433     5.072 r  u_mbist/u_controller/state_reg[0]/Q
                         net (fo=10, routed)          0.714     5.785    u_mbist/u_controller/state[0]
    SLICE_X59Y41         LUT2 (Prop_lut2_I0_O)        0.105     5.890 r  u_mbist/u_controller/issue_valid_INST_0/O
                         net (fo=4, routed)           0.332     6.222    u_mbist/u_memory_if/issue_valid
    SLICE_X59Y41         LUT2 (Prop_lut2_I0_O)        0.108     6.330 r  u_mbist/u_memory_if/accepted_INST_0/O
                         net (fo=2, routed)           0.355     6.685    u_mbist/u_controller/accepted
    SLICE_X59Y40         LUT6 (Prop_lut6_I3_O)        0.267     6.952 r  u_mbist/u_controller/addr_step_INST_0_i_1/O
                         net (fo=3, routed)           0.484     7.436    u_mbist/u_controller/addr_step_INST_0_i_1_n_0
    SLICE_X60Y40         LUT2 (Prop_lut2_I1_O)        0.125     7.561 f  u_mbist/u_controller/addr_load_INST_0_i_1/O
                         net (fo=6, routed)           0.709     8.270    u_mbist/u_controller/addr_load_INST_0_i_1_n_0
    SLICE_X60Y39         LUT5 (Prop_lut5_I0_O)        0.277     8.547 r  u_mbist/u_controller/addr_load_INST_0/O
                         net (fo=7, routed)           0.690     9.236    u_mbist/u_address/load
    SLICE_X59Y39         LUT5 (Prop_lut5_I1_O)        0.278     9.514 r  u_mbist/u_address/addr[1]_i_1/O
                         net (fo=1, routed)           0.000     9.514    u_mbist/u_address/addr[1]_i_1_n_0
    SLICE_X59Y39         FDRE                                         r  u_mbist/u_address/addr_reg[1]/D
  -------------------------------------------------------------------    -------------------

                         (clock sys_clk rise edge)   20.000    20.000 r  
    R4                                                0.000    20.000 r  sys_clk (IN)
                         net (fo=0)                   0.000    20.000    sys_clk
    R4                   IBUF (Prop_ibuf_I_O)         1.366    21.366 r  sys_clk_IBUF_inst/O
                         net (fo=1, routed)           1.599    22.965    sys_clk_IBUF
    BUFGCTRL_X0Y0        BUFG (Prop_bufg_I_O)         0.077    23.042 r  sys_clk_IBUF_BUFG_inst/O
                         net (fo=63, routed)          1.328    24.370    u_mbist/u_address/clk
    SLICE_X59Y39         FDRE                                         r  u_mbist/u_address/addr_reg[1]/C
                         clock pessimism              0.241    24.611    
                         clock uncertainty           -0.035    24.575    
    SLICE_X59Y39         FDRE (Setup_fdre_C_D)        0.069    24.644    u_mbist/u_address/addr_reg[1]
  -------------------------------------------------------------------
                         required time                         24.644    
                         arrival time                          -9.514    
  -------------------------------------------------------------------
                         slack                                 15.130    

Slack (MET) :             15.163ns  (required time - arrival time)
  Source:                 u_bram/mem_reg/CLKARDCLK
                            (rising edge-triggered cell RAMB18E1 clocked by sys_clk  {rise@0.000ns fall@10.000ns period=20.000ns})
  Destination:            u_mbist/u_checker/fail_reg/D
                            (rising edge-triggered cell FDRE clocked by sys_clk  {rise@0.000ns fall@10.000ns period=20.000ns})
  Path Group:             sys_clk
  Path Type:              Setup (Max at Slow Process Corner)
  Requirement:            20.000ns  (sys_clk rise@20.000ns - sys_clk rise@0.000ns)
  Data Path Delay:        4.856ns  (logic 2.440ns (50.252%)  route 2.416ns (49.748%))
  Logic Levels:           3  (LUT2=1 LUT3=1 LUT5=1)
  Clock Path Skew:        -0.018ns (DCD - SCD + CPR)
    Destination Clock Delay (DCD):    4.372ns = ( 24.372 - 20.000 ) 
    Source Clock Delay      (SCD):    4.615ns
    Clock Pessimism Removal (CPR):    0.226ns
  Clock Uncertainty:      0.035ns  ((TSJ^2 + TIJ^2)^1/2 + DJ) / 2 + PE
    Total System Jitter     (TSJ):    0.071ns
    Total Input Jitter      (TIJ):    0.000ns
    Discrete Jitter          (DJ):    0.000ns
    Phase Error              (PE):    0.000ns

    Location             Delay type                Incr(ns)  Path(ns)    Netlist Resource(s)
  -------------------------------------------------------------------    -------------------
                         (clock sys_clk rise edge)    0.000     0.000 r  
    R4                                                0.000     0.000 r  sys_clk (IN)
                         net (fo=0)                   0.000     0.000    sys_clk
    R4                   IBUF (Prop_ibuf_I_O)         1.432     1.432 r  sys_clk_IBUF_inst/O
                         net (fo=1, routed)           1.689     3.121    sys_clk_IBUF
    BUFGCTRL_X0Y0        BUFG (Prop_bufg_I_O)         0.081     3.202 r  sys_clk_IBUF_BUFG_inst/O
                         net (fo=63, routed)          1.413     4.615    u_bram/clk
    RAMB18_X2Y16         RAMB18E1                                     r  u_bram/mem_reg/CLKARDCLK
  -------------------------------------------------------------------    -------------------
    RAMB18_X2Y16         RAMB18E1 (Prop_ramb18e1_CLKARDCLK_DOADO[6])
                                                      2.125     6.740 r  u_bram/mem_reg/DOADO[6]
                         net (fo=1, routed)           1.039     7.780    u_mbist/u_checker/rd_data[6]
    SLICE_X58Y40         LUT5 (Prop_lut5_I3_O)        0.105     7.885 r  u_mbist/u_checker/fail_i_4/O
                         net (fo=1, routed)           0.573     8.458    u_mbist/u_checker/fail_i_4_n_0
    SLICE_X59Y40         LUT3 (Prop_lut3_I1_O)        0.105     8.563 r  u_mbist/u_checker/fail_i_3/O
                         net (fo=1, routed)           0.803     9.366    u_mbist/u_checker/fail_i_3_n_0
    SLICE_X60Y43         LUT2 (Prop_lut2_I0_O)        0.105     9.471 r  u_mbist/u_checker/fail_i_2/O
                         net (fo=1, routed)           0.000     9.471    u_mbist/u_checker/fail_i_2_n_0
    SLICE_X60Y43         FDRE                                         r  u_mbist/u_checker/fail_reg/D
  -------------------------------------------------------------------    -------------------

                         (clock sys_clk rise edge)   20.000    20.000 r  
    R4                                                0.000    20.000 r  sys_clk (IN)
                         net (fo=0)                   0.000    20.000    sys_clk
    R4                   IBUF (Prop_ibuf_I_O)         1.366    21.366 r  sys_clk_IBUF_inst/O
                         net (fo=1, routed)           1.599    22.965    sys_clk_IBUF
    BUFGCTRL_X0Y0        BUFG (Prop_bufg_I_O)         0.077    23.042 r  sys_clk_IBUF_BUFG_inst/O
                         net (fo=63, routed)          1.330    24.372    u_mbist/u_checker/clk
    SLICE_X60Y43         FDRE                                         r  u_mbist/u_checker/fail_reg/C
                         clock pessimism              0.226    24.598    
                         clock uncertainty           -0.035    24.562    
    SLICE_X60Y43         FDRE (Setup_fdre_C_D)        0.072    24.634    u_mbist/u_checker/fail_reg
  -------------------------------------------------------------------
                         required time                         24.634    
                         arrival time                          -9.471    
  -------------------------------------------------------------------
                         slack                                 15.163    

Slack (MET) :             15.253ns  (required time - arrival time)
  Source:                 u_mbist/u_controller/state_reg[0]/C
                            (rising edge-triggered cell FDRE clocked by sys_clk  {rise@0.000ns fall@10.000ns period=20.000ns})
  Destination:            u_mbist/u_address/addr_reg[3]/D
                            (rising edge-triggered cell FDRE clocked by sys_clk  {rise@0.000ns fall@10.000ns period=20.000ns})
  Path Group:             sys_clk
  Path Type:              Setup (Max at Slow Process Corner)
  Requirement:            20.000ns  (sys_clk rise@20.000ns - sys_clk rise@0.000ns)
  Data Path Delay:        4.716ns  (logic 1.579ns (33.484%)  route 3.137ns (66.516%))
  Logic Levels:           6  (LUT2=3 LUT5=2 LUT6=1)
  Clock Path Skew:        -0.028ns (DCD - SCD + CPR)
    Destination Clock Delay (DCD):    4.370ns = ( 24.370 - 20.000 ) 
    Source Clock Delay      (SCD):    4.639ns
    Clock Pessimism Removal (CPR):    0.241ns
  Clock Uncertainty:      0.035ns  ((TSJ^2 + TIJ^2)^1/2 + DJ) / 2 + PE
    Total System Jitter     (TSJ):    0.071ns
    Total Input Jitter      (TIJ):    0.000ns
    Discrete Jitter          (DJ):    0.000ns
    Phase Error              (PE):    0.000ns

    Location             Delay type                Incr(ns)  Path(ns)    Netlist Resource(s)
  -------------------------------------------------------------------    -------------------
                         (clock sys_clk rise edge)    0.000     0.000 r  
    R4                                                0.000     0.000 r  sys_clk (IN)
                         net (fo=0)                   0.000     0.000    sys_clk
    R4                   IBUF (Prop_ibuf_I_O)         1.432     1.432 r  sys_clk_IBUF_inst/O
                         net (fo=1, routed)           1.689     3.121    sys_clk_IBUF
    BUFGCTRL_X0Y0        BUFG (Prop_bufg_I_O)         0.081     3.202 r  sys_clk_IBUF_BUFG_inst/O
                         net (fo=63, routed)          1.437     4.639    u_mbist/u_controller/clk
    SLICE_X60Y41         FDRE                                         r  u_mbist/u_controller/state_reg[0]/C
  -------------------------------------------------------------------    -------------------
    SLICE_X60Y41         FDRE (Prop_fdre_C_Q)         0.433     5.072 r  u_mbist/u_controller/state_reg[0]/Q
                         net (fo=10, routed)          0.714     5.785    u_mbist/u_controller/state[0]
    SLICE_X59Y41         LUT2 (Prop_lut2_I0_O)        0.105     5.890 r  u_mbist/u_controller/issue_valid_INST_0/O
                         net (fo=4, routed)           0.332     6.222    u_mbist/u_memory_if/issue_valid
    SLICE_X59Y41         LUT2 (Prop_lut2_I0_O)        0.108     6.330 r  u_mbist/u_memory_if/accepted_INST_0/O
                         net (fo=2, routed)           0.355     6.685    u_mbist/u_controller/accepted
    SLICE_X59Y40         LUT6 (Prop_lut6_I3_O)        0.267     6.952 r  u_mbist/u_controller/addr_step_INST_0_i_1/O
                         net (fo=3, routed)           0.484     7.436    u_mbist/u_controller/addr_step_INST_0_i_1_n_0
    SLICE_X60Y40         LUT2 (Prop_lut2_I1_O)        0.125     7.561 f  u_mbist/u_controller/addr_load_INST_0_i_1/O
                         net (fo=6, routed)           0.709     8.270    u_mbist/u_controller/addr_load_INST_0_i_1_n_0
    SLICE_X60Y39         LUT5 (Prop_lut5_I0_O)        0.277     8.547 r  u_mbist/u_controller/addr_load_INST_0/O
                         net (fo=7, routed)           0.544     9.090    u_mbist/u_address/load
    SLICE_X58Y39         LUT5 (Prop_lut5_I1_O)        0.264     9.354 r  u_mbist/u_address/addr[3]_i_1/O
                         net (fo=1, routed)           0.000     9.354    u_mbist/u_address/addr[3]_i_1_n_0
    SLICE_X58Y39         FDRE                                         r  u_mbist/u_address/addr_reg[3]/D
  -------------------------------------------------------------------    -------------------

                         (clock sys_clk rise edge)   20.000    20.000 r  
    R4                                                0.000    20.000 r  sys_clk (IN)
                         net (fo=0)                   0.000    20.000    sys_clk
    R4                   IBUF (Prop_ibuf_I_O)         1.366    21.366 r  sys_clk_IBUF_inst/O
                         net (fo=1, routed)           1.599    22.965    sys_clk_IBUF
    BUFGCTRL_X0Y0        BUFG (Prop_bufg_I_O)         0.077    23.042 r  sys_clk_IBUF_BUFG_inst/O
                         net (fo=63, routed)          1.328    24.370    u_mbist/u_address/clk
    SLICE_X58Y39         FDRE                                         r  u_mbist/u_address/addr_reg[3]/C
                         clock pessimism              0.241    24.611    
                         clock uncertainty           -0.035    24.575    
    SLICE_X58Y39         FDRE (Setup_fdre_C_D)        0.032    24.607    u_mbist/u_address/addr_reg[3]
  -------------------------------------------------------------------
                         required time                         24.607    
                         arrival time                          -9.354    
  -------------------------------------------------------------------
                         slack                                 15.253    




