#-----------------------------------------------------------
# Vivado v2018.3 (64-bit)
# SW Build 2405991 on Thu Dec  6 23:38:27 MST 2018
# IP Build 2404404 on Fri Dec  7 01:43:56 MST 2018
# Start of session at: Sat Sep 26 10:52:48 2026
# Process ID: 14300
# Current directory: <PROJECT_ROOT>
# Command line: vivado.exe -mode batch -source fpga/create_board_project.tcl -log results/step08/base/vivado.log -journal results/step08/base/vivado.jou
# Log file: <PROJECT_ROOT>/results/step08/base/vivado.log
# Journal file: <PROJECT_ROOT>\results/step08/base/vivado.jou
#-----------------------------------------------------------
source fpga/create_board_project.tcl
# set root [file normalize [file join [file dirname [info script]] ..]]
# set project_dir [file join $root fpga vivado]
# set evidence [file join $root results step08 base]
# file mkdir $evidence
# set part xc7a35tfgg484-2
# create_project -force mbist_board $project_dir -part $part
INFO: [ProjectBase 1-489] The host OS only allows 260 characters in a normal path. The project is stored in a path with more than 80 characters. If you experience issues with IP, Block Designs, or files not being found, please consider moving the project to a location with a shorter path. Alternately consider using the OS subst command to map part of the path to a drive letter.
Current project path is '<PROJECT_ROOT>/fpga/vivado'
# set_property target_language Verilog [current_project]
# set sources {}
# foreach name {address_generator.v data_generator.v memory_interface.v response_checker.v march_controller.v mbist_top.v single_port_sync_ram.v} {
#     lappend sources [file join $root rtl $name]
# }
# lappend sources [file join $root fpga board_top.v]
# add_files -norecurse $sources
# add_files -fileset constrs_1 -norecurse [file join $root fpga board_pins.xdc]
# add_files -fileset utils_1 -norecurse [file join $root fpga set_industrial.tcl]
# set_property top board_top [get_filesets sources_1]
# set_property STEPS.SYNTH_DESIGN.ARGS.FLATTEN_HIERARCHY none [get_runs synth_1]
# set_property STEPS.OPT_DESIGN.TCL.PRE [file join $root fpga set_industrial.tcl] [get_runs impl_1]
# update_compile_order -fileset sources_1
# launch_runs synth_1 -jobs 2
[Sat Sep 26 10:52:51 2026] Launched synth_1...
Run output will be captured here: <PROJECT_ROOT>/fpga/vivado/mbist_board.runs/synth_1/runme.log
# wait_on_run synth_1
[Sat Sep 26 10:52:51 2026] Waiting for synth_1 to finish...

*** Running vivado
    with args -log board_top.vds -m64 -product Vivado -mode batch -messageDb vivado.pb -notrace -source board_top.tcl


****** Vivado v2018.3 (64-bit)
  **** SW Build 2405991 on Thu Dec  6 23:38:27 MST 2018
  **** IP Build 2404404 on Fri Dec  7 01:43:56 MST 2018
    ** Copyright 1986-2018 Xilinx, Inc. All Rights Reserved.

source board_top.tcl -notrace
Command: synth_design -top board_top -part xc7a35tfgg484-2 -flatten_hierarchy none
Starting synth_design
Attempting to get a license for feature 'Synthesis' and/or device 'xc7a35t'
INFO: [Common 17-349] Got license for feature 'Synthesis' and/or device 'xc7a35t'
INFO: Launching helper process for spawning children vivado processes
INFO: Helper process launched with PID 29820 
---------------------------------------------------------------------------------
Starting RTL Elaboration : Time (s): cpu = 00:00:01 ; elapsed = 00:00:01 . Memory (MB): peak = 363.711 ; gain = 90.266
---------------------------------------------------------------------------------
INFO: [Synth 8-6157] synthesizing module 'board_top' [<PROJECT_ROOT>/fpga/board_top.v:6]
	Parameter DEBOUNCE_CYCLES bound to: 500000 - type: integer 
INFO: [Synth 8-5534] Detected attribute (* mark_debug = "true" *) [<PROJECT_ROOT>/fpga/board_top.v:52]
INFO: [Synth 8-5534] Detected attribute (* mark_debug = "true" *) [<PROJECT_ROOT>/fpga/board_top.v:53]
INFO: [Synth 8-5534] Detected attribute (* mark_debug = "true" *) [<PROJECT_ROOT>/fpga/board_top.v:54]
INFO: [Synth 8-5534] Detected attribute (* mark_debug = "true" *) [<PROJECT_ROOT>/fpga/board_top.v:55]
INFO: [Synth 8-5534] Detected attribute (* mark_debug = "true" *) [<PROJECT_ROOT>/fpga/board_top.v:56]
INFO: [Synth 8-5534] Detected attribute (* mark_debug = "true" *) [<PROJECT_ROOT>/fpga/board_top.v:57]
INFO: [Synth 8-5534] Detected attribute (* mark_debug = "true" *) [<PROJECT_ROOT>/fpga/board_top.v:58]
INFO: [Synth 8-5534] Detected attribute (* mark_debug = "true" *) [<PROJECT_ROOT>/fpga/board_top.v:59]
INFO: [Synth 8-5534] Detected attribute (* mark_debug = "true" *) [<PROJECT_ROOT>/fpga/board_top.v:60]
INFO: [Synth 8-5534] Detected attribute (* mark_debug = "true" *) [<PROJECT_ROOT>/fpga/board_top.v:61]
INFO: [Synth 8-5534] Detected attribute (* mark_debug = "true" *) [<PROJECT_ROOT>/fpga/board_top.v:62]
INFO: [Synth 8-5534] Detected attribute (* mark_debug = "true" *) [<PROJECT_ROOT>/fpga/board_top.v:63]
INFO: [Synth 8-5534] Detected attribute (* mark_debug = "true" *) [<PROJECT_ROOT>/fpga/board_top.v:64]
INFO: [Synth 8-5534] Detected attribute (* mark_debug = "true" *) [<PROJECT_ROOT>/fpga/board_top.v:65]
INFO: [Synth 8-5534] Detected attribute (* mark_debug = "true" *) [<PROJECT_ROOT>/fpga/board_top.v:66]
INFO: [Synth 8-5534] Detected attribute (* mark_debug = "true" *) [<PROJECT_ROOT>/fpga/board_top.v:67]
INFO: [Synth 8-5534] Detected attribute (* mark_debug = "true" *) [<PROJECT_ROOT>/fpga/board_top.v:68]
INFO: [Synth 8-6157] synthesizing module 'mbist_top' [<PROJECT_ROOT>/rtl/mbist_top.v:3]
	Parameter ADDR_WIDTH bound to: 6 - type: integer 
	Parameter DATA_WIDTH bound to: 8 - type: integer 
INFO: [Synth 8-6157] synthesizing module 'march_controller' [<PROJECT_ROOT>/rtl/march_controller.v:3]
	Parameter ADDR_WIDTH bound to: 6 - type: integer 
	Parameter IDLE bound to: 3'b000 
	Parameter ISSUE bound to: 3'b001 
	Parameter WAIT_READ bound to: 3'b010 
	Parameter WRITE_AFTER_READ bound to: 3'b011 
	Parameter DONE bound to: 3'b100 
	Parameter LAST_ADDR bound to: 6'b111111 
INFO: [Synth 8-6155] done synthesizing module 'march_controller' (1#1) [<PROJECT_ROOT>/rtl/march_controller.v:3]
INFO: [Synth 8-6157] synthesizing module 'address_generator' [<PROJECT_ROOT>/rtl/address_generator.v:3]
	Parameter ADDR_WIDTH bound to: 6 - type: integer 
INFO: [Synth 8-6155] done synthesizing module 'address_generator' (2#1) [<PROJECT_ROOT>/rtl/address_generator.v:3]
INFO: [Synth 8-6157] synthesizing module 'data_generator' [<PROJECT_ROOT>/rtl/data_generator.v:3]
	Parameter DATA_WIDTH bound to: 8 - type: integer 
INFO: [Synth 8-6155] done synthesizing module 'data_generator' (3#1) [<PROJECT_ROOT>/rtl/data_generator.v:3]
INFO: [Synth 8-6157] synthesizing module 'memory_interface' [<PROJECT_ROOT>/rtl/memory_interface.v:5]
	Parameter ADDR_WIDTH bound to: 6 - type: integer 
	Parameter DATA_WIDTH bound to: 8 - type: integer 
INFO: [Synth 8-6155] done synthesizing module 'memory_interface' (4#1) [<PROJECT_ROOT>/rtl/memory_interface.v:5]
INFO: [Synth 8-6157] synthesizing module 'response_checker' [<PROJECT_ROOT>/rtl/response_checker.v:3]
	Parameter ADDR_WIDTH bound to: 6 - type: integer 
	Parameter DATA_WIDTH bound to: 8 - type: integer 
INFO: [Synth 8-6155] done synthesizing module 'response_checker' (5#1) [<PROJECT_ROOT>/rtl/response_checker.v:3]
INFO: [Synth 8-6155] done synthesizing module 'mbist_top' (6#1) [<PROJECT_ROOT>/rtl/mbist_top.v:3]
INFO: [Synth 8-6157] synthesizing module 'single_port_sync_ram' [<PROJECT_ROOT>/rtl/single_port_sync_ram.v:6]
	Parameter ADDR_WIDTH bound to: 6 - type: integer 
	Parameter DATA_WIDTH bound to: 8 - type: integer 
	Parameter DEPTH bound to: 64 - type: integer 
INFO: [Synth 8-5534] Detected attribute (* ram_style = "block" *) [<PROJECT_ROOT>/rtl/single_port_sync_ram.v:25]
INFO: [Synth 8-6155] done synthesizing module 'single_port_sync_ram' (7#1) [<PROJECT_ROOT>/rtl/single_port_sync_ram.v:6]
INFO: [Synth 8-6071] Mark debug on the nets applies keep_hierarchy on instance 'u_mbist'. This will prevent further optimization [<PROJECT_ROOT>/fpga/board_top.v:77]
INFO: [Synth 8-6071] Mark debug on the nets applies keep_hierarchy on instance 'u_bram'. This will prevent further optimization [<PROJECT_ROOT>/fpga/board_top.v:89]
INFO: [Synth 8-6155] done synthesizing module 'board_top' (8#1) [<PROJECT_ROOT>/fpga/board_top.v:6]
WARNING: [Synth 8-3331] design board_top has unconnected port key[3]
WARNING: [Synth 8-3331] design board_top has unconnected port key[2]
WARNING: [Synth 8-3331] design board_top has unconnected port key[1]
---------------------------------------------------------------------------------
Finished RTL Elaboration : Time (s): cpu = 00:00:01 ; elapsed = 00:00:02 . Memory (MB): peak = 419.785 ; gain = 146.340
---------------------------------------------------------------------------------

Report Check Netlist: 
+------+------------------+-------+---------+-------+------------------+
|      |Item              |Errors |Warnings |Status |Description       |
+------+------------------+-------+---------+-------+------------------+
|1     |multi_driven_nets |      0|        0|Passed |Multi driven nets |
+------+------------------+-------+---------+-------+------------------+
---------------------------------------------------------------------------------
Start Handling Custom Attributes
---------------------------------------------------------------------------------
---------------------------------------------------------------------------------
Finished Handling Custom Attributes : Time (s): cpu = 00:00:01 ; elapsed = 00:00:02 . Memory (MB): peak = 419.785 ; gain = 146.340
---------------------------------------------------------------------------------
---------------------------------------------------------------------------------
Finished RTL Optimization Phase 1 : Time (s): cpu = 00:00:01 ; elapsed = 00:00:02 . Memory (MB): peak = 419.785 ; gain = 146.340
---------------------------------------------------------------------------------
INFO: [Device 21-403] Loading part xc7a35tfgg484-2
INFO: [Project 1-570] Preparing netlist for logic optimization

Processing XDC Constraints
Initializing timing engine
Parsing XDC File [<PROJECT_ROOT>/fpga/board_pins.xdc]
Finished Parsing XDC File [<PROJECT_ROOT>/fpga/board_pins.xdc]
INFO: [Project 1-236] Implementation specific constraints were found while reading constraint file [<PROJECT_ROOT>/fpga/board_pins.xdc]. These constraints will be ignored for synthesis but will be used in implementation. Impacted constraints are listed in the file [.Xil/board_top_propImpl.xdc].
Resolution: To avoid this warning, move constraints listed in [.Xil/board_top_propImpl.xdc] to another XDC file and exclude this new file from synthesis with the used_in_synthesis property (File Properties dialog in GUI) and re-run elaboration/synthesis.
Netlist sorting complete. Time (s): cpu = 00:00:00 ; elapsed = 00:00:00 . Memory (MB): peak = 752.172 ; gain = 0.000
Completed Processing XDC Constraints

Netlist sorting complete. Time (s): cpu = 00:00:00 ; elapsed = 00:00:00 . Memory (MB): peak = 752.195 ; gain = 0.000
INFO: [Project 1-111] Unisim Transformation Summary:
No Unisim elements were transformed.

Netlist sorting complete. Time (s): cpu = 00:00:00 ; elapsed = 00:00:00 . Memory (MB): peak = 752.195 ; gain = 0.000
Constraint Validation Runtime : Time (s): cpu = 00:00:00 ; elapsed = 00:00:00.002 . Memory (MB): peak = 752.195 ; gain = 0.000
---------------------------------------------------------------------------------
Finished Constraint Validation : Time (s): cpu = 00:00:05 ; elapsed = 00:00:06 . Memory (MB): peak = 752.195 ; gain = 478.750
---------------------------------------------------------------------------------
---------------------------------------------------------------------------------
Start Loading Part and Timing Information
---------------------------------------------------------------------------------
Loading part: xc7a35tfgg484-2
---------------------------------------------------------------------------------
Finished Loading Part and Timing Information : Time (s): cpu = 00:00:05 ; elapsed = 00:00:06 . Memory (MB): peak = 752.195 ; gain = 478.750
---------------------------------------------------------------------------------
---------------------------------------------------------------------------------
Start Applying 'set_property' XDC Constraints
---------------------------------------------------------------------------------
---------------------------------------------------------------------------------
Finished applying 'set_property' XDC Constraints : Time (s): cpu = 00:00:05 ; elapsed = 00:00:06 . Memory (MB): peak = 752.195 ; gain = 478.750
---------------------------------------------------------------------------------
INFO: [Synth 8-5544] ROM "phase" won't be mapped to Block RAM because address size (3) smaller than threshold (5)
INFO: [Synth 8-5544] ROM "state" won't be mapped to Block RAM because address size (3) smaller than threshold (5)
INFO: [Synth 8-5544] ROM "state" won't be mapped to Block RAM because address size (3) smaller than threshold (5)
INFO: [Synth 8-5544] ROM "state" won't be mapped to Block RAM because address size (3) smaller than threshold (5)
INFO: [Synth 8-5544] ROM "state" won't be mapped to Block RAM because address size (3) smaller than threshold (5)
INFO: [Synth 8-5818] HDL ADVISOR - The operator resource <adder> is shared. To prevent sharing consider applying a KEEP on the output of the operator [<PROJECT_ROOT>/rtl/address_generator.v:20]
INFO: [Synth 8-5545] ROM "key_stable" won't be mapped to RAM because address size (32) is larger than maximum supported(25)
INFO: [Synth 8-5545] ROM "debounce_count" won't be mapped to RAM because address size (32) is larger than maximum supported(25)
INFO: [Synth 8-5545] ROM "start_pulse" won't be mapped to RAM because address size (32) is larger than maximum supported(25)
INFO: [Synth 8-5583] The signal mem_reg is implemented as block RAM but is better mapped onto distributed LUT RAM for the following reason(s): The depth (6 address bits) is shallow. Please use attribute (* ram_style = "distributed" *) to instruct Vivado to infer distributed LUT RAM.
---------------------------------------------------------------------------------
Finished RTL Optimization Phase 2 : Time (s): cpu = 00:00:05 ; elapsed = 00:00:07 . Memory (MB): peak = 752.195 ; gain = 478.750
---------------------------------------------------------------------------------

Report RTL Partitions: 
+-+--------------+------------+----------+
| |RTL Partition |Replication |Instances |
+-+--------------+------------+----------+
+-+--------------+------------+----------+
---------------------------------------------------------------------------------
Start RTL Component Statistics 
---------------------------------------------------------------------------------
Detailed RTL Component Info : 
+---Adders : 
	   2 Input     32 Bit       Adders := 1     
	   2 Input     10 Bit       Adders := 1     
	   2 Input      9 Bit       Adders := 1     
	   2 Input      6 Bit       Adders := 1     
	   2 Input      3 Bit       Adders := 1     
+---Registers : 
	               32 Bit    Registers := 1     
	               10 Bit    Registers := 1     
	                9 Bit    Registers := 1     
	                8 Bit    Registers := 3     
	                6 Bit    Registers := 2     
	                3 Bit    Registers := 3     
	                2 Bit    Registers := 2     
	                1 Bit    Registers := 4     
+---RAMs : 
	              512 Bit         RAMs := 1     
+---Muxes : 
	   2 Input     32 Bit        Muxes := 1     
	   2 Input      6 Bit        Muxes := 1     
	   2 Input      3 Bit        Muxes := 5     
	   4 Input      3 Bit        Muxes := 1     
	   2 Input      2 Bit        Muxes := 2     
	   2 Input      1 Bit        Muxes := 11    
	   4 Input      1 Bit        Muxes := 2     
---------------------------------------------------------------------------------
Finished RTL Component Statistics 
---------------------------------------------------------------------------------
---------------------------------------------------------------------------------
Start RTL Hierarchical Component Statistics 
---------------------------------------------------------------------------------
Hierarchical RTL Component report 
Module board_top 
Detailed RTL Component Info : 
+---Adders : 
	   2 Input     32 Bit       Adders := 1     
	   2 Input     10 Bit       Adders := 1     
+---Registers : 
	               32 Bit    Registers := 1     
	               10 Bit    Registers := 1     
	                2 Bit    Registers := 2     
	                1 Bit    Registers := 2     
+---Muxes : 
	   2 Input     32 Bit        Muxes := 1     
	   2 Input      1 Bit        Muxes := 2     
	   4 Input      1 Bit        Muxes := 1     
Module march_controller 
Detailed RTL Component Info : 
+---Adders : 
	   2 Input      3 Bit       Adders := 1     
+---Registers : 
	                3 Bit    Registers := 2     
+---Muxes : 
	   2 Input      3 Bit        Muxes := 5     
	   4 Input      3 Bit        Muxes := 1     
	   2 Input      2 Bit        Muxes := 2     
	   2 Input      1 Bit        Muxes := 8     
	   4 Input      1 Bit        Muxes := 1     
Module address_generator 
Detailed RTL Component Info : 
+---Adders : 
	   2 Input      6 Bit       Adders := 1     
+---Registers : 
	                6 Bit    Registers := 1     
+---Muxes : 
	   2 Input      6 Bit        Muxes := 1     
	   2 Input      1 Bit        Muxes := 1     
Module response_checker 
Detailed RTL Component Info : 
+---Adders : 
	   2 Input      9 Bit       Adders := 1     
+---Registers : 
	                9 Bit    Registers := 1     
	                8 Bit    Registers := 2     
	                6 Bit    Registers := 1     
	                3 Bit    Registers := 1     
	                1 Bit    Registers := 1     
Module single_port_sync_ram 
Detailed RTL Component Info : 
+---Registers : 
	                8 Bit    Registers := 1     
	                1 Bit    Registers := 1     
+---RAMs : 
	              512 Bit         RAMs := 1     
---------------------------------------------------------------------------------
Finished RTL Hierarchical Component Statistics
---------------------------------------------------------------------------------
---------------------------------------------------------------------------------
Start Part Resource Summary
---------------------------------------------------------------------------------
Part Resources:
DSPs: 90 (col length:60)
BRAMs: 100 (col length: RAMB18 60 RAMB36 30)
---------------------------------------------------------------------------------
Finished Part Resource Summary
---------------------------------------------------------------------------------
---------------------------------------------------------------------------------
Start Cross Boundary and Area Optimization
---------------------------------------------------------------------------------
Warning: Parallel synthesis criteria is not met 
INFO: [Synth 8-5545] ROM "key_stable" won't be mapped to RAM because address size (32) is larger than maximum supported(25)
INFO: [Synth 8-5545] ROM "debounce_count" won't be mapped to RAM because address size (32) is larger than maximum supported(25)
WARNING: [Synth 8-3331] design board_top has unconnected port key[3]
WARNING: [Synth 8-3331] design board_top has unconnected port key[2]
WARNING: [Synth 8-3331] design board_top has unconnected port key[1]
INFO: [Synth 8-5583] The signal mem_reg is implemented as block RAM but is better mapped onto distributed LUT RAM for the following reason(s): The depth (6 address bits) is shallow. Please use attribute (* ram_style = "distributed" *) to instruct Vivado to infer distributed LUT RAM.
INFO: [Synth 8-3886] merging instance 'u_mbist/u_checker/first_fail_expected_reg[0]' (FDRE) to 'u_mbist/u_checker/first_fail_expected_reg[1]'
INFO: [Synth 8-3886] merging instance 'u_mbist/u_checker/first_fail_expected_reg[1]' (FDRE) to 'u_mbist/u_checker/first_fail_expected_reg[2]'
INFO: [Synth 8-3886] merging instance 'u_mbist/u_checker/first_fail_expected_reg[2]' (FDRE) to 'u_mbist/u_checker/first_fail_expected_reg[3]'
INFO: [Synth 8-3886] merging instance 'u_mbist/u_checker/first_fail_expected_reg[3]' (FDRE) to 'u_mbist/u_checker/first_fail_expected_reg[4]'
INFO: [Synth 8-3886] merging instance 'u_mbist/u_checker/first_fail_expected_reg[4]' (FDRE) to 'u_mbist/u_checker/first_fail_expected_reg[5]'
INFO: [Synth 8-3886] merging instance 'u_mbist/u_checker/first_fail_expected_reg[5]' (FDRE) to 'u_mbist/u_checker/first_fail_expected_reg[6]'
INFO: [Synth 8-3886] merging instance 'u_mbist/u_checker/first_fail_expected_reg[6]' (FDRE) to 'u_mbist/u_checker/first_fail_expected_reg[7]'
---------------------------------------------------------------------------------
Finished Cross Boundary and Area Optimization : Time (s): cpu = 00:00:06 ; elapsed = 00:00:07 . Memory (MB): peak = 752.195 ; gain = 478.750
---------------------------------------------------------------------------------
---------------------------------------------------------------------------------
Start ROM, RAM, DSP and Shift Register Reporting
---------------------------------------------------------------------------------

Block RAM: Preliminary Mapping  Report (see note below)
+----------------------+------------+------------------------+---+---+------------------------+---+---+------------------+--------+--------+
|Module Name           | RTL Object | PORT A (Depth x Width) | W | R | PORT B (Depth x Width) | W | R | Ports driving FF | RAMB18 | RAMB36 | 
+----------------------+------------+------------------------+---+---+------------------------+---+---+------------------+--------+--------+
|single_port_sync_ram: | mem_reg    | 64 x 8(NO_CHANGE)      | W | R |                        |   |   | Port A           | 1      | 0      | 
+----------------------+------------+------------------------+---+---+------------------------+---+---+------------------+--------+--------+

Note: The table above is a preliminary report that shows the Block RAMs at the current stage of the synthesis flow. Some Block RAMs may be reimplemented as non Block RAM primitives later in the synthesis flow. Multiple instantiated Block RAMs are reported only once. 
---------------------------------------------------------------------------------
Finished ROM, RAM, DSP and Shift Register Reporting
---------------------------------------------------------------------------------
INFO: [Synth 8-6837] The timing for the instance u_bram/i_2/mem_reg (implemented as a Block RAM) might be sub-optimal as no optional output register could be merged into the block ram. Providing additional output register may help in improving timing.

Report RTL Partitions: 
+-+--------------+------------+----------+
| |RTL Partition |Replication |Instances |
+-+--------------+------------+----------+
+-+--------------+------------+----------+
---------------------------------------------------------------------------------
Start Applying XDC Timing Constraints
---------------------------------------------------------------------------------
---------------------------------------------------------------------------------
Finished Applying XDC Timing Constraints : Time (s): cpu = 00:00:09 ; elapsed = 00:00:10 . Memory (MB): peak = 752.500 ; gain = 479.055
---------------------------------------------------------------------------------
---------------------------------------------------------------------------------
Start Timing Optimization
---------------------------------------------------------------------------------
---------------------------------------------------------------------------------
Finished Timing Optimization : Time (s): cpu = 00:00:09 ; elapsed = 00:00:11 . Memory (MB): peak = 773.340 ; gain = 499.895
---------------------------------------------------------------------------------
---------------------------------------------------------------------------------
Start ROM, RAM, DSP and Shift Register Reporting
---------------------------------------------------------------------------------

Block RAM: Final Mapping  Report
+----------------------+------------+------------------------+---+---+------------------------+---+---+------------------+--------+--------+
|Module Name           | RTL Object | PORT A (Depth x Width) | W | R | PORT B (Depth x Width) | W | R | Ports driving FF | RAMB18 | RAMB36 | 
+----------------------+------------+------------------------+---+---+------------------------+---+---+------------------+--------+--------+
|single_port_sync_ram: | mem_reg    | 64 x 8(NO_CHANGE)      | W | R |                        |   |   | Port A           | 1      | 0      | 
+----------------------+------------+------------------------+---+---+------------------------+---+---+------------------+--------+--------+

---------------------------------------------------------------------------------
Finished ROM, RAM, DSP and Shift Register Reporting
---------------------------------------------------------------------------------

Report RTL Partitions: 
+-+--------------+------------+----------+
| |RTL Partition |Replication |Instances |
+-+--------------+------------+----------+
+-+--------------+------------+----------+
---------------------------------------------------------------------------------
Start Technology Mapping
---------------------------------------------------------------------------------
INFO: [Synth 8-6837] The timing for the instance u_bram/mem_reg (implemented as a Block RAM) might be sub-optimal as no optional output register could be merged into the block ram. Providing additional output register may help in improving timing.
---------------------------------------------------------------------------------
Finished Technology Mapping : Time (s): cpu = 00:00:09 ; elapsed = 00:00:11 . Memory (MB): peak = 773.340 ; gain = 499.895
---------------------------------------------------------------------------------

Report RTL Partitions: 
+-+--------------+------------+----------+
| |RTL Partition |Replication |Instances |
+-+--------------+------------+----------+
+-+--------------+------------+----------+
---------------------------------------------------------------------------------
Start IO Insertion
---------------------------------------------------------------------------------
---------------------------------------------------------------------------------
Start Final Netlist Cleanup
---------------------------------------------------------------------------------
---------------------------------------------------------------------------------
Finished Final Netlist Cleanup
---------------------------------------------------------------------------------
---------------------------------------------------------------------------------
Finished IO Insertion : Time (s): cpu = 00:00:09 ; elapsed = 00:00:11 . Memory (MB): peak = 773.340 ; gain = 499.895
---------------------------------------------------------------------------------

Report Check Netlist: 
+------+------------------+-------+---------+-------+------------------+
|      |Item              |Errors |Warnings |Status |Description       |
+------+------------------+-------+---------+-------+------------------+
|1     |multi_driven_nets |      0|        0|Passed |Multi driven nets |
+------+------------------+-------+---------+-------+------------------+
---------------------------------------------------------------------------------
Start Renaming Generated Instances
---------------------------------------------------------------------------------
---------------------------------------------------------------------------------
Finished Renaming Generated Instances : Time (s): cpu = 00:00:09 ; elapsed = 00:00:11 . Memory (MB): peak = 773.340 ; gain = 499.895
---------------------------------------------------------------------------------

Report RTL Partitions: 
+-+--------------+------------+----------+
| |RTL Partition |Replication |Instances |
+-+--------------+------------+----------+
+-+--------------+------------+----------+
---------------------------------------------------------------------------------
Start Handling Custom Attributes
---------------------------------------------------------------------------------
---------------------------------------------------------------------------------
Finished Handling Custom Attributes : Time (s): cpu = 00:00:09 ; elapsed = 00:00:11 . Memory (MB): peak = 773.340 ; gain = 499.895
---------------------------------------------------------------------------------
---------------------------------------------------------------------------------
Start Writing Synthesis Report
---------------------------------------------------------------------------------

Report BlackBoxes: 
+-+--------------+----------+
| |BlackBox name |Instances |
+-+--------------+----------+
+-+--------------+----------+

Report Cell Usage: 
+------+---------+------+
|      |Cell     |Count |
+------+---------+------+
|1     |BUFG     |     1|
|2     |CARRY4   |     8|
|3     |LUT1     |     5|
|4     |LUT2     |    17|
|5     |LUT3     |    16|
|6     |LUT4     |    15|
|7     |LUT5     |    49|
|8     |LUT6     |    19|
|9     |RAMB18E1 |     1|
|10    |FDCE     |     2|
|11    |FDRE     |    86|
|12    |FDSE     |     1|
|13    |IBUF     |     3|
|14    |OBUF     |     4|
+------+---------+------+

Report Instance Areas: 
+------+-----------------+---------------------+------+
|      |Instance         |Module               |Cells |
+------+-----------------+---------------------+------+
|1     |top              |                     |   227|
|2     |  u_mbist        |mbist_top            |    96|
|3     |    u_controller |march_controller     |    32|
|4     |    u_address    |address_generator    |    16|
|5     |    u_data       |data_generator       |     2|
|6     |    u_memory_if  |memory_interface     |     1|
|7     |    u_checker    |response_checker     |    44|
|8     |  u_bram         |single_port_sync_ram |     4|
+------+-----------------+---------------------+------+
---------------------------------------------------------------------------------
Finished Writing Synthesis Report : Time (s): cpu = 00:00:09 ; elapsed = 00:00:11 . Memory (MB): peak = 773.340 ; gain = 499.895
---------------------------------------------------------------------------------
Synthesis finished with 0 errors, 0 critical warnings and 3 warnings.
Synthesis Optimization Runtime : Time (s): cpu = 00:00:05 ; elapsed = 00:00:08 . Memory (MB): peak = 773.340 ; gain = 167.484
Synthesis Optimization Complete : Time (s): cpu = 00:00:09 ; elapsed = 00:00:11 . Memory (MB): peak = 773.340 ; gain = 499.895
INFO: [Project 1-571] Translating synthesized netlist
INFO: [Netlist 29-17] Analyzing 9 Unisim elements for replacement
INFO: [Netlist 29-28] Unisim Transformation completed in 0 CPU seconds
INFO: [Project 1-570] Preparing netlist for logic optimization
INFO: [Opt 31-138] Pushed 0 inverter(s) to 0 load pin(s).
Netlist sorting complete. Time (s): cpu = 00:00:00 ; elapsed = 00:00:00 . Memory (MB): peak = 776.297 ; gain = 0.000
INFO: [Project 1-111] Unisim Transformation Summary:
No Unisim elements were transformed.

INFO: [Common 17-83] Releasing license: Synthesis
70 Infos, 6 Warnings, 0 Critical Warnings and 0 Errors encountered.
synth_design completed successfully
synth_design: Time (s): cpu = 00:00:11 ; elapsed = 00:00:13 . Memory (MB): peak = 776.336 ; gain = 502.891
Netlist sorting complete. Time (s): cpu = 00:00:00 ; elapsed = 00:00:00 . Memory (MB): peak = 776.336 ; gain = 0.000
WARNING: [Constraints 18-5210] No constraints selected for write.
Resolution: This message can indicate that there are no constraints for the design, or it can indicate that the used_in flags are set such that the constraints are ignored. This later case is used when running synth_design to not write synthesis constraints to the resulting checkpoint. Instead, project constraints are read when the synthesized design is opened.
INFO: [Common 17-1381] The checkpoint '<PROJECT_ROOT>/fpga/vivado/mbist_board.runs/synth_1/board_top.dcp' has been generated.
INFO: [runtcl-4] Executing : report_utilization -file board_top_utilization_synth.rpt -pb board_top_utilization_synth.pb
INFO: [Common 17-206] Exiting Vivado at Sat Sep 26 10:53:07 2026...
[Sat Sep 26 10:53:11 2026] synth_1 finished
wait_on_run: Time (s): cpu = 00:00:00 ; elapsed = 00:00:20 . Memory (MB): peak = 274.195 ; gain = 0.000
# puts "SYNTH_STATUS [get_property STATUS [get_runs synth_1]]"
SYNTH_STATUS synth_design Complete!
# if {[get_property PROGRESS [get_runs synth_1]] ne "100%"} {
#     error "Board synthesis did not complete"
# }
# open_run synth_1
Design is defaulting to impl run constrset: constrs_1
Design is defaulting to synth run part: xc7a35tfgg484-2
INFO: [Netlist 29-17] Analyzing 9 Unisim elements for replacement
INFO: [Netlist 29-28] Unisim Transformation completed in 0 CPU seconds
INFO: [Project 1-479] Netlist was created with Vivado 2018.3
INFO: [Device 21-403] Loading part xc7a35tfgg484-2
INFO: [Project 1-570] Preparing netlist for logic optimization
Parsing XDC File [<PROJECT_ROOT>/fpga/board_pins.xdc]
Finished Parsing XDC File [<PROJECT_ROOT>/fpga/board_pins.xdc]
INFO: [Opt 31-138] Pushed 0 inverter(s) to 0 load pin(s).
Netlist sorting complete. Time (s): cpu = 00:00:00 ; elapsed = 00:00:00 . Memory (MB): peak = 579.152 ; gain = 0.000
INFO: [Project 1-111] Unisim Transformation Summary:
No Unisim elements were transformed.

# set_operating_conditions -grade Industrial
# report_operating_conditions -grade -file [file join $evidence synthesized_operating_conditions.rpt]
# report_utilization -file [file join $evidence synthesized_utilization.rpt]
# report_timing_summary -file [file join $evidence synthesized_timing_summary.rpt]
INFO: [Timing 38-35] Done setting XDC timing constraints.
INFO: [Timing 38-91] UpdateTimingParams: Speed grade: -2, Delay Type: min_max.
INFO: [Timing 38-191] Multithreading enabled for timing update using a maximum of 2 CPUs
# set ram_cells [get_cells -hier -filter {REF_NAME == RAMB18E1 || REF_NAME == RAMB36E1}]
# if {[llength $ram_cells] != 1} {
#     error "Expected one inferred BRAM in full board design, found [llength $ram_cells]"
# }
# set ram [lindex $ram_cells 0]
# set primitive [get_property REF_NAME $ram]
# set doa_reg [get_property DOA_REG $ram]
# set write_mode [get_property WRITE_MODE_A $ram]
# puts "BOARD_BRAM primitive=$primitive DOA_REG=$doa_reg WRITE_MODE_A=$write_mode"
BOARD_BRAM primitive=RAMB18E1 DOA_REG=0 WRITE_MODE_A=NO_CHANGE
# if {$primitive ne "RAMB18E1" || $doa_reg ne "0"} {
#     error "BRAM primitive or output pipeline changed from the Step 2 interface"
# }
# set fp [open [file join $evidence bram_configuration.txt] w]
# puts $fp "cell=$ram\nprimitive=$primitive\nDOA_REG=$doa_reg\nWRITE_MODE_A=$write_mode"
# close $fp
# close_design
# launch_runs impl_1 -to_step write_bitstream -jobs 2
[Sat Sep 26 10:53:20 2026] Launched impl_1...
Run output will be captured here: <PROJECT_ROOT>/fpga/vivado/mbist_board.runs/impl_1/runme.log
# wait_on_run impl_1
[Sat Sep 26 10:53:20 2026] Waiting for impl_1 to finish...

*** Running vivado
    with args -log board_top.vdi -applog -m64 -product Vivado -messageDb vivado.pb -mode batch -source board_top.tcl -notrace


****** Vivado v2018.3 (64-bit)
  **** SW Build 2405991 on Thu Dec  6 23:38:27 MST 2018
  **** IP Build 2404404 on Fri Dec  7 01:43:56 MST 2018
    ** Copyright 1986-2018 Xilinx, Inc. All Rights Reserved.

source board_top.tcl -notrace
Command: link_design -top board_top -part xc7a35tfgg484-2
Design is defaulting to srcset: sources_1
Design is defaulting to constrset: constrs_1
INFO: [Netlist 29-17] Analyzing 9 Unisim elements for replacement
INFO: [Netlist 29-28] Unisim Transformation completed in 0 CPU seconds
INFO: [Project 1-479] Netlist was created with Vivado 2018.3
INFO: [Device 21-403] Loading part xc7a35tfgg484-2
INFO: [Project 1-570] Preparing netlist for logic optimization
Parsing XDC File [<PROJECT_ROOT>/fpga/board_pins.xdc]
Finished Parsing XDC File [<PROJECT_ROOT>/fpga/board_pins.xdc]
INFO: [Opt 31-138] Pushed 0 inverter(s) to 0 load pin(s).
Netlist sorting complete. Time (s): cpu = 00:00:00 ; elapsed = 00:00:00 . Memory (MB): peak = 579.238 ; gain = 0.000
INFO: [Project 1-111] Unisim Transformation Summary:
No Unisim elements were transformed.

7 Infos, 0 Warnings, 0 Critical Warnings and 0 Errors encountered.
link_design completed successfully
link_design: Time (s): cpu = 00:00:04 ; elapsed = 00:00:05 . Memory (MB): peak = 583.211 ; gain = 310.047
source <PROJECT_ROOT>/fpga/set_industrial.tcl
Device Grade = industrial
Command: opt_design
Attempting to get a license for feature 'Implementation' and/or device 'xc7a35t'
INFO: [Common 17-349] Got license for feature 'Implementation' and/or device 'xc7a35t'
Running DRC as a precondition to command opt_design

Starting DRC Task
INFO: [DRC 23-27] Running DRC with 2 threads
INFO: [Project 1-461] DRC finished with 0 Errors
INFO: [Project 1-462] Please refer to the DRC report (report_drc) for more information.

Time (s): cpu = 00:00:01 ; elapsed = 00:00:00.473 . Memory (MB): peak = 593.324 ; gain = 10.113

Starting Cache Timing Information Task
INFO: [Timing 38-35] Done setting XDC timing constraints.
Ending Cache Timing Information Task | Checksum: 1144d11cb

Time (s): cpu = 00:00:04 ; elapsed = 00:00:05 . Memory (MB): peak = 1123.820 ; gain = 530.496

Starting Logic Optimization Task

Phase 1 Retarget
INFO: [Opt 31-138] Pushed 0 inverter(s) to 0 load pin(s).
INFO: [Opt 31-49] Retargeted 0 cell(s).
Phase 1 Retarget | Checksum: 1144d11cb

Time (s): cpu = 00:00:00 ; elapsed = 00:00:00.044 . Memory (MB): peak = 1220.523 ; gain = 0.000
INFO: [Opt 31-389] Phase Retarget created 0 cells and removed 0 cells
INFO: [Opt 31-1021] In phase Retarget, 12 netlist objects are constrained preventing optimization. Please run opt_design with -debug_log to get more detail. 

Phase 2 Constant propagation
INFO: [Opt 31-138] Pushed 0 inverter(s) to 0 load pin(s).
Phase 2 Constant propagation | Checksum: 1144d11cb

Time (s): cpu = 00:00:00 ; elapsed = 00:00:00.051 . Memory (MB): peak = 1220.523 ; gain = 0.000
INFO: [Opt 31-389] Phase Constant propagation created 0 cells and removed 0 cells
INFO: [Opt 31-1021] In phase Constant propagation, 8 netlist objects are constrained preventing optimization. Please run opt_design with -debug_log to get more detail. 

Phase 3 Sweep
Phase 3 Sweep | Checksum: f0e12546

Time (s): cpu = 00:00:00 ; elapsed = 00:00:00.073 . Memory (MB): peak = 1220.523 ; gain = 0.000
INFO: [Opt 31-389] Phase Sweep created 0 cells and removed 38 cells
INFO: [Opt 31-1021] In phase Sweep, 74 netlist objects are constrained preventing optimization. Please run opt_design with -debug_log to get more detail. 

Phase 4 BUFG optimization
Phase 4 BUFG optimization | Checksum: f0e12546

Time (s): cpu = 00:00:00 ; elapsed = 00:00:00.079 . Memory (MB): peak = 1220.523 ; gain = 0.000
INFO: [Opt 31-662] Phase BUFG optimization created 0 cells of which 0 are BUFGs and removed 0 cells.

Phase 5 Shift Register Optimization
Phase 5 Shift Register Optimization | Checksum: 1cf70b99e

Time (s): cpu = 00:00:00 ; elapsed = 00:00:00.097 . Memory (MB): peak = 1220.523 ; gain = 0.000
INFO: [Opt 31-389] Phase Shift Register Optimization created 0 cells and removed 0 cells

Phase 6 Post Processing Netlist
Phase 6 Post Processing Netlist | Checksum: 1cf70b99e

Time (s): cpu = 00:00:00 ; elapsed = 00:00:00.100 . Memory (MB): peak = 1220.523 ; gain = 0.000
INFO: [Opt 31-389] Phase Post Processing Netlist created 0 cells and removed 0 cells
INFO: [Opt 31-1021] In phase Post Processing Netlist, 1 netlist objects are constrained preventing optimization. Please run opt_design with -debug_log to get more detail. 
Opt_design Change Summary
=========================


-------------------------------------------------------------------------------------------------------------------------
|  Phase                        |  #Cells created  |  #Cells Removed  |  #Constrained objects preventing optimizations  |
-------------------------------------------------------------------------------------------------------------------------
|  Retarget                     |               0  |               0  |                                             12  |
|  Constant propagation         |               0  |               0  |                                              8  |
|  Sweep                        |               0  |              38  |                                             74  |
|  BUFG optimization            |               0  |               0  |                                              0  |
|  Shift Register Optimization  |               0  |               0  |                                              0  |
|  Post Processing Netlist      |               0  |               0  |                                              1  |
-------------------------------------------------------------------------------------------------------------------------



Starting Connectivity Check Task

Time (s): cpu = 00:00:00 ; elapsed = 00:00:00 . Memory (MB): peak = 1220.523 ; gain = 0.000
Ending Logic Optimization Task | Checksum: 1cf70b99e

Time (s): cpu = 00:00:00 ; elapsed = 00:00:00.105 . Memory (MB): peak = 1220.523 ; gain = 0.000

Starting Power Optimization Task
INFO: [Pwropt 34-132] Skipping clock gating for clocks with a period < 2.00 ns.
INFO: [Timing 38-35] Done setting XDC timing constraints.
INFO: [Pwropt 34-9] Applying IDT optimizations ...
INFO: [Pwropt 34-10] Applying ODC optimizations ...
INFO: [Physopt 32-619] Estimated Timing Summary | WNS=15.861 | TNS=0.000 |
Running Vector-less Activity Propagation...

Finished Running Vector-less Activity Propagation


Starting PowerOpt Patch Enables Task
INFO: [Pwropt 34-162] WRITE_MODE attribute of 0 BRAM(s) out of a total of 1 has been updated to save power. Run report_power_opt to get a complete listing of the BRAMs updated.
INFO: [Pwropt 34-201] Structural ODC has moved 0 WE to EN ports
Number of BRAM Ports augmented: 0 newly gated: 0 Total Ports: 2
Ending PowerOpt Patch Enables Task | Checksum: 1cf70b99e

Time (s): cpu = 00:00:00 ; elapsed = 00:00:00.007 . Memory (MB): peak = 1346.562 ; gain = 0.000
Ending Power Optimization Task | Checksum: 1cf70b99e

Time (s): cpu = 00:00:00 ; elapsed = 00:00:00.329 . Memory (MB): peak = 1346.562 ; gain = 126.039

Starting Final Cleanup Task
Ending Final Cleanup Task | Checksum: 1cf70b99e

Time (s): cpu = 00:00:00 ; elapsed = 00:00:00 . Memory (MB): peak = 1346.562 ; gain = 0.000

Starting Netlist Obfuscation Task
Netlist sorting complete. Time (s): cpu = 00:00:00 ; elapsed = 00:00:00.001 . Memory (MB): peak = 1346.562 ; gain = 0.000
Ending Netlist Obfuscation Task | Checksum: 1cf70b99e

Time (s): cpu = 00:00:00 ; elapsed = 00:00:00.001 . Memory (MB): peak = 1346.562 ; gain = 0.000
INFO: [Common 17-83] Releasing license: Implementation
33 Infos, 0 Warnings, 0 Critical Warnings and 0 Errors encountered.
opt_design completed successfully
opt_design: Time (s): cpu = 00:00:06 ; elapsed = 00:00:07 . Memory (MB): peak = 1346.562 ; gain = 763.352
Netlist sorting complete. Time (s): cpu = 00:00:00 ; elapsed = 00:00:00 . Memory (MB): peak = 1346.562 ; gain = 0.000
INFO: [Timing 38-480] Writing timing data to binary archive.
Writing placer database...
Writing XDEF routing.
Writing XDEF routing logical nets.
Writing XDEF routing special nets.
Write XDEF Complete: Time (s): cpu = 00:00:00 ; elapsed = 00:00:00.024 . Memory (MB): peak = 1346.562 ; gain = 0.000
Netlist sorting complete. Time (s): cpu = 00:00:00 ; elapsed = 00:00:00 . Memory (MB): peak = 1346.562 ; gain = 0.000
INFO: [Common 17-1381] The checkpoint '<PROJECT_ROOT>/fpga/vivado/mbist_board.runs/impl_1/board_top_opt.dcp' has been generated.
INFO: [runtcl-4] Executing : report_drc -file board_top_drc_opted.rpt -pb board_top_drc_opted.pb -rpx board_top_drc_opted.rpx
Command: report_drc -file board_top_drc_opted.rpt -pb board_top_drc_opted.pb -rpx board_top_drc_opted.rpx
INFO: [IP_Flow 19-234] Refreshing IP repositories
INFO: [IP_Flow 19-1704] No user IP repositories specified
INFO: [IP_Flow 19-2313] Loaded Vivado IP repository 'C:/Xilinx/Vivado/2018.3/data/ip'.
INFO: [DRC 23-27] Running DRC with 2 threads
INFO: [Coretcl 2-168] The results of DRC are in file <PROJECT_ROOT>/fpga/vivado/mbist_board.runs/impl_1/board_top_drc_opted.rpt.
report_drc completed successfully
Command: place_design
Attempting to get a license for feature 'Implementation' and/or device 'xc7a35t'
INFO: [Common 17-349] Got license for feature 'Implementation' and/or device 'xc7a35t'
INFO: [DRC 23-27] Running DRC with 2 threads
INFO: [Vivado_Tcl 4-198] DRC finished with 0 Errors
INFO: [Vivado_Tcl 4-199] Please refer to the DRC report (report_drc) for more information.
Running DRC as a precondition to command place_design
INFO: [DRC 23-27] Running DRC with 2 threads
WARNING: [DRC REQP-1840] RAMB18 async control check: The RAMB18E1 u_bram/mem_reg has an input control pin u_bram/mem_reg/ENARDEN (net: u_bram/rd_data1) which is driven by a register (reset_sync_reg[1]) that has an active asychronous set or reset. This may cause corruption of the memory contents and/or read values when the set/reset is asserted and is not analyzed by the default static timing analysis. It is suggested to eliminate the use of a set/reset to registers driving this RAMB pin or else use a synchronous reset in which the assertion of the reset is timed by default.
INFO: [Vivado_Tcl 4-198] DRC finished with 0 Errors, 1 Warnings
INFO: [Vivado_Tcl 4-199] Please refer to the DRC report (report_drc) for more information.

Starting Placer Task
INFO: [Place 30-611] Multithreading enabled for place_design using a maximum of 2 CPUs

Phase 1 Placer Initialization

Phase 1.1 Placer Initialization Netlist Sorting
Netlist sorting complete. Time (s): cpu = 00:00:00 ; elapsed = 00:00:00 . Memory (MB): peak = 1346.562 ; gain = 0.000
Phase 1.1 Placer Initialization Netlist Sorting | Checksum: 167ea7cef

Time (s): cpu = 00:00:00 ; elapsed = 00:00:00.012 . Memory (MB): peak = 1346.562 ; gain = 0.000
Netlist sorting complete. Time (s): cpu = 00:00:00 ; elapsed = 00:00:00.001 . Memory (MB): peak = 1346.562 ; gain = 0.000

Phase 1.2 IO Placement/ Clock Placement/ Build Placer Device
INFO: [Timing 38-35] Done setting XDC timing constraints.
Phase 1.2 IO Placement/ Clock Placement/ Build Placer Device | Checksum: 58248703

Time (s): cpu = 00:00:01 ; elapsed = 00:00:00.375 . Memory (MB): peak = 1346.562 ; gain = 0.000

Phase 1.3 Build Placer Netlist Model
Phase 1.3 Build Placer Netlist Model | Checksum: da3500f1

Time (s): cpu = 00:00:01 ; elapsed = 00:00:00.483 . Memory (MB): peak = 1346.562 ; gain = 0.000

Phase 1.4 Constrain Clocks/Macros
Phase 1.4 Constrain Clocks/Macros | Checksum: da3500f1

Time (s): cpu = 00:00:01 ; elapsed = 00:00:00.486 . Memory (MB): peak = 1346.562 ; gain = 0.000
Phase 1 Placer Initialization | Checksum: da3500f1

Time (s): cpu = 00:00:01 ; elapsed = 00:00:00.492 . Memory (MB): peak = 1346.562 ; gain = 0.000

Phase 2 Global Placement

Phase 2.1 Floorplanning
Phase 2.1 Floorplanning | Checksum: f62d6990

Time (s): cpu = 00:00:01 ; elapsed = 00:00:00.545 . Memory (MB): peak = 1346.562 ; gain = 0.000

Phase 2.2 Physical Synthesis In Placer
INFO: [Physopt 32-65] No nets found for high-fanout optimization.
INFO: [Physopt 32-232] Optimized 0 net. Created 0 new instance.
INFO: [Physopt 32-775] End 1 Pass. Optimized 0 net or cell. Created 0 new cell, deleted 0 existing cell and moved 0 existing cell
INFO: [Physopt 32-670] No setup violation found.  DSP Register Optimization was not performed.
INFO: [Physopt 32-670] No setup violation found.  Shift Register Optimization was not performed.
INFO: [Physopt 32-670] No setup violation found.  BRAM Register Optimization was not performed.
INFO: [Physopt 32-949] No candidate nets found for HD net replication
INFO: [Physopt 32-775] End 1 Pass. Optimized 0 net or cell. Created 0 new cell, deleted 0 existing cell and moved 0 existing cell
Netlist sorting complete. Time (s): cpu = 00:00:00 ; elapsed = 00:00:00 . Memory (MB): peak = 1346.562 ; gain = 0.000

Summary of Physical Synthesis Optimizations
============================================


----------------------------------------------------------------------------------------------------------------------------------------
|  Optimization                  |  Added Cells  |  Removed Cells  |  Optimized Cells/Nets  |  Dont Touch  |  Iterations  |  Elapsed   |
----------------------------------------------------------------------------------------------------------------------------------------
|  Very High Fanout              |            0  |              0  |                     0  |           0  |           1  |  00:00:00  |
|  DSP Register                  |            0  |              0  |                     0  |           0  |           0  |  00:00:00  |
|  Shift Register                |            0  |              0  |                     0  |           0  |           0  |  00:00:00  |
|  BRAM Register                 |            0  |              0  |                     0  |           0  |           0  |  00:00:00  |
|  HD Interface Net Replication  |            0  |              0  |                     0  |           0  |           1  |  00:00:00  |
|  Total                         |            0  |              0  |                     0  |           0  |           2  |  00:00:00  |
----------------------------------------------------------------------------------------------------------------------------------------


Phase 2.2 Physical Synthesis In Placer | Checksum: 18c273112

Time (s): cpu = 00:00:02 ; elapsed = 00:00:01 . Memory (MB): peak = 1346.562 ; gain = 0.000
Phase 2 Global Placement | Checksum: 180f403c8

Time (s): cpu = 00:00:02 ; elapsed = 00:00:01 . Memory (MB): peak = 1346.562 ; gain = 0.000

Phase 3 Detail Placement

Phase 3.1 Commit Multi Column Macros
Phase 3.1 Commit Multi Column Macros | Checksum: 180f403c8

Time (s): cpu = 00:00:02 ; elapsed = 00:00:01 . Memory (MB): peak = 1346.562 ; gain = 0.000

Phase 3.2 Commit Most Macros & LUTRAMs
Phase 3.2 Commit Most Macros & LUTRAMs | Checksum: db30c1e7

Time (s): cpu = 00:00:02 ; elapsed = 00:00:01 . Memory (MB): peak = 1346.562 ; gain = 0.000

Phase 3.3 Area Swap Optimization
Phase 3.3 Area Swap Optimization | Checksum: 11a704eb6

Time (s): cpu = 00:00:02 ; elapsed = 00:00:01 . Memory (MB): peak = 1346.562 ; gain = 0.000

Phase 3.4 Pipeline Register Optimization
Phase 3.4 Pipeline Register Optimization | Checksum: 159d82e1a

Time (s): cpu = 00:00:02 ; elapsed = 00:00:01 . Memory (MB): peak = 1346.562 ; gain = 0.000

Phase 3.5 Small Shape Detail Placement
Phase 3.5 Small Shape Detail Placement | Checksum: c2429974

Time (s): cpu = 00:00:02 ; elapsed = 00:00:02 . Memory (MB): peak = 1346.562 ; gain = 0.000

Phase 3.6 Re-assign LUT pins
Phase 3.6 Re-assign LUT pins | Checksum: 18523b1e6

Time (s): cpu = 00:00:02 ; elapsed = 00:00:02 . Memory (MB): peak = 1346.562 ; gain = 0.000

Phase 3.7 Pipeline Register Optimization
Phase 3.7 Pipeline Register Optimization | Checksum: 1c58bd30a

Time (s): cpu = 00:00:02 ; elapsed = 00:00:02 . Memory (MB): peak = 1346.562 ; gain = 0.000
Phase 3 Detail Placement | Checksum: 1c58bd30a

Time (s): cpu = 00:00:02 ; elapsed = 00:00:02 . Memory (MB): peak = 1346.562 ; gain = 0.000

Phase 4 Post Placement Optimization and Clean-Up

Phase 4.1 Post Commit Optimization
INFO: [Timing 38-35] Done setting XDC timing constraints.

Phase 4.1.1 Post Placement Optimization
Post Placement Optimization Initialization | Checksum: 1747528eb

Phase 4.1.1.1 BUFG Insertion
INFO: [Place 46-46] BUFG insertion identified 0 candidate nets, 0 success, 0 bufg driver replicated, 0 skipped for placement/routing, 0 skipped for timing, 0 skipped for netlist change reason
Phase 4.1.1.1 BUFG Insertion | Checksum: 1747528eb

Time (s): cpu = 00:00:02 ; elapsed = 00:00:02 . Memory (MB): peak = 1346.562 ; gain = 0.000
INFO: [Place 30-746] Post Placement Timing Summary WNS=15.342. For the most accurate timing information please run report_timing.
Phase 4.1.1 Post Placement Optimization | Checksum: 11754e160

Time (s): cpu = 00:00:02 ; elapsed = 00:00:02 . Memory (MB): peak = 1346.562 ; gain = 0.000
Phase 4.1 Post Commit Optimization | Checksum: 11754e160

Time (s): cpu = 00:00:02 ; elapsed = 00:00:02 . Memory (MB): peak = 1346.562 ; gain = 0.000

Phase 4.2 Post Placement Cleanup
Phase 4.2 Post Placement Cleanup | Checksum: 11754e160

Time (s): cpu = 00:00:02 ; elapsed = 00:00:02 . Memory (MB): peak = 1346.562 ; gain = 0.000

Phase 4.3 Placer Reporting
Phase 4.3 Placer Reporting | Checksum: 11754e160

Time (s): cpu = 00:00:02 ; elapsed = 00:00:02 . Memory (MB): peak = 1346.562 ; gain = 0.000

Phase 4.4 Final Placement Cleanup
Netlist sorting complete. Time (s): cpu = 00:00:00 ; elapsed = 00:00:00 . Memory (MB): peak = 1346.562 ; gain = 0.000
Phase 4.4 Final Placement Cleanup | Checksum: 1cf02b476

Time (s): cpu = 00:00:02 ; elapsed = 00:00:02 . Memory (MB): peak = 1346.562 ; gain = 0.000
Phase 4 Post Placement Optimization and Clean-Up | Checksum: 1cf02b476

Time (s): cpu = 00:00:02 ; elapsed = 00:00:02 . Memory (MB): peak = 1346.562 ; gain = 0.000
Ending Placer Task | Checksum: 1c583302f

Time (s): cpu = 00:00:02 ; elapsed = 00:00:02 . Memory (MB): peak = 1346.562 ; gain = 0.000
INFO: [Common 17-83] Releasing license: Implementation
62 Infos, 1 Warnings, 0 Critical Warnings and 0 Errors encountered.
place_design completed successfully
Netlist sorting complete. Time (s): cpu = 00:00:00 ; elapsed = 00:00:00 . Memory (MB): peak = 1346.562 ; gain = 0.000
INFO: [Timing 38-480] Writing timing data to binary archive.
Writing placer database...
Writing XDEF routing.
Writing XDEF routing logical nets.
Writing XDEF routing special nets.
Write XDEF Complete: Time (s): cpu = 00:00:01 ; elapsed = 00:00:00.032 . Memory (MB): peak = 1346.562 ; gain = 0.000
Netlist sorting complete. Time (s): cpu = 00:00:00 ; elapsed = 00:00:00 . Memory (MB): peak = 1346.562 ; gain = 0.000
INFO: [Common 17-1381] The checkpoint '<PROJECT_ROOT>/fpga/vivado/mbist_board.runs/impl_1/board_top_placed.dcp' has been generated.
INFO: [runtcl-4] Executing : report_io -file board_top_io_placed.rpt
report_io: Time (s): cpu = 00:00:00 ; elapsed = 00:00:00.040 . Memory (MB): peak = 1346.562 ; gain = 0.000
INFO: [runtcl-4] Executing : report_utilization -file board_top_utilization_placed.rpt -pb board_top_utilization_placed.pb
INFO: [runtcl-4] Executing : report_control_sets -verbose -file board_top_control_sets_placed.rpt
report_control_sets: Time (s): cpu = 00:00:00 ; elapsed = 00:00:00.001 . Memory (MB): peak = 1346.562 ; gain = 0.000
Command: route_design
Attempting to get a license for feature 'Implementation' and/or device 'xc7a35t'
INFO: [Common 17-349] Got license for feature 'Implementation' and/or device 'xc7a35t'
Running DRC as a precondition to command route_design
INFO: [DRC 23-27] Running DRC with 2 threads
INFO: [Vivado_Tcl 4-198] DRC finished with 0 Errors
INFO: [Vivado_Tcl 4-199] Please refer to the DRC report (report_drc) for more information.


Starting Routing Task
INFO: [Route 35-254] Multithreading enabled for route_design using a maximum of 2 CPUs
Checksum: PlaceDB: c65fa239 ConstDB: 0 ShapeSum: ff238df6 RouteDB: 0

Phase 1 Build RT Design
Phase 1 Build RT Design | Checksum: 12554331f

Time (s): cpu = 00:00:15 ; elapsed = 00:00:14 . Memory (MB): peak = 1385.043 ; gain = 38.480
Post Restoration Checksum: NetGraph: 8ded8f96 NumContArr: 9766a389 Constraints: 0 Timing: 0

Phase 2 Router Initialization

Phase 2.1 Create Timer
Phase 2.1 Create Timer | Checksum: 12554331f

Time (s): cpu = 00:00:15 ; elapsed = 00:00:14 . Memory (MB): peak = 1409.277 ; gain = 62.715

Phase 2.2 Fix Topology Constraints
Phase 2.2 Fix Topology Constraints | Checksum: 12554331f

Time (s): cpu = 00:00:15 ; elapsed = 00:00:14 . Memory (MB): peak = 1415.312 ; gain = 68.750

Phase 2.3 Pre Route Cleanup
Phase 2.3 Pre Route Cleanup | Checksum: 12554331f

Time (s): cpu = 00:00:15 ; elapsed = 00:00:14 . Memory (MB): peak = 1415.312 ; gain = 68.750
 Number of Nodes with overlaps = 0

Phase 2.4 Update Timing
Phase 2.4 Update Timing | Checksum: 1dc479334

Time (s): cpu = 00:00:16 ; elapsed = 00:00:15 . Memory (MB): peak = 1419.398 ; gain = 72.836
INFO: [Route 35-416] Intermediate Timing Summary | WNS=15.392 | TNS=0.000  | WHS=-0.205 | THS=-4.144 |

Phase 2 Router Initialization | Checksum: 1eb3b4cf5

Time (s): cpu = 00:00:16 ; elapsed = 00:00:15 . Memory (MB): peak = 1419.398 ; gain = 72.836

Phase 3 Initial Routing
Phase 3 Initial Routing | Checksum: 1df92eadd

Time (s): cpu = 00:00:16 ; elapsed = 00:00:15 . Memory (MB): peak = 1419.398 ; gain = 72.836

Phase 4 Rip-up And Reroute

Phase 4.1 Global Iteration 0
 Number of Nodes with overlaps = 5
 Number of Nodes with overlaps = 0
INFO: [Route 35-416] Intermediate Timing Summary | WNS=15.013 | TNS=0.000  | WHS=N/A    | THS=N/A    |

Phase 4.1 Global Iteration 0 | Checksum: dd9db7ba

Time (s): cpu = 00:00:16 ; elapsed = 00:00:15 . Memory (MB): peak = 1419.398 ; gain = 72.836
Phase 4 Rip-up And Reroute | Checksum: dd9db7ba

Time (s): cpu = 00:00:16 ; elapsed = 00:00:15 . Memory (MB): peak = 1419.398 ; gain = 72.836

Phase 5 Delay and Skew Optimization

Phase 5.1 Delay CleanUp
Phase 5.1 Delay CleanUp | Checksum: dd9db7ba

Time (s): cpu = 00:00:16 ; elapsed = 00:00:15 . Memory (MB): peak = 1419.398 ; gain = 72.836

Phase 5.2 Clock Skew Optimization
Phase 5.2 Clock Skew Optimization | Checksum: dd9db7ba

Time (s): cpu = 00:00:16 ; elapsed = 00:00:15 . Memory (MB): peak = 1419.398 ; gain = 72.836
Phase 5 Delay and Skew Optimization | Checksum: dd9db7ba

Time (s): cpu = 00:00:16 ; elapsed = 00:00:15 . Memory (MB): peak = 1419.398 ; gain = 72.836

Phase 6 Post Hold Fix

Phase 6.1 Hold Fix Iter

Phase 6.1.1 Update Timing
Phase 6.1.1 Update Timing | Checksum: 13b205212

Time (s): cpu = 00:00:16 ; elapsed = 00:00:15 . Memory (MB): peak = 1419.398 ; gain = 72.836
INFO: [Route 35-416] Intermediate Timing Summary | WNS=15.080 | TNS=0.000  | WHS=0.155  | THS=0.000  |

Phase 6.1 Hold Fix Iter | Checksum: 13b205212

Time (s): cpu = 00:00:16 ; elapsed = 00:00:15 . Memory (MB): peak = 1419.398 ; gain = 72.836
Phase 6 Post Hold Fix | Checksum: 13b205212

Time (s): cpu = 00:00:16 ; elapsed = 00:00:15 . Memory (MB): peak = 1419.398 ; gain = 72.836

Phase 7 Route finalize

Router Utilization Summary
  Global Vertical Routing Utilization    = 0.0168221 %
  Global Horizontal Routing Utilization  = 0.0221239 %
  Routable Net Status*
  *Does not include unroutable nets such as driverless and loadless.
  Run report_route_status for detailed report.
  Number of Failed Nets               = 0
  Number of Unrouted Nets             = 0
  Number of Partially Routed Nets     = 0
  Number of Node Overlaps             = 0

Phase 7 Route finalize | Checksum: 14358ae6a

Time (s): cpu = 00:00:16 ; elapsed = 00:00:15 . Memory (MB): peak = 1419.398 ; gain = 72.836

Phase 8 Verifying routed nets

 Verification completed successfully
Phase 8 Verifying routed nets | Checksum: 14358ae6a

Time (s): cpu = 00:00:16 ; elapsed = 00:00:15 . Memory (MB): peak = 1420.723 ; gain = 74.160

Phase 9 Depositing Routes
Phase 9 Depositing Routes | Checksum: 135954bfe

Time (s): cpu = 00:00:16 ; elapsed = 00:00:15 . Memory (MB): peak = 1420.723 ; gain = 74.160

Phase 10 Post Router Timing
INFO: [Route 35-57] Estimated Timing Summary | WNS=15.080 | TNS=0.000  | WHS=0.155  | THS=0.000  |

INFO: [Route 35-327] The final timing numbers are based on the router estimated timing analysis. For a complete and accurate timing signoff, please run report_timing_summary.
Phase 10 Post Router Timing | Checksum: 135954bfe

Time (s): cpu = 00:00:16 ; elapsed = 00:00:15 . Memory (MB): peak = 1420.723 ; gain = 74.160
INFO: [Route 35-16] Router Completed Successfully

Time (s): cpu = 00:00:16 ; elapsed = 00:00:15 . Memory (MB): peak = 1420.723 ; gain = 74.160

Routing Is Done.
INFO: [Common 17-83] Releasing license: Implementation
79 Infos, 1 Warnings, 0 Critical Warnings and 0 Errors encountered.
route_design completed successfully
route_design: Time (s): cpu = 00:00:17 ; elapsed = 00:00:16 . Memory (MB): peak = 1420.723 ; gain = 74.160
Netlist sorting complete. Time (s): cpu = 00:00:00 ; elapsed = 00:00:00 . Memory (MB): peak = 1420.723 ; gain = 0.000
INFO: [Timing 38-480] Writing timing data to binary archive.
Writing placer database...
Writing XDEF routing.
Writing XDEF routing logical nets.
Writing XDEF routing special nets.
Write XDEF Complete: Time (s): cpu = 00:00:00 ; elapsed = 00:00:00.095 . Memory (MB): peak = 1420.723 ; gain = 0.000
Netlist sorting complete. Time (s): cpu = 00:00:00 ; elapsed = 00:00:00 . Memory (MB): peak = 1420.723 ; gain = 0.000
INFO: [Common 17-1381] The checkpoint '<PROJECT_ROOT>/fpga/vivado/mbist_board.runs/impl_1/board_top_routed.dcp' has been generated.
INFO: [runtcl-4] Executing : report_drc -file board_top_drc_routed.rpt -pb board_top_drc_routed.pb -rpx board_top_drc_routed.rpx
Command: report_drc -file board_top_drc_routed.rpt -pb board_top_drc_routed.pb -rpx board_top_drc_routed.rpx
INFO: [IP_Flow 19-1839] IP Catalog is up to date.
INFO: [DRC 23-27] Running DRC with 2 threads
INFO: [Coretcl 2-168] The results of DRC are in file <PROJECT_ROOT>/fpga/vivado/mbist_board.runs/impl_1/board_top_drc_routed.rpt.
report_drc completed successfully
INFO: [runtcl-4] Executing : report_methodology -file board_top_methodology_drc_routed.rpt -pb board_top_methodology_drc_routed.pb -rpx board_top_methodology_drc_routed.rpx
Command: report_methodology -file board_top_methodology_drc_routed.rpt -pb board_top_methodology_drc_routed.pb -rpx board_top_methodology_drc_routed.rpx
INFO: [Timing 38-35] Done setting XDC timing constraints.
INFO: [DRC 23-133] Running Methodology with 2 threads
INFO: [Coretcl 2-1520] The results of Report Methodology are in file <PROJECT_ROOT>/fpga/vivado/mbist_board.runs/impl_1/board_top_methodology_drc_routed.rpt.
report_methodology completed successfully
INFO: [runtcl-4] Executing : report_power -file board_top_power_routed.rpt -pb board_top_power_summary_routed.pb -rpx board_top_power_routed.rpx
Command: report_power -file board_top_power_routed.rpt -pb board_top_power_summary_routed.pb -rpx board_top_power_routed.rpx
INFO: [Timing 38-35] Done setting XDC timing constraints.
Running Vector-less Activity Propagation...

Finished Running Vector-less Activity Propagation
91 Infos, 1 Warnings, 0 Critical Warnings and 0 Errors encountered.
report_power completed successfully
INFO: [runtcl-4] Executing : report_route_status -file board_top_route_status.rpt -pb board_top_route_status.pb
INFO: [runtcl-4] Executing : report_timing_summary -max_paths 10 -file board_top_timing_summary_routed.rpt -pb board_top_timing_summary_routed.pb -rpx board_top_timing_summary_routed.rpx -warn_on_violation 
INFO: [Timing 38-91] UpdateTimingParams: Speed grade: -2, Delay Type: min_max.
INFO: [Timing 38-191] Multithreading enabled for timing update using a maximum of 2 CPUs
INFO: [runtcl-4] Executing : report_incremental_reuse -file board_top_incremental_reuse_routed.rpt
INFO: [Vivado_Tcl 4-1062] Incremental flow is disabled. No incremental reuse Info to report.
INFO: [runtcl-4] Executing : report_clock_utilization -file board_top_clock_utilization_routed.rpt
INFO: [runtcl-4] Executing : report_bus_skew -warn_on_violation -file board_top_bus_skew_routed.rpt -pb board_top_bus_skew_routed.pb -rpx board_top_bus_skew_routed.rpx
INFO: [Timing 38-91] UpdateTimingParams: Speed grade: -2, Delay Type: min_max.
INFO: [Timing 38-191] Multithreading enabled for timing update using a maximum of 2 CPUs
Command: write_bitstream -force board_top.bit
Attempting to get a license for feature 'Implementation' and/or device 'xc7a35t'
INFO: [Common 17-349] Got license for feature 'Implementation' and/or device 'xc7a35t'
Running DRC as a precondition to command write_bitstream
INFO: [IP_Flow 19-1839] IP Catalog is up to date.
INFO: [DRC 23-27] Running DRC with 2 threads
WARNING: [DRC CFGBVS-1] Missing CFGBVS and CONFIG_VOLTAGE Design Properties: Neither the CFGBVS nor CONFIG_VOLTAGE voltage property is set in the current_design.  Configuration bank voltage select (CFGBVS) must be set to VCCO or GND, and CONFIG_VOLTAGE must be set to the correct configuration voltage, in order to determine the I/O voltage support for the pins in bank 0.  It is suggested to specify these either using the 'Edit Device Properties' function in the GUI or directly in the XDC file using the following syntax:

 set_property CFGBVS value1 [current_design]
 #where value1 is either VCCO or GND

 set_property CONFIG_VOLTAGE value2 [current_design]
 #where value2 is the voltage provided to configuration bank 0

Refer to the device configuration user guide for more information.
WARNING: [DRC REQP-1840] RAMB18 async control check: The RAMB18E1 u_bram/mem_reg has an input control pin u_bram/mem_reg/ENARDEN (net: u_bram/rd_data1) which is driven by a register (reset_sync_reg[1]) that has an active asychronous set or reset. This may cause corruption of the memory contents and/or read values when the set/reset is asserted and is not analyzed by the default static timing analysis. It is suggested to eliminate the use of a set/reset to registers driving this RAMB pin or else use a synchronous reset in which the assertion of the reset is timed by default.
INFO: [Vivado 12-3199] DRC finished with 0 Errors, 2 Warnings
INFO: [Vivado 12-3200] Please refer to the DRC report (report_drc) for more information.
INFO: [Designutils 20-2272] Running write_bitstream with 2 threads.
Loading data files...
Loading site data...
Loading route data...
Processing options...
Creating bitmap...
Creating bitstream...
Writing bitstream ./board_top.bit...
INFO: [Vivado 12-1842] Bitgen Completed Successfully.
INFO: [Project 1-120] WebTalk data collection is mandatory when using a WebPACK part without a full Vivado license. To see the specific WebTalk data collected for your design, open the usage_statistics_webtalk.html or usage_statistics_webtalk.xml file in the implementation directory.
INFO: [Common 17-83] Releasing license: Implementation
110 Infos, 3 Warnings, 0 Critical Warnings and 0 Errors encountered.
write_bitstream completed successfully
write_bitstream: Time (s): cpu = 00:00:13 ; elapsed = 00:00:14 . Memory (MB): peak = 1863.594 ; gain = 406.738
INFO: [Common 17-206] Exiting Vivado at Sat Sep 26 10:54:19 2026...
[Sat Sep 26 10:54:21 2026] impl_1 finished
wait_on_run: Time (s): cpu = 00:00:00 ; elapsed = 00:01:00 . Memory (MB): peak = 1120.043 ; gain = 0.000
# puts "IMPL_STATUS [get_property STATUS [get_runs impl_1]]"
IMPL_STATUS write_bitstream Complete!
# if {[get_property PROGRESS [get_runs impl_1]] ne "100%"} {
#     error "Board implementation did not complete"
# }
# open_run impl_1
INFO: [Netlist 29-17] Analyzing 9 Unisim elements for replacement
INFO: [Netlist 29-28] Unisim Transformation completed in 0 CPU seconds
INFO: [Project 1-479] Netlist was created with Vivado 2018.3
INFO: [Project 1-570] Preparing netlist for logic optimization
INFO: [Timing 38-478] Restoring timing data from binary archive.
INFO: [Timing 38-479] Binary timing data restore complete.
INFO: [Project 1-856] Restoring constraints from binary archive.
INFO: [Project 1-853] Binary constraint restore complete.
Reading XDEF placement.
Reading placer database...
Reading XDEF routing.
Read XDEF File: Time (s): cpu = 00:00:00 ; elapsed = 00:00:00.086 . Memory (MB): peak = 1139.969 ; gain = 0.000
Restored from archive | CPU: 0.000000 secs | Memory: 0.000000 MB |
Finished XDEF File Restore: Time (s): cpu = 00:00:00 ; elapsed = 00:00:00.090 . Memory (MB): peak = 1139.969 ; gain = 0.000
Netlist sorting complete. Time (s): cpu = 00:00:00 ; elapsed = 00:00:00 . Memory (MB): peak = 1139.969 ; gain = 0.000
INFO: [Project 1-111] Unisim Transformation Summary:
No Unisim elements were transformed.

# set_operating_conditions -grade Industrial
# report_operating_conditions -grade -file [file join $evidence implemented_operating_conditions.rpt]
# report_utilization -file [file join $evidence implemented_utilization.rpt]
# report_timing_summary -delay_type max -report_unconstrained -file [file join $evidence implemented_timing_summary.rpt]
INFO: [Timing 38-91] UpdateTimingParams: Speed grade: -2, Delay Type: max.
INFO: [Timing 38-191] Multithreading enabled for timing update using a maximum of 2 CPUs
# report_timing -delay_type max -max_paths 10 -sort_by group -file [file join $evidence critical_paths.rpt]
INFO: [Timing 38-91] UpdateTimingParams: Speed grade: -2, Delay Type: max.
INFO: [Timing 38-191] Multithreading enabled for timing update using a maximum of 2 CPUs
INFO: [Timing 38-78] ReportTimingParams: -max_paths 10 -nworst 1 -delay_type max -sort_by group.
# write_checkpoint -force [file join $evidence board_routed.dcp]
Netlist sorting complete. Time (s): cpu = 00:00:00 ; elapsed = 00:00:00.001 . Memory (MB): peak = 1139.969 ; gain = 0.000
INFO: [Timing 38-480] Writing timing data to binary archive.
Writing placer database...
Writing XDEF routing.
Writing XDEF routing logical nets.
Writing XDEF routing special nets.
Write XDEF Complete: Time (s): cpu = 00:00:01 ; elapsed = 00:00:00.098 . Memory (MB): peak = 1143.418 ; gain = 3.449
Netlist sorting complete. Time (s): cpu = 00:00:00 ; elapsed = 00:00:00.001 . Memory (MB): peak = 1148.625 ; gain = 0.000
INFO: [Common 17-1381] The checkpoint '<PROJECT_ROOT>/results/step08/base/board_routed.dcp' has been generated.
# set bitstream [file join $project_dir mbist_board.runs impl_1 board_top.bit]
# if {![file exists $bitstream]} {
#     error "Bitstream missing: $bitstream"
# }
# file copy -force $bitstream [file join $evidence board_top.bit]
# puts "STEP08_BASE_BUILD_PASS part=$part primitive=$primitive DOA_REG=$doa_reg bitstream=[file join $evidence board_top.bit]"
STEP08_BASE_BUILD_PASS part=xc7a35tfgg484-2 primitive=RAMB18E1 DOA_REG=0 bitstream=<PROJECT_ROOT>/results/step08/base/board_top.bit
INFO: [Common 17-206] Exiting Vivado at Sat Sep 26 10:54:25 2026...
