#-----------------------------------------------------------
# Vivado v2018.3 (64-bit)
# SW Build 2405991 on Thu Dec  6 23:38:27 MST 2018
# IP Build 2404404 on Fri Dec  7 01:43:56 MST 2018
# Start of session at: Sat Sep 26 10:58:49 2026
# Process ID: 10780
# Current directory: <PROJECT_ROOT>
# Command line: vivado.exe -mode batch -source fpga/build_ila.tcl -log results/step08/ila/vivado.log -journal results/step08/ila/vivado.jou
# Log file: <PROJECT_ROOT>/results/step08/ila/vivado.log
# Journal file: <PROJECT_ROOT>\results/step08/ila/vivado.jou
#-----------------------------------------------------------
source fpga/build_ila.tcl
# set root [file normalize [file join [file dirname [info script]] ..]]
# set evidence [file join $root results step08 ila]
# file mkdir $evidence
# open_project [file join $root fpga vivado mbist_board.xpr]
INFO: [ProjectBase 1-489] The host OS only allows 260 characters in a normal path. The project is stored in a path with more than 80 characters. If you experience issues with IP, Block Designs, or files not being found, please consider moving the project to a location with a shorter path. Alternately consider using the OS subst command to map part of the path to a drive letter.
Current project path is '<PROJECT_ROOT>/fpga/vivado'
Scanning sources...
Finished scanning sources
# open_run synth_1
Design is defaulting to impl run constrset: constrs_1
Design is defaulting to synth run part: xc7a35tfgg484-2
INFO: [Netlist 29-17] Analyzing 9 Unisim elements for replacement
INFO: [Netlist 29-28] Unisim Transformation completed in 0 CPU seconds
INFO: [Project 1-479] Netlist was created with Vivado 2018.3
INFO: [Device 21-403] Loading part xc7a35tfgg484-2
INFO: [Project 1-570] Preparing netlist for logic optimization
Parsing XDC File [<PROJECT_ROOT>/fpga/board_pins.xdc]
Finished Parsing XDC File [<PROJECT_ROOT>/fpga/board_pins.xdc]
INFO: [Opt 31-138] Pushed 0 inverter(s) to 0 load pin(s).
Netlist sorting complete. Time (s): cpu = 00:00:00 ; elapsed = 00:00:00 . Memory (MB): peak = 579.992 ; gain = 0.000
INFO: [Project 1-111] Unisim Transformation Summary:
No Unisim elements were transformed.

open_run: Time (s): cpu = 00:00:04 ; elapsed = 00:00:05 . Memory (MB): peak = 584.008 ; gain = 317.660
# set_operating_conditions -grade Industrial
# proc scalar {name} {
#     set nets [get_nets -quiet $name]
#     if {[llength $nets] != 1} { error "Expected one net $name, got $nets" }
#     return $nets
# }
# proc bus {name width} {
#     set nets {}
#     for {set i 0} {$i < $width} {incr i} {
#         lappend nets [scalar [format {%s[%d]} $name $i]]
#     }
#     return $nets
# }
# create_debug_core u_ila ila
# set_property C_DATA_DEPTH 1024 [get_debug_cores u_ila]
# set_property C_NUM_OF_PROBES 18 [get_debug_cores u_ila]
ERROR: [Vivado 12-4444] Invalid property name C_NUM_OF_PROBES. Use the 'list_property' command to find properties supported by the debug_core object
ERROR: [Common 17-39] 'set_property' failed due to earlier errors.

    while executing
"rdi::set_property C_NUM_OF_PROBES 18 u_ila"
    invoked from within
"set_property C_NUM_OF_PROBES 18 [get_debug_cores u_ila]"
    (file "fpga/build_ila.tcl" line 26)
INFO: [Common 17-206] Exiting Vivado at Sat Sep 26 10:58:56 2026...
