#-----------------------------------------------------------
# Vivado v2018.3 (64-bit)
# SW Build 2405991 on Thu Dec  6 23:38:27 MST 2018
# IP Build 2404404 on Fri Dec  7 01:43:56 MST 2018
# Start of session at: Sun Sep 27 19:26:01 2026
# Process ID: 54120
# Current directory: .
# Command line: vivado.exe -mode batch -source asic/scripts/create_v10_vivado_view.tcl -log results/asic/v10/vivado_view/create_project.log -journal results/asic/v10/vivado_view/create_project.jou
# Log file: ./results/asic/v10/vivado_view/create_project.log
# Journal file: .\results/asic/v10/vivado_view/create_project.jou
#-----------------------------------------------------------
source asic/scripts/create_v10_vivado_view.tcl
# set root [file normalize [file join [file dirname [info script]] .. ..]]
# set project_dir [file join $root asic vivado mbist_asic_v10]
# set list_file [file join $root asic rtl asic_rtl.f]
# set part xc7a35tfgg484-2
# if {[file exists $project_dir]} {
#     error "V10 Vivado view project already exists; open it instead of overwriting: $project_dir"
# }
# set fp [open $list_file r]
# set rtl {}
# while {[gets $fp relative] >= 0} {
#     set relative [string trim $relative]
#     if {$relative eq "" || [string match "#*" $relative]} { continue }
#     lappend rtl [file join $root $relative]
# }
# close $fp
# if {[llength $rtl] != 7} { error "Expected exactly seven V10 controller RTL files" }
# foreach path $rtl {
#     if {![file exists $path]} { error "Missing RTL file: $path" }
# }
# create_project mbist_asic_v10 $project_dir -part $part
INFO: [ProjectBase 1-489] The host OS only allows 260 characters in a normal path. The project is stored in a path with more than 80 characters. If you experience issues with IP, Block Designs, or files not being found, please consider moving the project to a location with a shorter path. Alternately consider using the OS subst command to map part of the path to a drive letter.
Current project path is './asic/vivado/mbist_asic_v10'
# set_property target_language Verilog [current_project]
# add_files -norecurse $rtl
# set_property top mbist_asic_top [get_filesets sources_1]
# update_compile_order -fileset sources_1
# puts "V10_VIEW_TOP [get_property top [get_filesets sources_1]]"
V10_VIEW_TOP mbist_asic_top
# puts "V10_VIEW_FILE_COUNT [llength $rtl]"
V10_VIEW_FILE_COUNT 7
# foreach path $rtl { puts "V10_VIEW_SOURCE $path" }
V10_VIEW_SOURCE ./rtl/address_generator.v
V10_VIEW_SOURCE ./rtl/data_generator.v
V10_VIEW_SOURCE ./rtl/memory_interface.v
V10_VIEW_SOURCE ./rtl/response_checker.v
V10_VIEW_SOURCE ./rtl/march_controller.v
V10_VIEW_SOURCE ./rtl/mbist_top.v
V10_VIEW_SOURCE ./asic/rtl/mbist_asic_top.v
# open_elaborated_design
invalid command name "open_elaborated_design"
    while executing
"open_elaborated_design"
    (file "asic/scripts/create_v10_vivado_view.tcl" line 32)
INFO: [Common 17-206] Exiting Vivado at Sun Sep 27 19:26:05 2026...
