#-----------------------------------------------------------
# xsim v2018.3 (64-bit)
# SW Build 2405991 on Thu Dec  6 23:38:27 MST 2018
# IP Build 2404404 on Fri Dec  7 01:43:56 MST 2018
# Start of session at: Mon Sep 28 13:01:52 2026
# Process ID: 15664
# Current directory: C:/Users/32035/Desktop/FPGA/ProjectIII/.build/asic/v10/20260928_source_check/xsim/baseline/fault
# Command line: xsim.exe -mode tcl -source {xsim.dir/v10_snapshot/xsim_script.tcl}
# Log file: C:/Users/32035/Desktop/FPGA/ProjectIII/.build/asic/v10/20260928_source_check/xsim/baseline/fault/xsim.log
# Journal file: C:/Users/32035/Desktop/FPGA/ProjectIII/.build/asic/v10/20260928_source_check/xsim/baseline/fault\xsim.jou
#-----------------------------------------------------------
source xsim.dir/v10_snapshot/xsim_script.tcl
# xsim {v10_snapshot} -testplusarg "FAULT_TYPE=1" -testplusarg "FAULT_ADDR=63" -testplusarg "FAULT_BIT=7" -autoloadwcfg -runall
Vivado Simulator 2018.3
Time resolution is 1 ps
run -all
FAULT_ACTIVATE type=1 addr=63 bit=7 count=1
FAULT_ACTIVATE type=1 addr=63 bit=7 count=2
CHECKER_PASS run=1 requests=640 cycles=960 errors=2
FAULT_CASE_RESULT type=1 addr=63 bit=7 activated=1 activations=2 detected=1 errors=2 first_phase=2 first_addr=63 first_expected=ff first_actual=7f
FAULT_MBIST_PASS type=1
$finish called at time : 19300 ns : File "C:/Users/32035/Desktop/FPGA/ProjectIII/.build/asic/v10/20260928_source_check/xsim/baseline/fault/tb_step05_mbist.sv" Line 140
exit
INFO: [Common 17-206] Exiting xsim at Mon Sep 28 13:01:54 2026...
