
****** xsim v2018.3 (64-bit)
  **** SW Build 2405991 on Thu Dec  6 23:38:27 MST 2018
  **** IP Build 2404404 on Fri Dec  7 01:43:56 MST 2018
    ** Copyright 1986-2018 Xilinx, Inc. All Rights Reserved.

source xsim.dir/step06_snapshot/xsim_script.tcl
# xsim {step06_snapshot} -testplusarg "START_INDEX=192" -testplusarg "CASE_COUNT=64" -autoloadwcfg -runall
Vivado Simulator 2018.3
Time resolution is 1 ps
run -all
CASE_BEGIN id=192 type=1 addr=24 bit=0
FAULT_ACTIVATE type=1 addr=24 bit=0 count=1
FAULT_ACTIVATE type=1 addr=24 bit=0 count=2
CHECKER_PASS run=1 requests=640 cycles=960 errors=2
CASE_RESULT id=192 type=1 addr=24 bit=0 activated=1 activations=2 detected=1 errors=2 first_phase=2 first_addr=24 first_expected=ff first_actual=fe requests=640 cycles=960
CASE_BEGIN id=193 type=1 addr=24 bit=1
FAULT_ACTIVATE type=1 addr=24 bit=1 count=1
FAULT_ACTIVATE type=1 addr=24 bit=1 count=2
CHECKER_PASS run=1 requests=640 cycles=960 errors=2
CASE_RESULT id=193 type=1 addr=24 bit=1 activated=1 activations=2 detected=1 errors=2 first_phase=2 first_addr=24 first_expected=ff first_actual=fd requests=640 cycles=960
CASE_BEGIN id=194 type=1 addr=24 bit=2
FAULT_ACTIVATE type=1 addr=24 bit=2 count=1
FAULT_ACTIVATE type=1 addr=24 bit=2 count=2
CHECKER_PASS run=1 requests=640 cycles=960 errors=2
CASE_RESULT id=194 type=1 addr=24 bit=2 activated=1 activations=2 detected=1 errors=2 first_phase=2 first_addr=24 first_expected=ff first_actual=fb requests=640 cycles=960
CASE_BEGIN id=195 type=1 addr=24 bit=3
FAULT_ACTIVATE type=1 addr=24 bit=3 count=1
FAULT_ACTIVATE type=1 addr=24 bit=3 count=2
CHECKER_PASS run=1 requests=640 cycles=960 errors=2
CASE_RESULT id=195 type=1 addr=24 bit=3 activated=1 activations=2 detected=1 errors=2 first_phase=2 first_addr=24 first_expected=ff first_actual=f7 requests=640 cycles=960
CASE_BEGIN id=196 type=1 addr=24 bit=4
FAULT_ACTIVATE type=1 addr=24 bit=4 count=1
FAULT_ACTIVATE type=1 addr=24 bit=4 count=2
CHECKER_PASS run=1 requests=640 cycles=960 errors=2
CASE_RESULT id=196 type=1 addr=24 bit=4 activated=1 activations=2 detected=1 errors=2 first_phase=2 first_addr=24 first_expected=ff first_actual=ef requests=640 cycles=960
CASE_BEGIN id=197 type=1 addr=24 bit=5
FAULT_ACTIVATE type=1 addr=24 bit=5 count=1
FAULT_ACTIVATE type=1 addr=24 bit=5 count=2
CHECKER_PASS run=1 requests=640 cycles=960 errors=2
CASE_RESULT id=197 type=1 addr=24 bit=5 activated=1 activations=2 detected=1 errors=2 first_phase=2 first_addr=24 first_expected=ff first_actual=df requests=640 cycles=960
CASE_BEGIN id=198 type=1 addr=24 bit=6
FAULT_ACTIVATE type=1 addr=24 bit=6 count=1
FAULT_ACTIVATE type=1 addr=24 bit=6 count=2
CHECKER_PASS run=1 requests=640 cycles=960 errors=2
CASE_RESULT id=198 type=1 addr=24 bit=6 activated=1 activations=2 detected=1 errors=2 first_phase=2 first_addr=24 first_expected=ff first_actual=bf requests=640 cycles=960
CASE_BEGIN id=199 type=1 addr=24 bit=7
FAULT_ACTIVATE type=1 addr=24 bit=7 count=1
FAULT_ACTIVATE type=1 addr=24 bit=7 count=2
CHECKER_PASS run=1 requests=640 cycles=960 errors=2
CASE_RESULT id=199 type=1 addr=24 bit=7 activated=1 activations=2 detected=1 errors=2 first_phase=2 first_addr=24 first_expected=ff first_actual=7f requests=640 cycles=960
CASE_BEGIN id=200 type=1 addr=25 bit=0
FAULT_ACTIVATE type=1 addr=25 bit=0 count=1
FAULT_ACTIVATE type=1 addr=25 bit=0 count=2
CHECKER_PASS run=1 requests=640 cycles=960 errors=2
CASE_RESULT id=200 type=1 addr=25 bit=0 activated=1 activations=2 detected=1 errors=2 first_phase=2 first_addr=25 first_expected=ff first_actual=fe requests=640 cycles=960
CASE_BEGIN id=201 type=1 addr=25 bit=1
FAULT_ACTIVATE type=1 addr=25 bit=1 count=1
FAULT_ACTIVATE type=1 addr=25 bit=1 count=2
CHECKER_PASS run=1 requests=640 cycles=960 errors=2
CASE_RESULT id=201 type=1 addr=25 bit=1 activated=1 activations=2 detected=1 errors=2 first_phase=2 first_addr=25 first_expected=ff first_actual=fd requests=640 cycles=960
CASE_BEGIN id=202 type=1 addr=25 bit=2
FAULT_ACTIVATE type=1 addr=25 bit=2 count=1
FAULT_ACTIVATE type=1 addr=25 bit=2 count=2
CHECKER_PASS run=1 requests=640 cycles=960 errors=2
CASE_RESULT id=202 type=1 addr=25 bit=2 activated=1 activations=2 detected=1 errors=2 first_phase=2 first_addr=25 first_expected=ff first_actual=fb requests=640 cycles=960
CASE_BEGIN id=203 type=1 addr=25 bit=3
FAULT_ACTIVATE type=1 addr=25 bit=3 count=1
FAULT_ACTIVATE type=1 addr=25 bit=3 count=2
CHECKER_PASS run=1 requests=640 cycles=960 errors=2
CASE_RESULT id=203 type=1 addr=25 bit=3 activated=1 activations=2 detected=1 errors=2 first_phase=2 first_addr=25 first_expected=ff first_actual=f7 requests=640 cycles=960
CASE_BEGIN id=204 type=1 addr=25 bit=4
FAULT_ACTIVATE type=1 addr=25 bit=4 count=1
FAULT_ACTIVATE type=1 addr=25 bit=4 count=2
CHECKER_PASS run=1 requests=640 cycles=960 errors=2
CASE_RESULT id=204 type=1 addr=25 bit=4 activated=1 activations=2 detected=1 errors=2 first_phase=2 first_addr=25 first_expected=ff first_actual=ef requests=640 cycles=960
CASE_BEGIN id=205 type=1 addr=25 bit=5
FAULT_ACTIVATE type=1 addr=25 bit=5 count=1
FAULT_ACTIVATE type=1 addr=25 bit=5 count=2
CHECKER_PASS run=1 requests=640 cycles=960 errors=2
CASE_RESULT id=205 type=1 addr=25 bit=5 activated=1 activations=2 detected=1 errors=2 first_phase=2 first_addr=25 first_expected=ff first_actual=df requests=640 cycles=960
CASE_BEGIN id=206 type=1 addr=25 bit=6
FAULT_ACTIVATE type=1 addr=25 bit=6 count=1
FAULT_ACTIVATE type=1 addr=25 bit=6 count=2
CHECKER_PASS run=1 requests=640 cycles=960 errors=2
CASE_RESULT id=206 type=1 addr=25 bit=6 activated=1 activations=2 detected=1 errors=2 first_phase=2 first_addr=25 first_expected=ff first_actual=bf requests=640 cycles=960
CASE_BEGIN id=207 type=1 addr=25 bit=7
FAULT_ACTIVATE type=1 addr=25 bit=7 count=1
FAULT_ACTIVATE type=1 addr=25 bit=7 count=2
CHECKER_PASS run=1 requests=640 cycles=960 errors=2
CASE_RESULT id=207 type=1 addr=25 bit=7 activated=1 activations=2 detected=1 errors=2 first_phase=2 first_addr=25 first_expected=ff first_actual=7f requests=640 cycles=960
CASE_BEGIN id=208 type=1 addr=26 bit=0
FAULT_ACTIVATE type=1 addr=26 bit=0 count=1
FAULT_ACTIVATE type=1 addr=26 bit=0 count=2
CHECKER_PASS run=1 requests=640 cycles=960 errors=2
CASE_RESULT id=208 type=1 addr=26 bit=0 activated=1 activations=2 detected=1 errors=2 first_phase=2 first_addr=26 first_expected=ff first_actual=fe requests=640 cycles=960
CASE_BEGIN id=209 type=1 addr=26 bit=1
FAULT_ACTIVATE type=1 addr=26 bit=1 count=1
FAULT_ACTIVATE type=1 addr=26 bit=1 count=2
CHECKER_PASS run=1 requests=640 cycles=960 errors=2
CASE_RESULT id=209 type=1 addr=26 bit=1 activated=1 activations=2 detected=1 errors=2 first_phase=2 first_addr=26 first_expected=ff first_actual=fd requests=640 cycles=960
CASE_BEGIN id=210 type=1 addr=26 bit=2
FAULT_ACTIVATE type=1 addr=26 bit=2 count=1
FAULT_ACTIVATE type=1 addr=26 bit=2 count=2
CHECKER_PASS run=1 requests=640 cycles=960 errors=2
CASE_RESULT id=210 type=1 addr=26 bit=2 activated=1 activations=2 detected=1 errors=2 first_phase=2 first_addr=26 first_expected=ff first_actual=fb requests=640 cycles=960
CASE_BEGIN id=211 type=1 addr=26 bit=3
FAULT_ACTIVATE type=1 addr=26 bit=3 count=1
FAULT_ACTIVATE type=1 addr=26 bit=3 count=2
CHECKER_PASS run=1 requests=640 cycles=960 errors=2
CASE_RESULT id=211 type=1 addr=26 bit=3 activated=1 activations=2 detected=1 errors=2 first_phase=2 first_addr=26 first_expected=ff first_actual=f7 requests=640 cycles=960
CASE_BEGIN id=212 type=1 addr=26 bit=4
FAULT_ACTIVATE type=1 addr=26 bit=4 count=1
FAULT_ACTIVATE type=1 addr=26 bit=4 count=2
CHECKER_PASS run=1 requests=640 cycles=960 errors=2
CASE_RESULT id=212 type=1 addr=26 bit=4 activated=1 activations=2 detected=1 errors=2 first_phase=2 first_addr=26 first_expected=ff first_actual=ef requests=640 cycles=960
CASE_BEGIN id=213 type=1 addr=26 bit=5
FAULT_ACTIVATE type=1 addr=26 bit=5 count=1
FAULT_ACTIVATE type=1 addr=26 bit=5 count=2
CHECKER_PASS run=1 requests=640 cycles=960 errors=2
CASE_RESULT id=213 type=1 addr=26 bit=5 activated=1 activations=2 detected=1 errors=2 first_phase=2 first_addr=26 first_expected=ff first_actual=df requests=640 cycles=960
CASE_BEGIN id=214 type=1 addr=26 bit=6
FAULT_ACTIVATE type=1 addr=26 bit=6 count=1
FAULT_ACTIVATE type=1 addr=26 bit=6 count=2
CHECKER_PASS run=1 requests=640 cycles=960 errors=2
CASE_RESULT id=214 type=1 addr=26 bit=6 activated=1 activations=2 detected=1 errors=2 first_phase=2 first_addr=26 first_expected=ff first_actual=bf requests=640 cycles=960
CASE_BEGIN id=215 type=1 addr=26 bit=7
FAULT_ACTIVATE type=1 addr=26 bit=7 count=1
FAULT_ACTIVATE type=1 addr=26 bit=7 count=2
CHECKER_PASS run=1 requests=640 cycles=960 errors=2
CASE_RESULT id=215 type=1 addr=26 bit=7 activated=1 activations=2 detected=1 errors=2 first_phase=2 first_addr=26 first_expected=ff first_actual=7f requests=640 cycles=960
CASE_BEGIN id=216 type=1 addr=27 bit=0
FAULT_ACTIVATE type=1 addr=27 bit=0 count=1
FAULT_ACTIVATE type=1 addr=27 bit=0 count=2
CHECKER_PASS run=1 requests=640 cycles=960 errors=2
CASE_RESULT id=216 type=1 addr=27 bit=0 activated=1 activations=2 detected=1 errors=2 first_phase=2 first_addr=27 first_expected=ff first_actual=fe requests=640 cycles=960
CASE_BEGIN id=217 type=1 addr=27 bit=1
FAULT_ACTIVATE type=1 addr=27 bit=1 count=1
FAULT_ACTIVATE type=1 addr=27 bit=1 count=2
CHECKER_PASS run=1 requests=640 cycles=960 errors=2
CASE_RESULT id=217 type=1 addr=27 bit=1 activated=1 activations=2 detected=1 errors=2 first_phase=2 first_addr=27 first_expected=ff first_actual=fd requests=640 cycles=960
CASE_BEGIN id=218 type=1 addr=27 bit=2
FAULT_ACTIVATE type=1 addr=27 bit=2 count=1
FAULT_ACTIVATE type=1 addr=27 bit=2 count=2
CHECKER_PASS run=1 requests=640 cycles=960 errors=2
CASE_RESULT id=218 type=1 addr=27 bit=2 activated=1 activations=2 detected=1 errors=2 first_phase=2 first_addr=27 first_expected=ff first_actual=fb requests=640 cycles=960
CASE_BEGIN id=219 type=1 addr=27 bit=3
FAULT_ACTIVATE type=1 addr=27 bit=3 count=1
FAULT_ACTIVATE type=1 addr=27 bit=3 count=2
CHECKER_PASS run=1 requests=640 cycles=960 errors=2
CASE_RESULT id=219 type=1 addr=27 bit=3 activated=1 activations=2 detected=1 errors=2 first_phase=2 first_addr=27 first_expected=ff first_actual=f7 requests=640 cycles=960
CASE_BEGIN id=220 type=1 addr=27 bit=4
FAULT_ACTIVATE type=1 addr=27 bit=4 count=1
FAULT_ACTIVATE type=1 addr=27 bit=4 count=2
CHECKER_PASS run=1 requests=640 cycles=960 errors=2
CASE_RESULT id=220 type=1 addr=27 bit=4 activated=1 activations=2 detected=1 errors=2 first_phase=2 first_addr=27 first_expected=ff first_actual=ef requests=640 cycles=960
CASE_BEGIN id=221 type=1 addr=27 bit=5
FAULT_ACTIVATE type=1 addr=27 bit=5 count=1
FAULT_ACTIVATE type=1 addr=27 bit=5 count=2
CHECKER_PASS run=1 requests=640 cycles=960 errors=2
CASE_RESULT id=221 type=1 addr=27 bit=5 activated=1 activations=2 detected=1 errors=2 first_phase=2 first_addr=27 first_expected=ff first_actual=df requests=640 cycles=960
CASE_BEGIN id=222 type=1 addr=27 bit=6
FAULT_ACTIVATE type=1 addr=27 bit=6 count=1
FAULT_ACTIVATE type=1 addr=27 bit=6 count=2
CHECKER_PASS run=1 requests=640 cycles=960 errors=2
CASE_RESULT id=222 type=1 addr=27 bit=6 activated=1 activations=2 detected=1 errors=2 first_phase=2 first_addr=27 first_expected=ff first_actual=bf requests=640 cycles=960
CASE_BEGIN id=223 type=1 addr=27 bit=7
FAULT_ACTIVATE type=1 addr=27 bit=7 count=1
FAULT_ACTIVATE type=1 addr=27 bit=7 count=2
CHECKER_PASS run=1 requests=640 cycles=960 errors=2
CASE_RESULT id=223 type=1 addr=27 bit=7 activated=1 activations=2 detected=1 errors=2 first_phase=2 first_addr=27 first_expected=ff first_actual=7f requests=640 cycles=960
CASE_BEGIN id=224 type=1 addr=28 bit=0
FAULT_ACTIVATE type=1 addr=28 bit=0 count=1
FAULT_ACTIVATE type=1 addr=28 bit=0 count=2
CHECKER_PASS run=1 requests=640 cycles=960 errors=2
CASE_RESULT id=224 type=1 addr=28 bit=0 activated=1 activations=2 detected=1 errors=2 first_phase=2 first_addr=28 first_expected=ff first_actual=fe requests=640 cycles=960
CASE_BEGIN id=225 type=1 addr=28 bit=1
FAULT_ACTIVATE type=1 addr=28 bit=1 count=1
FAULT_ACTIVATE type=1 addr=28 bit=1 count=2
CHECKER_PASS run=1 requests=640 cycles=960 errors=2
CASE_RESULT id=225 type=1 addr=28 bit=1 activated=1 activations=2 detected=1 errors=2 first_phase=2 first_addr=28 first_expected=ff first_actual=fd requests=640 cycles=960
CASE_BEGIN id=226 type=1 addr=28 bit=2
FAULT_ACTIVATE type=1 addr=28 bit=2 count=1
FAULT_ACTIVATE type=1 addr=28 bit=2 count=2
CHECKER_PASS run=1 requests=640 cycles=960 errors=2
CASE_RESULT id=226 type=1 addr=28 bit=2 activated=1 activations=2 detected=1 errors=2 first_phase=2 first_addr=28 first_expected=ff first_actual=fb requests=640 cycles=960
CASE_BEGIN id=227 type=1 addr=28 bit=3
FAULT_ACTIVATE type=1 addr=28 bit=3 count=1
FAULT_ACTIVATE type=1 addr=28 bit=3 count=2
CHECKER_PASS run=1 requests=640 cycles=960 errors=2
CASE_RESULT id=227 type=1 addr=28 bit=3 activated=1 activations=2 detected=1 errors=2 first_phase=2 first_addr=28 first_expected=ff first_actual=f7 requests=640 cycles=960
CASE_BEGIN id=228 type=1 addr=28 bit=4
FAULT_ACTIVATE type=1 addr=28 bit=4 count=1
FAULT_ACTIVATE type=1 addr=28 bit=4 count=2
CHECKER_PASS run=1 requests=640 cycles=960 errors=2
CASE_RESULT id=228 type=1 addr=28 bit=4 activated=1 activations=2 detected=1 errors=2 first_phase=2 first_addr=28 first_expected=ff first_actual=ef requests=640 cycles=960
CASE_BEGIN id=229 type=1 addr=28 bit=5
FAULT_ACTIVATE type=1 addr=28 bit=5 count=1
FAULT_ACTIVATE type=1 addr=28 bit=5 count=2
CHECKER_PASS run=1 requests=640 cycles=960 errors=2
CASE_RESULT id=229 type=1 addr=28 bit=5 activated=1 activations=2 detected=1 errors=2 first_phase=2 first_addr=28 first_expected=ff first_actual=df requests=640 cycles=960
CASE_BEGIN id=230 type=1 addr=28 bit=6
FAULT_ACTIVATE type=1 addr=28 bit=6 count=1
FAULT_ACTIVATE type=1 addr=28 bit=6 count=2
CHECKER_PASS run=1 requests=640 cycles=960 errors=2
CASE_RESULT id=230 type=1 addr=28 bit=6 activated=1 activations=2 detected=1 errors=2 first_phase=2 first_addr=28 first_expected=ff first_actual=bf requests=640 cycles=960
CASE_BEGIN id=231 type=1 addr=28 bit=7
FAULT_ACTIVATE type=1 addr=28 bit=7 count=1
FAULT_ACTIVATE type=1 addr=28 bit=7 count=2
CHECKER_PASS run=1 requests=640 cycles=960 errors=2
CASE_RESULT id=231 type=1 addr=28 bit=7 activated=1 activations=2 detected=1 errors=2 first_phase=2 first_addr=28 first_expected=ff first_actual=7f requests=640 cycles=960
CASE_BEGIN id=232 type=1 addr=29 bit=0
FAULT_ACTIVATE type=1 addr=29 bit=0 count=1
FAULT_ACTIVATE type=1 addr=29 bit=0 count=2
CHECKER_PASS run=1 requests=640 cycles=960 errors=2
CASE_RESULT id=232 type=1 addr=29 bit=0 activated=1 activations=2 detected=1 errors=2 first_phase=2 first_addr=29 first_expected=ff first_actual=fe requests=640 cycles=960
CASE_BEGIN id=233 type=1 addr=29 bit=1
FAULT_ACTIVATE type=1 addr=29 bit=1 count=1
FAULT_ACTIVATE type=1 addr=29 bit=1 count=2
CHECKER_PASS run=1 requests=640 cycles=960 errors=2
CASE_RESULT id=233 type=1 addr=29 bit=1 activated=1 activations=2 detected=1 errors=2 first_phase=2 first_addr=29 first_expected=ff first_actual=fd requests=640 cycles=960
CASE_BEGIN id=234 type=1 addr=29 bit=2
FAULT_ACTIVATE type=1 addr=29 bit=2 count=1
FAULT_ACTIVATE type=1 addr=29 bit=2 count=2
CHECKER_PASS run=1 requests=640 cycles=960 errors=2
CASE_RESULT id=234 type=1 addr=29 bit=2 activated=1 activations=2 detected=1 errors=2 first_phase=2 first_addr=29 first_expected=ff first_actual=fb requests=640 cycles=960
CASE_BEGIN id=235 type=1 addr=29 bit=3
FAULT_ACTIVATE type=1 addr=29 bit=3 count=1
FAULT_ACTIVATE type=1 addr=29 bit=3 count=2
CHECKER_PASS run=1 requests=640 cycles=960 errors=2
CASE_RESULT id=235 type=1 addr=29 bit=3 activated=1 activations=2 detected=1 errors=2 first_phase=2 first_addr=29 first_expected=ff first_actual=f7 requests=640 cycles=960
CASE_BEGIN id=236 type=1 addr=29 bit=4
FAULT_ACTIVATE type=1 addr=29 bit=4 count=1
FAULT_ACTIVATE type=1 addr=29 bit=4 count=2
CHECKER_PASS run=1 requests=640 cycles=960 errors=2
CASE_RESULT id=236 type=1 addr=29 bit=4 activated=1 activations=2 detected=1 errors=2 first_phase=2 first_addr=29 first_expected=ff first_actual=ef requests=640 cycles=960
CASE_BEGIN id=237 type=1 addr=29 bit=5
FAULT_ACTIVATE type=1 addr=29 bit=5 count=1
FAULT_ACTIVATE type=1 addr=29 bit=5 count=2
CHECKER_PASS run=1 requests=640 cycles=960 errors=2
CASE_RESULT id=237 type=1 addr=29 bit=5 activated=1 activations=2 detected=1 errors=2 first_phase=2 first_addr=29 first_expected=ff first_actual=df requests=640 cycles=960
CASE_BEGIN id=238 type=1 addr=29 bit=6
FAULT_ACTIVATE type=1 addr=29 bit=6 count=1
FAULT_ACTIVATE type=1 addr=29 bit=6 count=2
CHECKER_PASS run=1 requests=640 cycles=960 errors=2
CASE_RESULT id=238 type=1 addr=29 bit=6 activated=1 activations=2 detected=1 errors=2 first_phase=2 first_addr=29 first_expected=ff first_actual=bf requests=640 cycles=960
CASE_BEGIN id=239 type=1 addr=29 bit=7
FAULT_ACTIVATE type=1 addr=29 bit=7 count=1
FAULT_ACTIVATE type=1 addr=29 bit=7 count=2
CHECKER_PASS run=1 requests=640 cycles=960 errors=2
CASE_RESULT id=239 type=1 addr=29 bit=7 activated=1 activations=2 detected=1 errors=2 first_phase=2 first_addr=29 first_expected=ff first_actual=7f requests=640 cycles=960
CASE_BEGIN id=240 type=1 addr=30 bit=0
FAULT_ACTIVATE type=1 addr=30 bit=0 count=1
FAULT_ACTIVATE type=1 addr=30 bit=0 count=2
CHECKER_PASS run=1 requests=640 cycles=960 errors=2
CASE_RESULT id=240 type=1 addr=30 bit=0 activated=1 activations=2 detected=1 errors=2 first_phase=2 first_addr=30 first_expected=ff first_actual=fe requests=640 cycles=960
CASE_BEGIN id=241 type=1 addr=30 bit=1
FAULT_ACTIVATE type=1 addr=30 bit=1 count=1
FAULT_ACTIVATE type=1 addr=30 bit=1 count=2
CHECKER_PASS run=1 requests=640 cycles=960 errors=2
CASE_RESULT id=241 type=1 addr=30 bit=1 activated=1 activations=2 detected=1 errors=2 first_phase=2 first_addr=30 first_expected=ff first_actual=fd requests=640 cycles=960
CASE_BEGIN id=242 type=1 addr=30 bit=2
FAULT_ACTIVATE type=1 addr=30 bit=2 count=1
FAULT_ACTIVATE type=1 addr=30 bit=2 count=2
CHECKER_PASS run=1 requests=640 cycles=960 errors=2
CASE_RESULT id=242 type=1 addr=30 bit=2 activated=1 activations=2 detected=1 errors=2 first_phase=2 first_addr=30 first_expected=ff first_actual=fb requests=640 cycles=960
CASE_BEGIN id=243 type=1 addr=30 bit=3
FAULT_ACTIVATE type=1 addr=30 bit=3 count=1
FAULT_ACTIVATE type=1 addr=30 bit=3 count=2
CHECKER_PASS run=1 requests=640 cycles=960 errors=2
CASE_RESULT id=243 type=1 addr=30 bit=3 activated=1 activations=2 detected=1 errors=2 first_phase=2 first_addr=30 first_expected=ff first_actual=f7 requests=640 cycles=960
CASE_BEGIN id=244 type=1 addr=30 bit=4
FAULT_ACTIVATE type=1 addr=30 bit=4 count=1
FAULT_ACTIVATE type=1 addr=30 bit=4 count=2
CHECKER_PASS run=1 requests=640 cycles=960 errors=2
CASE_RESULT id=244 type=1 addr=30 bit=4 activated=1 activations=2 detected=1 errors=2 first_phase=2 first_addr=30 first_expected=ff first_actual=ef requests=640 cycles=960
CASE_BEGIN id=245 type=1 addr=30 bit=5
FAULT_ACTIVATE type=1 addr=30 bit=5 count=1
FAULT_ACTIVATE type=1 addr=30 bit=5 count=2
CHECKER_PASS run=1 requests=640 cycles=960 errors=2
CASE_RESULT id=245 type=1 addr=30 bit=5 activated=1 activations=2 detected=1 errors=2 first_phase=2 first_addr=30 first_expected=ff first_actual=df requests=640 cycles=960
CASE_BEGIN id=246 type=1 addr=30 bit=6
FAULT_ACTIVATE type=1 addr=30 bit=6 count=1
FAULT_ACTIVATE type=1 addr=30 bit=6 count=2
CHECKER_PASS run=1 requests=640 cycles=960 errors=2
CASE_RESULT id=246 type=1 addr=30 bit=6 activated=1 activations=2 detected=1 errors=2 first_phase=2 first_addr=30 first_expected=ff first_actual=bf requests=640 cycles=960
CASE_BEGIN id=247 type=1 addr=30 bit=7
FAULT_ACTIVATE type=1 addr=30 bit=7 count=1
FAULT_ACTIVATE type=1 addr=30 bit=7 count=2
CHECKER_PASS run=1 requests=640 cycles=960 errors=2
CASE_RESULT id=247 type=1 addr=30 bit=7 activated=1 activations=2 detected=1 errors=2 first_phase=2 first_addr=30 first_expected=ff first_actual=7f requests=640 cycles=960
CASE_BEGIN id=248 type=1 addr=31 bit=0
FAULT_ACTIVATE type=1 addr=31 bit=0 count=1
FAULT_ACTIVATE type=1 addr=31 bit=0 count=2
CHECKER_PASS run=1 requests=640 cycles=960 errors=2
CASE_RESULT id=248 type=1 addr=31 bit=0 activated=1 activations=2 detected=1 errors=2 first_phase=2 first_addr=31 first_expected=ff first_actual=fe requests=640 cycles=960
CASE_BEGIN id=249 type=1 addr=31 bit=1
FAULT_ACTIVATE type=1 addr=31 bit=1 count=1
FAULT_ACTIVATE type=1 addr=31 bit=1 count=2
CHECKER_PASS run=1 requests=640 cycles=960 errors=2
CASE_RESULT id=249 type=1 addr=31 bit=1 activated=1 activations=2 detected=1 errors=2 first_phase=2 first_addr=31 first_expected=ff first_actual=fd requests=640 cycles=960
CASE_BEGIN id=250 type=1 addr=31 bit=2
FAULT_ACTIVATE type=1 addr=31 bit=2 count=1
FAULT_ACTIVATE type=1 addr=31 bit=2 count=2
CHECKER_PASS run=1 requests=640 cycles=960 errors=2
CASE_RESULT id=250 type=1 addr=31 bit=2 activated=1 activations=2 detected=1 errors=2 first_phase=2 first_addr=31 first_expected=ff first_actual=fb requests=640 cycles=960
CASE_BEGIN id=251 type=1 addr=31 bit=3
FAULT_ACTIVATE type=1 addr=31 bit=3 count=1
FAULT_ACTIVATE type=1 addr=31 bit=3 count=2
CHECKER_PASS run=1 requests=640 cycles=960 errors=2
CASE_RESULT id=251 type=1 addr=31 bit=3 activated=1 activations=2 detected=1 errors=2 first_phase=2 first_addr=31 first_expected=ff first_actual=f7 requests=640 cycles=960
CASE_BEGIN id=252 type=1 addr=31 bit=4
FAULT_ACTIVATE type=1 addr=31 bit=4 count=1
FAULT_ACTIVATE type=1 addr=31 bit=4 count=2
CHECKER_PASS run=1 requests=640 cycles=960 errors=2
CASE_RESULT id=252 type=1 addr=31 bit=4 activated=1 activations=2 detected=1 errors=2 first_phase=2 first_addr=31 first_expected=ff first_actual=ef requests=640 cycles=960
CASE_BEGIN id=253 type=1 addr=31 bit=5
FAULT_ACTIVATE type=1 addr=31 bit=5 count=1
FAULT_ACTIVATE type=1 addr=31 bit=5 count=2
CHECKER_PASS run=1 requests=640 cycles=960 errors=2
CASE_RESULT id=253 type=1 addr=31 bit=5 activated=1 activations=2 detected=1 errors=2 first_phase=2 first_addr=31 first_expected=ff first_actual=df requests=640 cycles=960
CASE_BEGIN id=254 type=1 addr=31 bit=6
FAULT_ACTIVATE type=1 addr=31 bit=6 count=1
FAULT_ACTIVATE type=1 addr=31 bit=6 count=2
CHECKER_PASS run=1 requests=640 cycles=960 errors=2
CASE_RESULT id=254 type=1 addr=31 bit=6 activated=1 activations=2 detected=1 errors=2 first_phase=2 first_addr=31 first_expected=ff first_actual=bf requests=640 cycles=960
CASE_BEGIN id=255 type=1 addr=31 bit=7
FAULT_ACTIVATE type=1 addr=31 bit=7 count=1
FAULT_ACTIVATE type=1 addr=31 bit=7 count=2
CHECKER_PASS run=1 requests=640 cycles=960 errors=2
CASE_RESULT id=255 type=1 addr=31 bit=7 activated=1 activations=2 detected=1 errors=2 first_phase=2 first_addr=31 first_expected=ff first_actual=7f requests=640 cycles=960
CAMPAIGN_DONE start=192 count=64
$finish called at time : 1235200 ns : File "C:/Users/32035/Desktop/FPGA/ProjectIII/tb/tb_step06_campaign.sv" Line 134
exit
INFO: [Common 17-206] Exiting xsim at Sat Sep 26 20:34:24 2026...
