INFO: [VRFC 10-2263] Analyzing SystemVerilog file "C:/Users/32035/Desktop/FPGA/ProjectIII/.build/asic/v12/projectiii_integration/xsim/sequence/cell_model_timescale.v" into library work
INFO: [VRFC 10-311] analyzing module AND2_X1
INFO: [VRFC 10-311] analyzing module AND2_X2
INFO: [VRFC 10-311] analyzing module AND2_X4
INFO: [VRFC 10-311] analyzing module AND3_X1
INFO: [VRFC 10-311] analyzing module AND3_X2
INFO: [VRFC 10-311] analyzing module AND3_X4
INFO: [VRFC 10-311] analyzing module AND4_X1
INFO: [VRFC 10-311] analyzing module AND4_X2
INFO: [VRFC 10-311] analyzing module AND4_X4
INFO: [VRFC 10-311] analyzing module ANTENNA_X1
INFO: [VRFC 10-311] analyzing module AOI211_X1
INFO: [VRFC 10-311] analyzing module AOI211_X2
INFO: [VRFC 10-311] analyzing module AOI211_X4
INFO: [VRFC 10-311] analyzing module AOI21_X1
INFO: [VRFC 10-311] analyzing module AOI21_X2
INFO: [VRFC 10-311] analyzing module AOI21_X4
INFO: [VRFC 10-311] analyzing module AOI221_X1
INFO: [VRFC 10-311] analyzing module AOI221_X2
INFO: [VRFC 10-311] analyzing module AOI221_X4
INFO: [VRFC 10-311] analyzing module AOI222_X1
INFO: [VRFC 10-311] analyzing module AOI222_X2
INFO: [VRFC 10-311] analyzing module AOI222_X4
INFO: [VRFC 10-311] analyzing module AOI22_X1
INFO: [VRFC 10-311] analyzing module AOI22_X2
INFO: [VRFC 10-311] analyzing module AOI22_X4
INFO: [VRFC 10-311] analyzing module BUF_X1
INFO: [VRFC 10-311] analyzing module BUF_X16
INFO: [VRFC 10-311] analyzing module BUF_X2
INFO: [VRFC 10-311] analyzing module BUF_X32
INFO: [VRFC 10-311] analyzing module BUF_X4
INFO: [VRFC 10-311] analyzing module BUF_X8
INFO: [VRFC 10-311] analyzing module CLKBUF_X1
INFO: [VRFC 10-311] analyzing module CLKBUF_X2
INFO: [VRFC 10-311] analyzing module CLKBUF_X3
INFO: [VRFC 10-311] analyzing module DFFRS_X1
INFO: [VRFC 10-311] analyzing module DFFRS_X2
INFO: [VRFC 10-311] analyzing module DFFR_X1
INFO: [VRFC 10-311] analyzing module DFFR_X2
INFO: [VRFC 10-311] analyzing module DFFS_X1
INFO: [VRFC 10-311] analyzing module DFFS_X2
INFO: [VRFC 10-311] analyzing module DFF_X1
INFO: [VRFC 10-311] analyzing module DFF_X2
INFO: [VRFC 10-311] analyzing module DLH_X1
INFO: [VRFC 10-311] analyzing module DLH_X2
INFO: [VRFC 10-311] analyzing module DLL_X1
INFO: [VRFC 10-311] analyzing module DLL_X2
INFO: [VRFC 10-311] analyzing module FA_X1
INFO: [VRFC 10-311] analyzing module FILLCELL_X1
INFO: [VRFC 10-311] analyzing module FILLCELL_X16
INFO: [VRFC 10-311] analyzing module FILLCELL_X2
INFO: [VRFC 10-311] analyzing module FILLCELL_X32
INFO: [VRFC 10-311] analyzing module FILLCELL_X4
INFO: [VRFC 10-311] analyzing module FILLCELL_X8
INFO: [VRFC 10-311] analyzing module HA_X1
INFO: [VRFC 10-311] analyzing module INV_X1
INFO: [VRFC 10-311] analyzing module INV_X16
INFO: [VRFC 10-311] analyzing module INV_X2
INFO: [VRFC 10-311] analyzing module INV_X32
INFO: [VRFC 10-311] analyzing module INV_X4
INFO: [VRFC 10-311] analyzing module INV_X8
INFO: [VRFC 10-311] analyzing module LOGIC0_X1
INFO: [VRFC 10-311] analyzing module LOGIC1_X1
INFO: [VRFC 10-311] analyzing module MUX2_X1
INFO: [VRFC 10-311] analyzing module MUX2_X2
INFO: [VRFC 10-311] analyzing module NAND2_X1
INFO: [VRFC 10-311] analyzing module NAND2_X2
INFO: [VRFC 10-311] analyzing module NAND2_X4
INFO: [VRFC 10-311] analyzing module NAND3_X1
INFO: [VRFC 10-311] analyzing module NAND3_X2
INFO: [VRFC 10-311] analyzing module NAND3_X4
INFO: [VRFC 10-311] analyzing module NAND4_X1
INFO: [VRFC 10-311] analyzing module NAND4_X2
INFO: [VRFC 10-311] analyzing module NAND4_X4
INFO: [VRFC 10-311] analyzing module NOR2_X1
INFO: [VRFC 10-311] analyzing module NOR2_X2
INFO: [VRFC 10-311] analyzing module NOR2_X4
INFO: [VRFC 10-311] analyzing module NOR3_X1
INFO: [VRFC 10-311] analyzing module NOR3_X2
INFO: [VRFC 10-311] analyzing module NOR3_X4
INFO: [VRFC 10-311] analyzing module NOR4_X1
INFO: [VRFC 10-311] analyzing module NOR4_X2
INFO: [VRFC 10-311] analyzing module NOR4_X4
INFO: [VRFC 10-311] analyzing module OAI211_X1
INFO: [VRFC 10-311] analyzing module OAI211_X2
INFO: [VRFC 10-311] analyzing module OAI211_X4
INFO: [VRFC 10-311] analyzing module OAI21_X1
INFO: [VRFC 10-311] analyzing module OAI21_X2
INFO: [VRFC 10-311] analyzing module OAI21_X4
INFO: [VRFC 10-311] analyzing module OAI221_X1
INFO: [VRFC 10-311] analyzing module OAI221_X2
INFO: [VRFC 10-311] analyzing module OAI221_X4
INFO: [VRFC 10-311] analyzing module OAI222_X1
INFO: [VRFC 10-311] analyzing module OAI222_X2
INFO: [VRFC 10-311] analyzing module OAI222_X4
INFO: [VRFC 10-311] analyzing module OAI22_X1
INFO: [VRFC 10-311] analyzing module OAI22_X2
INFO: [VRFC 10-311] analyzing module OAI22_X4
INFO: [VRFC 10-311] analyzing module OAI33_X1
INFO: [VRFC 10-311] analyzing module OR2_X1
INFO: [VRFC 10-311] analyzing module OR2_X2
INFO: [VRFC 10-311] analyzing module OR2_X4
INFO: [VRFC 10-311] analyzing module OR3_X1
INFO: [VRFC 10-311] analyzing module OR3_X2
INFO: [VRFC 10-311] analyzing module OR3_X4
INFO: [VRFC 10-311] analyzing module OR4_X1
INFO: [VRFC 10-311] analyzing module OR4_X2
INFO: [VRFC 10-311] analyzing module OR4_X4
INFO: [VRFC 10-311] analyzing module SDFFRS_X1
INFO: [VRFC 10-311] analyzing module SDFFRS_X2
INFO: [VRFC 10-311] analyzing module SDFFR_X1
INFO: [VRFC 10-311] analyzing module SDFFR_X2
INFO: [VRFC 10-311] analyzing module SDFFS_X1
INFO: [VRFC 10-311] analyzing module SDFFS_X2
INFO: [VRFC 10-311] analyzing module SDFF_X1
INFO: [VRFC 10-311] analyzing module SDFF_X2
INFO: [VRFC 10-311] analyzing module TAPCELL_X1
INFO: [VRFC 10-311] analyzing module TBUF_X1
INFO: [VRFC 10-311] analyzing module TBUF_X16
INFO: [VRFC 10-311] analyzing module TBUF_X2
INFO: [VRFC 10-311] analyzing module TBUF_X4
INFO: [VRFC 10-311] analyzing module TBUF_X8
INFO: [VRFC 10-311] analyzing module TINV_X1
INFO: [VRFC 10-311] analyzing module TLAT_X1
INFO: [VRFC 10-311] analyzing module XNOR2_X1
INFO: [VRFC 10-311] analyzing module XNOR2_X2
INFO: [VRFC 10-311] analyzing module XOR2_X1
INFO: [VRFC 10-311] analyzing module XOR2_X2
INFO: [VRFC 10-2263] Analyzing SystemVerilog file "C:/Users/32035/Desktop/FPGA/ProjectIII/.build/asic/v12/projectiii_integration/xsim/sequence/netlist_timescale.v" into library work
INFO: [VRFC 10-311] analyzing module mbist_asic_top
INFO: [VRFC 10-2263] Analyzing SystemVerilog file "C:/Users/32035/Desktop/FPGA/ProjectIII/tb/march_transaction_checker.sv" into library work
INFO: [VRFC 10-311] analyzing module march_transaction_checker
INFO: [VRFC 10-2263] Analyzing SystemVerilog file "C:/Users/32035/Desktop/FPGA/ProjectIII/rtl/single_port_sync_ram.v" into library work
INFO: [VRFC 10-311] analyzing module single_port_sync_ram
INFO: [VRFC 10-2263] Analyzing SystemVerilog file "C:/Users/32035/Desktop/FPGA/ProjectIII/.build/asic/v12/projectiii_integration/xsim/sequence/tb_step04_independent.sv" into library work
INFO: [VRFC 10-311] analyzing module tb_step04_independent
