OpenROAD unknown 
Features included (+) or not (-): -GPU +GUI -Python
This program is licensed under the BSD-3 license. See the LICENSE file for details.
Components of this program may be licensed under more restrictive licenses which must be honored.
[INFO ORD-0030] Using 24 thread(s).
read_liberty /OpenROAD-flow-scripts/flow/platforms/nangate45/lib/NangateOpenCellLibrary_typical.lib
[INFO ODB-0227] LEF file: /OpenROAD-flow-scripts/flow/platforms/nangate45/lef/NangateOpenCellLibrary.tech.lef, created 22 layers, 27 vias
[INFO ODB-0227] LEF file: /OpenROAD-flow-scripts/flow/platforms/nangate45/lef/NangateOpenCellLibrary.macro.mod.lef, created 135 library cells
link_design mbist_asic_top
read_sdc /work/output/results/nangate45/mbist_asic_top/base/1_2_yosys.sdc
source /OpenROAD-flow-scripts/flow/platforms/nangate45/setRC.tcl
eliminate_dead_logic
Removed 0 unused instances and 0 unused nets.
Design area 483 um^2 100% utilization.
write_db /work/output/results/nangate45/mbist_asic_top/base/1_synth.odb
write_sdc -no_timestamp /work/output/results/nangate45/mbist_asic_top/base/1_synth.sdc
Elapsed time: 0:00.23[h:]min:sec. CPU time: user 0.17 sys 0.04 (91%). Peak memory: 98264KB.
Log                       Ext     Elapsed/s Peak Memory/MB sha1sum result [0:20)
1_synth                   .odb            0             95 7f3f3e5e8d5e413f476d
1_synth                   .sdc                             edc0b2a9072b491cb2a1
