INFO: [VRFC 10-2263] Analyzing SystemVerilog file "C:/Users/32035/Desktop/FPGA/ProjectIII/.build/relocation check/rtl/address_generator.v" into library work
INFO: [VRFC 10-311] analyzing module address_generator
INFO: [VRFC 10-2263] Analyzing SystemVerilog file "C:/Users/32035/Desktop/FPGA/ProjectIII/.build/relocation check/rtl/data_generator.v" into library work
INFO: [VRFC 10-311] analyzing module data_generator
INFO: [VRFC 10-2263] Analyzing SystemVerilog file "C:/Users/32035/Desktop/FPGA/ProjectIII/.build/relocation check/rtl/memory_interface.v" into library work
INFO: [VRFC 10-311] analyzing module memory_interface
INFO: [VRFC 10-2263] Analyzing SystemVerilog file "C:/Users/32035/Desktop/FPGA/ProjectIII/.build/relocation check/rtl/response_checker.v" into library work
INFO: [VRFC 10-311] analyzing module response_checker
INFO: [VRFC 10-2263] Analyzing SystemVerilog file "C:/Users/32035/Desktop/FPGA/ProjectIII/.build/relocation check/rtl/march_controller.v" into library work
INFO: [VRFC 10-311] analyzing module march_controller
INFO: [VRFC 10-2263] Analyzing SystemVerilog file "C:/Users/32035/Desktop/FPGA/ProjectIII/.build/relocation check/rtl/mbist_top.v" into library work
INFO: [VRFC 10-311] analyzing module mbist_top
INFO: [VRFC 10-2263] Analyzing SystemVerilog file "C:/Users/32035/Desktop/FPGA/ProjectIII/.build/relocation check/rtl/single_port_sync_ram.v" into library work
INFO: [VRFC 10-311] analyzing module single_port_sync_ram
INFO: [VRFC 10-2263] Analyzing SystemVerilog file "C:/Users/32035/Desktop/FPGA/ProjectIII/.build/relocation check/fpga/board_top.v" into library work
INFO: [VRFC 10-311] analyzing module board_top
INFO: [VRFC 10-2263] Analyzing SystemVerilog file "C:/Users/32035/Desktop/FPGA/ProjectIII/.build/relocation check/tb/march_transaction_checker.sv" into library work
INFO: [VRFC 10-311] analyzing module march_transaction_checker
INFO: [VRFC 10-2263] Analyzing SystemVerilog file "C:/Users/32035/Desktop/FPGA/ProjectIII/.build/relocation check/tb/tb_board_top.sv" into library work
INFO: [VRFC 10-311] analyzing module tb_board_top
INFO: [VRFC 10-311] analyzing module tb_board_fault
