CASE_BEGIN id=448 type=1 addr=56 bit=0
FAULT_ACTIVATE type=1 addr=56 bit=0 count=1
FAULT_ACTIVATE type=1 addr=56 bit=0 count=2
CHECKER_PASS run=1 requests=640 cycles=960 errors=2
CASE_RESULT id=448 type=1 addr=56 bit=0 activated=1 activations=2 detected=1 errors=2 first_phase=2 first_addr=56 first_expected=ff first_actual=fe requests=640 cycles=960
CASE_BEGIN id=449 type=1 addr=56 bit=1
FAULT_ACTIVATE type=1 addr=56 bit=1 count=1
FAULT_ACTIVATE type=1 addr=56 bit=1 count=2
CHECKER_PASS run=1 requests=640 cycles=960 errors=2
CASE_RESULT id=449 type=1 addr=56 bit=1 activated=1 activations=2 detected=1 errors=2 first_phase=2 first_addr=56 first_expected=ff first_actual=fd requests=640 cycles=960
CASE_BEGIN id=450 type=1 addr=56 bit=2
FAULT_ACTIVATE type=1 addr=56 bit=2 count=1
FAULT_ACTIVATE type=1 addr=56 bit=2 count=2
CHECKER_PASS run=1 requests=640 cycles=960 errors=2
CASE_RESULT id=450 type=1 addr=56 bit=2 activated=1 activations=2 detected=1 errors=2 first_phase=2 first_addr=56 first_expected=ff first_actual=fb requests=640 cycles=960
CASE_BEGIN id=451 type=1 addr=56 bit=3
FAULT_ACTIVATE type=1 addr=56 bit=3 count=1
FAULT_ACTIVATE type=1 addr=56 bit=3 count=2
CHECKER_PASS run=1 requests=640 cycles=960 errors=2
CASE_RESULT id=451 type=1 addr=56 bit=3 activated=1 activations=2 detected=1 errors=2 first_phase=2 first_addr=56 first_expected=ff first_actual=f7 requests=640 cycles=960
CASE_BEGIN id=452 type=1 addr=56 bit=4
FAULT_ACTIVATE type=1 addr=56 bit=4 count=1
FAULT_ACTIVATE type=1 addr=56 bit=4 count=2
CHECKER_PASS run=1 requests=640 cycles=960 errors=2
CASE_RESULT id=452 type=1 addr=56 bit=4 activated=1 activations=2 detected=1 errors=2 first_phase=2 first_addr=56 first_expected=ff first_actual=ef requests=640 cycles=960
CASE_BEGIN id=453 type=1 addr=56 bit=5
FAULT_ACTIVATE type=1 addr=56 bit=5 count=1
FAULT_ACTIVATE type=1 addr=56 bit=5 count=2
CHECKER_PASS run=1 requests=640 cycles=960 errors=2
CASE_RESULT id=453 type=1 addr=56 bit=5 activated=1 activations=2 detected=1 errors=2 first_phase=2 first_addr=56 first_expected=ff first_actual=df requests=640 cycles=960
CASE_BEGIN id=454 type=1 addr=56 bit=6
FAULT_ACTIVATE type=1 addr=56 bit=6 count=1
FAULT_ACTIVATE type=1 addr=56 bit=6 count=2
CHECKER_PASS run=1 requests=640 cycles=960 errors=2
CASE_RESULT id=454 type=1 addr=56 bit=6 activated=1 activations=2 detected=1 errors=2 first_phase=2 first_addr=56 first_expected=ff first_actual=bf requests=640 cycles=960
CASE_BEGIN id=455 type=1 addr=56 bit=7
FAULT_ACTIVATE type=1 addr=56 bit=7 count=1
FAULT_ACTIVATE type=1 addr=56 bit=7 count=2
CHECKER_PASS run=1 requests=640 cycles=960 errors=2
CASE_RESULT id=455 type=1 addr=56 bit=7 activated=1 activations=2 detected=1 errors=2 first_phase=2 first_addr=56 first_expected=ff first_actual=7f requests=640 cycles=960
CASE_BEGIN id=456 type=1 addr=57 bit=0
FAULT_ACTIVATE type=1 addr=57 bit=0 count=1
FAULT_ACTIVATE type=1 addr=57 bit=0 count=2
CHECKER_PASS run=1 requests=640 cycles=960 errors=2
CASE_RESULT id=456 type=1 addr=57 bit=0 activated=1 activations=2 detected=1 errors=2 first_phase=2 first_addr=57 first_expected=ff first_actual=fe requests=640 cycles=960
CASE_BEGIN id=457 type=1 addr=57 bit=1
FAULT_ACTIVATE type=1 addr=57 bit=1 count=1
FAULT_ACTIVATE type=1 addr=57 bit=1 count=2
CHECKER_PASS run=1 requests=640 cycles=960 errors=2
CASE_RESULT id=457 type=1 addr=57 bit=1 activated=1 activations=2 detected=1 errors=2 first_phase=2 first_addr=57 first_expected=ff first_actual=fd requests=640 cycles=960
CASE_BEGIN id=458 type=1 addr=57 bit=2
FAULT_ACTIVATE type=1 addr=57 bit=2 count=1
FAULT_ACTIVATE type=1 addr=57 bit=2 count=2
CHECKER_PASS run=1 requests=640 cycles=960 errors=2
CASE_RESULT id=458 type=1 addr=57 bit=2 activated=1 activations=2 detected=1 errors=2 first_phase=2 first_addr=57 first_expected=ff first_actual=fb requests=640 cycles=960
CASE_BEGIN id=459 type=1 addr=57 bit=3
FAULT_ACTIVATE type=1 addr=57 bit=3 count=1
FAULT_ACTIVATE type=1 addr=57 bit=3 count=2
CHECKER_PASS run=1 requests=640 cycles=960 errors=2
CASE_RESULT id=459 type=1 addr=57 bit=3 activated=1 activations=2 detected=1 errors=2 first_phase=2 first_addr=57 first_expected=ff first_actual=f7 requests=640 cycles=960
CASE_BEGIN id=460 type=1 addr=57 bit=4
FAULT_ACTIVATE type=1 addr=57 bit=4 count=1
FAULT_ACTIVATE type=1 addr=57 bit=4 count=2
CHECKER_PASS run=1 requests=640 cycles=960 errors=2
CASE_RESULT id=460 type=1 addr=57 bit=4 activated=1 activations=2 detected=1 errors=2 first_phase=2 first_addr=57 first_expected=ff first_actual=ef requests=640 cycles=960
CASE_BEGIN id=461 type=1 addr=57 bit=5
FAULT_ACTIVATE type=1 addr=57 bit=5 count=1
FAULT_ACTIVATE type=1 addr=57 bit=5 count=2
CHECKER_PASS run=1 requests=640 cycles=960 errors=2
CASE_RESULT id=461 type=1 addr=57 bit=5 activated=1 activations=2 detected=1 errors=2 first_phase=2 first_addr=57 first_expected=ff first_actual=df requests=640 cycles=960
CASE_BEGIN id=462 type=1 addr=57 bit=6
FAULT_ACTIVATE type=1 addr=57 bit=6 count=1
FAULT_ACTIVATE type=1 addr=57 bit=6 count=2
CHECKER_PASS run=1 requests=640 cycles=960 errors=2
CASE_RESULT id=462 type=1 addr=57 bit=6 activated=1 activations=2 detected=1 errors=2 first_phase=2 first_addr=57 first_expected=ff first_actual=bf requests=640 cycles=960
CASE_BEGIN id=463 type=1 addr=57 bit=7
FAULT_ACTIVATE type=1 addr=57 bit=7 count=1
FAULT_ACTIVATE type=1 addr=57 bit=7 count=2
CHECKER_PASS run=1 requests=640 cycles=960 errors=2
CASE_RESULT id=463 type=1 addr=57 bit=7 activated=1 activations=2 detected=1 errors=2 first_phase=2 first_addr=57 first_expected=ff first_actual=7f requests=640 cycles=960
CASE_BEGIN id=464 type=1 addr=58 bit=0
FAULT_ACTIVATE type=1 addr=58 bit=0 count=1
FAULT_ACTIVATE type=1 addr=58 bit=0 count=2
CHECKER_PASS run=1 requests=640 cycles=960 errors=2
CASE_RESULT id=464 type=1 addr=58 bit=0 activated=1 activations=2 detected=1 errors=2 first_phase=2 first_addr=58 first_expected=ff first_actual=fe requests=640 cycles=960
CASE_BEGIN id=465 type=1 addr=58 bit=1
FAULT_ACTIVATE type=1 addr=58 bit=1 count=1
FAULT_ACTIVATE type=1 addr=58 bit=1 count=2
CHECKER_PASS run=1 requests=640 cycles=960 errors=2
CASE_RESULT id=465 type=1 addr=58 bit=1 activated=1 activations=2 detected=1 errors=2 first_phase=2 first_addr=58 first_expected=ff first_actual=fd requests=640 cycles=960
CASE_BEGIN id=466 type=1 addr=58 bit=2
FAULT_ACTIVATE type=1 addr=58 bit=2 count=1
FAULT_ACTIVATE type=1 addr=58 bit=2 count=2
CHECKER_PASS run=1 requests=640 cycles=960 errors=2
CASE_RESULT id=466 type=1 addr=58 bit=2 activated=1 activations=2 detected=1 errors=2 first_phase=2 first_addr=58 first_expected=ff first_actual=fb requests=640 cycles=960
CASE_BEGIN id=467 type=1 addr=58 bit=3
FAULT_ACTIVATE type=1 addr=58 bit=3 count=1
FAULT_ACTIVATE type=1 addr=58 bit=3 count=2
CHECKER_PASS run=1 requests=640 cycles=960 errors=2
CASE_RESULT id=467 type=1 addr=58 bit=3 activated=1 activations=2 detected=1 errors=2 first_phase=2 first_addr=58 first_expected=ff first_actual=f7 requests=640 cycles=960
CASE_BEGIN id=468 type=1 addr=58 bit=4
FAULT_ACTIVATE type=1 addr=58 bit=4 count=1
FAULT_ACTIVATE type=1 addr=58 bit=4 count=2
CHECKER_PASS run=1 requests=640 cycles=960 errors=2
CASE_RESULT id=468 type=1 addr=58 bit=4 activated=1 activations=2 detected=1 errors=2 first_phase=2 first_addr=58 first_expected=ff first_actual=ef requests=640 cycles=960
CASE_BEGIN id=469 type=1 addr=58 bit=5
FAULT_ACTIVATE type=1 addr=58 bit=5 count=1
FAULT_ACTIVATE type=1 addr=58 bit=5 count=2
CHECKER_PASS run=1 requests=640 cycles=960 errors=2
CASE_RESULT id=469 type=1 addr=58 bit=5 activated=1 activations=2 detected=1 errors=2 first_phase=2 first_addr=58 first_expected=ff first_actual=df requests=640 cycles=960
CASE_BEGIN id=470 type=1 addr=58 bit=6
FAULT_ACTIVATE type=1 addr=58 bit=6 count=1
FAULT_ACTIVATE type=1 addr=58 bit=6 count=2
CHECKER_PASS run=1 requests=640 cycles=960 errors=2
CASE_RESULT id=470 type=1 addr=58 bit=6 activated=1 activations=2 detected=1 errors=2 first_phase=2 first_addr=58 first_expected=ff first_actual=bf requests=640 cycles=960
CASE_BEGIN id=471 type=1 addr=58 bit=7
FAULT_ACTIVATE type=1 addr=58 bit=7 count=1
FAULT_ACTIVATE type=1 addr=58 bit=7 count=2
CHECKER_PASS run=1 requests=640 cycles=960 errors=2
CASE_RESULT id=471 type=1 addr=58 bit=7 activated=1 activations=2 detected=1 errors=2 first_phase=2 first_addr=58 first_expected=ff first_actual=7f requests=640 cycles=960
CASE_BEGIN id=472 type=1 addr=59 bit=0
FAULT_ACTIVATE type=1 addr=59 bit=0 count=1
FAULT_ACTIVATE type=1 addr=59 bit=0 count=2
CHECKER_PASS run=1 requests=640 cycles=960 errors=2
CASE_RESULT id=472 type=1 addr=59 bit=0 activated=1 activations=2 detected=1 errors=2 first_phase=2 first_addr=59 first_expected=ff first_actual=fe requests=640 cycles=960
CASE_BEGIN id=473 type=1 addr=59 bit=1
FAULT_ACTIVATE type=1 addr=59 bit=1 count=1
FAULT_ACTIVATE type=1 addr=59 bit=1 count=2
CHECKER_PASS run=1 requests=640 cycles=960 errors=2
CASE_RESULT id=473 type=1 addr=59 bit=1 activated=1 activations=2 detected=1 errors=2 first_phase=2 first_addr=59 first_expected=ff first_actual=fd requests=640 cycles=960
CASE_BEGIN id=474 type=1 addr=59 bit=2
FAULT_ACTIVATE type=1 addr=59 bit=2 count=1
FAULT_ACTIVATE type=1 addr=59 bit=2 count=2
CHECKER_PASS run=1 requests=640 cycles=960 errors=2
CASE_RESULT id=474 type=1 addr=59 bit=2 activated=1 activations=2 detected=1 errors=2 first_phase=2 first_addr=59 first_expected=ff first_actual=fb requests=640 cycles=960
CASE_BEGIN id=475 type=1 addr=59 bit=3
FAULT_ACTIVATE type=1 addr=59 bit=3 count=1
FAULT_ACTIVATE type=1 addr=59 bit=3 count=2
CHECKER_PASS run=1 requests=640 cycles=960 errors=2
CASE_RESULT id=475 type=1 addr=59 bit=3 activated=1 activations=2 detected=1 errors=2 first_phase=2 first_addr=59 first_expected=ff first_actual=f7 requests=640 cycles=960
CASE_BEGIN id=476 type=1 addr=59 bit=4
FAULT_ACTIVATE type=1 addr=59 bit=4 count=1
FAULT_ACTIVATE type=1 addr=59 bit=4 count=2
CHECKER_PASS run=1 requests=640 cycles=960 errors=2
CASE_RESULT id=476 type=1 addr=59 bit=4 activated=1 activations=2 detected=1 errors=2 first_phase=2 first_addr=59 first_expected=ff first_actual=ef requests=640 cycles=960
CASE_BEGIN id=477 type=1 addr=59 bit=5
FAULT_ACTIVATE type=1 addr=59 bit=5 count=1
FAULT_ACTIVATE type=1 addr=59 bit=5 count=2
CHECKER_PASS run=1 requests=640 cycles=960 errors=2
CASE_RESULT id=477 type=1 addr=59 bit=5 activated=1 activations=2 detected=1 errors=2 first_phase=2 first_addr=59 first_expected=ff first_actual=df requests=640 cycles=960
CASE_BEGIN id=478 type=1 addr=59 bit=6
FAULT_ACTIVATE type=1 addr=59 bit=6 count=1
FAULT_ACTIVATE type=1 addr=59 bit=6 count=2
CHECKER_PASS run=1 requests=640 cycles=960 errors=2
CASE_RESULT id=478 type=1 addr=59 bit=6 activated=1 activations=2 detected=1 errors=2 first_phase=2 first_addr=59 first_expected=ff first_actual=bf requests=640 cycles=960
CASE_BEGIN id=479 type=1 addr=59 bit=7
FAULT_ACTIVATE type=1 addr=59 bit=7 count=1
FAULT_ACTIVATE type=1 addr=59 bit=7 count=2
CHECKER_PASS run=1 requests=640 cycles=960 errors=2
CASE_RESULT id=479 type=1 addr=59 bit=7 activated=1 activations=2 detected=1 errors=2 first_phase=2 first_addr=59 first_expected=ff first_actual=7f requests=640 cycles=960
CASE_BEGIN id=480 type=1 addr=60 bit=0
FAULT_ACTIVATE type=1 addr=60 bit=0 count=1
FAULT_ACTIVATE type=1 addr=60 bit=0 count=2
CHECKER_PASS run=1 requests=640 cycles=960 errors=2
CASE_RESULT id=480 type=1 addr=60 bit=0 activated=1 activations=2 detected=1 errors=2 first_phase=2 first_addr=60 first_expected=ff first_actual=fe requests=640 cycles=960
CASE_BEGIN id=481 type=1 addr=60 bit=1
FAULT_ACTIVATE type=1 addr=60 bit=1 count=1
FAULT_ACTIVATE type=1 addr=60 bit=1 count=2
CHECKER_PASS run=1 requests=640 cycles=960 errors=2
CASE_RESULT id=481 type=1 addr=60 bit=1 activated=1 activations=2 detected=1 errors=2 first_phase=2 first_addr=60 first_expected=ff first_actual=fd requests=640 cycles=960
CASE_BEGIN id=482 type=1 addr=60 bit=2
FAULT_ACTIVATE type=1 addr=60 bit=2 count=1
FAULT_ACTIVATE type=1 addr=60 bit=2 count=2
CHECKER_PASS run=1 requests=640 cycles=960 errors=2
CASE_RESULT id=482 type=1 addr=60 bit=2 activated=1 activations=2 detected=1 errors=2 first_phase=2 first_addr=60 first_expected=ff first_actual=fb requests=640 cycles=960
CASE_BEGIN id=483 type=1 addr=60 bit=3
FAULT_ACTIVATE type=1 addr=60 bit=3 count=1
FAULT_ACTIVATE type=1 addr=60 bit=3 count=2
CHECKER_PASS run=1 requests=640 cycles=960 errors=2
CASE_RESULT id=483 type=1 addr=60 bit=3 activated=1 activations=2 detected=1 errors=2 first_phase=2 first_addr=60 first_expected=ff first_actual=f7 requests=640 cycles=960
CASE_BEGIN id=484 type=1 addr=60 bit=4
FAULT_ACTIVATE type=1 addr=60 bit=4 count=1
FAULT_ACTIVATE type=1 addr=60 bit=4 count=2
CHECKER_PASS run=1 requests=640 cycles=960 errors=2
CASE_RESULT id=484 type=1 addr=60 bit=4 activated=1 activations=2 detected=1 errors=2 first_phase=2 first_addr=60 first_expected=ff first_actual=ef requests=640 cycles=960
CASE_BEGIN id=485 type=1 addr=60 bit=5
FAULT_ACTIVATE type=1 addr=60 bit=5 count=1
FAULT_ACTIVATE type=1 addr=60 bit=5 count=2
CHECKER_PASS run=1 requests=640 cycles=960 errors=2
CASE_RESULT id=485 type=1 addr=60 bit=5 activated=1 activations=2 detected=1 errors=2 first_phase=2 first_addr=60 first_expected=ff first_actual=df requests=640 cycles=960
CASE_BEGIN id=486 type=1 addr=60 bit=6
FAULT_ACTIVATE type=1 addr=60 bit=6 count=1
FAULT_ACTIVATE type=1 addr=60 bit=6 count=2
CHECKER_PASS run=1 requests=640 cycles=960 errors=2
CASE_RESULT id=486 type=1 addr=60 bit=6 activated=1 activations=2 detected=1 errors=2 first_phase=2 first_addr=60 first_expected=ff first_actual=bf requests=640 cycles=960
CASE_BEGIN id=487 type=1 addr=60 bit=7
FAULT_ACTIVATE type=1 addr=60 bit=7 count=1
FAULT_ACTIVATE type=1 addr=60 bit=7 count=2
CHECKER_PASS run=1 requests=640 cycles=960 errors=2
CASE_RESULT id=487 type=1 addr=60 bit=7 activated=1 activations=2 detected=1 errors=2 first_phase=2 first_addr=60 first_expected=ff first_actual=7f requests=640 cycles=960
CASE_BEGIN id=488 type=1 addr=61 bit=0
FAULT_ACTIVATE type=1 addr=61 bit=0 count=1
FAULT_ACTIVATE type=1 addr=61 bit=0 count=2
CHECKER_PASS run=1 requests=640 cycles=960 errors=2
CASE_RESULT id=488 type=1 addr=61 bit=0 activated=1 activations=2 detected=1 errors=2 first_phase=2 first_addr=61 first_expected=ff first_actual=fe requests=640 cycles=960
CASE_BEGIN id=489 type=1 addr=61 bit=1
FAULT_ACTIVATE type=1 addr=61 bit=1 count=1
FAULT_ACTIVATE type=1 addr=61 bit=1 count=2
CHECKER_PASS run=1 requests=640 cycles=960 errors=2
CASE_RESULT id=489 type=1 addr=61 bit=1 activated=1 activations=2 detected=1 errors=2 first_phase=2 first_addr=61 first_expected=ff first_actual=fd requests=640 cycles=960
CASE_BEGIN id=490 type=1 addr=61 bit=2
FAULT_ACTIVATE type=1 addr=61 bit=2 count=1
FAULT_ACTIVATE type=1 addr=61 bit=2 count=2
CHECKER_PASS run=1 requests=640 cycles=960 errors=2
CASE_RESULT id=490 type=1 addr=61 bit=2 activated=1 activations=2 detected=1 errors=2 first_phase=2 first_addr=61 first_expected=ff first_actual=fb requests=640 cycles=960
CASE_BEGIN id=491 type=1 addr=61 bit=3
FAULT_ACTIVATE type=1 addr=61 bit=3 count=1
FAULT_ACTIVATE type=1 addr=61 bit=3 count=2
CHECKER_PASS run=1 requests=640 cycles=960 errors=2
CASE_RESULT id=491 type=1 addr=61 bit=3 activated=1 activations=2 detected=1 errors=2 first_phase=2 first_addr=61 first_expected=ff first_actual=f7 requests=640 cycles=960
CASE_BEGIN id=492 type=1 addr=61 bit=4
FAULT_ACTIVATE type=1 addr=61 bit=4 count=1
FAULT_ACTIVATE type=1 addr=61 bit=4 count=2
CHECKER_PASS run=1 requests=640 cycles=960 errors=2
CASE_RESULT id=492 type=1 addr=61 bit=4 activated=1 activations=2 detected=1 errors=2 first_phase=2 first_addr=61 first_expected=ff first_actual=ef requests=640 cycles=960
CASE_BEGIN id=493 type=1 addr=61 bit=5
FAULT_ACTIVATE type=1 addr=61 bit=5 count=1
FAULT_ACTIVATE type=1 addr=61 bit=5 count=2
CHECKER_PASS run=1 requests=640 cycles=960 errors=2
CASE_RESULT id=493 type=1 addr=61 bit=5 activated=1 activations=2 detected=1 errors=2 first_phase=2 first_addr=61 first_expected=ff first_actual=df requests=640 cycles=960
CASE_BEGIN id=494 type=1 addr=61 bit=6
FAULT_ACTIVATE type=1 addr=61 bit=6 count=1
FAULT_ACTIVATE type=1 addr=61 bit=6 count=2
CHECKER_PASS run=1 requests=640 cycles=960 errors=2
CASE_RESULT id=494 type=1 addr=61 bit=6 activated=1 activations=2 detected=1 errors=2 first_phase=2 first_addr=61 first_expected=ff first_actual=bf requests=640 cycles=960
CASE_BEGIN id=495 type=1 addr=61 bit=7
FAULT_ACTIVATE type=1 addr=61 bit=7 count=1
FAULT_ACTIVATE type=1 addr=61 bit=7 count=2
CHECKER_PASS run=1 requests=640 cycles=960 errors=2
CASE_RESULT id=495 type=1 addr=61 bit=7 activated=1 activations=2 detected=1 errors=2 first_phase=2 first_addr=61 first_expected=ff first_actual=7f requests=640 cycles=960
CASE_BEGIN id=496 type=1 addr=62 bit=0
FAULT_ACTIVATE type=1 addr=62 bit=0 count=1
FAULT_ACTIVATE type=1 addr=62 bit=0 count=2
CHECKER_PASS run=1 requests=640 cycles=960 errors=2
CASE_RESULT id=496 type=1 addr=62 bit=0 activated=1 activations=2 detected=1 errors=2 first_phase=2 first_addr=62 first_expected=ff first_actual=fe requests=640 cycles=960
CASE_BEGIN id=497 type=1 addr=62 bit=1
FAULT_ACTIVATE type=1 addr=62 bit=1 count=1
FAULT_ACTIVATE type=1 addr=62 bit=1 count=2
CHECKER_PASS run=1 requests=640 cycles=960 errors=2
CASE_RESULT id=497 type=1 addr=62 bit=1 activated=1 activations=2 detected=1 errors=2 first_phase=2 first_addr=62 first_expected=ff first_actual=fd requests=640 cycles=960
CASE_BEGIN id=498 type=1 addr=62 bit=2
FAULT_ACTIVATE type=1 addr=62 bit=2 count=1
FAULT_ACTIVATE type=1 addr=62 bit=2 count=2
CHECKER_PASS run=1 requests=640 cycles=960 errors=2
CASE_RESULT id=498 type=1 addr=62 bit=2 activated=1 activations=2 detected=1 errors=2 first_phase=2 first_addr=62 first_expected=ff first_actual=fb requests=640 cycles=960
CASE_BEGIN id=499 type=1 addr=62 bit=3
FAULT_ACTIVATE type=1 addr=62 bit=3 count=1
FAULT_ACTIVATE type=1 addr=62 bit=3 count=2
CHECKER_PASS run=1 requests=640 cycles=960 errors=2
CASE_RESULT id=499 type=1 addr=62 bit=3 activated=1 activations=2 detected=1 errors=2 first_phase=2 first_addr=62 first_expected=ff first_actual=f7 requests=640 cycles=960
CASE_BEGIN id=500 type=1 addr=62 bit=4
FAULT_ACTIVATE type=1 addr=62 bit=4 count=1
FAULT_ACTIVATE type=1 addr=62 bit=4 count=2
CHECKER_PASS run=1 requests=640 cycles=960 errors=2
CASE_RESULT id=500 type=1 addr=62 bit=4 activated=1 activations=2 detected=1 errors=2 first_phase=2 first_addr=62 first_expected=ff first_actual=ef requests=640 cycles=960
CASE_BEGIN id=501 type=1 addr=62 bit=5
FAULT_ACTIVATE type=1 addr=62 bit=5 count=1
FAULT_ACTIVATE type=1 addr=62 bit=5 count=2
CHECKER_PASS run=1 requests=640 cycles=960 errors=2
CASE_RESULT id=501 type=1 addr=62 bit=5 activated=1 activations=2 detected=1 errors=2 first_phase=2 first_addr=62 first_expected=ff first_actual=df requests=640 cycles=960
CASE_BEGIN id=502 type=1 addr=62 bit=6
FAULT_ACTIVATE type=1 addr=62 bit=6 count=1
FAULT_ACTIVATE type=1 addr=62 bit=6 count=2
CHECKER_PASS run=1 requests=640 cycles=960 errors=2
CASE_RESULT id=502 type=1 addr=62 bit=6 activated=1 activations=2 detected=1 errors=2 first_phase=2 first_addr=62 first_expected=ff first_actual=bf requests=640 cycles=960
CASE_BEGIN id=503 type=1 addr=62 bit=7
FAULT_ACTIVATE type=1 addr=62 bit=7 count=1
FAULT_ACTIVATE type=1 addr=62 bit=7 count=2
CHECKER_PASS run=1 requests=640 cycles=960 errors=2
CASE_RESULT id=503 type=1 addr=62 bit=7 activated=1 activations=2 detected=1 errors=2 first_phase=2 first_addr=62 first_expected=ff first_actual=7f requests=640 cycles=960
CASE_BEGIN id=504 type=1 addr=63 bit=0
FAULT_ACTIVATE type=1 addr=63 bit=0 count=1
FAULT_ACTIVATE type=1 addr=63 bit=0 count=2
CHECKER_PASS run=1 requests=640 cycles=960 errors=2
CASE_RESULT id=504 type=1 addr=63 bit=0 activated=1 activations=2 detected=1 errors=2 first_phase=2 first_addr=63 first_expected=ff first_actual=fe requests=640 cycles=960
CASE_BEGIN id=505 type=1 addr=63 bit=1
FAULT_ACTIVATE type=1 addr=63 bit=1 count=1
FAULT_ACTIVATE type=1 addr=63 bit=1 count=2
CHECKER_PASS run=1 requests=640 cycles=960 errors=2
CASE_RESULT id=505 type=1 addr=63 bit=1 activated=1 activations=2 detected=1 errors=2 first_phase=2 first_addr=63 first_expected=ff first_actual=fd requests=640 cycles=960
CASE_BEGIN id=506 type=1 addr=63 bit=2
FAULT_ACTIVATE type=1 addr=63 bit=2 count=1
FAULT_ACTIVATE type=1 addr=63 bit=2 count=2
CHECKER_PASS run=1 requests=640 cycles=960 errors=2
CASE_RESULT id=506 type=1 addr=63 bit=2 activated=1 activations=2 detected=1 errors=2 first_phase=2 first_addr=63 first_expected=ff first_actual=fb requests=640 cycles=960
CASE_BEGIN id=507 type=1 addr=63 bit=3
FAULT_ACTIVATE type=1 addr=63 bit=3 count=1
FAULT_ACTIVATE type=1 addr=63 bit=3 count=2
CHECKER_PASS run=1 requests=640 cycles=960 errors=2
CASE_RESULT id=507 type=1 addr=63 bit=3 activated=1 activations=2 detected=1 errors=2 first_phase=2 first_addr=63 first_expected=ff first_actual=f7 requests=640 cycles=960
CASE_BEGIN id=508 type=1 addr=63 bit=4
FAULT_ACTIVATE type=1 addr=63 bit=4 count=1
FAULT_ACTIVATE type=1 addr=63 bit=4 count=2
CHECKER_PASS run=1 requests=640 cycles=960 errors=2
CASE_RESULT id=508 type=1 addr=63 bit=4 activated=1 activations=2 detected=1 errors=2 first_phase=2 first_addr=63 first_expected=ff first_actual=ef requests=640 cycles=960
CASE_BEGIN id=509 type=1 addr=63 bit=5
FAULT_ACTIVATE type=1 addr=63 bit=5 count=1
FAULT_ACTIVATE type=1 addr=63 bit=5 count=2
CHECKER_PASS run=1 requests=640 cycles=960 errors=2
CASE_RESULT id=509 type=1 addr=63 bit=5 activated=1 activations=2 detected=1 errors=2 first_phase=2 first_addr=63 first_expected=ff first_actual=df requests=640 cycles=960
CASE_BEGIN id=510 type=1 addr=63 bit=6
FAULT_ACTIVATE type=1 addr=63 bit=6 count=1
FAULT_ACTIVATE type=1 addr=63 bit=6 count=2
CHECKER_PASS run=1 requests=640 cycles=960 errors=2
CASE_RESULT id=510 type=1 addr=63 bit=6 activated=1 activations=2 detected=1 errors=2 first_phase=2 first_addr=63 first_expected=ff first_actual=bf requests=640 cycles=960
CASE_BEGIN id=511 type=1 addr=63 bit=7
FAULT_ACTIVATE type=1 addr=63 bit=7 count=1
FAULT_ACTIVATE type=1 addr=63 bit=7 count=2
CHECKER_PASS run=1 requests=640 cycles=960 errors=2
CASE_RESULT id=511 type=1 addr=63 bit=7 activated=1 activations=2 detected=1 errors=2 first_phase=2 first_addr=63 first_expected=ff first_actual=7f requests=640 cycles=960
CAMPAIGN_DONE start=448 count=64
