CASE_BEGIN id=1280 type=3 addr=32 bit=0
FAULT_ACTIVATE type=3 addr=32 bit=0 count=1
FAULT_ACTIVATE type=3 addr=32 bit=0 count=2
CHECKER_PASS run=1 requests=640 cycles=960 errors=2
CASE_RESULT id=1280 type=3 addr=32 bit=0 activated=1 activations=2 detected=1 errors=2 first_phase=2 first_addr=32 first_expected=ff first_actual=fe requests=640 cycles=960
CASE_BEGIN id=1281 type=3 addr=32 bit=1
FAULT_ACTIVATE type=3 addr=32 bit=1 count=1
FAULT_ACTIVATE type=3 addr=32 bit=1 count=2
CHECKER_PASS run=1 requests=640 cycles=960 errors=2
CASE_RESULT id=1281 type=3 addr=32 bit=1 activated=1 activations=2 detected=1 errors=2 first_phase=2 first_addr=32 first_expected=ff first_actual=fd requests=640 cycles=960
CASE_BEGIN id=1282 type=3 addr=32 bit=2
FAULT_ACTIVATE type=3 addr=32 bit=2 count=1
FAULT_ACTIVATE type=3 addr=32 bit=2 count=2
CHECKER_PASS run=1 requests=640 cycles=960 errors=2
CASE_RESULT id=1282 type=3 addr=32 bit=2 activated=1 activations=2 detected=1 errors=2 first_phase=2 first_addr=32 first_expected=ff first_actual=fb requests=640 cycles=960
CASE_BEGIN id=1283 type=3 addr=32 bit=3
FAULT_ACTIVATE type=3 addr=32 bit=3 count=1
FAULT_ACTIVATE type=3 addr=32 bit=3 count=2
CHECKER_PASS run=1 requests=640 cycles=960 errors=2
CASE_RESULT id=1283 type=3 addr=32 bit=3 activated=1 activations=2 detected=1 errors=2 first_phase=2 first_addr=32 first_expected=ff first_actual=f7 requests=640 cycles=960
CASE_BEGIN id=1284 type=3 addr=32 bit=4
FAULT_ACTIVATE type=3 addr=32 bit=4 count=1
FAULT_ACTIVATE type=3 addr=32 bit=4 count=2
CHECKER_PASS run=1 requests=640 cycles=960 errors=2
CASE_RESULT id=1284 type=3 addr=32 bit=4 activated=1 activations=2 detected=1 errors=2 first_phase=2 first_addr=32 first_expected=ff first_actual=ef requests=640 cycles=960
CASE_BEGIN id=1285 type=3 addr=32 bit=5
FAULT_ACTIVATE type=3 addr=32 bit=5 count=1
FAULT_ACTIVATE type=3 addr=32 bit=5 count=2
CHECKER_PASS run=1 requests=640 cycles=960 errors=2
CASE_RESULT id=1285 type=3 addr=32 bit=5 activated=1 activations=2 detected=1 errors=2 first_phase=2 first_addr=32 first_expected=ff first_actual=df requests=640 cycles=960
CASE_BEGIN id=1286 type=3 addr=32 bit=6
FAULT_ACTIVATE type=3 addr=32 bit=6 count=1
FAULT_ACTIVATE type=3 addr=32 bit=6 count=2
CHECKER_PASS run=1 requests=640 cycles=960 errors=2
CASE_RESULT id=1286 type=3 addr=32 bit=6 activated=1 activations=2 detected=1 errors=2 first_phase=2 first_addr=32 first_expected=ff first_actual=bf requests=640 cycles=960
CASE_BEGIN id=1287 type=3 addr=32 bit=7
FAULT_ACTIVATE type=3 addr=32 bit=7 count=1
FAULT_ACTIVATE type=3 addr=32 bit=7 count=2
CHECKER_PASS run=1 requests=640 cycles=960 errors=2
CASE_RESULT id=1287 type=3 addr=32 bit=7 activated=1 activations=2 detected=1 errors=2 first_phase=2 first_addr=32 first_expected=ff first_actual=7f requests=640 cycles=960
CASE_BEGIN id=1288 type=3 addr=33 bit=0
FAULT_ACTIVATE type=3 addr=33 bit=0 count=1
FAULT_ACTIVATE type=3 addr=33 bit=0 count=2
CHECKER_PASS run=1 requests=640 cycles=960 errors=2
CASE_RESULT id=1288 type=3 addr=33 bit=0 activated=1 activations=2 detected=1 errors=2 first_phase=2 first_addr=33 first_expected=ff first_actual=fe requests=640 cycles=960
CASE_BEGIN id=1289 type=3 addr=33 bit=1
FAULT_ACTIVATE type=3 addr=33 bit=1 count=1
FAULT_ACTIVATE type=3 addr=33 bit=1 count=2
CHECKER_PASS run=1 requests=640 cycles=960 errors=2
CASE_RESULT id=1289 type=3 addr=33 bit=1 activated=1 activations=2 detected=1 errors=2 first_phase=2 first_addr=33 first_expected=ff first_actual=fd requests=640 cycles=960
CASE_BEGIN id=1290 type=3 addr=33 bit=2
FAULT_ACTIVATE type=3 addr=33 bit=2 count=1
FAULT_ACTIVATE type=3 addr=33 bit=2 count=2
CHECKER_PASS run=1 requests=640 cycles=960 errors=2
CASE_RESULT id=1290 type=3 addr=33 bit=2 activated=1 activations=2 detected=1 errors=2 first_phase=2 first_addr=33 first_expected=ff first_actual=fb requests=640 cycles=960
CASE_BEGIN id=1291 type=3 addr=33 bit=3
FAULT_ACTIVATE type=3 addr=33 bit=3 count=1
FAULT_ACTIVATE type=3 addr=33 bit=3 count=2
CHECKER_PASS run=1 requests=640 cycles=960 errors=2
CASE_RESULT id=1291 type=3 addr=33 bit=3 activated=1 activations=2 detected=1 errors=2 first_phase=2 first_addr=33 first_expected=ff first_actual=f7 requests=640 cycles=960
CASE_BEGIN id=1292 type=3 addr=33 bit=4
FAULT_ACTIVATE type=3 addr=33 bit=4 count=1
FAULT_ACTIVATE type=3 addr=33 bit=4 count=2
CHECKER_PASS run=1 requests=640 cycles=960 errors=2
CASE_RESULT id=1292 type=3 addr=33 bit=4 activated=1 activations=2 detected=1 errors=2 first_phase=2 first_addr=33 first_expected=ff first_actual=ef requests=640 cycles=960
CASE_BEGIN id=1293 type=3 addr=33 bit=5
FAULT_ACTIVATE type=3 addr=33 bit=5 count=1
FAULT_ACTIVATE type=3 addr=33 bit=5 count=2
CHECKER_PASS run=1 requests=640 cycles=960 errors=2
CASE_RESULT id=1293 type=3 addr=33 bit=5 activated=1 activations=2 detected=1 errors=2 first_phase=2 first_addr=33 first_expected=ff first_actual=df requests=640 cycles=960
CASE_BEGIN id=1294 type=3 addr=33 bit=6
FAULT_ACTIVATE type=3 addr=33 bit=6 count=1
FAULT_ACTIVATE type=3 addr=33 bit=6 count=2
CHECKER_PASS run=1 requests=640 cycles=960 errors=2
CASE_RESULT id=1294 type=3 addr=33 bit=6 activated=1 activations=2 detected=1 errors=2 first_phase=2 first_addr=33 first_expected=ff first_actual=bf requests=640 cycles=960
CASE_BEGIN id=1295 type=3 addr=33 bit=7
FAULT_ACTIVATE type=3 addr=33 bit=7 count=1
FAULT_ACTIVATE type=3 addr=33 bit=7 count=2
CHECKER_PASS run=1 requests=640 cycles=960 errors=2
CASE_RESULT id=1295 type=3 addr=33 bit=7 activated=1 activations=2 detected=1 errors=2 first_phase=2 first_addr=33 first_expected=ff first_actual=7f requests=640 cycles=960
CASE_BEGIN id=1296 type=3 addr=34 bit=0
FAULT_ACTIVATE type=3 addr=34 bit=0 count=1
FAULT_ACTIVATE type=3 addr=34 bit=0 count=2
CHECKER_PASS run=1 requests=640 cycles=960 errors=2
CASE_RESULT id=1296 type=3 addr=34 bit=0 activated=1 activations=2 detected=1 errors=2 first_phase=2 first_addr=34 first_expected=ff first_actual=fe requests=640 cycles=960
CASE_BEGIN id=1297 type=3 addr=34 bit=1
FAULT_ACTIVATE type=3 addr=34 bit=1 count=1
FAULT_ACTIVATE type=3 addr=34 bit=1 count=2
CHECKER_PASS run=1 requests=640 cycles=960 errors=2
CASE_RESULT id=1297 type=3 addr=34 bit=1 activated=1 activations=2 detected=1 errors=2 first_phase=2 first_addr=34 first_expected=ff first_actual=fd requests=640 cycles=960
CASE_BEGIN id=1298 type=3 addr=34 bit=2
FAULT_ACTIVATE type=3 addr=34 bit=2 count=1
FAULT_ACTIVATE type=3 addr=34 bit=2 count=2
CHECKER_PASS run=1 requests=640 cycles=960 errors=2
CASE_RESULT id=1298 type=3 addr=34 bit=2 activated=1 activations=2 detected=1 errors=2 first_phase=2 first_addr=34 first_expected=ff first_actual=fb requests=640 cycles=960
CASE_BEGIN id=1299 type=3 addr=34 bit=3
FAULT_ACTIVATE type=3 addr=34 bit=3 count=1
FAULT_ACTIVATE type=3 addr=34 bit=3 count=2
CHECKER_PASS run=1 requests=640 cycles=960 errors=2
CASE_RESULT id=1299 type=3 addr=34 bit=3 activated=1 activations=2 detected=1 errors=2 first_phase=2 first_addr=34 first_expected=ff first_actual=f7 requests=640 cycles=960
CASE_BEGIN id=1300 type=3 addr=34 bit=4
FAULT_ACTIVATE type=3 addr=34 bit=4 count=1
FAULT_ACTIVATE type=3 addr=34 bit=4 count=2
CHECKER_PASS run=1 requests=640 cycles=960 errors=2
CASE_RESULT id=1300 type=3 addr=34 bit=4 activated=1 activations=2 detected=1 errors=2 first_phase=2 first_addr=34 first_expected=ff first_actual=ef requests=640 cycles=960
CASE_BEGIN id=1301 type=3 addr=34 bit=5
FAULT_ACTIVATE type=3 addr=34 bit=5 count=1
FAULT_ACTIVATE type=3 addr=34 bit=5 count=2
CHECKER_PASS run=1 requests=640 cycles=960 errors=2
CASE_RESULT id=1301 type=3 addr=34 bit=5 activated=1 activations=2 detected=1 errors=2 first_phase=2 first_addr=34 first_expected=ff first_actual=df requests=640 cycles=960
CASE_BEGIN id=1302 type=3 addr=34 bit=6
FAULT_ACTIVATE type=3 addr=34 bit=6 count=1
FAULT_ACTIVATE type=3 addr=34 bit=6 count=2
CHECKER_PASS run=1 requests=640 cycles=960 errors=2
CASE_RESULT id=1302 type=3 addr=34 bit=6 activated=1 activations=2 detected=1 errors=2 first_phase=2 first_addr=34 first_expected=ff first_actual=bf requests=640 cycles=960
CASE_BEGIN id=1303 type=3 addr=34 bit=7
FAULT_ACTIVATE type=3 addr=34 bit=7 count=1
FAULT_ACTIVATE type=3 addr=34 bit=7 count=2
CHECKER_PASS run=1 requests=640 cycles=960 errors=2
CASE_RESULT id=1303 type=3 addr=34 bit=7 activated=1 activations=2 detected=1 errors=2 first_phase=2 first_addr=34 first_expected=ff first_actual=7f requests=640 cycles=960
CASE_BEGIN id=1304 type=3 addr=35 bit=0
FAULT_ACTIVATE type=3 addr=35 bit=0 count=1
FAULT_ACTIVATE type=3 addr=35 bit=0 count=2
CHECKER_PASS run=1 requests=640 cycles=960 errors=2
CASE_RESULT id=1304 type=3 addr=35 bit=0 activated=1 activations=2 detected=1 errors=2 first_phase=2 first_addr=35 first_expected=ff first_actual=fe requests=640 cycles=960
CASE_BEGIN id=1305 type=3 addr=35 bit=1
FAULT_ACTIVATE type=3 addr=35 bit=1 count=1
FAULT_ACTIVATE type=3 addr=35 bit=1 count=2
CHECKER_PASS run=1 requests=640 cycles=960 errors=2
CASE_RESULT id=1305 type=3 addr=35 bit=1 activated=1 activations=2 detected=1 errors=2 first_phase=2 first_addr=35 first_expected=ff first_actual=fd requests=640 cycles=960
CASE_BEGIN id=1306 type=3 addr=35 bit=2
FAULT_ACTIVATE type=3 addr=35 bit=2 count=1
FAULT_ACTIVATE type=3 addr=35 bit=2 count=2
CHECKER_PASS run=1 requests=640 cycles=960 errors=2
CASE_RESULT id=1306 type=3 addr=35 bit=2 activated=1 activations=2 detected=1 errors=2 first_phase=2 first_addr=35 first_expected=ff first_actual=fb requests=640 cycles=960
CASE_BEGIN id=1307 type=3 addr=35 bit=3
FAULT_ACTIVATE type=3 addr=35 bit=3 count=1
FAULT_ACTIVATE type=3 addr=35 bit=3 count=2
CHECKER_PASS run=1 requests=640 cycles=960 errors=2
CASE_RESULT id=1307 type=3 addr=35 bit=3 activated=1 activations=2 detected=1 errors=2 first_phase=2 first_addr=35 first_expected=ff first_actual=f7 requests=640 cycles=960
CASE_BEGIN id=1308 type=3 addr=35 bit=4
FAULT_ACTIVATE type=3 addr=35 bit=4 count=1
FAULT_ACTIVATE type=3 addr=35 bit=4 count=2
CHECKER_PASS run=1 requests=640 cycles=960 errors=2
CASE_RESULT id=1308 type=3 addr=35 bit=4 activated=1 activations=2 detected=1 errors=2 first_phase=2 first_addr=35 first_expected=ff first_actual=ef requests=640 cycles=960
CASE_BEGIN id=1309 type=3 addr=35 bit=5
FAULT_ACTIVATE type=3 addr=35 bit=5 count=1
FAULT_ACTIVATE type=3 addr=35 bit=5 count=2
CHECKER_PASS run=1 requests=640 cycles=960 errors=2
CASE_RESULT id=1309 type=3 addr=35 bit=5 activated=1 activations=2 detected=1 errors=2 first_phase=2 first_addr=35 first_expected=ff first_actual=df requests=640 cycles=960
CASE_BEGIN id=1310 type=3 addr=35 bit=6
FAULT_ACTIVATE type=3 addr=35 bit=6 count=1
FAULT_ACTIVATE type=3 addr=35 bit=6 count=2
CHECKER_PASS run=1 requests=640 cycles=960 errors=2
CASE_RESULT id=1310 type=3 addr=35 bit=6 activated=1 activations=2 detected=1 errors=2 first_phase=2 first_addr=35 first_expected=ff first_actual=bf requests=640 cycles=960
CASE_BEGIN id=1311 type=3 addr=35 bit=7
FAULT_ACTIVATE type=3 addr=35 bit=7 count=1
FAULT_ACTIVATE type=3 addr=35 bit=7 count=2
CHECKER_PASS run=1 requests=640 cycles=960 errors=2
CASE_RESULT id=1311 type=3 addr=35 bit=7 activated=1 activations=2 detected=1 errors=2 first_phase=2 first_addr=35 first_expected=ff first_actual=7f requests=640 cycles=960
CASE_BEGIN id=1312 type=3 addr=36 bit=0
FAULT_ACTIVATE type=3 addr=36 bit=0 count=1
FAULT_ACTIVATE type=3 addr=36 bit=0 count=2
CHECKER_PASS run=1 requests=640 cycles=960 errors=2
CASE_RESULT id=1312 type=3 addr=36 bit=0 activated=1 activations=2 detected=1 errors=2 first_phase=2 first_addr=36 first_expected=ff first_actual=fe requests=640 cycles=960
CASE_BEGIN id=1313 type=3 addr=36 bit=1
FAULT_ACTIVATE type=3 addr=36 bit=1 count=1
FAULT_ACTIVATE type=3 addr=36 bit=1 count=2
CHECKER_PASS run=1 requests=640 cycles=960 errors=2
CASE_RESULT id=1313 type=3 addr=36 bit=1 activated=1 activations=2 detected=1 errors=2 first_phase=2 first_addr=36 first_expected=ff first_actual=fd requests=640 cycles=960
CASE_BEGIN id=1314 type=3 addr=36 bit=2
FAULT_ACTIVATE type=3 addr=36 bit=2 count=1
FAULT_ACTIVATE type=3 addr=36 bit=2 count=2
CHECKER_PASS run=1 requests=640 cycles=960 errors=2
CASE_RESULT id=1314 type=3 addr=36 bit=2 activated=1 activations=2 detected=1 errors=2 first_phase=2 first_addr=36 first_expected=ff first_actual=fb requests=640 cycles=960
CASE_BEGIN id=1315 type=3 addr=36 bit=3
FAULT_ACTIVATE type=3 addr=36 bit=3 count=1
FAULT_ACTIVATE type=3 addr=36 bit=3 count=2
CHECKER_PASS run=1 requests=640 cycles=960 errors=2
CASE_RESULT id=1315 type=3 addr=36 bit=3 activated=1 activations=2 detected=1 errors=2 first_phase=2 first_addr=36 first_expected=ff first_actual=f7 requests=640 cycles=960
CASE_BEGIN id=1316 type=3 addr=36 bit=4
FAULT_ACTIVATE type=3 addr=36 bit=4 count=1
FAULT_ACTIVATE type=3 addr=36 bit=4 count=2
CHECKER_PASS run=1 requests=640 cycles=960 errors=2
CASE_RESULT id=1316 type=3 addr=36 bit=4 activated=1 activations=2 detected=1 errors=2 first_phase=2 first_addr=36 first_expected=ff first_actual=ef requests=640 cycles=960
CASE_BEGIN id=1317 type=3 addr=36 bit=5
FAULT_ACTIVATE type=3 addr=36 bit=5 count=1
FAULT_ACTIVATE type=3 addr=36 bit=5 count=2
CHECKER_PASS run=1 requests=640 cycles=960 errors=2
CASE_RESULT id=1317 type=3 addr=36 bit=5 activated=1 activations=2 detected=1 errors=2 first_phase=2 first_addr=36 first_expected=ff first_actual=df requests=640 cycles=960
CASE_BEGIN id=1318 type=3 addr=36 bit=6
FAULT_ACTIVATE type=3 addr=36 bit=6 count=1
FAULT_ACTIVATE type=3 addr=36 bit=6 count=2
CHECKER_PASS run=1 requests=640 cycles=960 errors=2
CASE_RESULT id=1318 type=3 addr=36 bit=6 activated=1 activations=2 detected=1 errors=2 first_phase=2 first_addr=36 first_expected=ff first_actual=bf requests=640 cycles=960
CASE_BEGIN id=1319 type=3 addr=36 bit=7
FAULT_ACTIVATE type=3 addr=36 bit=7 count=1
FAULT_ACTIVATE type=3 addr=36 bit=7 count=2
CHECKER_PASS run=1 requests=640 cycles=960 errors=2
CASE_RESULT id=1319 type=3 addr=36 bit=7 activated=1 activations=2 detected=1 errors=2 first_phase=2 first_addr=36 first_expected=ff first_actual=7f requests=640 cycles=960
CASE_BEGIN id=1320 type=3 addr=37 bit=0
FAULT_ACTIVATE type=3 addr=37 bit=0 count=1
FAULT_ACTIVATE type=3 addr=37 bit=0 count=2
CHECKER_PASS run=1 requests=640 cycles=960 errors=2
CASE_RESULT id=1320 type=3 addr=37 bit=0 activated=1 activations=2 detected=1 errors=2 first_phase=2 first_addr=37 first_expected=ff first_actual=fe requests=640 cycles=960
CASE_BEGIN id=1321 type=3 addr=37 bit=1
FAULT_ACTIVATE type=3 addr=37 bit=1 count=1
FAULT_ACTIVATE type=3 addr=37 bit=1 count=2
CHECKER_PASS run=1 requests=640 cycles=960 errors=2
CASE_RESULT id=1321 type=3 addr=37 bit=1 activated=1 activations=2 detected=1 errors=2 first_phase=2 first_addr=37 first_expected=ff first_actual=fd requests=640 cycles=960
CASE_BEGIN id=1322 type=3 addr=37 bit=2
FAULT_ACTIVATE type=3 addr=37 bit=2 count=1
FAULT_ACTIVATE type=3 addr=37 bit=2 count=2
CHECKER_PASS run=1 requests=640 cycles=960 errors=2
CASE_RESULT id=1322 type=3 addr=37 bit=2 activated=1 activations=2 detected=1 errors=2 first_phase=2 first_addr=37 first_expected=ff first_actual=fb requests=640 cycles=960
CASE_BEGIN id=1323 type=3 addr=37 bit=3
FAULT_ACTIVATE type=3 addr=37 bit=3 count=1
FAULT_ACTIVATE type=3 addr=37 bit=3 count=2
CHECKER_PASS run=1 requests=640 cycles=960 errors=2
CASE_RESULT id=1323 type=3 addr=37 bit=3 activated=1 activations=2 detected=1 errors=2 first_phase=2 first_addr=37 first_expected=ff first_actual=f7 requests=640 cycles=960
CASE_BEGIN id=1324 type=3 addr=37 bit=4
FAULT_ACTIVATE type=3 addr=37 bit=4 count=1
FAULT_ACTIVATE type=3 addr=37 bit=4 count=2
CHECKER_PASS run=1 requests=640 cycles=960 errors=2
CASE_RESULT id=1324 type=3 addr=37 bit=4 activated=1 activations=2 detected=1 errors=2 first_phase=2 first_addr=37 first_expected=ff first_actual=ef requests=640 cycles=960
CASE_BEGIN id=1325 type=3 addr=37 bit=5
FAULT_ACTIVATE type=3 addr=37 bit=5 count=1
FAULT_ACTIVATE type=3 addr=37 bit=5 count=2
CHECKER_PASS run=1 requests=640 cycles=960 errors=2
CASE_RESULT id=1325 type=3 addr=37 bit=5 activated=1 activations=2 detected=1 errors=2 first_phase=2 first_addr=37 first_expected=ff first_actual=df requests=640 cycles=960
CASE_BEGIN id=1326 type=3 addr=37 bit=6
FAULT_ACTIVATE type=3 addr=37 bit=6 count=1
FAULT_ACTIVATE type=3 addr=37 bit=6 count=2
CHECKER_PASS run=1 requests=640 cycles=960 errors=2
CASE_RESULT id=1326 type=3 addr=37 bit=6 activated=1 activations=2 detected=1 errors=2 first_phase=2 first_addr=37 first_expected=ff first_actual=bf requests=640 cycles=960
CASE_BEGIN id=1327 type=3 addr=37 bit=7
FAULT_ACTIVATE type=3 addr=37 bit=7 count=1
FAULT_ACTIVATE type=3 addr=37 bit=7 count=2
CHECKER_PASS run=1 requests=640 cycles=960 errors=2
CASE_RESULT id=1327 type=3 addr=37 bit=7 activated=1 activations=2 detected=1 errors=2 first_phase=2 first_addr=37 first_expected=ff first_actual=7f requests=640 cycles=960
CASE_BEGIN id=1328 type=3 addr=38 bit=0
FAULT_ACTIVATE type=3 addr=38 bit=0 count=1
FAULT_ACTIVATE type=3 addr=38 bit=0 count=2
CHECKER_PASS run=1 requests=640 cycles=960 errors=2
CASE_RESULT id=1328 type=3 addr=38 bit=0 activated=1 activations=2 detected=1 errors=2 first_phase=2 first_addr=38 first_expected=ff first_actual=fe requests=640 cycles=960
CASE_BEGIN id=1329 type=3 addr=38 bit=1
FAULT_ACTIVATE type=3 addr=38 bit=1 count=1
FAULT_ACTIVATE type=3 addr=38 bit=1 count=2
CHECKER_PASS run=1 requests=640 cycles=960 errors=2
CASE_RESULT id=1329 type=3 addr=38 bit=1 activated=1 activations=2 detected=1 errors=2 first_phase=2 first_addr=38 first_expected=ff first_actual=fd requests=640 cycles=960
CASE_BEGIN id=1330 type=3 addr=38 bit=2
FAULT_ACTIVATE type=3 addr=38 bit=2 count=1
FAULT_ACTIVATE type=3 addr=38 bit=2 count=2
CHECKER_PASS run=1 requests=640 cycles=960 errors=2
CASE_RESULT id=1330 type=3 addr=38 bit=2 activated=1 activations=2 detected=1 errors=2 first_phase=2 first_addr=38 first_expected=ff first_actual=fb requests=640 cycles=960
CASE_BEGIN id=1331 type=3 addr=38 bit=3
FAULT_ACTIVATE type=3 addr=38 bit=3 count=1
FAULT_ACTIVATE type=3 addr=38 bit=3 count=2
CHECKER_PASS run=1 requests=640 cycles=960 errors=2
CASE_RESULT id=1331 type=3 addr=38 bit=3 activated=1 activations=2 detected=1 errors=2 first_phase=2 first_addr=38 first_expected=ff first_actual=f7 requests=640 cycles=960
CASE_BEGIN id=1332 type=3 addr=38 bit=4
FAULT_ACTIVATE type=3 addr=38 bit=4 count=1
FAULT_ACTIVATE type=3 addr=38 bit=4 count=2
CHECKER_PASS run=1 requests=640 cycles=960 errors=2
CASE_RESULT id=1332 type=3 addr=38 bit=4 activated=1 activations=2 detected=1 errors=2 first_phase=2 first_addr=38 first_expected=ff first_actual=ef requests=640 cycles=960
CASE_BEGIN id=1333 type=3 addr=38 bit=5
FAULT_ACTIVATE type=3 addr=38 bit=5 count=1
FAULT_ACTIVATE type=3 addr=38 bit=5 count=2
CHECKER_PASS run=1 requests=640 cycles=960 errors=2
CASE_RESULT id=1333 type=3 addr=38 bit=5 activated=1 activations=2 detected=1 errors=2 first_phase=2 first_addr=38 first_expected=ff first_actual=df requests=640 cycles=960
CASE_BEGIN id=1334 type=3 addr=38 bit=6
FAULT_ACTIVATE type=3 addr=38 bit=6 count=1
FAULT_ACTIVATE type=3 addr=38 bit=6 count=2
CHECKER_PASS run=1 requests=640 cycles=960 errors=2
CASE_RESULT id=1334 type=3 addr=38 bit=6 activated=1 activations=2 detected=1 errors=2 first_phase=2 first_addr=38 first_expected=ff first_actual=bf requests=640 cycles=960
CASE_BEGIN id=1335 type=3 addr=38 bit=7
FAULT_ACTIVATE type=3 addr=38 bit=7 count=1
FAULT_ACTIVATE type=3 addr=38 bit=7 count=2
CHECKER_PASS run=1 requests=640 cycles=960 errors=2
CASE_RESULT id=1335 type=3 addr=38 bit=7 activated=1 activations=2 detected=1 errors=2 first_phase=2 first_addr=38 first_expected=ff first_actual=7f requests=640 cycles=960
CASE_BEGIN id=1336 type=3 addr=39 bit=0
FAULT_ACTIVATE type=3 addr=39 bit=0 count=1
FAULT_ACTIVATE type=3 addr=39 bit=0 count=2
CHECKER_PASS run=1 requests=640 cycles=960 errors=2
CASE_RESULT id=1336 type=3 addr=39 bit=0 activated=1 activations=2 detected=1 errors=2 first_phase=2 first_addr=39 first_expected=ff first_actual=fe requests=640 cycles=960
CASE_BEGIN id=1337 type=3 addr=39 bit=1
FAULT_ACTIVATE type=3 addr=39 bit=1 count=1
FAULT_ACTIVATE type=3 addr=39 bit=1 count=2
CHECKER_PASS run=1 requests=640 cycles=960 errors=2
CASE_RESULT id=1337 type=3 addr=39 bit=1 activated=1 activations=2 detected=1 errors=2 first_phase=2 first_addr=39 first_expected=ff first_actual=fd requests=640 cycles=960
CASE_BEGIN id=1338 type=3 addr=39 bit=2
FAULT_ACTIVATE type=3 addr=39 bit=2 count=1
FAULT_ACTIVATE type=3 addr=39 bit=2 count=2
CHECKER_PASS run=1 requests=640 cycles=960 errors=2
CASE_RESULT id=1338 type=3 addr=39 bit=2 activated=1 activations=2 detected=1 errors=2 first_phase=2 first_addr=39 first_expected=ff first_actual=fb requests=640 cycles=960
CASE_BEGIN id=1339 type=3 addr=39 bit=3
FAULT_ACTIVATE type=3 addr=39 bit=3 count=1
FAULT_ACTIVATE type=3 addr=39 bit=3 count=2
CHECKER_PASS run=1 requests=640 cycles=960 errors=2
CASE_RESULT id=1339 type=3 addr=39 bit=3 activated=1 activations=2 detected=1 errors=2 first_phase=2 first_addr=39 first_expected=ff first_actual=f7 requests=640 cycles=960
CASE_BEGIN id=1340 type=3 addr=39 bit=4
FAULT_ACTIVATE type=3 addr=39 bit=4 count=1
FAULT_ACTIVATE type=3 addr=39 bit=4 count=2
CHECKER_PASS run=1 requests=640 cycles=960 errors=2
CASE_RESULT id=1340 type=3 addr=39 bit=4 activated=1 activations=2 detected=1 errors=2 first_phase=2 first_addr=39 first_expected=ff first_actual=ef requests=640 cycles=960
CASE_BEGIN id=1341 type=3 addr=39 bit=5
FAULT_ACTIVATE type=3 addr=39 bit=5 count=1
FAULT_ACTIVATE type=3 addr=39 bit=5 count=2
CHECKER_PASS run=1 requests=640 cycles=960 errors=2
CASE_RESULT id=1341 type=3 addr=39 bit=5 activated=1 activations=2 detected=1 errors=2 first_phase=2 first_addr=39 first_expected=ff first_actual=df requests=640 cycles=960
CASE_BEGIN id=1342 type=3 addr=39 bit=6
FAULT_ACTIVATE type=3 addr=39 bit=6 count=1
FAULT_ACTIVATE type=3 addr=39 bit=6 count=2
CHECKER_PASS run=1 requests=640 cycles=960 errors=2
CASE_RESULT id=1342 type=3 addr=39 bit=6 activated=1 activations=2 detected=1 errors=2 first_phase=2 first_addr=39 first_expected=ff first_actual=bf requests=640 cycles=960
CASE_BEGIN id=1343 type=3 addr=39 bit=7
FAULT_ACTIVATE type=3 addr=39 bit=7 count=1
FAULT_ACTIVATE type=3 addr=39 bit=7 count=2
CHECKER_PASS run=1 requests=640 cycles=960 errors=2
CASE_RESULT id=1343 type=3 addr=39 bit=7 activated=1 activations=2 detected=1 errors=2 first_phase=2 first_addr=39 first_expected=ff first_actual=7f requests=640 cycles=960
CAMPAIGN_DONE start=1280 count=64
