Startpoint: rd_data[7] (input port clocked by core_clock)
Endpoint: u_mbist.u_checker.first_fail_actual[5]$_SDFFE_PP0P_
          (rising edge-triggered flip-flop clocked by core_clock)
Path Group: core_clock
Path Type: max

    Delay      Time   Description
-------------------------------------------------------------
   0.0000    0.0000   clock core_clock (rise edge)
   0.0000    0.0000   clock network delay (ideal)
   2.0000    2.0000 v input external delay
   0.0000    2.0000 v rd_data[7] (in)
   0.1036    2.1036 ^ _260_/ZN (NOR4_X1)
   0.0167    2.1203 v _262_/ZN (NAND2_X1)
   0.0642    2.1844 v _270_/Z (MUX2_X1)
   0.0326    2.2171 v _271_/Z (BUF_X4)
   0.0323    2.2494 ^ _304_/ZN (NAND3_X4)
   0.0287    2.2781 ^ _305_/Z (BUF_X8)
   0.0587    2.3368 v _326_/Z (MUX2_X1)
   0.0288    2.3656 v _327_/ZN (AND2_X2)
   0.0000    2.3656 v u_mbist.u_checker.first_fail_actual[5]$_SDFFE_PP0P_/D (DFF_X1)
             2.3656   data arrival time

  20.0000   20.0000   clock core_clock (rise edge)
   0.0000   20.0000   clock network delay (ideal)
  -0.2000   19.8000   clock uncertainty
   0.0000   19.8000   clock reconvergence pessimism
            19.8000 ^ u_mbist.u_checker.first_fail_actual[5]$_SDFFE_PP0P_/CK (DFF_X1)
  -0.0391   19.7609   library setup time
            19.7609   data required time
-------------------------------------------------------------
            19.7609   data required time
            -2.3656   data arrival time
-------------------------------------------------------------
            17.3953   slack (MET)


