#-----------------------------------------------------------
# Vivado v2018.3 (64-bit)
# SW Build 2405991 on Thu Dec  6 23:38:27 MST 2018
# IP Build 2404404 on Fri Dec  7 01:43:56 MST 2018
# Start of session at: Sun Sep 27 23:03:35 2026
# Process ID: 51744
# Current directory: C:/Users/32035/Desktop/FPGA/ProjectIII/.build/asic/relocation project
# Command line: vivado.exe -mode batch -source check.tcl -log C:\Users\32035\Desktop\FPGA\ProjectIII\results\asic\v10\projectiii_relocation\elaboration.log -journal vivado.jou
# Log file: C:/Users/32035/Desktop/FPGA/ProjectIII/results/asic/v10/projectiii_relocation/elaboration.log
# Journal file: C:/Users/32035/Desktop/FPGA/ProjectIII/.build/asic/relocation project\vivado.jou
#-----------------------------------------------------------
source check.tcl
# set root [file normalize [file dirname [info script]]]
# open_project [file join $root asic vivado mbist_asic_v10 mbist_asic_v10.xpr]
INFO: [ProjectBase 1-489] The host OS only allows 260 characters in a normal path. The project is stored in a path with more than 80 characters. If you experience issues with IP, Block Designs, or files not being found, please consider moving the project to a location with a shorter path. Alternately consider using the OS subst command to map part of the path to a drive letter.
Current project path is 'C:/Users/32035/Desktop/FPGA/ProjectIII/.build/asic/relocation project/asic/vivado/mbist_asic_v10'
INFO: [Project 1-313] Project file moved from '.' since last save.
Scanning sources...
Finished scanning sources
WARNING: [filemgmt 56-2] IPUserFilesDir: Could not find the directory 'C:/Users/32035/Desktop/FPGA/ProjectIII/.build/asic/relocation project/asic/vivado/mbist_asic_v10/mbist_asic_v10.ip_user_files', nor could it be found using path 'C:/Users/32035/Desktop/FPGA/ProjectIII/.build/asic/relocation project/mbist_asic_v10.ip_user_files'.
# foreach source [get_files -of_objects [get_filesets sources_1]] {
#     set source [file normalize $source]
#     if {[string first $root $source] != 0} { error "Source outside relocated project: $source" }
#     puts "RELOCATION_SOURCE $source"
# }
RELOCATION_SOURCE C:/Users/32035/Desktop/FPGA/ProjectIII/.build/asic/relocation project/rtl/address_generator.v
RELOCATION_SOURCE C:/Users/32035/Desktop/FPGA/ProjectIII/.build/asic/relocation project/rtl/data_generator.v
RELOCATION_SOURCE C:/Users/32035/Desktop/FPGA/ProjectIII/.build/asic/relocation project/rtl/march_controller.v
RELOCATION_SOURCE C:/Users/32035/Desktop/FPGA/ProjectIII/.build/asic/relocation project/rtl/mbist_top.v
RELOCATION_SOURCE C:/Users/32035/Desktop/FPGA/ProjectIII/.build/asic/relocation project/rtl/memory_interface.v
RELOCATION_SOURCE C:/Users/32035/Desktop/FPGA/ProjectIII/.build/asic/relocation project/rtl/response_checker.v
RELOCATION_SOURCE C:/Users/32035/Desktop/FPGA/ProjectIII/.build/asic/relocation project/asic/rtl/mbist_asic_top.v
# synth_design -rtl -name rtl_1
Command: synth_design -rtl -name rtl_1
Starting synth_design
Using part: xc7a35tfgg484-2
Top: mbist_asic_top
---------------------------------------------------------------------------------
Starting RTL Elaboration : Time (s): cpu = 00:00:01 ; elapsed = 00:00:01 . Memory (MB): peak = 367.312 ; gain = 98.719
---------------------------------------------------------------------------------
INFO: [Synth 8-6157] synthesizing module 'mbist_asic_top' [C:/Users/32035/Desktop/FPGA/ProjectIII/.build/asic/relocation project/asic/rtl/mbist_asic_top.v:5]
	Parameter ADDR_WIDTH bound to: 6 - type: integer 
	Parameter DATA_WIDTH bound to: 8 - type: integer 
INFO: [Synth 8-6157] synthesizing module 'mbist_top' [C:/Users/32035/Desktop/FPGA/ProjectIII/.build/asic/relocation project/rtl/mbist_top.v:11]
	Parameter ADDR_WIDTH bound to: 6 - type: integer 
	Parameter DATA_WIDTH bound to: 8 - type: integer 
INFO: [Synth 8-6157] synthesizing module 'march_controller' [C:/Users/32035/Desktop/FPGA/ProjectIII/.build/asic/relocation project/rtl/march_controller.v:11]
	Parameter ADDR_WIDTH bound to: 6 - type: integer 
	Parameter IDLE bound to: 3'b000 
	Parameter ISSUE bound to: 3'b001 
	Parameter WAIT_READ bound to: 3'b010 
	Parameter WRITE_AFTER_READ bound to: 3'b011 
	Parameter DONE bound to: 3'b100 
	Parameter LAST_ADDR bound to: 6'b111111 
INFO: [Synth 8-6155] done synthesizing module 'march_controller' (1#1) [C:/Users/32035/Desktop/FPGA/ProjectIII/.build/asic/relocation project/rtl/march_controller.v:11]
INFO: [Synth 8-6157] synthesizing module 'address_generator' [C:/Users/32035/Desktop/FPGA/ProjectIII/.build/asic/relocation project/rtl/address_generator.v:11]
	Parameter ADDR_WIDTH bound to: 6 - type: integer 
INFO: [Synth 8-6155] done synthesizing module 'address_generator' (2#1) [C:/Users/32035/Desktop/FPGA/ProjectIII/.build/asic/relocation project/rtl/address_generator.v:11]
INFO: [Synth 8-6157] synthesizing module 'data_generator' [C:/Users/32035/Desktop/FPGA/ProjectIII/.build/asic/relocation project/rtl/data_generator.v:11]
	Parameter DATA_WIDTH bound to: 8 - type: integer 
INFO: [Synth 8-6155] done synthesizing module 'data_generator' (3#1) [C:/Users/32035/Desktop/FPGA/ProjectIII/.build/asic/relocation project/rtl/data_generator.v:11]
INFO: [Synth 8-6157] synthesizing module 'memory_interface' [C:/Users/32035/Desktop/FPGA/ProjectIII/.build/asic/relocation project/rtl/memory_interface.v:13]
	Parameter ADDR_WIDTH bound to: 6 - type: integer 
	Parameter DATA_WIDTH bound to: 8 - type: integer 
INFO: [Synth 8-6155] done synthesizing module 'memory_interface' (4#1) [C:/Users/32035/Desktop/FPGA/ProjectIII/.build/asic/relocation project/rtl/memory_interface.v:13]
INFO: [Synth 8-6157] synthesizing module 'response_checker' [C:/Users/32035/Desktop/FPGA/ProjectIII/.build/asic/relocation project/rtl/response_checker.v:11]
	Parameter ADDR_WIDTH bound to: 6 - type: integer 
	Parameter DATA_WIDTH bound to: 8 - type: integer 
INFO: [Synth 8-6155] done synthesizing module 'response_checker' (5#1) [C:/Users/32035/Desktop/FPGA/ProjectIII/.build/asic/relocation project/rtl/response_checker.v:11]
INFO: [Synth 8-6155] done synthesizing module 'mbist_top' (6#1) [C:/Users/32035/Desktop/FPGA/ProjectIII/.build/asic/relocation project/rtl/mbist_top.v:11]
INFO: [Synth 8-6155] done synthesizing module 'mbist_asic_top' (7#1) [C:/Users/32035/Desktop/FPGA/ProjectIII/.build/asic/relocation project/asic/rtl/mbist_asic_top.v:5]
---------------------------------------------------------------------------------
Finished RTL Elaboration : Time (s): cpu = 00:00:02 ; elapsed = 00:00:02 . Memory (MB): peak = 423.293 ; gain = 154.699
---------------------------------------------------------------------------------

Report Check Netlist: 
+------+------------------+-------+---------+-------+------------------+
|      |Item              |Errors |Warnings |Status |Description       |
+------+------------------+-------+---------+-------+------------------+
|1     |multi_driven_nets |      0|        0|Passed |Multi driven nets |
+------+------------------+-------+---------+-------+------------------+
---------------------------------------------------------------------------------
Start Handling Custom Attributes
---------------------------------------------------------------------------------
---------------------------------------------------------------------------------
Finished Handling Custom Attributes : Time (s): cpu = 00:00:02 ; elapsed = 00:00:02 . Memory (MB): peak = 423.293 ; gain = 154.699
---------------------------------------------------------------------------------
---------------------------------------------------------------------------------
Finished RTL Optimization Phase 1 : Time (s): cpu = 00:00:02 ; elapsed = 00:00:02 . Memory (MB): peak = 423.293 ; gain = 154.699
---------------------------------------------------------------------------------
INFO: [Device 21-403] Loading part xc7a35tfgg484-2
INFO: [Project 1-570] Preparing netlist for logic optimization

Processing XDC Constraints
Initializing timing engine
Completed Processing XDC Constraints

INFO: [Opt 31-138] Pushed 0 inverter(s) to 0 load pin(s).
Netlist sorting complete. Time (s): cpu = 00:00:00 ; elapsed = 00:00:00 . Memory (MB): peak = 742.344 ; gain = 0.000
INFO: [Project 1-111] Unisim Transformation Summary:
No Unisim elements were transformed.

RTL Elaboration Complete:  : Time (s): cpu = 00:00:05 ; elapsed = 00:00:06 . Memory (MB): peak = 742.344 ; gain = 473.750
18 Infos, 0 Warnings, 0 Critical Warnings and 0 Errors encountered.
synth_design completed successfully
synth_design: Time (s): cpu = 00:00:05 ; elapsed = 00:00:07 . Memory (MB): peak = 742.344 ; gain = 473.750
# puts "RELOCATION_RTL_PASS"
RELOCATION_RTL_PASS
# close_design
# close_project
INFO: [Common 17-206] Exiting Vivado at Sun Sep 27 23:03:44 2026...
