INFO: [VRFC 10-2263] Analyzing SystemVerilog file "./rtl/address_generator.v" into library work
INFO: [VRFC 10-311] analyzing module address_generator
INFO: [VRFC 10-2263] Analyzing SystemVerilog file "./rtl/data_generator.v" into library work
INFO: [VRFC 10-311] analyzing module data_generator
INFO: [VRFC 10-2263] Analyzing SystemVerilog file "./rtl/memory_interface.v" into library work
INFO: [VRFC 10-311] analyzing module memory_interface
INFO: [VRFC 10-2263] Analyzing SystemVerilog file "./rtl/response_checker.v" into library work
INFO: [VRFC 10-311] analyzing module response_checker
INFO: [VRFC 10-2263] Analyzing SystemVerilog file "./rtl/march_controller.v" into library work
INFO: [VRFC 10-311] analyzing module march_controller
INFO: [VRFC 10-2263] Analyzing SystemVerilog file "./rtl/mbist_top.v" into library work
INFO: [VRFC 10-311] analyzing module mbist_top
INFO: [VRFC 10-2263] Analyzing SystemVerilog file "./asic/rtl/mbist_asic_top.v" into library work
INFO: [VRFC 10-311] analyzing module mbist_asic_top
INFO: [VRFC 10-2263] Analyzing SystemVerilog file "./tb/march_transaction_checker.sv" into library work
INFO: [VRFC 10-311] analyzing module march_transaction_checker
INFO: [VRFC 10-2263] Analyzing SystemVerilog file "./rtl/single_port_sync_ram.v" into library work
INFO: [VRFC 10-311] analyzing module single_port_sync_ram
INFO: [VRFC 10-2263] Analyzing SystemVerilog file "./results/asic/v10/20260927_xsim_v10/xsim/asic/sequence/tb_step04_independent.sv" into library work
INFO: [VRFC 10-311] analyzing module tb_step04_independent
