Startpoint: rd_data[7] (input port clocked by core_clock)
Endpoint: u_mbist.u_checker.first_fail_actual[5]$_SDFFE_PP0P_
          (rising edge-triggered flip-flop clocked by core_clock)
Path Group: core_clock
Path Type: max

Fanout       Cap      Slew     Delay      Time   Description
-------------------------------------------------------------------------------------
                    0.0000    0.0000    0.0000   clock core_clock (rise edge)
                              0.0000    0.0000   clock network delay (ideal)
                              2.0000    2.0000 v input external delay
     3    5.0954    0.1000    0.0000    2.0000 v rd_data[7] (in)
                                                 rd_data[7] (net)
     1    1.9088    0.0509    0.1036    2.1036 ^ _260_/ZN (NOR4_X1)
                                                 _075_ (net)
     1    1.2168    0.0140    0.0167    2.1203 v _262_/ZN (NAND2_X1)
                                                 _077_ (net)
     1    3.3134    0.0117    0.0642    2.1844 v _270_/Z (MUX2_X1)
                                                 _085_ (net)
     9   22.6429    0.0089    0.0326    2.2171 v _271_/Z (BUF_X4)
                                                 _086_ (net)
     9   26.4656    0.0227    0.0323    2.2494 ^ _304_/ZN (NAND3_X4)
                                                 _111_ (net)
    10   23.8576    0.0101    0.0287    2.2781 ^ _305_/Z (BUF_X8)
                                                 _112_ (net)
     1    1.8819    0.0118    0.0587    2.3368 v _326_/Z (MUX2_X1)
                                                 _124_ (net)
     1    1.3721    0.0058    0.0288    2.3656 v _327_/ZN (AND2_X2)
                                                 _050_ (net)
                    0.0058    0.0000    2.3656 v u_mbist.u_checker.first_fail_actual[5]$_SDFFE_PP0P_/D (DFF_X1)
                                        2.3656   data arrival time

                    0.0000   20.0000   20.0000   clock core_clock (rise edge)
                              0.0000   20.0000   clock network delay (ideal)
                             -0.2000   19.8000   clock uncertainty
                              0.0000   19.8000   clock reconvergence pessimism
                                       19.8000 ^ u_mbist.u_checker.first_fail_actual[5]$_SDFFE_PP0P_/CK (DFF_X1)
                             -0.0391   19.7609   library setup time
                                       19.7609   data required time
-------------------------------------------------------------------------------------
                                       19.7609   data required time
                                       -2.3656   data arrival time
-------------------------------------------------------------------------------------
                                       17.3953   slack (MET)


Startpoint: rd_data[7] (input port clocked by core_clock)
Endpoint: u_mbist.u_checker.first_fail_actual[6]$_SDFFE_PP0P_
          (rising edge-triggered flip-flop clocked by core_clock)
Path Group: core_clock
Path Type: max

Fanout       Cap      Slew     Delay      Time   Description
-------------------------------------------------------------------------------------
                    0.0000    0.0000    0.0000   clock core_clock (rise edge)
                              0.0000    0.0000   clock network delay (ideal)
                              2.0000    2.0000 v input external delay
     3    5.0954    0.1000    0.0000    2.0000 v rd_data[7] (in)
                                                 rd_data[7] (net)
     1    1.9088    0.0509    0.1036    2.1036 ^ _260_/ZN (NOR4_X1)
                                                 _075_ (net)
     1    1.2168    0.0140    0.0167    2.1203 v _262_/ZN (NAND2_X1)
                                                 _077_ (net)
     1    3.3134    0.0117    0.0642    2.1844 v _270_/Z (MUX2_X1)
                                                 _085_ (net)
     9   22.6429    0.0089    0.0326    2.2171 v _271_/Z (BUF_X4)
                                                 _086_ (net)
     9   26.4656    0.0227    0.0323    2.2494 ^ _304_/ZN (NAND3_X4)
                                                 _111_ (net)
    10   23.8576    0.0101    0.0287    2.2781 ^ _305_/Z (BUF_X8)
                                                 _112_ (net)
     1    1.8819    0.0118    0.0587    2.3368 v _324_/Z (MUX2_X1)
                                                 _123_ (net)
     1    1.3721    0.0058    0.0288    2.3656 v _325_/ZN (AND2_X2)
                                                 _049_ (net)
                    0.0058    0.0000    2.3656 v u_mbist.u_checker.first_fail_actual[6]$_SDFFE_PP0P_/D (DFF_X1)
                                        2.3656   data arrival time

                    0.0000   20.0000   20.0000   clock core_clock (rise edge)
                              0.0000   20.0000   clock network delay (ideal)
                             -0.2000   19.8000   clock uncertainty
                              0.0000   19.8000   clock reconvergence pessimism
                                       19.8000 ^ u_mbist.u_checker.first_fail_actual[6]$_SDFFE_PP0P_/CK (DFF_X1)
                             -0.0391   19.7609   library setup time
                                       19.7609   data required time
-------------------------------------------------------------------------------------
                                       19.7609   data required time
                                       -2.3656   data arrival time
-------------------------------------------------------------------------------------
                                       17.3953   slack (MET)


Startpoint: rd_data[7] (input port clocked by core_clock)
Endpoint: u_mbist.u_checker.first_fail_addr[0]$_SDFFE_PP0P_
          (rising edge-triggered flip-flop clocked by core_clock)
Path Group: core_clock
Path Type: max

Fanout       Cap      Slew     Delay      Time   Description
-------------------------------------------------------------------------------------
                    0.0000    0.0000    0.0000   clock core_clock (rise edge)
                              0.0000    0.0000   clock network delay (ideal)
                              2.0000    2.0000 v input external delay
     3    5.0954    0.1000    0.0000    2.0000 v rd_data[7] (in)
                                                 rd_data[7] (net)
     1    1.9088    0.0509    0.1036    2.1036 ^ _260_/ZN (NOR4_X1)
                                                 _075_ (net)
     1    1.2168    0.0140    0.0167    2.1203 v _262_/ZN (NAND2_X1)
                                                 _077_ (net)
     1    3.3134    0.0117    0.0642    2.1844 v _270_/Z (MUX2_X1)
                                                 _085_ (net)
     9   22.6429    0.0089    0.0326    2.2171 v _271_/Z (BUF_X4)
                                                 _086_ (net)
     9   26.4656    0.0227    0.0323    2.2494 ^ _304_/ZN (NAND3_X4)
                                                 _111_ (net)
    10   23.8576    0.0101    0.0287    2.2781 ^ _305_/Z (BUF_X8)
                                                 _112_ (net)
     1    1.8819    0.0102    0.0587    2.3368 v _319_/Z (MUX2_X1)
                                                 _120_ (net)
     1    1.3721    0.0050    0.0280    2.3648 v _320_/ZN (AND2_X2)
                                                 _047_ (net)
                    0.0050    0.0000    2.3648 v u_mbist.u_checker.first_fail_addr[0]$_SDFFE_PP0P_/D (DFF_X1)
                                        2.3648   data arrival time

                    0.0000   20.0000   20.0000   clock core_clock (rise edge)
                              0.0000   20.0000   clock network delay (ideal)
                             -0.2000   19.8000   clock uncertainty
                              0.0000   19.8000   clock reconvergence pessimism
                                       19.8000 ^ u_mbist.u_checker.first_fail_addr[0]$_SDFFE_PP0P_/CK (DFF_X1)
                             -0.0388   19.7612   library setup time
                                       19.7612   data required time
-------------------------------------------------------------------------------------
                                       19.7612   data required time
                                       -2.3648   data arrival time
-------------------------------------------------------------------------------------
                                       17.3964   slack (MET)


Startpoint: rd_data[7] (input port clocked by core_clock)
Endpoint: u_mbist.u_checker.first_fail_addr[1]$_SDFFE_PP0P_
          (rising edge-triggered flip-flop clocked by core_clock)
Path Group: core_clock
Path Type: max

Fanout       Cap      Slew     Delay      Time   Description
-------------------------------------------------------------------------------------
                    0.0000    0.0000    0.0000   clock core_clock (rise edge)
                              0.0000    0.0000   clock network delay (ideal)
                              2.0000    2.0000 v input external delay
     3    5.0954    0.1000    0.0000    2.0000 v rd_data[7] (in)
                                                 rd_data[7] (net)
     1    1.9088    0.0509    0.1036    2.1036 ^ _260_/ZN (NOR4_X1)
                                                 _075_ (net)
     1    1.2168    0.0140    0.0167    2.1203 v _262_/ZN (NAND2_X1)
                                                 _077_ (net)
     1    3.3134    0.0117    0.0642    2.1844 v _270_/Z (MUX2_X1)
                                                 _085_ (net)
     9   22.6429    0.0089    0.0326    2.2171 v _271_/Z (BUF_X4)
                                                 _086_ (net)
     9   26.4656    0.0227    0.0323    2.2494 ^ _304_/ZN (NAND3_X4)
                                                 _111_ (net)
    10   23.8576    0.0101    0.0287    2.2781 ^ _305_/Z (BUF_X8)
                                                 _112_ (net)
     1    1.8819    0.0102    0.0587    2.3368 v _316_/Z (MUX2_X1)
                                                 _118_ (net)
     1    1.3721    0.0050    0.0280    2.3648 v _317_/ZN (AND2_X2)
                                                 _046_ (net)
                    0.0050    0.0000    2.3648 v u_mbist.u_checker.first_fail_addr[1]$_SDFFE_PP0P_/D (DFF_X1)
                                        2.3648   data arrival time

                    0.0000   20.0000   20.0000   clock core_clock (rise edge)
                              0.0000   20.0000   clock network delay (ideal)
                             -0.2000   19.8000   clock uncertainty
                              0.0000   19.8000   clock reconvergence pessimism
                                       19.8000 ^ u_mbist.u_checker.first_fail_addr[1]$_SDFFE_PP0P_/CK (DFF_X1)
                             -0.0388   19.7612   library setup time
                                       19.7612   data required time
-------------------------------------------------------------------------------------
                                       19.7612   data required time
                                       -2.3648   data arrival time
-------------------------------------------------------------------------------------
                                       17.3964   slack (MET)


Startpoint: rd_data[7] (input port clocked by core_clock)
Endpoint: u_mbist.u_checker.first_fail_addr[2]$_SDFFE_PP0P_
          (rising edge-triggered flip-flop clocked by core_clock)
Path Group: core_clock
Path Type: max

Fanout       Cap      Slew     Delay      Time   Description
-------------------------------------------------------------------------------------
                    0.0000    0.0000    0.0000   clock core_clock (rise edge)
                              0.0000    0.0000   clock network delay (ideal)
                              2.0000    2.0000 v input external delay
     3    5.0954    0.1000    0.0000    2.0000 v rd_data[7] (in)
                                                 rd_data[7] (net)
     1    1.9088    0.0509    0.1036    2.1036 ^ _260_/ZN (NOR4_X1)
                                                 _075_ (net)
     1    1.2168    0.0140    0.0167    2.1203 v _262_/ZN (NAND2_X1)
                                                 _077_ (net)
     1    3.3134    0.0117    0.0642    2.1844 v _270_/Z (MUX2_X1)
                                                 _085_ (net)
     9   22.6429    0.0089    0.0326    2.2171 v _271_/Z (BUF_X4)
                                                 _086_ (net)
     9   26.4656    0.0227    0.0323    2.2494 ^ _304_/ZN (NAND3_X4)
                                                 _111_ (net)
    10   23.8576    0.0101    0.0287    2.2781 ^ _305_/Z (BUF_X8)
                                                 _112_ (net)
     1    1.8819    0.0102    0.0587    2.3368 v _314_/Z (MUX2_X1)
                                                 _117_ (net)
     1    1.3721    0.0050    0.0280    2.3648 v _315_/ZN (AND2_X2)
                                                 _045_ (net)
                    0.0050    0.0000    2.3648 v u_mbist.u_checker.first_fail_addr[2]$_SDFFE_PP0P_/D (DFF_X1)
                                        2.3648   data arrival time

                    0.0000   20.0000   20.0000   clock core_clock (rise edge)
                              0.0000   20.0000   clock network delay (ideal)
                             -0.2000   19.8000   clock uncertainty
                              0.0000   19.8000   clock reconvergence pessimism
                                       19.8000 ^ u_mbist.u_checker.first_fail_addr[2]$_SDFFE_PP0P_/CK (DFF_X1)
                             -0.0388   19.7612   library setup time
                                       19.7612   data required time
-------------------------------------------------------------------------------------
                                       19.7612   data required time
                                       -2.3648   data arrival time
-------------------------------------------------------------------------------------
                                       17.3964   slack (MET)


Startpoint: rd_data[7] (input port clocked by core_clock)
Endpoint: u_mbist.u_checker.first_fail_addr[3]$_SDFFE_PP0P_
          (rising edge-triggered flip-flop clocked by core_clock)
Path Group: core_clock
Path Type: max

Fanout       Cap      Slew     Delay      Time   Description
-------------------------------------------------------------------------------------
                    0.0000    0.0000    0.0000   clock core_clock (rise edge)
                              0.0000    0.0000   clock network delay (ideal)
                              2.0000    2.0000 v input external delay
     3    5.0954    0.1000    0.0000    2.0000 v rd_data[7] (in)
                                                 rd_data[7] (net)
     1    1.9088    0.0509    0.1036    2.1036 ^ _260_/ZN (NOR4_X1)
                                                 _075_ (net)
     1    1.2168    0.0140    0.0167    2.1203 v _262_/ZN (NAND2_X1)
                                                 _077_ (net)
     1    3.3134    0.0117    0.0642    2.1844 v _270_/Z (MUX2_X1)
                                                 _085_ (net)
     9   22.6429    0.0089    0.0326    2.2171 v _271_/Z (BUF_X4)
                                                 _086_ (net)
     9   26.4656    0.0227    0.0323    2.2494 ^ _304_/ZN (NAND3_X4)
                                                 _111_ (net)
    10   23.8576    0.0101    0.0287    2.2781 ^ _305_/Z (BUF_X8)
                                                 _112_ (net)
     1    1.8819    0.0102    0.0587    2.3368 v _312_/Z (MUX2_X1)
                                                 _116_ (net)
     1    1.3721    0.0050    0.0280    2.3648 v _313_/ZN (AND2_X2)
                                                 _044_ (net)
                    0.0050    0.0000    2.3648 v u_mbist.u_checker.first_fail_addr[3]$_SDFFE_PP0P_/D (DFF_X1)
                                        2.3648   data arrival time

                    0.0000   20.0000   20.0000   clock core_clock (rise edge)
                              0.0000   20.0000   clock network delay (ideal)
                             -0.2000   19.8000   clock uncertainty
                              0.0000   19.8000   clock reconvergence pessimism
                                       19.8000 ^ u_mbist.u_checker.first_fail_addr[3]$_SDFFE_PP0P_/CK (DFF_X1)
                             -0.0388   19.7612   library setup time
                                       19.7612   data required time
-------------------------------------------------------------------------------------
                                       19.7612   data required time
                                       -2.3648   data arrival time
-------------------------------------------------------------------------------------
                                       17.3964   slack (MET)


Startpoint: rd_data[7] (input port clocked by core_clock)
Endpoint: u_mbist.u_checker.first_fail_addr[4]$_SDFFE_PP0P_
          (rising edge-triggered flip-flop clocked by core_clock)
Path Group: core_clock
Path Type: max

Fanout       Cap      Slew     Delay      Time   Description
-------------------------------------------------------------------------------------
                    0.0000    0.0000    0.0000   clock core_clock (rise edge)
                              0.0000    0.0000   clock network delay (ideal)
                              2.0000    2.0000 v input external delay
     3    5.0954    0.1000    0.0000    2.0000 v rd_data[7] (in)
                                                 rd_data[7] (net)
     1    1.9088    0.0509    0.1036    2.1036 ^ _260_/ZN (NOR4_X1)
                                                 _075_ (net)
     1    1.2168    0.0140    0.0167    2.1203 v _262_/ZN (NAND2_X1)
                                                 _077_ (net)
     1    3.3134    0.0117    0.0642    2.1844 v _270_/Z (MUX2_X1)
                                                 _085_ (net)
     9   22.6429    0.0089    0.0326    2.2171 v _271_/Z (BUF_X4)
                                                 _086_ (net)
     9   26.4656    0.0227    0.0323    2.2494 ^ _304_/ZN (NAND3_X4)
                                                 _111_ (net)
    10   23.8576    0.0101    0.0287    2.2781 ^ _305_/Z (BUF_X8)
                                                 _112_ (net)
     1    1.8819    0.0102    0.0587    2.3368 v _310_/Z (MUX2_X1)
                                                 _115_ (net)
     1    1.3721    0.0050    0.0280    2.3648 v _311_/ZN (AND2_X2)
                                                 _043_ (net)
                    0.0050    0.0000    2.3648 v u_mbist.u_checker.first_fail_addr[4]$_SDFFE_PP0P_/D (DFF_X1)
                                        2.3648   data arrival time

                    0.0000   20.0000   20.0000   clock core_clock (rise edge)
                              0.0000   20.0000   clock network delay (ideal)
                             -0.2000   19.8000   clock uncertainty
                              0.0000   19.8000   clock reconvergence pessimism
                                       19.8000 ^ u_mbist.u_checker.first_fail_addr[4]$_SDFFE_PP0P_/CK (DFF_X1)
                             -0.0388   19.7612   library setup time
                                       19.7612   data required time
-------------------------------------------------------------------------------------
                                       19.7612   data required time
                                       -2.3648   data arrival time
-------------------------------------------------------------------------------------
                                       17.3964   slack (MET)


Startpoint: rd_data[7] (input port clocked by core_clock)
Endpoint: u_mbist.u_checker.first_fail_expected[6]$_SDFFE_PP0P_
          (rising edge-triggered flip-flop clocked by core_clock)
Path Group: core_clock
Path Type: max

Fanout       Cap      Slew     Delay      Time   Description
-------------------------------------------------------------------------------------
                    0.0000    0.0000    0.0000   clock core_clock (rise edge)
                              0.0000    0.0000   clock network delay (ideal)
                              2.0000    2.0000 v input external delay
     3    5.0954    0.1000    0.0000    2.0000 v rd_data[7] (in)
                                                 rd_data[7] (net)
     1    1.9088    0.0509    0.1036    2.1036 ^ _260_/ZN (NOR4_X1)
                                                 _075_ (net)
     1    1.2168    0.0140    0.0167    2.1203 v _262_/ZN (NAND2_X1)
                                                 _077_ (net)
     1    3.3134    0.0117    0.0642    2.1844 v _270_/Z (MUX2_X1)
                                                 _085_ (net)
     9   22.6429    0.0089    0.0326    2.2171 v _271_/Z (BUF_X4)
                                                 _086_ (net)
     9   26.4656    0.0227    0.0323    2.2494 ^ _304_/ZN (NAND3_X4)
                                                 _111_ (net)
    10   23.8576    0.0101    0.0287    2.2781 ^ _305_/Z (BUF_X8)
                                                 _112_ (net)
     1    1.8819    0.0102    0.0587    2.3368 v _321_/Z (MUX2_X1)
                                                 _121_ (net)
     1    1.3721    0.0050    0.0280    2.3648 v _322_/ZN (AND2_X2)
                                                 _048_ (net)
                    0.0050    0.0000    2.3648 v u_mbist.u_checker.first_fail_expected[6]$_SDFFE_PP0P_/D (DFF_X1)
                                        2.3648   data arrival time

                    0.0000   20.0000   20.0000   clock core_clock (rise edge)
                              0.0000   20.0000   clock network delay (ideal)
                             -0.2000   19.8000   clock uncertainty
                              0.0000   19.8000   clock reconvergence pessimism
                                       19.8000 ^ u_mbist.u_checker.first_fail_expected[6]$_SDFFE_PP0P_/CK (DFF_X1)
                             -0.0388   19.7612   library setup time
                                       19.7612   data required time
-------------------------------------------------------------------------------------
                                       19.7612   data required time
                                       -2.3648   data arrival time
-------------------------------------------------------------------------------------
                                       17.3964   slack (MET)


Startpoint: rd_data[7] (input port clocked by core_clock)
Endpoint: u_mbist.u_checker.first_fail_phase[0]$_SDFFE_PP0P_
          (rising edge-triggered flip-flop clocked by core_clock)
Path Group: core_clock
Path Type: max

Fanout       Cap      Slew     Delay      Time   Description
-------------------------------------------------------------------------------------
                    0.0000    0.0000    0.0000   clock core_clock (rise edge)
                              0.0000    0.0000   clock network delay (ideal)
                              2.0000    2.0000 v input external delay
     3    5.0954    0.1000    0.0000    2.0000 v rd_data[7] (in)
                                                 rd_data[7] (net)
     1    1.9088    0.0509    0.1036    2.1036 ^ _260_/ZN (NOR4_X1)
                                                 _075_ (net)
     1    1.2168    0.0140    0.0167    2.1203 v _262_/ZN (NAND2_X1)
                                                 _077_ (net)
     1    3.3134    0.0117    0.0642    2.1844 v _270_/Z (MUX2_X1)
                                                 _085_ (net)
     9   22.6429    0.0089    0.0326    2.2171 v _271_/Z (BUF_X4)
                                                 _086_ (net)
     9   26.4656    0.0227    0.0323    2.2494 ^ _304_/ZN (NAND3_X4)
                                                 _111_ (net)
    10   23.8576    0.0101    0.0287    2.2781 ^ _305_/Z (BUF_X8)
                                                 _112_ (net)
     1    1.8819    0.0102    0.0587    2.3368 v _308_/Z (MUX2_X1)
                                                 _114_ (net)
     1    1.3721    0.0050    0.0280    2.3648 v _309_/ZN (AND2_X2)
                                                 _042_ (net)
                    0.0050    0.0000    2.3648 v u_mbist.u_checker.first_fail_phase[0]$_SDFFE_PP0P_/D (DFF_X1)
                                        2.3648   data arrival time

                    0.0000   20.0000   20.0000   clock core_clock (rise edge)
                              0.0000   20.0000   clock network delay (ideal)
                             -0.2000   19.8000   clock uncertainty
                              0.0000   19.8000   clock reconvergence pessimism
                                       19.8000 ^ u_mbist.u_checker.first_fail_phase[0]$_SDFFE_PP0P_/CK (DFF_X1)
                             -0.0388   19.7612   library setup time
                                       19.7612   data required time
-------------------------------------------------------------------------------------
                                       19.7612   data required time
                                       -2.3648   data arrival time
-------------------------------------------------------------------------------------
                                       17.3964   slack (MET)


Startpoint: rd_data[7] (input port clocked by core_clock)
Endpoint: u_mbist.u_checker.first_fail_phase[1]$_SDFFE_PP0P_
          (rising edge-triggered flip-flop clocked by core_clock)
Path Group: core_clock
Path Type: max

Fanout       Cap      Slew     Delay      Time   Description
-------------------------------------------------------------------------------------
                    0.0000    0.0000    0.0000   clock core_clock (rise edge)
                              0.0000    0.0000   clock network delay (ideal)
                              2.0000    2.0000 v input external delay
     3    5.0954    0.1000    0.0000    2.0000 v rd_data[7] (in)
                                                 rd_data[7] (net)
     1    1.9088    0.0509    0.1036    2.1036 ^ _260_/ZN (NOR4_X1)
                                                 _075_ (net)
     1    1.2168    0.0140    0.0167    2.1203 v _262_/ZN (NAND2_X1)
                                                 _077_ (net)
     1    3.3134    0.0117    0.0642    2.1844 v _270_/Z (MUX2_X1)
                                                 _085_ (net)
     9   22.6429    0.0089    0.0326    2.2171 v _271_/Z (BUF_X4)
                                                 _086_ (net)
     9   26.4656    0.0227    0.0323    2.2494 ^ _304_/ZN (NAND3_X4)
                                                 _111_ (net)
    10   23.8576    0.0101    0.0287    2.2781 ^ _305_/Z (BUF_X8)
                                                 _112_ (net)
     1    1.8819    0.0102    0.0587    2.3368 v _306_/Z (MUX2_X1)
                                                 _113_ (net)
     1    1.3721    0.0050    0.0280    2.3648 v _307_/ZN (AND2_X2)
                                                 _041_ (net)
                    0.0050    0.0000    2.3648 v u_mbist.u_checker.first_fail_phase[1]$_SDFFE_PP0P_/D (DFF_X1)
                                        2.3648   data arrival time

                    0.0000   20.0000   20.0000   clock core_clock (rise edge)
                              0.0000   20.0000   clock network delay (ideal)
                             -0.2000   19.8000   clock uncertainty
                              0.0000   19.8000   clock reconvergence pessimism
                                       19.8000 ^ u_mbist.u_checker.first_fail_phase[1]$_SDFFE_PP0P_/CK (DFF_X1)
                             -0.0388   19.7612   library setup time
                                       19.7612   data required time
-------------------------------------------------------------------------------------
                                       19.7612   data required time
                                       -2.3648   data arrival time
-------------------------------------------------------------------------------------
                                       17.3964   slack (MET)


