Startpoint: rd_data[7] (input port clocked by core_clock)
Endpoint: u_mbist.u_checker.first_fail_actual[5]$_SDFFE_PP0P_
          (rising edge-triggered flip-flop clocked by core_clock)
Path Group: core_clock
Path Type: max

    Delay      Time   Description
-------------------------------------------------------------
   0.0000    0.0000   clock core_clock (rise edge)
   0.0000    0.0000   clock network delay (ideal)
   2.0000    2.0000 v input external delay
   0.0000    2.0000 v rd_data[7] (in)
   0.1036    2.1036 ^ _260_/ZN (NOR4_X1)
   0.0167    2.1203 v _262_/ZN (NAND2_X1)
   0.0642    2.1844 v _270_/Z (MUX2_X1)
   0.0326    2.2171 v _271_/Z (BUF_X4)
   0.0323    2.2494 ^ _304_/ZN (NAND3_X4)
   0.0287    2.2781 ^ _305_/Z (BUF_X8)
   0.0587    2.3368 v _326_/Z (MUX2_X1)
   0.0288    2.3656 v _327_/ZN (AND2_X2)
   0.0000    2.3656 v u_mbist.u_checker.first_fail_actual[5]$_SDFFE_PP0P_/D (DFF_X1)
             2.3656   data arrival time

  20.0000   20.0000   clock core_clock (rise edge)
   0.0000   20.0000   clock network delay (ideal)
  -0.2000   19.8000   clock uncertainty
   0.0000   19.8000   clock reconvergence pessimism
            19.8000 ^ u_mbist.u_checker.first_fail_actual[5]$_SDFFE_PP0P_/CK (DFF_X1)
  -0.0391   19.7609   library setup time
            19.7609   data required time
-------------------------------------------------------------
            19.7609   data required time
            -2.3656   data arrival time
-------------------------------------------------------------
            17.3953   slack (MET)


Startpoint: rd_data[7] (input port clocked by core_clock)
Endpoint: u_mbist.u_checker.first_fail_actual[6]$_SDFFE_PP0P_
          (rising edge-triggered flip-flop clocked by core_clock)
Path Group: core_clock
Path Type: max

    Delay      Time   Description
-------------------------------------------------------------
   0.0000    0.0000   clock core_clock (rise edge)
   0.0000    0.0000   clock network delay (ideal)
   2.0000    2.0000 v input external delay
   0.0000    2.0000 v rd_data[7] (in)
   0.1036    2.1036 ^ _260_/ZN (NOR4_X1)
   0.0167    2.1203 v _262_/ZN (NAND2_X1)
   0.0642    2.1844 v _270_/Z (MUX2_X1)
   0.0326    2.2171 v _271_/Z (BUF_X4)
   0.0323    2.2494 ^ _304_/ZN (NAND3_X4)
   0.0287    2.2781 ^ _305_/Z (BUF_X8)
   0.0587    2.3368 v _324_/Z (MUX2_X1)
   0.0288    2.3656 v _325_/ZN (AND2_X2)
   0.0000    2.3656 v u_mbist.u_checker.first_fail_actual[6]$_SDFFE_PP0P_/D (DFF_X1)
             2.3656   data arrival time

  20.0000   20.0000   clock core_clock (rise edge)
   0.0000   20.0000   clock network delay (ideal)
  -0.2000   19.8000   clock uncertainty
   0.0000   19.8000   clock reconvergence pessimism
            19.8000 ^ u_mbist.u_checker.first_fail_actual[6]$_SDFFE_PP0P_/CK (DFF_X1)
  -0.0391   19.7609   library setup time
            19.7609   data required time
-------------------------------------------------------------
            19.7609   data required time
            -2.3656   data arrival time
-------------------------------------------------------------
            17.3953   slack (MET)


Startpoint: rd_data[7] (input port clocked by core_clock)
Endpoint: u_mbist.u_checker.first_fail_addr[0]$_SDFFE_PP0P_
          (rising edge-triggered flip-flop clocked by core_clock)
Path Group: core_clock
Path Type: max

    Delay      Time   Description
-------------------------------------------------------------
   0.0000    0.0000   clock core_clock (rise edge)
   0.0000    0.0000   clock network delay (ideal)
   2.0000    2.0000 v input external delay
   0.0000    2.0000 v rd_data[7] (in)
   0.1036    2.1036 ^ _260_/ZN (NOR4_X1)
   0.0167    2.1203 v _262_/ZN (NAND2_X1)
   0.0642    2.1844 v _270_/Z (MUX2_X1)
   0.0326    2.2171 v _271_/Z (BUF_X4)
   0.0323    2.2494 ^ _304_/ZN (NAND3_X4)
   0.0287    2.2781 ^ _305_/Z (BUF_X8)
   0.0587    2.3368 v _319_/Z (MUX2_X1)
   0.0280    2.3648 v _320_/ZN (AND2_X2)
   0.0000    2.3648 v u_mbist.u_checker.first_fail_addr[0]$_SDFFE_PP0P_/D (DFF_X1)
             2.3648   data arrival time

  20.0000   20.0000   clock core_clock (rise edge)
   0.0000   20.0000   clock network delay (ideal)
  -0.2000   19.8000   clock uncertainty
   0.0000   19.8000   clock reconvergence pessimism
            19.8000 ^ u_mbist.u_checker.first_fail_addr[0]$_SDFFE_PP0P_/CK (DFF_X1)
  -0.0388   19.7612   library setup time
            19.7612   data required time
-------------------------------------------------------------
            19.7612   data required time
            -2.3648   data arrival time
-------------------------------------------------------------
            17.3964   slack (MET)


Startpoint: rd_data[7] (input port clocked by core_clock)
Endpoint: u_mbist.u_checker.first_fail_addr[1]$_SDFFE_PP0P_
          (rising edge-triggered flip-flop clocked by core_clock)
Path Group: core_clock
Path Type: max

    Delay      Time   Description
-------------------------------------------------------------
   0.0000    0.0000   clock core_clock (rise edge)
   0.0000    0.0000   clock network delay (ideal)
   2.0000    2.0000 v input external delay
   0.0000    2.0000 v rd_data[7] (in)
   0.1036    2.1036 ^ _260_/ZN (NOR4_X1)
   0.0167    2.1203 v _262_/ZN (NAND2_X1)
   0.0642    2.1844 v _270_/Z (MUX2_X1)
   0.0326    2.2171 v _271_/Z (BUF_X4)
   0.0323    2.2494 ^ _304_/ZN (NAND3_X4)
   0.0287    2.2781 ^ _305_/Z (BUF_X8)
   0.0587    2.3368 v _316_/Z (MUX2_X1)
   0.0280    2.3648 v _317_/ZN (AND2_X2)
   0.0000    2.3648 v u_mbist.u_checker.first_fail_addr[1]$_SDFFE_PP0P_/D (DFF_X1)
             2.3648   data arrival time

  20.0000   20.0000   clock core_clock (rise edge)
   0.0000   20.0000   clock network delay (ideal)
  -0.2000   19.8000   clock uncertainty
   0.0000   19.8000   clock reconvergence pessimism
            19.8000 ^ u_mbist.u_checker.first_fail_addr[1]$_SDFFE_PP0P_/CK (DFF_X1)
  -0.0388   19.7612   library setup time
            19.7612   data required time
-------------------------------------------------------------
            19.7612   data required time
            -2.3648   data arrival time
-------------------------------------------------------------
            17.3964   slack (MET)


Startpoint: rd_data[7] (input port clocked by core_clock)
Endpoint: u_mbist.u_checker.first_fail_addr[2]$_SDFFE_PP0P_
          (rising edge-triggered flip-flop clocked by core_clock)
Path Group: core_clock
Path Type: max

    Delay      Time   Description
-------------------------------------------------------------
   0.0000    0.0000   clock core_clock (rise edge)
   0.0000    0.0000   clock network delay (ideal)
   2.0000    2.0000 v input external delay
   0.0000    2.0000 v rd_data[7] (in)
   0.1036    2.1036 ^ _260_/ZN (NOR4_X1)
   0.0167    2.1203 v _262_/ZN (NAND2_X1)
   0.0642    2.1844 v _270_/Z (MUX2_X1)
   0.0326    2.2171 v _271_/Z (BUF_X4)
   0.0323    2.2494 ^ _304_/ZN (NAND3_X4)
   0.0287    2.2781 ^ _305_/Z (BUF_X8)
   0.0587    2.3368 v _314_/Z (MUX2_X1)
   0.0280    2.3648 v _315_/ZN (AND2_X2)
   0.0000    2.3648 v u_mbist.u_checker.first_fail_addr[2]$_SDFFE_PP0P_/D (DFF_X1)
             2.3648   data arrival time

  20.0000   20.0000   clock core_clock (rise edge)
   0.0000   20.0000   clock network delay (ideal)
  -0.2000   19.8000   clock uncertainty
   0.0000   19.8000   clock reconvergence pessimism
            19.8000 ^ u_mbist.u_checker.first_fail_addr[2]$_SDFFE_PP0P_/CK (DFF_X1)
  -0.0388   19.7612   library setup time
            19.7612   data required time
-------------------------------------------------------------
            19.7612   data required time
            -2.3648   data arrival time
-------------------------------------------------------------
            17.3964   slack (MET)


Startpoint: rd_data[7] (input port clocked by core_clock)
Endpoint: u_mbist.u_checker.first_fail_addr[3]$_SDFFE_PP0P_
          (rising edge-triggered flip-flop clocked by core_clock)
Path Group: core_clock
Path Type: max

    Delay      Time   Description
-------------------------------------------------------------
   0.0000    0.0000   clock core_clock (rise edge)
   0.0000    0.0000   clock network delay (ideal)
   2.0000    2.0000 v input external delay
   0.0000    2.0000 v rd_data[7] (in)
   0.1036    2.1036 ^ _260_/ZN (NOR4_X1)
   0.0167    2.1203 v _262_/ZN (NAND2_X1)
   0.0642    2.1844 v _270_/Z (MUX2_X1)
   0.0326    2.2171 v _271_/Z (BUF_X4)
   0.0323    2.2494 ^ _304_/ZN (NAND3_X4)
   0.0287    2.2781 ^ _305_/Z (BUF_X8)
   0.0587    2.3368 v _312_/Z (MUX2_X1)
   0.0280    2.3648 v _313_/ZN (AND2_X2)
   0.0000    2.3648 v u_mbist.u_checker.first_fail_addr[3]$_SDFFE_PP0P_/D (DFF_X1)
             2.3648   data arrival time

  20.0000   20.0000   clock core_clock (rise edge)
   0.0000   20.0000   clock network delay (ideal)
  -0.2000   19.8000   clock uncertainty
   0.0000   19.8000   clock reconvergence pessimism
            19.8000 ^ u_mbist.u_checker.first_fail_addr[3]$_SDFFE_PP0P_/CK (DFF_X1)
  -0.0388   19.7612   library setup time
            19.7612   data required time
-------------------------------------------------------------
            19.7612   data required time
            -2.3648   data arrival time
-------------------------------------------------------------
            17.3964   slack (MET)


Startpoint: rd_data[7] (input port clocked by core_clock)
Endpoint: u_mbist.u_checker.first_fail_addr[4]$_SDFFE_PP0P_
          (rising edge-triggered flip-flop clocked by core_clock)
Path Group: core_clock
Path Type: max

    Delay      Time   Description
-------------------------------------------------------------
   0.0000    0.0000   clock core_clock (rise edge)
   0.0000    0.0000   clock network delay (ideal)
   2.0000    2.0000 v input external delay
   0.0000    2.0000 v rd_data[7] (in)
   0.1036    2.1036 ^ _260_/ZN (NOR4_X1)
   0.0167    2.1203 v _262_/ZN (NAND2_X1)
   0.0642    2.1844 v _270_/Z (MUX2_X1)
   0.0326    2.2171 v _271_/Z (BUF_X4)
   0.0323    2.2494 ^ _304_/ZN (NAND3_X4)
   0.0287    2.2781 ^ _305_/Z (BUF_X8)
   0.0587    2.3368 v _310_/Z (MUX2_X1)
   0.0280    2.3648 v _311_/ZN (AND2_X2)
   0.0000    2.3648 v u_mbist.u_checker.first_fail_addr[4]$_SDFFE_PP0P_/D (DFF_X1)
             2.3648   data arrival time

  20.0000   20.0000   clock core_clock (rise edge)
   0.0000   20.0000   clock network delay (ideal)
  -0.2000   19.8000   clock uncertainty
   0.0000   19.8000   clock reconvergence pessimism
            19.8000 ^ u_mbist.u_checker.first_fail_addr[4]$_SDFFE_PP0P_/CK (DFF_X1)
  -0.0388   19.7612   library setup time
            19.7612   data required time
-------------------------------------------------------------
            19.7612   data required time
            -2.3648   data arrival time
-------------------------------------------------------------
            17.3964   slack (MET)


Startpoint: rd_data[7] (input port clocked by core_clock)
Endpoint: u_mbist.u_checker.first_fail_expected[6]$_SDFFE_PP0P_
          (rising edge-triggered flip-flop clocked by core_clock)
Path Group: core_clock
Path Type: max

    Delay      Time   Description
-------------------------------------------------------------
   0.0000    0.0000   clock core_clock (rise edge)
   0.0000    0.0000   clock network delay (ideal)
   2.0000    2.0000 v input external delay
   0.0000    2.0000 v rd_data[7] (in)
   0.1036    2.1036 ^ _260_/ZN (NOR4_X1)
   0.0167    2.1203 v _262_/ZN (NAND2_X1)
   0.0642    2.1844 v _270_/Z (MUX2_X1)
   0.0326    2.2171 v _271_/Z (BUF_X4)
   0.0323    2.2494 ^ _304_/ZN (NAND3_X4)
   0.0287    2.2781 ^ _305_/Z (BUF_X8)
   0.0587    2.3368 v _321_/Z (MUX2_X1)
   0.0280    2.3648 v _322_/ZN (AND2_X2)
   0.0000    2.3648 v u_mbist.u_checker.first_fail_expected[6]$_SDFFE_PP0P_/D (DFF_X1)
             2.3648   data arrival time

  20.0000   20.0000   clock core_clock (rise edge)
   0.0000   20.0000   clock network delay (ideal)
  -0.2000   19.8000   clock uncertainty
   0.0000   19.8000   clock reconvergence pessimism
            19.8000 ^ u_mbist.u_checker.first_fail_expected[6]$_SDFFE_PP0P_/CK (DFF_X1)
  -0.0388   19.7612   library setup time
            19.7612   data required time
-------------------------------------------------------------
            19.7612   data required time
            -2.3648   data arrival time
-------------------------------------------------------------
            17.3964   slack (MET)


Startpoint: rd_data[7] (input port clocked by core_clock)
Endpoint: u_mbist.u_checker.first_fail_phase[0]$_SDFFE_PP0P_
          (rising edge-triggered flip-flop clocked by core_clock)
Path Group: core_clock
Path Type: max

    Delay      Time   Description
-------------------------------------------------------------
   0.0000    0.0000   clock core_clock (rise edge)
   0.0000    0.0000   clock network delay (ideal)
   2.0000    2.0000 v input external delay
   0.0000    2.0000 v rd_data[7] (in)
   0.1036    2.1036 ^ _260_/ZN (NOR4_X1)
   0.0167    2.1203 v _262_/ZN (NAND2_X1)
   0.0642    2.1844 v _270_/Z (MUX2_X1)
   0.0326    2.2171 v _271_/Z (BUF_X4)
   0.0323    2.2494 ^ _304_/ZN (NAND3_X4)
   0.0287    2.2781 ^ _305_/Z (BUF_X8)
   0.0587    2.3368 v _308_/Z (MUX2_X1)
   0.0280    2.3648 v _309_/ZN (AND2_X2)
   0.0000    2.3648 v u_mbist.u_checker.first_fail_phase[0]$_SDFFE_PP0P_/D (DFF_X1)
             2.3648   data arrival time

  20.0000   20.0000   clock core_clock (rise edge)
   0.0000   20.0000   clock network delay (ideal)
  -0.2000   19.8000   clock uncertainty
   0.0000   19.8000   clock reconvergence pessimism
            19.8000 ^ u_mbist.u_checker.first_fail_phase[0]$_SDFFE_PP0P_/CK (DFF_X1)
  -0.0388   19.7612   library setup time
            19.7612   data required time
-------------------------------------------------------------
            19.7612   data required time
            -2.3648   data arrival time
-------------------------------------------------------------
            17.3964   slack (MET)


Startpoint: rd_data[7] (input port clocked by core_clock)
Endpoint: u_mbist.u_checker.first_fail_phase[1]$_SDFFE_PP0P_
          (rising edge-triggered flip-flop clocked by core_clock)
Path Group: core_clock
Path Type: max

    Delay      Time   Description
-------------------------------------------------------------
   0.0000    0.0000   clock core_clock (rise edge)
   0.0000    0.0000   clock network delay (ideal)
   2.0000    2.0000 v input external delay
   0.0000    2.0000 v rd_data[7] (in)
   0.1036    2.1036 ^ _260_/ZN (NOR4_X1)
   0.0167    2.1203 v _262_/ZN (NAND2_X1)
   0.0642    2.1844 v _270_/Z (MUX2_X1)
   0.0326    2.2171 v _271_/Z (BUF_X4)
   0.0323    2.2494 ^ _304_/ZN (NAND3_X4)
   0.0287    2.2781 ^ _305_/Z (BUF_X8)
   0.0587    2.3368 v _306_/Z (MUX2_X1)
   0.0280    2.3648 v _307_/ZN (AND2_X2)
   0.0000    2.3648 v u_mbist.u_checker.first_fail_phase[1]$_SDFFE_PP0P_/D (DFF_X1)
             2.3648   data arrival time

  20.0000   20.0000   clock core_clock (rise edge)
   0.0000   20.0000   clock network delay (ideal)
  -0.2000   19.8000   clock uncertainty
   0.0000   19.8000   clock reconvergence pessimism
            19.8000 ^ u_mbist.u_checker.first_fail_phase[1]$_SDFFE_PP0P_/CK (DFF_X1)
  -0.0388   19.7612   library setup time
            19.7612   data required time
-------------------------------------------------------------
            19.7612   data required time
            -2.3648   data arrival time
-------------------------------------------------------------
            17.3964   slack (MET)


Startpoint: rd_data[7] (input port clocked by core_clock)
Endpoint: u_mbist.u_checker.first_fail_actual[0]$_SDFFE_PP0P_
          (rising edge-triggered flip-flop clocked by core_clock)
Path Group: core_clock
Path Type: max

    Delay      Time   Description
-------------------------------------------------------------
   0.0000    0.0000   clock core_clock (rise edge)
   0.0000    0.0000   clock network delay (ideal)
   2.0000    2.0000 v input external delay
   0.0000    2.0000 v rd_data[7] (in)
   0.1036    2.1036 ^ _260_/ZN (NOR4_X1)
   0.0167    2.1203 v _262_/ZN (NAND2_X1)
   0.0642    2.1844 v _270_/Z (MUX2_X1)
   0.0326    2.2171 v _271_/Z (BUF_X4)
   0.0323    2.2494 ^ _304_/ZN (NAND3_X4)
   0.0591    2.3085 v _336_/Z (MUX2_X1)
   0.0312    2.3397 v _337_/ZN (AND2_X1)
   0.0000    2.3397 v u_mbist.u_checker.first_fail_actual[0]$_SDFFE_PP0P_/D (DFF_X1)
             2.3397   data arrival time

  20.0000   20.0000   clock core_clock (rise edge)
   0.0000   20.0000   clock network delay (ideal)
  -0.2000   19.8000   clock uncertainty
   0.0000   19.8000   clock reconvergence pessimism
            19.8000 ^ u_mbist.u_checker.first_fail_actual[0]$_SDFFE_PP0P_/CK (DFF_X1)
  -0.0394   19.7606   library setup time
            19.7606   data required time
-------------------------------------------------------------
            19.7606   data required time
            -2.3397   data arrival time
-------------------------------------------------------------
            17.4209   slack (MET)


Startpoint: rd_data[7] (input port clocked by core_clock)
Endpoint: u_mbist.u_checker.first_fail_actual[1]$_SDFFE_PP0P_
          (rising edge-triggered flip-flop clocked by core_clock)
Path Group: core_clock
Path Type: max

    Delay      Time   Description
-------------------------------------------------------------
   0.0000    0.0000   clock core_clock (rise edge)
   0.0000    0.0000   clock network delay (ideal)
   2.0000    2.0000 v input external delay
   0.0000    2.0000 v rd_data[7] (in)
   0.1036    2.1036 ^ _260_/ZN (NOR4_X1)
   0.0167    2.1203 v _262_/ZN (NAND2_X1)
   0.0642    2.1844 v _270_/Z (MUX2_X1)
   0.0326    2.2171 v _271_/Z (BUF_X4)
   0.0323    2.2494 ^ _304_/ZN (NAND3_X4)
   0.0591    2.3085 v _334_/Z (MUX2_X1)
   0.0312    2.3397 v _335_/ZN (AND2_X1)
   0.0000    2.3397 v u_mbist.u_checker.first_fail_actual[1]$_SDFFE_PP0P_/D (DFF_X1)
             2.3397   data arrival time

  20.0000   20.0000   clock core_clock (rise edge)
   0.0000   20.0000   clock network delay (ideal)
  -0.2000   19.8000   clock uncertainty
   0.0000   19.8000   clock reconvergence pessimism
            19.8000 ^ u_mbist.u_checker.first_fail_actual[1]$_SDFFE_PP0P_/CK (DFF_X1)
  -0.0394   19.7606   library setup time
            19.7606   data required time
-------------------------------------------------------------
            19.7606   data required time
            -2.3397   data arrival time
-------------------------------------------------------------
            17.4209   slack (MET)


Startpoint: rd_data[7] (input port clocked by core_clock)
Endpoint: u_mbist.u_checker.first_fail_actual[2]$_SDFFE_PP0P_
          (rising edge-triggered flip-flop clocked by core_clock)
Path Group: core_clock
Path Type: max

    Delay      Time   Description
-------------------------------------------------------------
   0.0000    0.0000   clock core_clock (rise edge)
   0.0000    0.0000   clock network delay (ideal)
   2.0000    2.0000 v input external delay
   0.0000    2.0000 v rd_data[7] (in)
   0.1036    2.1036 ^ _260_/ZN (NOR4_X1)
   0.0167    2.1203 v _262_/ZN (NAND2_X1)
   0.0642    2.1844 v _270_/Z (MUX2_X1)
   0.0326    2.2171 v _271_/Z (BUF_X4)
   0.0323    2.2494 ^ _304_/ZN (NAND3_X4)
   0.0591    2.3085 v _332_/Z (MUX2_X1)
   0.0312    2.3397 v _333_/ZN (AND2_X1)
   0.0000    2.3397 v u_mbist.u_checker.first_fail_actual[2]$_SDFFE_PP0P_/D (DFF_X1)
             2.3397   data arrival time

  20.0000   20.0000   clock core_clock (rise edge)
   0.0000   20.0000   clock network delay (ideal)
  -0.2000   19.8000   clock uncertainty
   0.0000   19.8000   clock reconvergence pessimism
            19.8000 ^ u_mbist.u_checker.first_fail_actual[2]$_SDFFE_PP0P_/CK (DFF_X1)
  -0.0394   19.7606   library setup time
            19.7606   data required time
-------------------------------------------------------------
            19.7606   data required time
            -2.3397   data arrival time
-------------------------------------------------------------
            17.4209   slack (MET)


Startpoint: rd_data[7] (input port clocked by core_clock)
Endpoint: u_mbist.u_checker.first_fail_actual[3]$_SDFFE_PP0P_
          (rising edge-triggered flip-flop clocked by core_clock)
Path Group: core_clock
Path Type: max

    Delay      Time   Description
-------------------------------------------------------------
   0.0000    0.0000   clock core_clock (rise edge)
   0.0000    0.0000   clock network delay (ideal)
   2.0000    2.0000 v input external delay
   0.0000    2.0000 v rd_data[7] (in)
   0.1036    2.1036 ^ _260_/ZN (NOR4_X1)
   0.0167    2.1203 v _262_/ZN (NAND2_X1)
   0.0642    2.1844 v _270_/Z (MUX2_X1)
   0.0326    2.2171 v _271_/Z (BUF_X4)
   0.0323    2.2494 ^ _304_/ZN (NAND3_X4)
   0.0591    2.3085 v _330_/Z (MUX2_X1)
   0.0312    2.3397 v _331_/ZN (AND2_X1)
   0.0000    2.3397 v u_mbist.u_checker.first_fail_actual[3]$_SDFFE_PP0P_/D (DFF_X1)
             2.3397   data arrival time

  20.0000   20.0000   clock core_clock (rise edge)
   0.0000   20.0000   clock network delay (ideal)
  -0.2000   19.8000   clock uncertainty
   0.0000   19.8000   clock reconvergence pessimism
            19.8000 ^ u_mbist.u_checker.first_fail_actual[3]$_SDFFE_PP0P_/CK (DFF_X1)
  -0.0394   19.7606   library setup time
            19.7606   data required time
-------------------------------------------------------------
            19.7606   data required time
            -2.3397   data arrival time
-------------------------------------------------------------
            17.4209   slack (MET)


Startpoint: rd_data[7] (input port clocked by core_clock)
Endpoint: u_mbist.u_checker.first_fail_actual[4]$_SDFFE_PP0P_
          (rising edge-triggered flip-flop clocked by core_clock)
Path Group: core_clock
Path Type: max

    Delay      Time   Description
-------------------------------------------------------------
   0.0000    0.0000   clock core_clock (rise edge)
   0.0000    0.0000   clock network delay (ideal)
   2.0000    2.0000 v input external delay
   0.0000    2.0000 v rd_data[7] (in)
   0.1036    2.1036 ^ _260_/ZN (NOR4_X1)
   0.0167    2.1203 v _262_/ZN (NAND2_X1)
   0.0642    2.1844 v _270_/Z (MUX2_X1)
   0.0326    2.2171 v _271_/Z (BUF_X4)
   0.0323    2.2494 ^ _304_/ZN (NAND3_X4)
   0.0591    2.3085 v _328_/Z (MUX2_X1)
   0.0312    2.3397 v _329_/ZN (AND2_X1)
   0.0000    2.3397 v u_mbist.u_checker.first_fail_actual[4]$_SDFFE_PP0P_/D (DFF_X1)
             2.3397   data arrival time

  20.0000   20.0000   clock core_clock (rise edge)
   0.0000   20.0000   clock network delay (ideal)
  -0.2000   19.8000   clock uncertainty
   0.0000   19.8000   clock reconvergence pessimism
            19.8000 ^ u_mbist.u_checker.first_fail_actual[4]$_SDFFE_PP0P_/CK (DFF_X1)
  -0.0394   19.7606   library setup time
            19.7606   data required time
-------------------------------------------------------------
            19.7606   data required time
            -2.3397   data arrival time
-------------------------------------------------------------
            17.4209   slack (MET)


Startpoint: rd_data[7] (input port clocked by core_clock)
Endpoint: u_mbist.u_checker.first_fail_actual[7]$_SDFFE_PP0P_
          (rising edge-triggered flip-flop clocked by core_clock)
Path Group: core_clock
Path Type: max

    Delay      Time   Description
-------------------------------------------------------------
   0.0000    0.0000   clock core_clock (rise edge)
   0.0000    0.0000   clock network delay (ideal)
   2.0000    2.0000 v input external delay
   0.0000    2.0000 v rd_data[7] (in)
   0.1036    2.1036 ^ _260_/ZN (NOR4_X1)
   0.0167    2.1203 v _262_/ZN (NAND2_X1)
   0.0642    2.1844 v _270_/Z (MUX2_X1)
   0.0326    2.2171 v _271_/Z (BUF_X4)
   0.0323    2.2494 ^ _304_/ZN (NAND3_X4)
   0.0591    2.3085 v _411_/Z (MUX2_X1)
   0.0312    2.3397 v _412_/ZN (AND2_X1)
   0.0000    2.3397 v u_mbist.u_checker.first_fail_actual[7]$_SDFFE_PP0P_/D (DFF_X1)
             2.3397   data arrival time

  20.0000   20.0000   clock core_clock (rise edge)
   0.0000   20.0000   clock network delay (ideal)
  -0.2000   19.8000   clock uncertainty
   0.0000   19.8000   clock reconvergence pessimism
            19.8000 ^ u_mbist.u_checker.first_fail_actual[7]$_SDFFE_PP0P_/CK (DFF_X1)
  -0.0391   19.7609   library setup time
            19.7609   data required time
-------------------------------------------------------------
            19.7609   data required time
            -2.3397   data arrival time
-------------------------------------------------------------
            17.4212   slack (MET)


Startpoint: rd_data[7] (input port clocked by core_clock)
Endpoint: u_mbist.u_checker.first_fail_phase[2]$_SDFFE_PP0P_
          (rising edge-triggered flip-flop clocked by core_clock)
Path Group: core_clock
Path Type: max

    Delay      Time   Description
-------------------------------------------------------------
   0.0000    0.0000   clock core_clock (rise edge)
   0.0000    0.0000   clock network delay (ideal)
   2.0000    2.0000 v input external delay
   0.0000    2.0000 v rd_data[7] (in)
   0.1036    2.1036 ^ _260_/ZN (NOR4_X1)
   0.0167    2.1203 v _262_/ZN (NAND2_X1)
   0.0642    2.1844 v _270_/Z (MUX2_X1)
   0.0326    2.2171 v _271_/Z (BUF_X4)
   0.0323    2.2494 ^ _304_/ZN (NAND3_X4)
   0.0591    2.3085 v _407_/Z (MUX2_X1)
   0.0304    2.3389 v _408_/ZN (AND2_X1)
   0.0000    2.3389 v u_mbist.u_checker.first_fail_phase[2]$_SDFFE_PP0P_/D (DFF_X1)
             2.3389   data arrival time

  20.0000   20.0000   clock core_clock (rise edge)
   0.0000   20.0000   clock network delay (ideal)
  -0.2000   19.8000   clock uncertainty
   0.0000   19.8000   clock reconvergence pessimism
            19.8000 ^ u_mbist.u_checker.first_fail_phase[2]$_SDFFE_PP0P_/CK (DFF_X1)
  -0.0394   19.7606   library setup time
            19.7606   data required time
-------------------------------------------------------------
            19.7606   data required time
            -2.3389   data arrival time
-------------------------------------------------------------
            17.4217   slack (MET)


Startpoint: rd_data[7] (input port clocked by core_clock)
Endpoint: u_mbist.u_checker.first_fail_addr[5]$_SDFFE_PP0P_
          (rising edge-triggered flip-flop clocked by core_clock)
Path Group: core_clock
Path Type: max

    Delay      Time   Description
-------------------------------------------------------------
   0.0000    0.0000   clock core_clock (rise edge)
   0.0000    0.0000   clock network delay (ideal)
   2.0000    2.0000 v input external delay
   0.0000    2.0000 v rd_data[7] (in)
   0.1036    2.1036 ^ _260_/ZN (NOR4_X1)
   0.0167    2.1203 v _262_/ZN (NAND2_X1)
   0.0642    2.1844 v _270_/Z (MUX2_X1)
   0.0326    2.2171 v _271_/Z (BUF_X4)
   0.0323    2.2494 ^ _304_/ZN (NAND3_X4)
   0.0591    2.3085 v _409_/Z (MUX2_X1)
   0.0304    2.3389 v _410_/ZN (AND2_X1)
   0.0000    2.3389 v u_mbist.u_checker.first_fail_addr[5]$_SDFFE_PP0P_/D (DFF_X1)
             2.3389   data arrival time

  20.0000   20.0000   clock core_clock (rise edge)
   0.0000   20.0000   clock network delay (ideal)
  -0.2000   19.8000   clock uncertainty
   0.0000   19.8000   clock reconvergence pessimism
            19.8000 ^ u_mbist.u_checker.first_fail_addr[5]$_SDFFE_PP0P_/CK (DFF_X1)
  -0.0391   19.7609   library setup time
            19.7609   data required time
-------------------------------------------------------------
            19.7609   data required time
            -2.3389   data arrival time
-------------------------------------------------------------
            17.4220   slack (MET)


Startpoint: rd_data[7] (input port clocked by core_clock)
Endpoint: u_mbist.u_checker.error_count[0]$_SDFFE_PP0P_
          (rising edge-triggered flip-flop clocked by core_clock)
Path Group: core_clock
Path Type: max

    Delay      Time   Description
-------------------------------------------------------------
   0.0000    0.0000   clock core_clock (rise edge)
   0.0000    0.0000   clock network delay (ideal)
   2.0000    2.0000 v input external delay
   0.0000    2.0000 v rd_data[7] (in)
   0.1036    2.1036 ^ _260_/ZN (NOR4_X1)
   0.0167    2.1203 v _262_/ZN (NAND2_X1)
   0.0642    2.1844 v _270_/Z (MUX2_X1)
   0.0326    2.2171 v _271_/Z (BUF_X4)
   0.0387    2.2558 v _299_/ZN (AND2_X1)
   0.0460    2.3018 v _302_/Z (MUX2_X1)
   0.0304    2.3321 v _303_/ZN (AND2_X1)
   0.0000    2.3321 v u_mbist.u_checker.error_count[0]$_SDFFE_PP0P_/D (DFF_X1)
             2.3321   data arrival time

  20.0000   20.0000   clock core_clock (rise edge)
   0.0000   20.0000   clock network delay (ideal)
  -0.2000   19.8000   clock uncertainty
   0.0000   19.8000   clock reconvergence pessimism
            19.8000 ^ u_mbist.u_checker.error_count[0]$_SDFFE_PP0P_/CK (DFF_X1)
  -0.0391   19.7609   library setup time
            19.7609   data required time
-------------------------------------------------------------
            19.7609   data required time
            -2.3321   data arrival time
-------------------------------------------------------------
            17.4288   slack (MET)


Startpoint: rd_data[7] (input port clocked by core_clock)
Endpoint: u_mbist.u_checker.error_count[1]$_SDFFE_PP0P_
          (rising edge-triggered flip-flop clocked by core_clock)
Path Group: core_clock
Path Type: max

    Delay      Time   Description
-------------------------------------------------------------
   0.0000    0.0000   clock core_clock (rise edge)
   0.0000    0.0000   clock network delay (ideal)
   2.0000    2.0000 v input external delay
   0.0000    2.0000 v rd_data[7] (in)
   0.1036    2.1036 ^ _260_/ZN (NOR4_X1)
   0.0167    2.1203 v _262_/ZN (NAND2_X1)
   0.0642    2.1844 v _270_/Z (MUX2_X1)
   0.0326    2.2171 v _271_/Z (BUF_X4)
   0.0387    2.2558 v _299_/ZN (AND2_X1)
   0.0460    2.3018 v _300_/Z (MUX2_X1)
   0.0304    2.3321 v _301_/ZN (AND2_X1)
   0.0000    2.3321 v u_mbist.u_checker.error_count[1]$_SDFFE_PP0P_/D (DFF_X1)
             2.3321   data arrival time

  20.0000   20.0000   clock core_clock (rise edge)
   0.0000   20.0000   clock network delay (ideal)
  -0.2000   19.8000   clock uncertainty
   0.0000   19.8000   clock reconvergence pessimism
            19.8000 ^ u_mbist.u_checker.error_count[1]$_SDFFE_PP0P_/CK (DFF_X1)
  -0.0391   19.7609   library setup time
            19.7609   data required time
-------------------------------------------------------------
            19.7609   data required time
            -2.3321   data arrival time
-------------------------------------------------------------
            17.4288   slack (MET)


