COMMAND: C:\Xilinx\Vivado\2018.3\bin\xsim.bat v12_snapshot -runall -testplusarg \"FAULT_TYPE=2\" -testplusarg \"FAULT_ADDR=7\" -testplusarg \"FAULT_BIT=2\"
EXIT_CODE: 0

****** xsim v2018.3 (64-bit)
  **** SW Build 2405991 on Thu Dec  6 23:38:27 MST 2018
  **** IP Build 2404404 on Fri Dec  7 01:43:56 MST 2018
    ** Copyright 1986-2018 Xilinx, Inc. All Rights Reserved.

source xsim.dir/v12_snapshot/xsim_script.tcl
# xsim {v12_snapshot} -testplusarg "FAULT_TYPE=2" -testplusarg "FAULT_ADDR=7" -testplusarg "FAULT_BIT=2" -autoloadwcfg -runall
Vivado Simulator 2018.3
Time resolution is 1 ps
run -all
FAULT_ACTIVATE type=2 addr=7 bit=2 count=1
FAULT_ACTIVATE type=2 addr=7 bit=2 count=2
FAULT_ACTIVATE type=2 addr=7 bit=2 count=3
CHECKER_PASS run=1 requests=640 cycles=960 errors=3
FAULT_CASE_RESULT type=2 addr=7 bit=2 activated=1 activations=3 detected=1 errors=3 first_phase=1 first_addr=7 first_expected=00 first_actual=04
FAULT_MBIST_PASS type=2
$finish called at time : 19300 ns : File "./results/asic/v12/20260927_v12_frozen/xsim/fault/tb_step05_mbist.sv" Line 132
exit
INFO: [Common 17-206] Exiting xsim at Sun Sep 27 18:58:32 2026...
