#-----------------------------------------------------------
# Vivado v2018.3 (64-bit)
# SW Build 2405991 on Thu Dec  6 23:38:27 MST 2018
# IP Build 2404404 on Fri Dec  7 01:43:56 MST 2018
# Start of session at: Sat Sep 26 20:38:29 2026
# Process ID: 54160
# Current directory: C:/Users/32035/Desktop/FPGA/ProjectIII/.build/20260926_review_final/vivado_driver_fault
# Command line: vivado.exe -mode batch -source C:\Users\32035\Desktop\FPGA\ProjectIII\fpga\build_ila.tcl -log C:\Users\32035\Desktop\FPGA\ProjectIII\results\reruns\20260926_review_final\step08\build_logs_fault\build_ila.log -journal C:\Users\32035\Desktop\FPGA\ProjectIII\results\reruns\20260926_review_final\step08\build_logs_fault\build_ila.jou
# Log file: C:/Users/32035/Desktop/FPGA/ProjectIII/results/reruns/20260926_review_final/step08/build_logs_fault/build_ila.log
# Journal file: C:\Users\32035\Desktop\FPGA\ProjectIII\results\reruns\20260926_review_final\step08\build_logs_fault\build_ila.jou
#-----------------------------------------------------------
source {C:\Users\32035\Desktop\FPGA\ProjectIII\fpga\build_ila.tcl}
# source [file join [file dirname [info script]] build_paths.tcl]
## set root [file normalize [file join [file dirname [info script]] ..]]
## set run_id [clock format [clock seconds] -format %Y%m%d_%H%M%S]
## if {[info exists ::env(MBIST_RUN_ID)]} { set run_id $::env(MBIST_RUN_ID) }
## if {![regexp {^[A-Za-z0-9_-]+$} $run_id]} { error "Invalid MBIST_RUN_ID" }
## set inject 0
## if {[info exists ::env(MBIST_INJECT_FAULT)]} { set inject $::env(MBIST_INJECT_FAULT) }
## if {$inject ni {0 1}} { error "MBIST_INJECT_FAULT must be 0 or 1" }
## set variant ""
## if {$inject} { set variant "_fault" }
## set result_root [file join $root results reruns $run_id step08]
## set project_dir [file join $root .build $run_id vivado$variant]
# set evidence [file join $result_root ila$variant]
# file mkdir $evidence
# open_project [file join $project_dir mbist_board.xpr]
Scanning sources...
Finished scanning sources
# open_run synth_1
Design is defaulting to impl run constrset: constrs_1
Design is defaulting to synth run part: xc7a35tfgg484-2
INFO: [Netlist 29-17] Analyzing 9 Unisim elements for replacement
INFO: [Netlist 29-28] Unisim Transformation completed in 0 CPU seconds
INFO: [Project 1-479] Netlist was created with Vivado 2018.3
INFO: [Device 21-403] Loading part xc7a35tfgg484-2
INFO: [Project 1-570] Preparing netlist for logic optimization
Parsing XDC File [C:/Users/32035/Desktop/FPGA/ProjectIII/fpga/board_pins.xdc]
Finished Parsing XDC File [C:/Users/32035/Desktop/FPGA/ProjectIII/fpga/board_pins.xdc]
INFO: [Opt 31-138] Pushed 0 inverter(s) to 0 load pin(s).
Netlist sorting complete. Time (s): cpu = 00:00:00 ; elapsed = 00:00:00 . Memory (MB): peak = 579.289 ; gain = 0.000
INFO: [Project 1-111] Unisim Transformation Summary:
No Unisim elements were transformed.

# set_operating_conditions -grade Industrial
# proc scalar {name} {
#     set nets [get_nets -quiet $name]
#     if {[llength $nets] != 1} { error "Expected one net $name, got $nets" }
#     return $nets
# }
# proc bus {name width} {
#     set nets {}
#     for {set i 0} {$i < $width} {incr i} {
#         lappend nets [scalar [format {%s[%d]} $name $i]]
#     }
#     return $nets
# }
# create_debug_core u_ila ila
# set_property C_DATA_DEPTH 1024 [get_debug_cores u_ila]
# for {set i 1} {$i < 18} {incr i} {
#     create_debug_port u_ila probe
# }
# connect_debug_port u_ila/clk [scalar sys_clk_IBUF_BUFG]
# set probes [list \
#     [scalar start_pulse] \
#     [bus u_mbist/phase 3] \
#     [bus req_addr 6] \
#     [scalar req_valid] \
#     [scalar req_write] \
#     [bus req_wdata 8] \
#     [scalar rd_valid] \
#     [bus rd_data 8] \
#     [scalar done] \
#     [scalar pass] \
#     [scalar fail] \
#     [bus error_count 9] \
#     [bus first_fail_phase 3] \
#     [bus first_fail_addr 6] \
#     [bus first_fail_expected 8] \
#     [bus first_fail_actual 8] \
#     [bus accepted_count 10] \
#     [scalar busy]]
# for {set i 0} {$i < [llength $probes]} {incr i} {
#     set_property PORT_WIDTH [llength [lindex $probes $i]] [get_debug_ports u_ila/probe$i]
#     connect_debug_port u_ila/probe$i [lindex $probes $i]
# }
# puts "ILA_PROBES count=[llength $probes] depth=1024"
ILA_PROBES count=18 depth=1024
# save_constraints_as -dir [file join $evidence constraints] \
#     -target_constrs_file ila_debug.xdc step08_ila_constrs
INFO: [Project 1-239] Creating target file 'C:/Users/32035/Desktop/FPGA/ProjectIII/results/reruns/20260926_review_final/step08/ila_fault/constraints/ila_debug.xdc' for the 'step08_ila_constrs' constraints set.
INFO: [Project 1-96] Target constrs file set to 'C:/Users/32035/Desktop/FPGA/ProjectIII/results/reruns/20260926_review_final/step08/ila_fault/constraints/ila_debug.xdc' for the 'step08_ila_constrs' constraints set.
Netlist sorting complete. Time (s): cpu = 00:00:00 ; elapsed = 00:00:00.001 . Memory (MB): peak = 583.340 ; gain = 0.000
# implement_debug_core
INFO: [Chipscope 16-329] Generating Script for core instance : dbg_hub 
INFO: [IP_Flow 19-234] Refreshing IP repositories
INFO: [IP_Flow 19-1704] No user IP repositories specified
INFO: [IP_Flow 19-2313] Loaded Vivado IP repository 'C:/Xilinx/Vivado/2018.3/data/ip'.
INFO: [IP_Flow 19-3806] Processing IP xilinx.com:ip:xsdbm:3.0 for cell dbg_hub_CV.
INFO: [Chipscope 16-329] Generating Script for core instance : u_ila 
INFO: [IP_Flow 19-3806] Processing IP xilinx.com:ip:ila:6.2 for cell u_ila_CV.
INFO: [Chipscope 16-78] labtools_xsdbm_v3 netlist file is 'c:/Users/32035/Desktop/FPGA/ProjectIII/.build/20260926_review_final/vivado_driver_fault/.Xil/Vivado-54160-Hugo/dbg_hub_CV.0/out/dcp/dbg_hub_0.edf'.
INFO: [Chipscope 16-78] labtools_ila_v6 netlist file is 'c:/Users/32035/Desktop/FPGA/ProjectIII/.build/20260926_review_final/vivado_driver_fault/.Xil/Vivado-54160-Hugo/u_ila_CV.0/out/dcp/u_ila_1.edf'.
implement_debug_core: Time (s): cpu = 00:00:06 ; elapsed = 00:01:21 . Memory (MB): peak = 1260.324 ; gain = 676.984
# write_checkpoint -force [file join $evidence board_with_ila_synth.dcp]
Netlist sorting complete. Time (s): cpu = 00:00:00 ; elapsed = 00:00:00.002 . Memory (MB): peak = 1260.324 ; gain = 0.000
INFO: [Timing 38-480] Writing timing data to binary archive.
Writing placer database...
Writing XDEF routing.
Writing XDEF routing logical nets.
Writing XDEF routing special nets.
Write XDEF Complete: Time (s): cpu = 00:00:00 ; elapsed = 00:00:00.019 . Memory (MB): peak = 1260.324 ; gain = 0.000
Netlist sorting complete. Time (s): cpu = 00:00:00 ; elapsed = 00:00:00.001 . Memory (MB): peak = 1260.324 ; gain = 0.000
INFO: [Common 17-1381] The checkpoint 'C:/Users/32035/Desktop/FPGA/ProjectIII/results/reruns/20260926_review_final/step08/ila_fault/board_with_ila_synth.dcp' has been generated.
# opt_design
Command: opt_design
Attempting to get a license for feature 'Implementation' and/or device 'xc7a35t'
INFO: [Common 17-349] Got license for feature 'Implementation' and/or device 'xc7a35t'
Running DRC as a precondition to command opt_design

Starting DRC Task
INFO: [DRC 23-27] Running DRC with 2 threads
INFO: [Project 1-461] DRC finished with 0 Errors
INFO: [Project 1-462] Please refer to the DRC report (report_drc) for more information.

Time (s): cpu = 00:00:00 ; elapsed = 00:00:00.356 . Memory (MB): peak = 1260.324 ; gain = 0.000

Starting Cache Timing Information Task
Ending Cache Timing Information Task | Checksum: 15a61e381

Time (s): cpu = 00:00:00 ; elapsed = 00:00:00.001 . Memory (MB): peak = 1260.324 ; gain = 0.000

Starting Logic Optimization Task

Phase 1 Retarget
INFO: [Opt 31-138] Pushed 0 inverter(s) to 0 load pin(s).
INFO: [Opt 31-49] Retargeted 0 cell(s).
Phase 1 Retarget | Checksum: 19106d214

Time (s): cpu = 00:00:00 ; elapsed = 00:00:00.180 . Memory (MB): peak = 1314.801 ; gain = 0.309
INFO: [Opt 31-389] Phase Retarget created 4 cells and removed 11 cells
INFO: [Opt 31-1021] In phase Retarget, 204 netlist objects are constrained preventing optimization. Please run opt_design with -debug_log to get more detail. 

Phase 2 Constant propagation
INFO: [Opt 31-138] Pushed 0 inverter(s) to 0 load pin(s).
Phase 2 Constant propagation | Checksum: 1a429a5e7

Time (s): cpu = 00:00:00 ; elapsed = 00:00:00.235 . Memory (MB): peak = 1314.801 ; gain = 0.309
INFO: [Opt 31-389] Phase Constant propagation created 0 cells and removed 16 cells
INFO: [Opt 31-1021] In phase Constant propagation, 179 netlist objects are constrained preventing optimization. Please run opt_design with -debug_log to get more detail. 

Phase 3 Sweep
Phase 3 Sweep | Checksum: 166cd41ee

Time (s): cpu = 00:00:00 ; elapsed = 00:00:00.375 . Memory (MB): peak = 1314.801 ; gain = 0.309
INFO: [Opt 31-389] Phase Sweep created 0 cells and removed 46 cells
INFO: [Opt 31-1021] In phase Sweep, 943 netlist objects are constrained preventing optimization. Please run opt_design with -debug_log to get more detail. 

Phase 4 BUFG optimization
Phase 4 BUFG optimization | Checksum: 166cd41ee

Time (s): cpu = 00:00:00 ; elapsed = 00:00:00.455 . Memory (MB): peak = 1314.801 ; gain = 0.309
INFO: [Opt 31-662] Phase BUFG optimization created 0 cells of which 0 are BUFGs and removed 0 cells.

Phase 5 Shift Register Optimization
Phase 5 Shift Register Optimization | Checksum: 71c4bed8

Time (s): cpu = 00:00:01 ; elapsed = 00:00:00.650 . Memory (MB): peak = 1314.801 ; gain = 0.309
INFO: [Opt 31-389] Phase Shift Register Optimization created 0 cells and removed 0 cells

Phase 6 Post Processing Netlist
Phase 6 Post Processing Netlist | Checksum: 71c4bed8

Time (s): cpu = 00:00:01 ; elapsed = 00:00:00.687 . Memory (MB): peak = 1314.801 ; gain = 0.309
INFO: [Opt 31-389] Phase Post Processing Netlist created 0 cells and removed 0 cells
INFO: [Opt 31-1021] In phase Post Processing Netlist, 63 netlist objects are constrained preventing optimization. Please run opt_design with -debug_log to get more detail. 
Opt_design Change Summary
=========================


-------------------------------------------------------------------------------------------------------------------------
|  Phase                        |  #Cells created  |  #Cells Removed  |  #Constrained objects preventing optimizations  |
-------------------------------------------------------------------------------------------------------------------------
|  Retarget                     |               4  |              11  |                                            204  |
|  Constant propagation         |               0  |              16  |                                            179  |
|  Sweep                        |               0  |              46  |                                            943  |
|  BUFG optimization            |               0  |               0  |                                              0  |
|  Shift Register Optimization  |               0  |               0  |                                              0  |
|  Post Processing Netlist      |               0  |               0  |                                             63  |
-------------------------------------------------------------------------------------------------------------------------



Starting Connectivity Check Task

Time (s): cpu = 00:00:00 ; elapsed = 00:00:00.008 . Memory (MB): peak = 1314.801 ; gain = 0.000
Ending Logic Optimization Task | Checksum: 71c4bed8

Time (s): cpu = 00:00:01 ; elapsed = 00:00:00.709 . Memory (MB): peak = 1314.801 ; gain = 0.309

Starting Power Optimization Task
INFO: [Pwropt 34-132] Skipping clock gating for clocks with a period < 2.00 ns.
INFO: [Timing 38-35] Done setting XDC timing constraints.
INFO: [Pwropt 34-9] Applying IDT optimizations ...
INFO: [Pwropt 34-10] Applying ODC optimizations ...
INFO: [Physopt 32-619] Estimated Timing Summary | WNS=14.968 | TNS=0.000 |
Running Vector-less Activity Propagation...

Finished Running Vector-less Activity Propagation


Starting PowerOpt Patch Enables Task
INFO: [Pwropt 34-162] WRITE_MODE attribute of 0 BRAM(s) out of a total of 4 has been updated to save power. Run report_power_opt to get a complete listing of the BRAMs updated.
INFO: [Pwropt 34-201] Structural ODC has moved 0 WE to EN ports
Number of BRAM Ports augmented: 3 newly gated: 0 Total Ports: 8
Ending PowerOpt Patch Enables Task | Checksum: 5d2d213c

Time (s): cpu = 00:00:00 ; elapsed = 00:00:00.029 . Memory (MB): peak = 1544.812 ; gain = 0.000
Ending Power Optimization Task | Checksum: 5d2d213c

Time (s): cpu = 00:00:01 ; elapsed = 00:00:00.989 . Memory (MB): peak = 1544.812 ; gain = 230.012

Starting Final Cleanup Task
Ending Final Cleanup Task | Checksum: 5d2d213c

Time (s): cpu = 00:00:00 ; elapsed = 00:00:00 . Memory (MB): peak = 1544.812 ; gain = 0.000

Starting Netlist Obfuscation Task
Netlist sorting complete. Time (s): cpu = 00:00:00 ; elapsed = 00:00:00.002 . Memory (MB): peak = 1544.812 ; gain = 0.000
Ending Netlist Obfuscation Task | Checksum: 9d3d0160

Time (s): cpu = 00:00:00 ; elapsed = 00:00:00.002 . Memory (MB): peak = 1544.812 ; gain = 0.000
INFO: [Common 17-83] Releasing license: Implementation
25 Infos, 0 Warnings, 0 Critical Warnings and 0 Errors encountered.
opt_design completed successfully
# place_design
Command: place_design
Attempting to get a license for feature 'Implementation' and/or device 'xc7a35t'
INFO: [Common 17-349] Got license for feature 'Implementation' and/or device 'xc7a35t'
INFO: [DRC 23-27] Running DRC with 2 threads
INFO: [Vivado_Tcl 4-198] DRC finished with 0 Errors
INFO: [Vivado_Tcl 4-199] Please refer to the DRC report (report_drc) for more information.
Running DRC as a precondition to command place_design
INFO: [DRC 23-27] Running DRC with 2 threads
INFO: [Vivado_Tcl 4-198] DRC finished with 0 Errors
INFO: [Vivado_Tcl 4-199] Please refer to the DRC report (report_drc) for more information.

Starting Placer Task
INFO: [Place 30-611] Multithreading enabled for place_design using a maximum of 2 CPUs

Phase 1 Placer Initialization

Phase 1.1 Placer Initialization Netlist Sorting
Netlist sorting complete. Time (s): cpu = 00:00:00 ; elapsed = 00:00:00.002 . Memory (MB): peak = 1544.812 ; gain = 0.000
Phase 1.1 Placer Initialization Netlist Sorting | Checksum: 511fc97b

Time (s): cpu = 00:00:00 ; elapsed = 00:00:00.004 . Memory (MB): peak = 1544.812 ; gain = 0.000
Netlist sorting complete. Time (s): cpu = 00:00:00 ; elapsed = 00:00:00.001 . Memory (MB): peak = 1544.812 ; gain = 0.000

Phase 1.2 IO Placement/ Clock Placement/ Build Placer Device
INFO: [Timing 38-35] Done setting XDC timing constraints.
Phase 1.2 IO Placement/ Clock Placement/ Build Placer Device | Checksum: 145387272

Time (s): cpu = 00:00:01 ; elapsed = 00:00:00.550 . Memory (MB): peak = 1544.812 ; gain = 0.000

Phase 1.3 Build Placer Netlist Model
Phase 1.3 Build Placer Netlist Model | Checksum: 165ebe719

Time (s): cpu = 00:00:01 ; elapsed = 00:00:01 . Memory (MB): peak = 1544.812 ; gain = 0.000

Phase 1.4 Constrain Clocks/Macros
Phase 1.4 Constrain Clocks/Macros | Checksum: 165ebe719

Time (s): cpu = 00:00:01 ; elapsed = 00:00:01 . Memory (MB): peak = 1544.812 ; gain = 0.000
Phase 1 Placer Initialization | Checksum: 165ebe719

Time (s): cpu = 00:00:01 ; elapsed = 00:00:01 . Memory (MB): peak = 1544.812 ; gain = 0.000

Phase 2 Global Placement

Phase 2.1 Floorplanning
Phase 2.1 Floorplanning | Checksum: 156de0a46

Time (s): cpu = 00:00:02 ; elapsed = 00:00:01 . Memory (MB): peak = 1544.812 ; gain = 0.000

Phase 2.2 Physical Synthesis In Placer
INFO: [Physopt 32-65] No nets found for high-fanout optimization.
INFO: [Physopt 32-232] Optimized 0 net. Created 0 new instance.
INFO: [Physopt 32-775] End 1 Pass. Optimized 0 net or cell. Created 0 new cell, deleted 0 existing cell and moved 0 existing cell
INFO: [Physopt 32-670] No setup violation found.  DSP Register Optimization was not performed.
INFO: [Physopt 32-670] No setup violation found.  Shift Register Optimization was not performed.
INFO: [Physopt 32-670] No setup violation found.  BRAM Register Optimization was not performed.
INFO: [Physopt 32-949] No candidate nets found for HD net replication
INFO: [Physopt 32-775] End 1 Pass. Optimized 0 net or cell. Created 0 new cell, deleted 0 existing cell and moved 0 existing cell
Netlist sorting complete. Time (s): cpu = 00:00:00 ; elapsed = 00:00:00.001 . Memory (MB): peak = 1544.812 ; gain = 0.000

Summary of Physical Synthesis Optimizations
============================================


----------------------------------------------------------------------------------------------------------------------------------------
|  Optimization                  |  Added Cells  |  Removed Cells  |  Optimized Cells/Nets  |  Dont Touch  |  Iterations  |  Elapsed   |
----------------------------------------------------------------------------------------------------------------------------------------
|  Very High Fanout              |            0  |              0  |                     0  |           0  |           1  |  00:00:00  |
|  DSP Register                  |            0  |              0  |                     0  |           0  |           0  |  00:00:00  |
|  Shift Register                |            0  |              0  |                     0  |           0  |           0  |  00:00:00  |
|  BRAM Register                 |            0  |              0  |                     0  |           0  |           0  |  00:00:00  |
|  HD Interface Net Replication  |            0  |              0  |                     0  |           0  |           1  |  00:00:00  |
|  Total                         |            0  |              0  |                     0  |           0  |           2  |  00:00:00  |
----------------------------------------------------------------------------------------------------------------------------------------


Phase 2.2 Physical Synthesis In Placer | Checksum: 97ff79f1

Time (s): cpu = 00:00:04 ; elapsed = 00:00:03 . Memory (MB): peak = 1544.812 ; gain = 0.000
Phase 2 Global Placement | Checksum: a1eaf829

Time (s): cpu = 00:00:04 ; elapsed = 00:00:03 . Memory (MB): peak = 1544.812 ; gain = 0.000

Phase 3 Detail Placement

Phase 3.1 Commit Multi Column Macros
Phase 3.1 Commit Multi Column Macros | Checksum: a1eaf829

Time (s): cpu = 00:00:04 ; elapsed = 00:00:03 . Memory (MB): peak = 1544.812 ; gain = 0.000

Phase 3.2 Commit Most Macros & LUTRAMs
Phase 3.2 Commit Most Macros & LUTRAMs | Checksum: 14d41feb8

Time (s): cpu = 00:00:04 ; elapsed = 00:00:04 . Memory (MB): peak = 1544.812 ; gain = 0.000

Phase 3.3 Area Swap Optimization
Phase 3.3 Area Swap Optimization | Checksum: 14aa4a298

Time (s): cpu = 00:00:04 ; elapsed = 00:00:04 . Memory (MB): peak = 1544.812 ; gain = 0.000

Phase 3.4 Pipeline Register Optimization
Phase 3.4 Pipeline Register Optimization | Checksum: 170e0b331

Time (s): cpu = 00:00:04 ; elapsed = 00:00:04 . Memory (MB): peak = 1544.812 ; gain = 0.000

Phase 3.5 Small Shape Detail Placement
Phase 3.5 Small Shape Detail Placement | Checksum: 1cac64be1

Time (s): cpu = 00:00:05 ; elapsed = 00:00:04 . Memory (MB): peak = 1544.812 ; gain = 0.000

Phase 3.6 Re-assign LUT pins
Phase 3.6 Re-assign LUT pins | Checksum: 12c7f9aef

Time (s): cpu = 00:00:05 ; elapsed = 00:00:04 . Memory (MB): peak = 1544.812 ; gain = 0.000

Phase 3.7 Pipeline Register Optimization
Phase 3.7 Pipeline Register Optimization | Checksum: 18dd200c2

Time (s): cpu = 00:00:05 ; elapsed = 00:00:04 . Memory (MB): peak = 1544.812 ; gain = 0.000
Phase 3 Detail Placement | Checksum: 18dd200c2

Time (s): cpu = 00:00:05 ; elapsed = 00:00:04 . Memory (MB): peak = 1544.812 ; gain = 0.000

Phase 4 Post Placement Optimization and Clean-Up

Phase 4.1 Post Commit Optimization
INFO: [Timing 38-35] Done setting XDC timing constraints.

Phase 4.1.1 Post Placement Optimization
Post Placement Optimization Initialization | Checksum: 1552beb7d

Phase 4.1.1.1 BUFG Insertion
INFO: [Place 46-46] BUFG insertion identified 0 candidate nets, 0 success, 0 bufg driver replicated, 0 skipped for placement/routing, 0 skipped for timing, 0 skipped for netlist change reason
Phase 4.1.1.1 BUFG Insertion | Checksum: 1552beb7d

Time (s): cpu = 00:00:06 ; elapsed = 00:00:05 . Memory (MB): peak = 1544.812 ; gain = 0.000
INFO: [Place 30-746] Post Placement Timing Summary WNS=14.298. For the most accurate timing information please run report_timing.
Phase 4.1.1 Post Placement Optimization | Checksum: b0130f94

Time (s): cpu = 00:00:06 ; elapsed = 00:00:05 . Memory (MB): peak = 1544.812 ; gain = 0.000
Phase 4.1 Post Commit Optimization | Checksum: b0130f94

Time (s): cpu = 00:00:06 ; elapsed = 00:00:05 . Memory (MB): peak = 1544.812 ; gain = 0.000

Phase 4.2 Post Placement Cleanup
Phase 4.2 Post Placement Cleanup | Checksum: b0130f94

Time (s): cpu = 00:00:06 ; elapsed = 00:00:05 . Memory (MB): peak = 1544.812 ; gain = 0.000

Phase 4.3 Placer Reporting
Phase 4.3 Placer Reporting | Checksum: b0130f94

Time (s): cpu = 00:00:06 ; elapsed = 00:00:05 . Memory (MB): peak = 1544.812 ; gain = 0.000

Phase 4.4 Final Placement Cleanup
Netlist sorting complete. Time (s): cpu = 00:00:00 ; elapsed = 00:00:00.001 . Memory (MB): peak = 1544.812 ; gain = 0.000
Phase 4.4 Final Placement Cleanup | Checksum: 184db988f

Time (s): cpu = 00:00:06 ; elapsed = 00:00:05 . Memory (MB): peak = 1544.812 ; gain = 0.000
Phase 4 Post Placement Optimization and Clean-Up | Checksum: 184db988f

Time (s): cpu = 00:00:06 ; elapsed = 00:00:05 . Memory (MB): peak = 1544.812 ; gain = 0.000
Ending Placer Task | Checksum: 141ba78d9

Time (s): cpu = 00:00:06 ; elapsed = 00:00:05 . Memory (MB): peak = 1544.812 ; gain = 0.000
INFO: [Common 17-83] Releasing license: Implementation
21 Infos, 0 Warnings, 0 Critical Warnings and 0 Errors encountered.
place_design completed successfully
place_design: Time (s): cpu = 00:00:07 ; elapsed = 00:00:05 . Memory (MB): peak = 1544.812 ; gain = 0.000
# route_design
Command: route_design
Attempting to get a license for feature 'Implementation' and/or device 'xc7a35t'
INFO: [Common 17-349] Got license for feature 'Implementation' and/or device 'xc7a35t'
Running DRC as a precondition to command route_design
INFO: [DRC 23-27] Running DRC with 2 threads
INFO: [Vivado_Tcl 4-198] DRC finished with 0 Errors
INFO: [Vivado_Tcl 4-199] Please refer to the DRC report (report_drc) for more information.


Starting Routing Task
INFO: [Route 35-254] Multithreading enabled for route_design using a maximum of 2 CPUs
Checksum: PlaceDB: 50a33b48 ConstDB: 0 ShapeSum: f1173d91 RouteDB: 0

Phase 1 Build RT Design
Phase 1 Build RT Design | Checksum: 15ffa86a1

Time (s): cpu = 00:00:10 ; elapsed = 00:00:09 . Memory (MB): peak = 1544.812 ; gain = 0.000
Post Restoration Checksum: NetGraph: dfe3bb07 NumContArr: 8016cb9a Constraints: 0 Timing: 0

Phase 2 Router Initialization

Phase 2.1 Create Timer
Phase 2.1 Create Timer | Checksum: 15ffa86a1

Time (s): cpu = 00:00:10 ; elapsed = 00:00:09 . Memory (MB): peak = 1544.812 ; gain = 0.000

Phase 2.2 Fix Topology Constraints
Phase 2.2 Fix Topology Constraints | Checksum: 15ffa86a1

Time (s): cpu = 00:00:10 ; elapsed = 00:00:09 . Memory (MB): peak = 1544.812 ; gain = 0.000

Phase 2.3 Pre Route Cleanup
Phase 2.3 Pre Route Cleanup | Checksum: 15ffa86a1

Time (s): cpu = 00:00:10 ; elapsed = 00:00:09 . Memory (MB): peak = 1544.812 ; gain = 0.000
 Number of Nodes with overlaps = 0

Phase 2.4 Update Timing
Phase 2.4 Update Timing | Checksum: 1b3354f76

Time (s): cpu = 00:00:11 ; elapsed = 00:00:09 . Memory (MB): peak = 1547.871 ; gain = 3.059
INFO: [Route 35-416] Intermediate Timing Summary | WNS=14.358 | TNS=0.000  | WHS=-0.224 | THS=-188.444|


Phase 2.5 Update Timing for Bus Skew

Phase 2.5.1 Update Timing
Phase 2.5.1 Update Timing | Checksum: 1755e0492

Time (s): cpu = 00:00:12 ; elapsed = 00:00:10 . Memory (MB): peak = 1549.301 ; gain = 4.488
INFO: [Route 35-416] Intermediate Timing Summary | WNS=14.358 | TNS=0.000  | WHS=N/A    | THS=N/A    |

Phase 2.5 Update Timing for Bus Skew | Checksum: 1eb606fc5

Time (s): cpu = 00:00:12 ; elapsed = 00:00:10 . Memory (MB): peak = 1565.410 ; gain = 20.598
Phase 2 Router Initialization | Checksum: 14a15c1b4

Time (s): cpu = 00:00:12 ; elapsed = 00:00:10 . Memory (MB): peak = 1565.410 ; gain = 20.598

Phase 3 Initial Routing
Phase 3 Initial Routing | Checksum: 1ba0686a8

Time (s): cpu = 00:00:12 ; elapsed = 00:00:10 . Memory (MB): peak = 1565.410 ; gain = 20.598

Phase 4 Rip-up And Reroute

Phase 4.1 Global Iteration 0
 Number of Nodes with overlaps = 370
 Number of Nodes with overlaps = 0
INFO: [Route 35-416] Intermediate Timing Summary | WNS=12.965 | TNS=0.000  | WHS=N/A    | THS=N/A    |

Phase 4.1 Global Iteration 0 | Checksum: e17ed664

Time (s): cpu = 00:00:13 ; elapsed = 00:00:11 . Memory (MB): peak = 1565.410 ; gain = 20.598
Phase 4 Rip-up And Reroute | Checksum: e17ed664

Time (s): cpu = 00:00:13 ; elapsed = 00:00:11 . Memory (MB): peak = 1565.410 ; gain = 20.598

Phase 5 Delay and Skew Optimization

Phase 5.1 Delay CleanUp
Phase 5.1 Delay CleanUp | Checksum: e17ed664

Time (s): cpu = 00:00:13 ; elapsed = 00:00:11 . Memory (MB): peak = 1565.410 ; gain = 20.598

Phase 5.2 Clock Skew Optimization
Phase 5.2 Clock Skew Optimization | Checksum: e17ed664

Time (s): cpu = 00:00:13 ; elapsed = 00:00:11 . Memory (MB): peak = 1565.410 ; gain = 20.598
Phase 5 Delay and Skew Optimization | Checksum: e17ed664

Time (s): cpu = 00:00:13 ; elapsed = 00:00:11 . Memory (MB): peak = 1565.410 ; gain = 20.598

Phase 6 Post Hold Fix

Phase 6.1 Hold Fix Iter

Phase 6.1.1 Update Timing
Phase 6.1.1 Update Timing | Checksum: cbe65037

Time (s): cpu = 00:00:13 ; elapsed = 00:00:11 . Memory (MB): peak = 1565.410 ; gain = 20.598
INFO: [Route 35-416] Intermediate Timing Summary | WNS=13.048 | TNS=0.000  | WHS=0.060  | THS=0.000  |

Phase 6.1 Hold Fix Iter | Checksum: 105e4fbb9

Time (s): cpu = 00:00:13 ; elapsed = 00:00:11 . Memory (MB): peak = 1565.410 ; gain = 20.598
Phase 6 Post Hold Fix | Checksum: 105e4fbb9

Time (s): cpu = 00:00:13 ; elapsed = 00:00:11 . Memory (MB): peak = 1565.410 ; gain = 20.598

Phase 7 Route finalize

Router Utilization Summary
  Global Vertical Routing Utilization    = 0.824683 %
  Global Horizontal Routing Utilization  = 0.988678 %
  Routable Net Status*
  *Does not include unroutable nets such as driverless and loadless.
  Run report_route_status for detailed report.
  Number of Failed Nets               = 0
  Number of Unrouted Nets             = 0
  Number of Partially Routed Nets     = 0
  Number of Node Overlaps             = 0

Phase 7 Route finalize | Checksum: 105e4fbb9

Time (s): cpu = 00:00:13 ; elapsed = 00:00:11 . Memory (MB): peak = 1565.410 ; gain = 20.598

Phase 8 Verifying routed nets

 Verification completed successfully
Phase 8 Verifying routed nets | Checksum: 105e4fbb9

Time (s): cpu = 00:00:13 ; elapsed = 00:00:11 . Memory (MB): peak = 1565.410 ; gain = 20.598

Phase 9 Depositing Routes
Phase 9 Depositing Routes | Checksum: 1922c9c14

Time (s): cpu = 00:00:13 ; elapsed = 00:00:11 . Memory (MB): peak = 1565.410 ; gain = 20.598

Phase 10 Post Router Timing
INFO: [Route 35-57] Estimated Timing Summary | WNS=13.048 | TNS=0.000  | WHS=0.060  | THS=0.000  |

INFO: [Route 35-327] The final timing numbers are based on the router estimated timing analysis. For a complete and accurate timing signoff, please run report_timing_summary.
Phase 10 Post Router Timing | Checksum: 1922c9c14

Time (s): cpu = 00:00:13 ; elapsed = 00:00:11 . Memory (MB): peak = 1565.410 ; gain = 20.598
INFO: [Route 35-16] Router Completed Successfully

Time (s): cpu = 00:00:13 ; elapsed = 00:00:11 . Memory (MB): peak = 1565.410 ; gain = 20.598

Routing Is Done.
INFO: [Common 17-83] Releasing license: Implementation
13 Infos, 0 Warnings, 0 Critical Warnings and 0 Errors encountered.
route_design completed successfully
route_design: Time (s): cpu = 00:00:14 ; elapsed = 00:00:12 . Memory (MB): peak = 1565.410 ; gain = 20.598
# report_operating_conditions -grade -file [file join $evidence operating_conditions.rpt]
# report_utilization -file [file join $evidence utilization.rpt]
# report_timing_summary -delay_type min_max -report_unconstrained -file [file join $evidence timing_summary.rpt]
INFO: [Timing 38-91] UpdateTimingParams: Speed grade: -2, Delay Type: min_max.
INFO: [Timing 38-191] Multithreading enabled for timing update using a maximum of 2 CPUs
WARNING: [Timing 38-436] There are set_bus_skew constraint(s) in this design. Please run report_bus_skew to ensure that bus skew requirements are met.
# report_timing -delay_type max -max_paths 10 -sort_by group -file [file join $evidence critical_paths.rpt]
INFO: [Timing 38-91] UpdateTimingParams: Speed grade: -2, Delay Type: max.
INFO: [Timing 38-191] Multithreading enabled for timing update using a maximum of 2 CPUs
INFO: [Timing 38-78] ReportTimingParams: -max_paths 10 -nworst 1 -delay_type max -sort_by group.
# source [file join $root fpga check_board_timing.tcl]
## report_timing -delay_type min -max_paths 10 -file [file join $evidence hold_paths.rpt]
INFO: [Timing 38-91] UpdateTimingParams: Speed grade: -2, Delay Type: min.
INFO: [Timing 38-191] Multithreading enabled for timing update using a maximum of 2 CPUs
INFO: [Timing 38-78] ReportTimingParams: -max_paths 10 -nworst 1 -delay_type min -sort_by slack.
## report_cdc -details -file [file join $evidence cdc.rpt]
INFO: [Timing 38-91] UpdateTimingParams: No interconnect No Cell Dly, Speed grade: -2, Delay Type: max.
INFO: [Timing 38-191] Multithreading enabled for timing update using a maximum of 2 CPUs
INFO: [Timing 38-314] The report_cdc command only analyzes and reports clock domain crossing paths where clocks have been defined on both source and destination sides. Ports with no input delay constraint are skipped. Please run check_timing to verify there are no missing clock definitions in your design, nor any unconstrained input port.
## report_exceptions -coverage -file [file join $evidence exceptions.rpt]
INFO: [Timing 38-91] UpdateTimingParams: Speed grade: -2, Delay Type: min_max.
INFO: [Timing 38-191] Multithreading enabled for timing update using a maximum of 2 CPUs
INFO: [Timing 38-35] Done setting XDC timing constraints.
## check_timing -verbose -file [file join $evidence check_timing.rpt]
## set f [open [file join $evidence synchronizer_checks.txt] w]
## foreach name {reset_meta_reg reset_release_reg {key_sync_reg[0]} {key_sync_reg[1]}} {
##     set c [get_cells -quiet $name]
##     if {[llength $c] != 1} { error "Missing synchronizer $name" }
##     set attribute [get_property ASYNC_REG $c]
##     puts $f "$name ASYNC_REG=$attribute"
##     if {$attribute ni {1 TRUE true}} { error "ASYNC_REG missing on $name" }
## }
## foreach pair {{reset_meta_reg reset_release_reg} {reset_release_reg reset_sync_reg} {{key_sync_reg[0]} {key_sync_reg[1]}}} {
##     set path [get_timing_paths -from [get_cells [lindex $pair 0]] -to [get_cells [lindex $pair 1]] -max_paths 1]
##     if {[llength $path] != 1} { error "Synchronizer interstage path was excluded: $pair" }
##     puts $f "TIMED_INTERSTAGE $pair slack=[get_property SLACK $path]"
## }
INFO: [Timing 38-35] Done setting XDC timing constraints.
## foreach kind {max min} {
##     set path [get_timing_paths -delay_type $kind -max_paths 1]
##     if {[llength $path] != 1} { error "Missing $kind timing path" }
##     set slack [get_property SLACK $path]
##     puts $f "$kind slack=$slack"
##     if {$slack < 0} { error "$kind timing failed: $slack" }
## }
## close $f
## puts "BOARD_TIMING_CHECK_PASS setup_and_hold=met synchronizer_paths=timed"
BOARD_TIMING_CHECK_PASS setup_and_hold=met synchronizer_paths=timed
# report_drc -file [file join $evidence drc.rpt]
Command: report_drc -file C:/Users/32035/Desktop/FPGA/ProjectIII/results/reruns/20260926_review_final/step08/ila_fault/drc.rpt
INFO: [IP_Flow 19-1839] IP Catalog is up to date.
INFO: [DRC 23-27] Running DRC with 2 threads
INFO: [Coretcl 2-168] The results of DRC are in file C:/Users/32035/Desktop/FPGA/ProjectIII/results/reruns/20260926_review_final/step08/ila_fault/drc.rpt.
report_drc completed successfully
# write_checkpoint -force [file join $evidence board_with_ila_routed.dcp]
Netlist sorting complete. Time (s): cpu = 00:00:00 ; elapsed = 00:00:00.001 . Memory (MB): peak = 1567.707 ; gain = 0.000
INFO: [Timing 38-480] Writing timing data to binary archive.
Writing placer database...
Netlist sorting complete. Time (s): cpu = 00:00:00 ; elapsed = 00:00:00.002 . Memory (MB): peak = 1576.523 ; gain = 0.000
Writing XDEF routing.
Writing XDEF routing logical nets.
Writing XDEF routing special nets.
Write XDEF Complete: Time (s): cpu = 00:00:01 ; elapsed = 00:00:00.230 . Memory (MB): peak = 1580.875 ; gain = 13.168
INFO: [Common 17-1381] The checkpoint 'C:/Users/32035/Desktop/FPGA/ProjectIII/results/reruns/20260926_review_final/step08/ila_fault/board_with_ila_routed.dcp' has been generated.
# write_debug_probes -force [file join $evidence board_with_ila.ltx]
# write_bitstream -force [file join $evidence board_with_ila.bit]
Command: write_bitstream -force C:/Users/32035/Desktop/FPGA/ProjectIII/results/reruns/20260926_review_final/step08/ila_fault/board_with_ila.bit
Attempting to get a license for feature 'Implementation' and/or device 'xc7a35t'
INFO: [Common 17-349] Got license for feature 'Implementation' and/or device 'xc7a35t'
Running DRC as a precondition to command write_bitstream
INFO: [IP_Flow 19-1839] IP Catalog is up to date.
INFO: [DRC 23-27] Running DRC with 2 threads
WARNING: [DRC RTSTAT-10] No routable loads: 25 net(s) have no routable loads. The problem bus(es) and/or net(s) are dbg_hub/inst/BSCANID.u_xsdbm_id/CORE_XSDB.UUT_MASTER/U_ICON_INTERFACE/U_CMD6_RD/U_RD_FIFO/SUBCORE_FIFO.xsdbm_v3_0_0_rdfifo_inst/inst_fifo_gen/gconvfifo.rf/grf.rf/gntv_or_sync_fifo.gl0.rd/gr1.gr1_int.rfwft/aempty_fwft_i, dbg_hub/inst/BSCANID.u_xsdbm_id/CORE_XSDB.UUT_MASTER/U_ICON_INTERFACE/U_CMD7_CTL/ctl_reg[2:0], dbg_hub/inst/BSCANID.u_xsdbm_id/CORE_XSDB.UUT_MASTER/U_ICON_INTERFACE/U_CMD7_CTL/ctl_reg_en_2[1], dbg_hub/inst/BSCANID.u_xsdbm_id/CORE_XSDB.UUT_MASTER/U_ICON_INTERFACE/U_CMD1/ctl_reg_en_2[1], dbg_hub/inst/BSCANID.u_xsdbm_id/SWITCH_N_EXT_BSCAN.bscan_switch/m_bscan_capture[0], dbg_hub/inst/BSCANID.u_xsdbm_id/SWITCH_N_EXT_BSCAN.bscan_switch/m_bscan_drck[0], dbg_hub/inst/BSCANID.u_xsdbm_id/SWITCH_N_EXT_BSCAN.bscan_switch/m_bscan_runtest[0], dbg_hub/inst/BSCANID.u_xsdbm_id/CORE_XSDB.UUT_MASTER/U_ICON_INTERFACE/U_CMD6_WR/U_WR_FIFO/SUBCORE_FIFO.xsdbm_v3_0_0_wrfifo_inst/inst_fifo_gen/gconvfifo.rf/grf.rf/gntv_or_sync_fifo.gl0.wr/gwhf.whf/overflow, dbg_hub/inst/BSCANID.u_xsdbm_id/CORE_XSDB.UUT_MASTER/U_ICON_INTERFACE/U_CMD6_RD/U_RD_FIFO/SUBCORE_FIFO.xsdbm_v3_0_0_rdfifo_inst/inst_fifo_gen/gconvfifo.rf/grf.rf/gntv_or_sync_fifo.gl0.wr/gwhf.whf/overflow, dbg_hub/inst/BSCANID.u_xsdbm_id/CORE_XSDB.UUT_MASTER/U_ICON_INTERFACE/U_CMD6_RD/U_RD_FIFO/SUBCORE_FIFO.xsdbm_v3_0_0_rdfifo_inst/inst_fifo_gen/gconvfifo.rf/grf.rf/gntv_or_sync_fifo.gl0.rd/gras.rsts/ram_empty_i, dbg_hub/inst/BSCANID.u_xsdbm_id/CORE_XSDB.UUT_MASTER/U_ICON_INTERFACE/U_CMD6_WR/U_WR_FIFO/SUBCORE_FIFO.xsdbm_v3_0_0_wrfifo_inst/inst_fifo_gen/gconvfifo.rf/grf.rf/gntv_or_sync_fifo.gl0.wr/gwas.wsts/ram_full_i, dbg_hub/inst/BSCANID.u_xsdbm_id/CORE_XSDB.UUT_MASTER/U_ICON_INTERFACE/U_CMD6_WR/U_WR_FIFO/SUBCORE_FIFO.xsdbm_v3_0_0_wrfifo_inst/inst_fifo_gen/gconvfifo.rf/grf.rf/rstblk/rd_rst_reg[0], dbg_hub/inst/BSCANID.u_xsdbm_id/SWITCH_N_EXT_BSCAN.bscan_inst/s_bscan_tms, u_ila/inst/ila_core_inst/u_ila_regs/U_XSDB_SLAVE/s_daddr_o[13], u_ila/inst/ila_core_inst/u_ila_regs/U_XSDB_SLAVE/s_daddr_o[14]... and (the first 15 of 23 listed).
INFO: [Vivado 12-3199] DRC finished with 0 Errors, 1 Warnings
INFO: [Vivado 12-3200] Please refer to the DRC report (report_drc) for more information.
INFO: [Designutils 20-2272] Running write_bitstream with 2 threads.
Loading data files...
Loading site data...
Loading route data...
Processing options...
Creating bitmap...
Creating bitstream...
Writing bitstream C:/Users/32035/Desktop/FPGA/ProjectIII/results/reruns/20260926_review_final/step08/ila_fault/board_with_ila.bit...
INFO: [Vivado 12-1842] Bitgen Completed Successfully.
INFO: [Project 1-120] WebTalk data collection is mandatory when using a WebPACK part without a full Vivado license. To see the specific WebTalk data collected for your design, open the usage_statistics_webtalk.html or usage_statistics_webtalk.xml file in the implementation directory.
INFO: [Common 17-83] Releasing license: Implementation
9 Infos, 1 Warnings, 0 Critical Warnings and 0 Errors encountered.
write_bitstream completed successfully
write_bitstream: Time (s): cpu = 00:00:08 ; elapsed = 00:00:08 . Memory (MB): peak = 2000.934 ; gain = 420.059
# puts "STEP08_ILA_BUILD_PASS probes=[llength $probes] depth=1024"
STEP08_ILA_BUILD_PASS probes=18 depth=1024
INFO: [Common 17-206] Exiting Vivado at Sat Sep 26 20:40:27 2026...
