Copyright 1986-2018 Xilinx, Inc. All Rights Reserved.
---------------------------------------------------------------------------------------------------------------------------------------------------------------
| Tool Version : Vivado v.2018.3 (win64) Build 2405991 Thu Dec  6 23:38:27 MST 2018
| Date         : Sat Sep 26 20:40:18 2026
| Host         : Hugo running 64-bit major release  (build 9200)
| Command      : report_exceptions -coverage -file C:/Users/32035/Desktop/FPGA/ProjectIII/results/reruns/20260926_review_final/step08/ila_fault/exceptions.rpt
| Design       : board_top
| Device       : 7a35t-fgg484
| Speed File   : -2  PRODUCTION 1.23 2018-06-13
---------------------------------------------------------------------------------------------------------------------------------------------------------------

Exceptions Report

Position  Type                     Setup       Hold   From      Through  To        Endpoints  From (%)  Through (%)  To (%)
--------  -----------------------  ----------  -----  --------  -------  --------  ---------  --------  -----------  ------
2         False Path               false       false  1 ports            1 pins    1          100.00                 100.00
3         False Path               false       false  1 ports            2 pins    2          100.00                 100.00
4         False Path               false       false                     4 ports   4                                 100.00
7         False Path               false       false  4 cells            4 cells   4          100.00                 33.33
8         False Path               false       false  2 cells            1 cells   1          50.00                  33.33
9         False Path               false       false  2 cells            1 cells   1          50.00                  33.33
10        False Path               false       false  2 cells            1 cells   1          50.00                  33.33
11        False Path               false       false  2 cells            1 cells   1          50.00                  33.33
12        False Path               false       false  16 cells           10 cells  0          0.00                   0.00
13        False Path               false       false  16 cells           10 cells  0          0.00                   0.00
14        False Path               false       false  16 cells           1 cells   0          0.00                   0.00
15        False Path               false       false  16 cells           1 cells   0          0.00                   0.00
16        False Path               false       false  16 cells           1 cells   0          0.00                   0.00
17        False Path               false       false  16 cells           1 cells   1          6.25                   33.33
18        False Path               false       false  16 cells           1 cells   1          6.25                   33.33
19        False Path               false       false  16 cells           1 cells   1          6.25                   33.33
20        False Path               false       false  16 cells           1 cells   0          0.00                   0.00
21        False Path               false       false  16 cells           1 cells   0          0.00                   0.00
22        False Path               false       false  16 cells           1 cells   0          0.00                   0.00
23        False Path               false       false  16 cells           1 cells   0          0.00                   0.00
24        False Path               false       false  16 cells           1 cells   0          0.00                   0.00
25        False Path               false       false  16 cells           1 cells   1          6.25                   33.33
26        False Path               false       false  16 cells           1 cells   0          0.00                   0.00
27        False Path               false       false  16 cells           1 cells   1          6.25                   33.33
28        False Path               false       false  16 cells           2 cells   2          12.50                  33.33
29        False Path               false       false  16 cells           16 cells  16         100.00                 33.33
30        False Path               false       false  16 cells           10 cells  10         62.50                  33.33
31        False Path               false       false  1 cells            1 cells   1          100.00                 33.33
32        False Path               false       false  1 cells            1 cells   1          100.00                 33.33
33        False Path               false       false  16 cells           77 cells  0          0.00                   0.00
34        False Path               false       false  16 cells           77 cells  0          0.00                   0.00
35        False Path               false       false  22 pins            19 pins   19         86.36                  100.00
36        False Path               false       false  16 cells           10 cells  0          0.00                   0.00
37        False Path               false       false  10 cells           50 cells  10         100.00                 6.67
38        False Path               false       false  1 cells            50 cells  1          100.00                 0.67
39        False Path               false       false  1 cells            50 cells  1          100.00                 0.67
40        False Path               false       false  2 cells            50 cells  2          100.00                 1.33
41        False Path               false       false  1 pins             1 cells   1          100.00                 33.33
42        False Path               false       false  1 pins             1 cells   1          100.00                 33.33
43        False Path               false       false  2 pins             1 cells   1          100.00                 33.33
44        False Path               false       false  1 pins             1 cells   1          100.00                 33.33
45        False Path               false       false  1 pins             1 cells   1          100.00                 33.33
46        False Path               false       false  1 pins             1 cells   1          100.00                 33.33
47        False Path               false       false  1 pins             1 cells   1          100.00                 33.33
48        False Path               false       false  2 pins             1 cells   1          100.00                 33.33
49        False Path               false       false  2 pins             1 cells   1          100.00                 33.33
50        False Path               false       false  1 pins             10 cells  10         100.00                 33.33
51        False Path               false       false  1 pins             1 cells   1          100.00                 33.33
52        False Path               false       false  2 pins             10 cells  10         100.00                 33.33
53        False Path               false       false  1 pins             10 cells  10         100.00                 33.33
54        False Path               false       false  2 pins             1 cells   1          100.00                 33.33
55        False Path               false       false  4 pins             1 cells   1          100.00                 33.33
56        False Path               false       false  4 pins             1 cells   1          100.00                 33.33
57        False Path               false       false  232 pins           19 pins   19         79.31                  100.00
58        False Path               false       false  16 pins            1 cells   1          100.00                 33.33
59        False Path               false       false  16 pins            1 cells   1          100.00                 33.33
60        False Path               false       false  16 pins            1 cells   1          100.00                 33.33
61        False Path               false       false  63 pins            16 cells  16         25.40                  33.33
62        Max Delay Datapath Only  max_dpo=33  -      4 cells            4 cells   4          20.00                  25.00
64        Max Delay Datapath Only  max_dpo=20  -      4 cells            4 cells   4          20.00                  25.00
66        False Path               false       false  63 pins            16 cells  16         25.40                  33.33
67        Max Delay Datapath Only  max_dpo=20  -      4 cells            4 cells   4          20.00                  25.00
69        Max Delay Datapath Only  max_dpo=33  -      4 cells            4 cells   4          20.00                  25.00
71        False Path               false       false  1 cells            1 cells   1          100.00                 33.33
72        False Path               false       false  1 cells            1 cells   1          100.00                 33.33
73        False Path               false       false  1 cells            1 cells   1          100.00                 33.33
74        False Path               false       false  1 cells            1 cells   1          100.00                 33.33
75        False Path               false       false  1 cells            1 cells   1          100.00                 33.33
76        False Path               false       false  1 cells            1 cells   1          100.00                 33.33
77        False Path               false       false  1 cells            1 cells   1          100.00                 33.33
78        False Path               false       false  3 cells            3 cells   3          100.00                 33.33
79        False Path               false       false  1 cells            1 cells   1          100.00                 33.33
80        False Path               false       false  1 cells            1 cells   1          100.00                 33.33
81        False Path               false       false  1 cells            1 cells   1          100.00                 33.33
82        False Path               false       false  1 cells            1 cells   1          100.00                 33.33
83        False Path               false       false  28 cells           28 cells  28         100.00                 33.33
84        False Path               false       false  2 cells            2 cells   2          100.00                 33.33
85        False Path               false       false  18 cells           18 cells  18         100.00                 33.33
86        False Path               false       false  1 cells            1 cells   1          100.00                 33.33
87        False Path               false       false  4 cells            4 cells   4          100.00                 33.33
88        False Path               false       false  3 cells            3 cells   3          100.00                 33.33
89        False Path               false       false  3 cells            3 cells   3          100.00                 33.33
90        False Path               false       false  1 cells            1 cells   1          100.00                 33.33
91        False Path               false       false  1 cells            1 cells   1          100.00                 33.33
92        False Path               false       false  1 cells            16 cells  16         100.00                 33.33
93        False Path               false       false  1 cells            28 cells  28         100.00                 33.33
94        False Path               false       false  1 cells            18 cells  18         100.00                 33.33
95        False Path               false       false  1 cells            3 cells   3          100.00                 33.33

Warning: the percentages reported indicate the number of pins covered by the exception relative to the number of pins specified implicitly or explicitly.
