Copyright 1986-2018 Xilinx, Inc. All Rights Reserved.
---------------------------------------------------------------------------------------------------------------------------------------------------------------------------------------------
| Tool Version : Vivado v.2018.3 (win64) Build 2405991 Thu Dec  6 23:38:27 MST 2018
| Date         : Sat Sep 26 20:35:03 2026
| Host         : Hugo running 64-bit major release  (build 9200)
| Command      : report_timing -delay_type max -max_paths 10 -sort_by group -file C:/Users/32035/Desktop/FPGA/ProjectIII/results/reruns/20260926_review_final/step08/base/critical_paths.rpt
| Design       : board_top
| Device       : 7a35t-fgg484
| Speed File   : -2  PRODUCTION 1.23 2018-06-13
---------------------------------------------------------------------------------------------------------------------------------------------------------------------------------------------

Timing Report

Slack (MET) :             14.474ns  (required time - arrival time)
  Source:                 u_mbist/u_controller/state_reg[2]/C
                            (rising edge-triggered cell FDRE clocked by sys_clk  {rise@0.000ns fall@10.000ns period=20.000ns})
  Destination:            u_mbist/u_address/addr_reg[3]/CE
                            (rising edge-triggered cell FDRE clocked by sys_clk  {rise@0.000ns fall@10.000ns period=20.000ns})
  Path Group:             sys_clk
  Path Type:              Setup (Max at Slow Process Corner)
  Requirement:            20.000ns  (sys_clk rise@20.000ns - sys_clk rise@0.000ns)
  Data Path Delay:        5.343ns  (logic 1.717ns (32.134%)  route 3.626ns (67.866%))
  Logic Levels:           6  (LUT2=4 LUT5=1 LUT6=1)
  Clock Path Skew:        0.021ns (DCD - SCD + CPR)
    Destination Clock Delay (DCD):    4.371ns = ( 24.371 - 20.000 ) 
    Source Clock Delay      (SCD):    4.576ns
    Clock Pessimism Removal (CPR):    0.226ns
  Clock Uncertainty:      0.035ns  ((TSJ^2 + TIJ^2)^1/2 + DJ) / 2 + PE
    Total System Jitter     (TSJ):    0.071ns
    Total Input Jitter      (TIJ):    0.000ns
    Discrete Jitter          (DJ):    0.000ns
    Phase Error              (PE):    0.000ns

    Location             Delay type                Incr(ns)  Path(ns)    Netlist Resource(s)
  -------------------------------------------------------------------    -------------------
                         (clock sys_clk rise edge)    0.000     0.000 r  
    R4                                                0.000     0.000 r  sys_clk (IN)
                         net (fo=0)                   0.000     0.000    sys_clk
    R4                   IBUF (Prop_ibuf_I_O)         1.432     1.432 r  sys_clk_IBUF_inst/O
                         net (fo=1, routed)           1.689     3.121    sys_clk_IBUF
    BUFGCTRL_X0Y0        BUFG (Prop_bufg_I_O)         0.081     3.202 r  sys_clk_IBUF_BUFG_inst/O
                         net (fo=64, routed)          1.374     4.576    u_mbist/u_controller/clk
    SLICE_X57Y40         FDRE                                         r  u_mbist/u_controller/state_reg[2]/C
  -------------------------------------------------------------------    -------------------
    SLICE_X57Y40         FDRE (Prop_fdre_C_Q)         0.379     4.955 f  u_mbist/u_controller/state_reg[2]/Q
                         net (fo=8, routed)           0.796     5.751    u_mbist/u_controller/state[2]
    SLICE_X59Y40         LUT2 (Prop_lut2_I1_O)        0.115     5.866 r  u_mbist/u_controller/issue_valid_INST_0/O
                         net (fo=4, routed)           0.234     6.100    u_mbist/u_memory_if/issue_valid
    SLICE_X59Y40         LUT2 (Prop_lut2_I0_O)        0.280     6.380 r  u_mbist/u_memory_if/accepted_INST_0/O
                         net (fo=2, routed)           0.447     6.827    u_mbist/u_controller/accepted
    SLICE_X56Y40         LUT6 (Prop_lut6_I3_O)        0.268     7.095 r  u_mbist/u_controller/addr_step_INST_0_i_1/O
                         net (fo=3, routed)           0.511     7.606    u_mbist/u_controller/addr_step_INST_0_i_1_n_0
    SLICE_X57Y41         LUT2 (Prop_lut2_I1_O)        0.124     7.730 f  u_mbist/u_controller/addr_load_INST_0_i_1/O
                         net (fo=6, routed)           0.607     8.337    u_mbist/u_controller/addr_load_INST_0_i_1_n_0
    SLICE_X56Y41         LUT5 (Prop_lut5_I0_O)        0.287     8.624 r  u_mbist/u_controller/addr_load_INST_0/O
                         net (fo=7, routed)           0.593     9.217    u_mbist/u_address/load
    SLICE_X59Y41         LUT2 (Prop_lut2_I0_O)        0.264     9.481 r  u_mbist/u_address/addr[5]_i_2/O
                         net (fo=6, routed)           0.438     9.919    u_mbist/u_address/addr[5]_i_2_n_0
    SLICE_X58Y41         FDRE                                         r  u_mbist/u_address/addr_reg[3]/CE
  -------------------------------------------------------------------    -------------------

                         (clock sys_clk rise edge)   20.000    20.000 r  
    R4                                                0.000    20.000 r  sys_clk (IN)
                         net (fo=0)                   0.000    20.000    sys_clk
    R4                   IBUF (Prop_ibuf_I_O)         1.366    21.366 r  sys_clk_IBUF_inst/O
                         net (fo=1, routed)           1.599    22.965    sys_clk_IBUF
    BUFGCTRL_X0Y0        BUFG (Prop_bufg_I_O)         0.077    23.042 r  sys_clk_IBUF_BUFG_inst/O
                         net (fo=64, routed)          1.329    24.371    u_mbist/u_address/clk
    SLICE_X58Y41         FDRE                                         r  u_mbist/u_address/addr_reg[3]/C
                         clock pessimism              0.226    24.597    
                         clock uncertainty           -0.035    24.561    
    SLICE_X58Y41         FDRE (Setup_fdre_C_CE)      -0.168    24.393    u_mbist/u_address/addr_reg[3]
  -------------------------------------------------------------------
                         required time                         24.393    
                         arrival time                          -9.919    
  -------------------------------------------------------------------
                         slack                                 14.474    

Slack (MET) :             14.474ns  (required time - arrival time)
  Source:                 u_mbist/u_controller/state_reg[2]/C
                            (rising edge-triggered cell FDRE clocked by sys_clk  {rise@0.000ns fall@10.000ns period=20.000ns})
  Destination:            u_mbist/u_address/addr_reg[4]/CE
                            (rising edge-triggered cell FDRE clocked by sys_clk  {rise@0.000ns fall@10.000ns period=20.000ns})
  Path Group:             sys_clk
  Path Type:              Setup (Max at Slow Process Corner)
  Requirement:            20.000ns  (sys_clk rise@20.000ns - sys_clk rise@0.000ns)
  Data Path Delay:        5.343ns  (logic 1.717ns (32.134%)  route 3.626ns (67.866%))
  Logic Levels:           6  (LUT2=4 LUT5=1 LUT6=1)
  Clock Path Skew:        0.021ns (DCD - SCD + CPR)
    Destination Clock Delay (DCD):    4.371ns = ( 24.371 - 20.000 ) 
    Source Clock Delay      (SCD):    4.576ns
    Clock Pessimism Removal (CPR):    0.226ns
  Clock Uncertainty:      0.035ns  ((TSJ^2 + TIJ^2)^1/2 + DJ) / 2 + PE
    Total System Jitter     (TSJ):    0.071ns
    Total Input Jitter      (TIJ):    0.000ns
    Discrete Jitter          (DJ):    0.000ns
    Phase Error              (PE):    0.000ns

    Location             Delay type                Incr(ns)  Path(ns)    Netlist Resource(s)
  -------------------------------------------------------------------    -------------------
                         (clock sys_clk rise edge)    0.000     0.000 r  
    R4                                                0.000     0.000 r  sys_clk (IN)
                         net (fo=0)                   0.000     0.000    sys_clk
    R4                   IBUF (Prop_ibuf_I_O)         1.432     1.432 r  sys_clk_IBUF_inst/O
                         net (fo=1, routed)           1.689     3.121    sys_clk_IBUF
    BUFGCTRL_X0Y0        BUFG (Prop_bufg_I_O)         0.081     3.202 r  sys_clk_IBUF_BUFG_inst/O
                         net (fo=64, routed)          1.374     4.576    u_mbist/u_controller/clk
    SLICE_X57Y40         FDRE                                         r  u_mbist/u_controller/state_reg[2]/C
  -------------------------------------------------------------------    -------------------
    SLICE_X57Y40         FDRE (Prop_fdre_C_Q)         0.379     4.955 f  u_mbist/u_controller/state_reg[2]/Q
                         net (fo=8, routed)           0.796     5.751    u_mbist/u_controller/state[2]
    SLICE_X59Y40         LUT2 (Prop_lut2_I1_O)        0.115     5.866 r  u_mbist/u_controller/issue_valid_INST_0/O
                         net (fo=4, routed)           0.234     6.100    u_mbist/u_memory_if/issue_valid
    SLICE_X59Y40         LUT2 (Prop_lut2_I0_O)        0.280     6.380 r  u_mbist/u_memory_if/accepted_INST_0/O
                         net (fo=2, routed)           0.447     6.827    u_mbist/u_controller/accepted
    SLICE_X56Y40         LUT6 (Prop_lut6_I3_O)        0.268     7.095 r  u_mbist/u_controller/addr_step_INST_0_i_1/O
                         net (fo=3, routed)           0.511     7.606    u_mbist/u_controller/addr_step_INST_0_i_1_n_0
    SLICE_X57Y41         LUT2 (Prop_lut2_I1_O)        0.124     7.730 f  u_mbist/u_controller/addr_load_INST_0_i_1/O
                         net (fo=6, routed)           0.607     8.337    u_mbist/u_controller/addr_load_INST_0_i_1_n_0
    SLICE_X56Y41         LUT5 (Prop_lut5_I0_O)        0.287     8.624 r  u_mbist/u_controller/addr_load_INST_0/O
                         net (fo=7, routed)           0.593     9.217    u_mbist/u_address/load
    SLICE_X59Y41         LUT2 (Prop_lut2_I0_O)        0.264     9.481 r  u_mbist/u_address/addr[5]_i_2/O
                         net (fo=6, routed)           0.438     9.919    u_mbist/u_address/addr[5]_i_2_n_0
    SLICE_X58Y41         FDRE                                         r  u_mbist/u_address/addr_reg[4]/CE
  -------------------------------------------------------------------    -------------------

                         (clock sys_clk rise edge)   20.000    20.000 r  
    R4                                                0.000    20.000 r  sys_clk (IN)
                         net (fo=0)                   0.000    20.000    sys_clk
    R4                   IBUF (Prop_ibuf_I_O)         1.366    21.366 r  sys_clk_IBUF_inst/O
                         net (fo=1, routed)           1.599    22.965    sys_clk_IBUF
    BUFGCTRL_X0Y0        BUFG (Prop_bufg_I_O)         0.077    23.042 r  sys_clk_IBUF_BUFG_inst/O
                         net (fo=64, routed)          1.329    24.371    u_mbist/u_address/clk
    SLICE_X58Y41         FDRE                                         r  u_mbist/u_address/addr_reg[4]/C
                         clock pessimism              0.226    24.597    
                         clock uncertainty           -0.035    24.561    
    SLICE_X58Y41         FDRE (Setup_fdre_C_CE)      -0.168    24.393    u_mbist/u_address/addr_reg[4]
  -------------------------------------------------------------------
                         required time                         24.393    
                         arrival time                          -9.919    
  -------------------------------------------------------------------
                         slack                                 14.474    

Slack (MET) :             14.474ns  (required time - arrival time)
  Source:                 u_mbist/u_controller/state_reg[2]/C
                            (rising edge-triggered cell FDRE clocked by sys_clk  {rise@0.000ns fall@10.000ns period=20.000ns})
  Destination:            u_mbist/u_address/addr_reg[5]/CE
                            (rising edge-triggered cell FDRE clocked by sys_clk  {rise@0.000ns fall@10.000ns period=20.000ns})
  Path Group:             sys_clk
  Path Type:              Setup (Max at Slow Process Corner)
  Requirement:            20.000ns  (sys_clk rise@20.000ns - sys_clk rise@0.000ns)
  Data Path Delay:        5.343ns  (logic 1.717ns (32.134%)  route 3.626ns (67.866%))
  Logic Levels:           6  (LUT2=4 LUT5=1 LUT6=1)
  Clock Path Skew:        0.021ns (DCD - SCD + CPR)
    Destination Clock Delay (DCD):    4.371ns = ( 24.371 - 20.000 ) 
    Source Clock Delay      (SCD):    4.576ns
    Clock Pessimism Removal (CPR):    0.226ns
  Clock Uncertainty:      0.035ns  ((TSJ^2 + TIJ^2)^1/2 + DJ) / 2 + PE
    Total System Jitter     (TSJ):    0.071ns
    Total Input Jitter      (TIJ):    0.000ns
    Discrete Jitter          (DJ):    0.000ns
    Phase Error              (PE):    0.000ns

    Location             Delay type                Incr(ns)  Path(ns)    Netlist Resource(s)
  -------------------------------------------------------------------    -------------------
                         (clock sys_clk rise edge)    0.000     0.000 r  
    R4                                                0.000     0.000 r  sys_clk (IN)
                         net (fo=0)                   0.000     0.000    sys_clk
    R4                   IBUF (Prop_ibuf_I_O)         1.432     1.432 r  sys_clk_IBUF_inst/O
                         net (fo=1, routed)           1.689     3.121    sys_clk_IBUF
    BUFGCTRL_X0Y0        BUFG (Prop_bufg_I_O)         0.081     3.202 r  sys_clk_IBUF_BUFG_inst/O
                         net (fo=64, routed)          1.374     4.576    u_mbist/u_controller/clk
    SLICE_X57Y40         FDRE                                         r  u_mbist/u_controller/state_reg[2]/C
  -------------------------------------------------------------------    -------------------
    SLICE_X57Y40         FDRE (Prop_fdre_C_Q)         0.379     4.955 f  u_mbist/u_controller/state_reg[2]/Q
                         net (fo=8, routed)           0.796     5.751    u_mbist/u_controller/state[2]
    SLICE_X59Y40         LUT2 (Prop_lut2_I1_O)        0.115     5.866 r  u_mbist/u_controller/issue_valid_INST_0/O
                         net (fo=4, routed)           0.234     6.100    u_mbist/u_memory_if/issue_valid
    SLICE_X59Y40         LUT2 (Prop_lut2_I0_O)        0.280     6.380 r  u_mbist/u_memory_if/accepted_INST_0/O
                         net (fo=2, routed)           0.447     6.827    u_mbist/u_controller/accepted
    SLICE_X56Y40         LUT6 (Prop_lut6_I3_O)        0.268     7.095 r  u_mbist/u_controller/addr_step_INST_0_i_1/O
                         net (fo=3, routed)           0.511     7.606    u_mbist/u_controller/addr_step_INST_0_i_1_n_0
    SLICE_X57Y41         LUT2 (Prop_lut2_I1_O)        0.124     7.730 f  u_mbist/u_controller/addr_load_INST_0_i_1/O
                         net (fo=6, routed)           0.607     8.337    u_mbist/u_controller/addr_load_INST_0_i_1_n_0
    SLICE_X56Y41         LUT5 (Prop_lut5_I0_O)        0.287     8.624 r  u_mbist/u_controller/addr_load_INST_0/O
                         net (fo=7, routed)           0.593     9.217    u_mbist/u_address/load
    SLICE_X59Y41         LUT2 (Prop_lut2_I0_O)        0.264     9.481 r  u_mbist/u_address/addr[5]_i_2/O
                         net (fo=6, routed)           0.438     9.919    u_mbist/u_address/addr[5]_i_2_n_0
    SLICE_X58Y41         FDRE                                         r  u_mbist/u_address/addr_reg[5]/CE
  -------------------------------------------------------------------    -------------------

                         (clock sys_clk rise edge)   20.000    20.000 r  
    R4                                                0.000    20.000 r  sys_clk (IN)
                         net (fo=0)                   0.000    20.000    sys_clk
    R4                   IBUF (Prop_ibuf_I_O)         1.366    21.366 r  sys_clk_IBUF_inst/O
                         net (fo=1, routed)           1.599    22.965    sys_clk_IBUF
    BUFGCTRL_X0Y0        BUFG (Prop_bufg_I_O)         0.077    23.042 r  sys_clk_IBUF_BUFG_inst/O
                         net (fo=64, routed)          1.329    24.371    u_mbist/u_address/clk
    SLICE_X58Y41         FDRE                                         r  u_mbist/u_address/addr_reg[5]/C
                         clock pessimism              0.226    24.597    
                         clock uncertainty           -0.035    24.561    
    SLICE_X58Y41         FDRE (Setup_fdre_C_CE)      -0.168    24.393    u_mbist/u_address/addr_reg[5]
  -------------------------------------------------------------------
                         required time                         24.393    
                         arrival time                          -9.919    
  -------------------------------------------------------------------
                         slack                                 14.474    

Slack (MET) :             14.617ns  (required time - arrival time)
  Source:                 u_mbist/u_controller/state_reg[2]/C
                            (rising edge-triggered cell FDRE clocked by sys_clk  {rise@0.000ns fall@10.000ns period=20.000ns})
  Destination:            u_mbist/u_address/addr_reg[0]/CE
                            (rising edge-triggered cell FDRE clocked by sys_clk  {rise@0.000ns fall@10.000ns period=20.000ns})
  Path Group:             sys_clk
  Path Type:              Setup (Max at Slow Process Corner)
  Requirement:            20.000ns  (sys_clk rise@20.000ns - sys_clk rise@0.000ns)
  Data Path Delay:        5.201ns  (logic 1.717ns (33.016%)  route 3.484ns (66.984%))
  Logic Levels:           6  (LUT2=4 LUT5=1 LUT6=1)
  Clock Path Skew:        0.021ns (DCD - SCD + CPR)
    Destination Clock Delay (DCD):    4.371ns = ( 24.371 - 20.000 ) 
    Source Clock Delay      (SCD):    4.576ns
    Clock Pessimism Removal (CPR):    0.226ns
  Clock Uncertainty:      0.035ns  ((TSJ^2 + TIJ^2)^1/2 + DJ) / 2 + PE
    Total System Jitter     (TSJ):    0.071ns
    Total Input Jitter      (TIJ):    0.000ns
    Discrete Jitter          (DJ):    0.000ns
    Phase Error              (PE):    0.000ns

    Location             Delay type                Incr(ns)  Path(ns)    Netlist Resource(s)
  -------------------------------------------------------------------    -------------------
                         (clock sys_clk rise edge)    0.000     0.000 r  
    R4                                                0.000     0.000 r  sys_clk (IN)
                         net (fo=0)                   0.000     0.000    sys_clk
    R4                   IBUF (Prop_ibuf_I_O)         1.432     1.432 r  sys_clk_IBUF_inst/O
                         net (fo=1, routed)           1.689     3.121    sys_clk_IBUF
    BUFGCTRL_X0Y0        BUFG (Prop_bufg_I_O)         0.081     3.202 r  sys_clk_IBUF_BUFG_inst/O
                         net (fo=64, routed)          1.374     4.576    u_mbist/u_controller/clk
    SLICE_X57Y40         FDRE                                         r  u_mbist/u_controller/state_reg[2]/C
  -------------------------------------------------------------------    -------------------
    SLICE_X57Y40         FDRE (Prop_fdre_C_Q)         0.379     4.955 f  u_mbist/u_controller/state_reg[2]/Q
                         net (fo=8, routed)           0.796     5.751    u_mbist/u_controller/state[2]
    SLICE_X59Y40         LUT2 (Prop_lut2_I1_O)        0.115     5.866 r  u_mbist/u_controller/issue_valid_INST_0/O
                         net (fo=4, routed)           0.234     6.100    u_mbist/u_memory_if/issue_valid
    SLICE_X59Y40         LUT2 (Prop_lut2_I0_O)        0.280     6.380 r  u_mbist/u_memory_if/accepted_INST_0/O
                         net (fo=2, routed)           0.447     6.827    u_mbist/u_controller/accepted
    SLICE_X56Y40         LUT6 (Prop_lut6_I3_O)        0.268     7.095 r  u_mbist/u_controller/addr_step_INST_0_i_1/O
                         net (fo=3, routed)           0.511     7.606    u_mbist/u_controller/addr_step_INST_0_i_1_n_0
    SLICE_X57Y41         LUT2 (Prop_lut2_I1_O)        0.124     7.730 f  u_mbist/u_controller/addr_load_INST_0_i_1/O
                         net (fo=6, routed)           0.607     8.337    u_mbist/u_controller/addr_load_INST_0_i_1_n_0
    SLICE_X56Y41         LUT5 (Prop_lut5_I0_O)        0.287     8.624 r  u_mbist/u_controller/addr_load_INST_0/O
                         net (fo=7, routed)           0.593     9.217    u_mbist/u_address/load
    SLICE_X59Y41         LUT2 (Prop_lut2_I0_O)        0.264     9.481 r  u_mbist/u_address/addr[5]_i_2/O
                         net (fo=6, routed)           0.295     9.776    u_mbist/u_address/addr[5]_i_2_n_0
    SLICE_X59Y41         FDRE                                         r  u_mbist/u_address/addr_reg[0]/CE
  -------------------------------------------------------------------    -------------------

                         (clock sys_clk rise edge)   20.000    20.000 r  
    R4                                                0.000    20.000 r  sys_clk (IN)
                         net (fo=0)                   0.000    20.000    sys_clk
    R4                   IBUF (Prop_ibuf_I_O)         1.366    21.366 r  sys_clk_IBUF_inst/O
                         net (fo=1, routed)           1.599    22.965    sys_clk_IBUF
    BUFGCTRL_X0Y0        BUFG (Prop_bufg_I_O)         0.077    23.042 r  sys_clk_IBUF_BUFG_inst/O
                         net (fo=64, routed)          1.329    24.371    u_mbist/u_address/clk
    SLICE_X59Y41         FDRE                                         r  u_mbist/u_address/addr_reg[0]/C
                         clock pessimism              0.226    24.597    
                         clock uncertainty           -0.035    24.561    
    SLICE_X59Y41         FDRE (Setup_fdre_C_CE)      -0.168    24.393    u_mbist/u_address/addr_reg[0]
  -------------------------------------------------------------------
                         required time                         24.393    
                         arrival time                          -9.776    
  -------------------------------------------------------------------
                         slack                                 14.617    

Slack (MET) :             14.617ns  (required time - arrival time)
  Source:                 u_mbist/u_controller/state_reg[2]/C
                            (rising edge-triggered cell FDRE clocked by sys_clk  {rise@0.000ns fall@10.000ns period=20.000ns})
  Destination:            u_mbist/u_address/addr_reg[1]/CE
                            (rising edge-triggered cell FDRE clocked by sys_clk  {rise@0.000ns fall@10.000ns period=20.000ns})
  Path Group:             sys_clk
  Path Type:              Setup (Max at Slow Process Corner)
  Requirement:            20.000ns  (sys_clk rise@20.000ns - sys_clk rise@0.000ns)
  Data Path Delay:        5.201ns  (logic 1.717ns (33.016%)  route 3.484ns (66.984%))
  Logic Levels:           6  (LUT2=4 LUT5=1 LUT6=1)
  Clock Path Skew:        0.021ns (DCD - SCD + CPR)
    Destination Clock Delay (DCD):    4.371ns = ( 24.371 - 20.000 ) 
    Source Clock Delay      (SCD):    4.576ns
    Clock Pessimism Removal (CPR):    0.226ns
  Clock Uncertainty:      0.035ns  ((TSJ^2 + TIJ^2)^1/2 + DJ) / 2 + PE
    Total System Jitter     (TSJ):    0.071ns
    Total Input Jitter      (TIJ):    0.000ns
    Discrete Jitter          (DJ):    0.000ns
    Phase Error              (PE):    0.000ns

    Location             Delay type                Incr(ns)  Path(ns)    Netlist Resource(s)
  -------------------------------------------------------------------    -------------------
                         (clock sys_clk rise edge)    0.000     0.000 r  
    R4                                                0.000     0.000 r  sys_clk (IN)
                         net (fo=0)                   0.000     0.000    sys_clk
    R4                   IBUF (Prop_ibuf_I_O)         1.432     1.432 r  sys_clk_IBUF_inst/O
                         net (fo=1, routed)           1.689     3.121    sys_clk_IBUF
    BUFGCTRL_X0Y0        BUFG (Prop_bufg_I_O)         0.081     3.202 r  sys_clk_IBUF_BUFG_inst/O
                         net (fo=64, routed)          1.374     4.576    u_mbist/u_controller/clk
    SLICE_X57Y40         FDRE                                         r  u_mbist/u_controller/state_reg[2]/C
  -------------------------------------------------------------------    -------------------
    SLICE_X57Y40         FDRE (Prop_fdre_C_Q)         0.379     4.955 f  u_mbist/u_controller/state_reg[2]/Q
                         net (fo=8, routed)           0.796     5.751    u_mbist/u_controller/state[2]
    SLICE_X59Y40         LUT2 (Prop_lut2_I1_O)        0.115     5.866 r  u_mbist/u_controller/issue_valid_INST_0/O
                         net (fo=4, routed)           0.234     6.100    u_mbist/u_memory_if/issue_valid
    SLICE_X59Y40         LUT2 (Prop_lut2_I0_O)        0.280     6.380 r  u_mbist/u_memory_if/accepted_INST_0/O
                         net (fo=2, routed)           0.447     6.827    u_mbist/u_controller/accepted
    SLICE_X56Y40         LUT6 (Prop_lut6_I3_O)        0.268     7.095 r  u_mbist/u_controller/addr_step_INST_0_i_1/O
                         net (fo=3, routed)           0.511     7.606    u_mbist/u_controller/addr_step_INST_0_i_1_n_0
    SLICE_X57Y41         LUT2 (Prop_lut2_I1_O)        0.124     7.730 f  u_mbist/u_controller/addr_load_INST_0_i_1/O
                         net (fo=6, routed)           0.607     8.337    u_mbist/u_controller/addr_load_INST_0_i_1_n_0
    SLICE_X56Y41         LUT5 (Prop_lut5_I0_O)        0.287     8.624 r  u_mbist/u_controller/addr_load_INST_0/O
                         net (fo=7, routed)           0.593     9.217    u_mbist/u_address/load
    SLICE_X59Y41         LUT2 (Prop_lut2_I0_O)        0.264     9.481 r  u_mbist/u_address/addr[5]_i_2/O
                         net (fo=6, routed)           0.295     9.776    u_mbist/u_address/addr[5]_i_2_n_0
    SLICE_X59Y41         FDRE                                         r  u_mbist/u_address/addr_reg[1]/CE
  -------------------------------------------------------------------    -------------------

                         (clock sys_clk rise edge)   20.000    20.000 r  
    R4                                                0.000    20.000 r  sys_clk (IN)
                         net (fo=0)                   0.000    20.000    sys_clk
    R4                   IBUF (Prop_ibuf_I_O)         1.366    21.366 r  sys_clk_IBUF_inst/O
                         net (fo=1, routed)           1.599    22.965    sys_clk_IBUF
    BUFGCTRL_X0Y0        BUFG (Prop_bufg_I_O)         0.077    23.042 r  sys_clk_IBUF_BUFG_inst/O
                         net (fo=64, routed)          1.329    24.371    u_mbist/u_address/clk
    SLICE_X59Y41         FDRE                                         r  u_mbist/u_address/addr_reg[1]/C
                         clock pessimism              0.226    24.597    
                         clock uncertainty           -0.035    24.561    
    SLICE_X59Y41         FDRE (Setup_fdre_C_CE)      -0.168    24.393    u_mbist/u_address/addr_reg[1]
  -------------------------------------------------------------------
                         required time                         24.393    
                         arrival time                          -9.776    
  -------------------------------------------------------------------
                         slack                                 14.617    

Slack (MET) :             14.617ns  (required time - arrival time)
  Source:                 u_mbist/u_controller/state_reg[2]/C
                            (rising edge-triggered cell FDRE clocked by sys_clk  {rise@0.000ns fall@10.000ns period=20.000ns})
  Destination:            u_mbist/u_address/addr_reg[2]/CE
                            (rising edge-triggered cell FDRE clocked by sys_clk  {rise@0.000ns fall@10.000ns period=20.000ns})
  Path Group:             sys_clk
  Path Type:              Setup (Max at Slow Process Corner)
  Requirement:            20.000ns  (sys_clk rise@20.000ns - sys_clk rise@0.000ns)
  Data Path Delay:        5.201ns  (logic 1.717ns (33.016%)  route 3.484ns (66.984%))
  Logic Levels:           6  (LUT2=4 LUT5=1 LUT6=1)
  Clock Path Skew:        0.021ns (DCD - SCD + CPR)
    Destination Clock Delay (DCD):    4.371ns = ( 24.371 - 20.000 ) 
    Source Clock Delay      (SCD):    4.576ns
    Clock Pessimism Removal (CPR):    0.226ns
  Clock Uncertainty:      0.035ns  ((TSJ^2 + TIJ^2)^1/2 + DJ) / 2 + PE
    Total System Jitter     (TSJ):    0.071ns
    Total Input Jitter      (TIJ):    0.000ns
    Discrete Jitter          (DJ):    0.000ns
    Phase Error              (PE):    0.000ns

    Location             Delay type                Incr(ns)  Path(ns)    Netlist Resource(s)
  -------------------------------------------------------------------    -------------------
                         (clock sys_clk rise edge)    0.000     0.000 r  
    R4                                                0.000     0.000 r  sys_clk (IN)
                         net (fo=0)                   0.000     0.000    sys_clk
    R4                   IBUF (Prop_ibuf_I_O)         1.432     1.432 r  sys_clk_IBUF_inst/O
                         net (fo=1, routed)           1.689     3.121    sys_clk_IBUF
    BUFGCTRL_X0Y0        BUFG (Prop_bufg_I_O)         0.081     3.202 r  sys_clk_IBUF_BUFG_inst/O
                         net (fo=64, routed)          1.374     4.576    u_mbist/u_controller/clk
    SLICE_X57Y40         FDRE                                         r  u_mbist/u_controller/state_reg[2]/C
  -------------------------------------------------------------------    -------------------
    SLICE_X57Y40         FDRE (Prop_fdre_C_Q)         0.379     4.955 f  u_mbist/u_controller/state_reg[2]/Q
                         net (fo=8, routed)           0.796     5.751    u_mbist/u_controller/state[2]
    SLICE_X59Y40         LUT2 (Prop_lut2_I1_O)        0.115     5.866 r  u_mbist/u_controller/issue_valid_INST_0/O
                         net (fo=4, routed)           0.234     6.100    u_mbist/u_memory_if/issue_valid
    SLICE_X59Y40         LUT2 (Prop_lut2_I0_O)        0.280     6.380 r  u_mbist/u_memory_if/accepted_INST_0/O
                         net (fo=2, routed)           0.447     6.827    u_mbist/u_controller/accepted
    SLICE_X56Y40         LUT6 (Prop_lut6_I3_O)        0.268     7.095 r  u_mbist/u_controller/addr_step_INST_0_i_1/O
                         net (fo=3, routed)           0.511     7.606    u_mbist/u_controller/addr_step_INST_0_i_1_n_0
    SLICE_X57Y41         LUT2 (Prop_lut2_I1_O)        0.124     7.730 f  u_mbist/u_controller/addr_load_INST_0_i_1/O
                         net (fo=6, routed)           0.607     8.337    u_mbist/u_controller/addr_load_INST_0_i_1_n_0
    SLICE_X56Y41         LUT5 (Prop_lut5_I0_O)        0.287     8.624 r  u_mbist/u_controller/addr_load_INST_0/O
                         net (fo=7, routed)           0.593     9.217    u_mbist/u_address/load
    SLICE_X59Y41         LUT2 (Prop_lut2_I0_O)        0.264     9.481 r  u_mbist/u_address/addr[5]_i_2/O
                         net (fo=6, routed)           0.295     9.776    u_mbist/u_address/addr[5]_i_2_n_0
    SLICE_X59Y41         FDRE                                         r  u_mbist/u_address/addr_reg[2]/CE
  -------------------------------------------------------------------    -------------------

                         (clock sys_clk rise edge)   20.000    20.000 r  
    R4                                                0.000    20.000 r  sys_clk (IN)
                         net (fo=0)                   0.000    20.000    sys_clk
    R4                   IBUF (Prop_ibuf_I_O)         1.366    21.366 r  sys_clk_IBUF_inst/O
                         net (fo=1, routed)           1.599    22.965    sys_clk_IBUF
    BUFGCTRL_X0Y0        BUFG (Prop_bufg_I_O)         0.077    23.042 r  sys_clk_IBUF_BUFG_inst/O
                         net (fo=64, routed)          1.329    24.371    u_mbist/u_address/clk
    SLICE_X59Y41         FDRE                                         r  u_mbist/u_address/addr_reg[2]/C
                         clock pessimism              0.226    24.597    
                         clock uncertainty           -0.035    24.561    
    SLICE_X59Y41         FDRE (Setup_fdre_C_CE)      -0.168    24.393    u_mbist/u_address/addr_reg[2]
  -------------------------------------------------------------------
                         required time                         24.393    
                         arrival time                          -9.776    
  -------------------------------------------------------------------
                         slack                                 14.617    

Slack (MET) :             14.965ns  (required time - arrival time)
  Source:                 u_mbist/u_controller/state_reg[2]/C
                            (rising edge-triggered cell FDRE clocked by sys_clk  {rise@0.000ns fall@10.000ns period=20.000ns})
  Destination:            u_mbist/u_address/addr_reg[0]/D
                            (rising edge-triggered cell FDRE clocked by sys_clk  {rise@0.000ns fall@10.000ns period=20.000ns})
  Path Group:             sys_clk
  Path Type:              Setup (Max at Slow Process Corner)
  Requirement:            20.000ns  (sys_clk rise@20.000ns - sys_clk rise@0.000ns)
  Data Path Delay:        5.050ns  (logic 1.538ns (30.453%)  route 3.512ns (69.547%))
  Logic Levels:           6  (LUT2=3 LUT3=2 LUT6=1)
  Clock Path Skew:        0.021ns (DCD - SCD + CPR)
    Destination Clock Delay (DCD):    4.371ns = ( 24.371 - 20.000 ) 
    Source Clock Delay      (SCD):    4.576ns
    Clock Pessimism Removal (CPR):    0.226ns
  Clock Uncertainty:      0.035ns  ((TSJ^2 + TIJ^2)^1/2 + DJ) / 2 + PE
    Total System Jitter     (TSJ):    0.071ns
    Total Input Jitter      (TIJ):    0.000ns
    Discrete Jitter          (DJ):    0.000ns
    Phase Error              (PE):    0.000ns

    Location             Delay type                Incr(ns)  Path(ns)    Netlist Resource(s)
  -------------------------------------------------------------------    -------------------
                         (clock sys_clk rise edge)    0.000     0.000 r  
    R4                                                0.000     0.000 r  sys_clk (IN)
                         net (fo=0)                   0.000     0.000    sys_clk
    R4                   IBUF (Prop_ibuf_I_O)         1.432     1.432 r  sys_clk_IBUF_inst/O
                         net (fo=1, routed)           1.689     3.121    sys_clk_IBUF
    BUFGCTRL_X0Y0        BUFG (Prop_bufg_I_O)         0.081     3.202 r  sys_clk_IBUF_BUFG_inst/O
                         net (fo=64, routed)          1.374     4.576    u_mbist/u_controller/clk
    SLICE_X57Y40         FDRE                                         r  u_mbist/u_controller/state_reg[2]/C
  -------------------------------------------------------------------    -------------------
    SLICE_X57Y40         FDRE (Prop_fdre_C_Q)         0.379     4.955 f  u_mbist/u_controller/state_reg[2]/Q
                         net (fo=8, routed)           0.796     5.751    u_mbist/u_controller/state[2]
    SLICE_X59Y40         LUT2 (Prop_lut2_I1_O)        0.115     5.866 r  u_mbist/u_controller/issue_valid_INST_0/O
                         net (fo=4, routed)           0.234     6.100    u_mbist/u_memory_if/issue_valid
    SLICE_X59Y40         LUT2 (Prop_lut2_I0_O)        0.280     6.380 r  u_mbist/u_memory_if/accepted_INST_0/O
                         net (fo=2, routed)           0.447     6.827    u_mbist/u_controller/accepted
    SLICE_X56Y40         LUT6 (Prop_lut6_I3_O)        0.268     7.095 r  u_mbist/u_controller/addr_step_INST_0_i_1/O
                         net (fo=3, routed)           0.511     7.606    u_mbist/u_controller/addr_step_INST_0_i_1_n_0
    SLICE_X57Y41         LUT2 (Prop_lut2_I1_O)        0.124     7.730 f  u_mbist/u_controller/addr_load_INST_0_i_1/O
                         net (fo=6, routed)           0.607     8.337    u_mbist/u_controller/addr_load_INST_0_i_1_n_0
    SLICE_X56Y41         LUT3 (Prop_lut3_I2_O)        0.267     8.604 r  u_mbist/u_controller/addr_load_value[5]_INST_0/O
                         net (fo=6, routed)           0.917     9.521    u_mbist/u_address/load_value[5]
    SLICE_X59Y41         LUT3 (Prop_lut3_I0_O)        0.105     9.626 r  u_mbist/u_address/addr[0]_i_1/O
                         net (fo=1, routed)           0.000     9.626    u_mbist/u_address/addr[0]_i_1_n_0
    SLICE_X59Y41         FDRE                                         r  u_mbist/u_address/addr_reg[0]/D
  -------------------------------------------------------------------    -------------------

                         (clock sys_clk rise edge)   20.000    20.000 r  
    R4                                                0.000    20.000 r  sys_clk (IN)
                         net (fo=0)                   0.000    20.000    sys_clk
    R4                   IBUF (Prop_ibuf_I_O)         1.366    21.366 r  sys_clk_IBUF_inst/O
                         net (fo=1, routed)           1.599    22.965    sys_clk_IBUF
    BUFGCTRL_X0Y0        BUFG (Prop_bufg_I_O)         0.077    23.042 r  sys_clk_IBUF_BUFG_inst/O
                         net (fo=64, routed)          1.329    24.371    u_mbist/u_address/clk
    SLICE_X59Y41         FDRE                                         r  u_mbist/u_address/addr_reg[0]/C
                         clock pessimism              0.226    24.597    
                         clock uncertainty           -0.035    24.561    
    SLICE_X59Y41         FDRE (Setup_fdre_C_D)        0.030    24.591    u_mbist/u_address/addr_reg[0]
  -------------------------------------------------------------------
                         required time                         24.591    
                         arrival time                          -9.626    
  -------------------------------------------------------------------
                         slack                                 14.965    

Slack (MET) :             14.994ns  (required time - arrival time)
  Source:                 u_mbist/u_controller/state_reg[2]/C
                            (rising edge-triggered cell FDRE clocked by sys_clk  {rise@0.000ns fall@10.000ns period=20.000ns})
  Destination:            u_mbist/u_address/addr_reg[1]/D
                            (rising edge-triggered cell FDRE clocked by sys_clk  {rise@0.000ns fall@10.000ns period=20.000ns})
  Path Group:             sys_clk
  Path Type:              Setup (Max at Slow Process Corner)
  Requirement:            20.000ns  (sys_clk rise@20.000ns - sys_clk rise@0.000ns)
  Data Path Delay:        5.060ns  (logic 1.548ns (30.591%)  route 3.512ns (69.409%))
  Logic Levels:           6  (LUT2=3 LUT3=1 LUT5=1 LUT6=1)
  Clock Path Skew:        0.021ns (DCD - SCD + CPR)
    Destination Clock Delay (DCD):    4.371ns = ( 24.371 - 20.000 ) 
    Source Clock Delay      (SCD):    4.576ns
    Clock Pessimism Removal (CPR):    0.226ns
  Clock Uncertainty:      0.035ns  ((TSJ^2 + TIJ^2)^1/2 + DJ) / 2 + PE
    Total System Jitter     (TSJ):    0.071ns
    Total Input Jitter      (TIJ):    0.000ns
    Discrete Jitter          (DJ):    0.000ns
    Phase Error              (PE):    0.000ns

    Location             Delay type                Incr(ns)  Path(ns)    Netlist Resource(s)
  -------------------------------------------------------------------    -------------------
                         (clock sys_clk rise edge)    0.000     0.000 r  
    R4                                                0.000     0.000 r  sys_clk (IN)
                         net (fo=0)                   0.000     0.000    sys_clk
    R4                   IBUF (Prop_ibuf_I_O)         1.432     1.432 r  sys_clk_IBUF_inst/O
                         net (fo=1, routed)           1.689     3.121    sys_clk_IBUF
    BUFGCTRL_X0Y0        BUFG (Prop_bufg_I_O)         0.081     3.202 r  sys_clk_IBUF_BUFG_inst/O
                         net (fo=64, routed)          1.374     4.576    u_mbist/u_controller/clk
    SLICE_X57Y40         FDRE                                         r  u_mbist/u_controller/state_reg[2]/C
  -------------------------------------------------------------------    -------------------
    SLICE_X57Y40         FDRE (Prop_fdre_C_Q)         0.379     4.955 f  u_mbist/u_controller/state_reg[2]/Q
                         net (fo=8, routed)           0.796     5.751    u_mbist/u_controller/state[2]
    SLICE_X59Y40         LUT2 (Prop_lut2_I1_O)        0.115     5.866 r  u_mbist/u_controller/issue_valid_INST_0/O
                         net (fo=4, routed)           0.234     6.100    u_mbist/u_memory_if/issue_valid
    SLICE_X59Y40         LUT2 (Prop_lut2_I0_O)        0.280     6.380 r  u_mbist/u_memory_if/accepted_INST_0/O
                         net (fo=2, routed)           0.447     6.827    u_mbist/u_controller/accepted
    SLICE_X56Y40         LUT6 (Prop_lut6_I3_O)        0.268     7.095 r  u_mbist/u_controller/addr_step_INST_0_i_1/O
                         net (fo=3, routed)           0.511     7.606    u_mbist/u_controller/addr_step_INST_0_i_1_n_0
    SLICE_X57Y41         LUT2 (Prop_lut2_I1_O)        0.124     7.730 f  u_mbist/u_controller/addr_load_INST_0_i_1/O
                         net (fo=6, routed)           0.607     8.337    u_mbist/u_controller/addr_load_INST_0_i_1_n_0
    SLICE_X56Y41         LUT3 (Prop_lut3_I2_O)        0.267     8.604 r  u_mbist/u_controller/addr_load_value[5]_INST_0/O
                         net (fo=6, routed)           0.917     9.521    u_mbist/u_address/load_value[5]
    SLICE_X59Y41         LUT5 (Prop_lut5_I0_O)        0.115     9.636 r  u_mbist/u_address/addr[1]_i_1/O
                         net (fo=1, routed)           0.000     9.636    u_mbist/u_address/addr[1]_i_1_n_0
    SLICE_X59Y41         FDRE                                         r  u_mbist/u_address/addr_reg[1]/D
  -------------------------------------------------------------------    -------------------

                         (clock sys_clk rise edge)   20.000    20.000 r  
    R4                                                0.000    20.000 r  sys_clk (IN)
                         net (fo=0)                   0.000    20.000    sys_clk
    R4                   IBUF (Prop_ibuf_I_O)         1.366    21.366 r  sys_clk_IBUF_inst/O
                         net (fo=1, routed)           1.599    22.965    sys_clk_IBUF
    BUFGCTRL_X0Y0        BUFG (Prop_bufg_I_O)         0.077    23.042 r  sys_clk_IBUF_BUFG_inst/O
                         net (fo=64, routed)          1.329    24.371    u_mbist/u_address/clk
    SLICE_X59Y41         FDRE                                         r  u_mbist/u_address/addr_reg[1]/C
                         clock pessimism              0.226    24.597    
                         clock uncertainty           -0.035    24.561    
    SLICE_X59Y41         FDRE (Setup_fdre_C_D)        0.069    24.630    u_mbist/u_address/addr_reg[1]
  -------------------------------------------------------------------
                         required time                         24.630    
                         arrival time                          -9.636    
  -------------------------------------------------------------------
                         slack                                 14.994    

Slack (MET) :             15.114ns  (required time - arrival time)
  Source:                 u_mbist/u_controller/state_reg[2]/C
                            (rising edge-triggered cell FDRE clocked by sys_clk  {rise@0.000ns fall@10.000ns period=20.000ns})
  Destination:            u_mbist/u_address/addr_reg[3]/D
                            (rising edge-triggered cell FDRE clocked by sys_clk  {rise@0.000ns fall@10.000ns period=20.000ns})
  Path Group:             sys_clk
  Path Type:              Setup (Max at Slow Process Corner)
  Requirement:            20.000ns  (sys_clk rise@20.000ns - sys_clk rise@0.000ns)
  Data Path Delay:        4.905ns  (logic 1.717ns (35.004%)  route 3.188ns (64.996%))
  Logic Levels:           6  (LUT2=3 LUT5=2 LUT6=1)
  Clock Path Skew:        0.021ns (DCD - SCD + CPR)
    Destination Clock Delay (DCD):    4.371ns = ( 24.371 - 20.000 ) 
    Source Clock Delay      (SCD):    4.576ns
    Clock Pessimism Removal (CPR):    0.226ns
  Clock Uncertainty:      0.035ns  ((TSJ^2 + TIJ^2)^1/2 + DJ) / 2 + PE
    Total System Jitter     (TSJ):    0.071ns
    Total Input Jitter      (TIJ):    0.000ns
    Discrete Jitter          (DJ):    0.000ns
    Phase Error              (PE):    0.000ns

    Location             Delay type                Incr(ns)  Path(ns)    Netlist Resource(s)
  -------------------------------------------------------------------    -------------------
                         (clock sys_clk rise edge)    0.000     0.000 r  
    R4                                                0.000     0.000 r  sys_clk (IN)
                         net (fo=0)                   0.000     0.000    sys_clk
    R4                   IBUF (Prop_ibuf_I_O)         1.432     1.432 r  sys_clk_IBUF_inst/O
                         net (fo=1, routed)           1.689     3.121    sys_clk_IBUF
    BUFGCTRL_X0Y0        BUFG (Prop_bufg_I_O)         0.081     3.202 r  sys_clk_IBUF_BUFG_inst/O
                         net (fo=64, routed)          1.374     4.576    u_mbist/u_controller/clk
    SLICE_X57Y40         FDRE                                         r  u_mbist/u_controller/state_reg[2]/C
  -------------------------------------------------------------------    -------------------
    SLICE_X57Y40         FDRE (Prop_fdre_C_Q)         0.379     4.955 f  u_mbist/u_controller/state_reg[2]/Q
                         net (fo=8, routed)           0.796     5.751    u_mbist/u_controller/state[2]
    SLICE_X59Y40         LUT2 (Prop_lut2_I1_O)        0.115     5.866 r  u_mbist/u_controller/issue_valid_INST_0/O
                         net (fo=4, routed)           0.234     6.100    u_mbist/u_memory_if/issue_valid
    SLICE_X59Y40         LUT2 (Prop_lut2_I0_O)        0.280     6.380 r  u_mbist/u_memory_if/accepted_INST_0/O
                         net (fo=2, routed)           0.447     6.827    u_mbist/u_controller/accepted
    SLICE_X56Y40         LUT6 (Prop_lut6_I3_O)        0.268     7.095 r  u_mbist/u_controller/addr_step_INST_0_i_1/O
                         net (fo=3, routed)           0.511     7.606    u_mbist/u_controller/addr_step_INST_0_i_1_n_0
    SLICE_X57Y41         LUT2 (Prop_lut2_I1_O)        0.124     7.730 f  u_mbist/u_controller/addr_load_INST_0_i_1/O
                         net (fo=6, routed)           0.607     8.337    u_mbist/u_controller/addr_load_INST_0_i_1_n_0
    SLICE_X56Y41         LUT5 (Prop_lut5_I0_O)        0.287     8.624 r  u_mbist/u_controller/addr_load_INST_0/O
                         net (fo=7, routed)           0.593     9.217    u_mbist/u_address/load
    SLICE_X58Y41         LUT5 (Prop_lut5_I1_O)        0.264     9.481 r  u_mbist/u_address/addr[3]_i_1/O
                         net (fo=1, routed)           0.000     9.481    u_mbist/u_address/addr[3]_i_1_n_0
    SLICE_X58Y41         FDRE                                         r  u_mbist/u_address/addr_reg[3]/D
  -------------------------------------------------------------------    -------------------

                         (clock sys_clk rise edge)   20.000    20.000 r  
    R4                                                0.000    20.000 r  sys_clk (IN)
                         net (fo=0)                   0.000    20.000    sys_clk
    R4                   IBUF (Prop_ibuf_I_O)         1.366    21.366 r  sys_clk_IBUF_inst/O
                         net (fo=1, routed)           1.599    22.965    sys_clk_IBUF
    BUFGCTRL_X0Y0        BUFG (Prop_bufg_I_O)         0.077    23.042 r  sys_clk_IBUF_BUFG_inst/O
                         net (fo=64, routed)          1.329    24.371    u_mbist/u_address/clk
    SLICE_X58Y41         FDRE                                         r  u_mbist/u_address/addr_reg[3]/C
                         clock pessimism              0.226    24.597    
                         clock uncertainty           -0.035    24.561    
    SLICE_X58Y41         FDRE (Setup_fdre_C_D)        0.033    24.594    u_mbist/u_address/addr_reg[3]
  -------------------------------------------------------------------
                         required time                         24.594    
                         arrival time                          -9.481    
  -------------------------------------------------------------------
                         slack                                 15.114    

Slack (MET) :             15.334ns  (required time - arrival time)
  Source:                 u_mbist/u_controller/state_reg[2]/C
                            (rising edge-triggered cell FDRE clocked by sys_clk  {rise@0.000ns fall@10.000ns period=20.000ns})
  Destination:            u_mbist/u_address/addr_reg[4]/D
                            (rising edge-triggered cell FDRE clocked by sys_clk  {rise@0.000ns fall@10.000ns period=20.000ns})
  Path Group:             sys_clk
  Path Type:              Setup (Max at Slow Process Corner)
  Requirement:            20.000ns  (sys_clk rise@20.000ns - sys_clk rise@0.000ns)
  Data Path Delay:        4.681ns  (logic 1.717ns (36.679%)  route 2.964ns (63.321%))
  Logic Levels:           6  (LUT2=3 LUT5=2 LUT6=1)
  Clock Path Skew:        0.021ns (DCD - SCD + CPR)
    Destination Clock Delay (DCD):    4.371ns = ( 24.371 - 20.000 ) 
    Source Clock Delay      (SCD):    4.576ns
    Clock Pessimism Removal (CPR):    0.226ns
  Clock Uncertainty:      0.035ns  ((TSJ^2 + TIJ^2)^1/2 + DJ) / 2 + PE
    Total System Jitter     (TSJ):    0.071ns
    Total Input Jitter      (TIJ):    0.000ns
    Discrete Jitter          (DJ):    0.000ns
    Phase Error              (PE):    0.000ns

    Location             Delay type                Incr(ns)  Path(ns)    Netlist Resource(s)
  -------------------------------------------------------------------    -------------------
                         (clock sys_clk rise edge)    0.000     0.000 r  
    R4                                                0.000     0.000 r  sys_clk (IN)
                         net (fo=0)                   0.000     0.000    sys_clk
    R4                   IBUF (Prop_ibuf_I_O)         1.432     1.432 r  sys_clk_IBUF_inst/O
                         net (fo=1, routed)           1.689     3.121    sys_clk_IBUF
    BUFGCTRL_X0Y0        BUFG (Prop_bufg_I_O)         0.081     3.202 r  sys_clk_IBUF_BUFG_inst/O
                         net (fo=64, routed)          1.374     4.576    u_mbist/u_controller/clk
    SLICE_X57Y40         FDRE                                         r  u_mbist/u_controller/state_reg[2]/C
  -------------------------------------------------------------------    -------------------
    SLICE_X57Y40         FDRE (Prop_fdre_C_Q)         0.379     4.955 f  u_mbist/u_controller/state_reg[2]/Q
                         net (fo=8, routed)           0.796     5.751    u_mbist/u_controller/state[2]
    SLICE_X59Y40         LUT2 (Prop_lut2_I1_O)        0.115     5.866 r  u_mbist/u_controller/issue_valid_INST_0/O
                         net (fo=4, routed)           0.234     6.100    u_mbist/u_memory_if/issue_valid
    SLICE_X59Y40         LUT2 (Prop_lut2_I0_O)        0.280     6.380 r  u_mbist/u_memory_if/accepted_INST_0/O
                         net (fo=2, routed)           0.447     6.827    u_mbist/u_controller/accepted
    SLICE_X56Y40         LUT6 (Prop_lut6_I3_O)        0.268     7.095 r  u_mbist/u_controller/addr_step_INST_0_i_1/O
                         net (fo=3, routed)           0.511     7.606    u_mbist/u_controller/addr_step_INST_0_i_1_n_0
    SLICE_X57Y41         LUT2 (Prop_lut2_I1_O)        0.124     7.730 f  u_mbist/u_controller/addr_load_INST_0_i_1/O
                         net (fo=6, routed)           0.607     8.337    u_mbist/u_controller/addr_load_INST_0_i_1_n_0
    SLICE_X56Y41         LUT5 (Prop_lut5_I0_O)        0.287     8.624 r  u_mbist/u_controller/addr_load_INST_0/O
                         net (fo=7, routed)           0.369     8.993    u_mbist/u_address/load
    SLICE_X58Y41         LUT5 (Prop_lut5_I1_O)        0.264     9.257 r  u_mbist/u_address/addr[4]_i_1/O
                         net (fo=1, routed)           0.000     9.257    u_mbist/u_address/addr[4]_i_1_n_0
    SLICE_X58Y41         FDRE                                         r  u_mbist/u_address/addr_reg[4]/D
  -------------------------------------------------------------------    -------------------

                         (clock sys_clk rise edge)   20.000    20.000 r  
    R4                                                0.000    20.000 r  sys_clk (IN)
                         net (fo=0)                   0.000    20.000    sys_clk
    R4                   IBUF (Prop_ibuf_I_O)         1.366    21.366 r  sys_clk_IBUF_inst/O
                         net (fo=1, routed)           1.599    22.965    sys_clk_IBUF
    BUFGCTRL_X0Y0        BUFG (Prop_bufg_I_O)         0.077    23.042 r  sys_clk_IBUF_BUFG_inst/O
                         net (fo=64, routed)          1.329    24.371    u_mbist/u_address/clk
    SLICE_X58Y41         FDRE                                         r  u_mbist/u_address/addr_reg[4]/C
                         clock pessimism              0.226    24.597    
                         clock uncertainty           -0.035    24.561    
    SLICE_X58Y41         FDRE (Setup_fdre_C_D)        0.030    24.591    u_mbist/u_address/addr_reg[4]
  -------------------------------------------------------------------
                         required time                         24.591    
                         arrival time                          -9.257    
  -------------------------------------------------------------------
                         slack                                 15.334    




