
****** xsim v2018.3 (64-bit)
  **** SW Build 2405991 on Thu Dec  6 23:38:27 MST 2018
  **** IP Build 2404404 on Fri Dec  7 01:43:56 MST 2018
    ** Copyright 1986-2018 Xilinx, Inc. All Rights Reserved.

source xsim.dir/step06_snapshot/xsim_script.tcl
# xsim {step06_snapshot} -testplusarg "START_INDEX=1344" -testplusarg "CASE_COUNT=64" -autoloadwcfg -runall
Vivado Simulator 2018.3
Time resolution is 1 ps
run -all
CASE_BEGIN id=1344 type=3 addr=40 bit=0
FAULT_ACTIVATE type=3 addr=40 bit=0 count=1
FAULT_ACTIVATE type=3 addr=40 bit=0 count=2
CHECKER_PASS run=1 requests=640 cycles=960 errors=2
CASE_RESULT id=1344 type=3 addr=40 bit=0 activated=1 activations=2 detected=1 errors=2 first_phase=2 first_addr=40 first_expected=ff first_actual=fe requests=640 cycles=960
CASE_BEGIN id=1345 type=3 addr=40 bit=1
FAULT_ACTIVATE type=3 addr=40 bit=1 count=1
FAULT_ACTIVATE type=3 addr=40 bit=1 count=2
CHECKER_PASS run=1 requests=640 cycles=960 errors=2
CASE_RESULT id=1345 type=3 addr=40 bit=1 activated=1 activations=2 detected=1 errors=2 first_phase=2 first_addr=40 first_expected=ff first_actual=fd requests=640 cycles=960
CASE_BEGIN id=1346 type=3 addr=40 bit=2
FAULT_ACTIVATE type=3 addr=40 bit=2 count=1
FAULT_ACTIVATE type=3 addr=40 bit=2 count=2
CHECKER_PASS run=1 requests=640 cycles=960 errors=2
CASE_RESULT id=1346 type=3 addr=40 bit=2 activated=1 activations=2 detected=1 errors=2 first_phase=2 first_addr=40 first_expected=ff first_actual=fb requests=640 cycles=960
CASE_BEGIN id=1347 type=3 addr=40 bit=3
FAULT_ACTIVATE type=3 addr=40 bit=3 count=1
FAULT_ACTIVATE type=3 addr=40 bit=3 count=2
CHECKER_PASS run=1 requests=640 cycles=960 errors=2
CASE_RESULT id=1347 type=3 addr=40 bit=3 activated=1 activations=2 detected=1 errors=2 first_phase=2 first_addr=40 first_expected=ff first_actual=f7 requests=640 cycles=960
CASE_BEGIN id=1348 type=3 addr=40 bit=4
FAULT_ACTIVATE type=3 addr=40 bit=4 count=1
FAULT_ACTIVATE type=3 addr=40 bit=4 count=2
CHECKER_PASS run=1 requests=640 cycles=960 errors=2
CASE_RESULT id=1348 type=3 addr=40 bit=4 activated=1 activations=2 detected=1 errors=2 first_phase=2 first_addr=40 first_expected=ff first_actual=ef requests=640 cycles=960
CASE_BEGIN id=1349 type=3 addr=40 bit=5
FAULT_ACTIVATE type=3 addr=40 bit=5 count=1
FAULT_ACTIVATE type=3 addr=40 bit=5 count=2
CHECKER_PASS run=1 requests=640 cycles=960 errors=2
CASE_RESULT id=1349 type=3 addr=40 bit=5 activated=1 activations=2 detected=1 errors=2 first_phase=2 first_addr=40 first_expected=ff first_actual=df requests=640 cycles=960
CASE_BEGIN id=1350 type=3 addr=40 bit=6
FAULT_ACTIVATE type=3 addr=40 bit=6 count=1
FAULT_ACTIVATE type=3 addr=40 bit=6 count=2
CHECKER_PASS run=1 requests=640 cycles=960 errors=2
CASE_RESULT id=1350 type=3 addr=40 bit=6 activated=1 activations=2 detected=1 errors=2 first_phase=2 first_addr=40 first_expected=ff first_actual=bf requests=640 cycles=960
CASE_BEGIN id=1351 type=3 addr=40 bit=7
FAULT_ACTIVATE type=3 addr=40 bit=7 count=1
FAULT_ACTIVATE type=3 addr=40 bit=7 count=2
CHECKER_PASS run=1 requests=640 cycles=960 errors=2
CASE_RESULT id=1351 type=3 addr=40 bit=7 activated=1 activations=2 detected=1 errors=2 first_phase=2 first_addr=40 first_expected=ff first_actual=7f requests=640 cycles=960
CASE_BEGIN id=1352 type=3 addr=41 bit=0
FAULT_ACTIVATE type=3 addr=41 bit=0 count=1
FAULT_ACTIVATE type=3 addr=41 bit=0 count=2
CHECKER_PASS run=1 requests=640 cycles=960 errors=2
CASE_RESULT id=1352 type=3 addr=41 bit=0 activated=1 activations=2 detected=1 errors=2 first_phase=2 first_addr=41 first_expected=ff first_actual=fe requests=640 cycles=960
CASE_BEGIN id=1353 type=3 addr=41 bit=1
FAULT_ACTIVATE type=3 addr=41 bit=1 count=1
FAULT_ACTIVATE type=3 addr=41 bit=1 count=2
CHECKER_PASS run=1 requests=640 cycles=960 errors=2
CASE_RESULT id=1353 type=3 addr=41 bit=1 activated=1 activations=2 detected=1 errors=2 first_phase=2 first_addr=41 first_expected=ff first_actual=fd requests=640 cycles=960
CASE_BEGIN id=1354 type=3 addr=41 bit=2
FAULT_ACTIVATE type=3 addr=41 bit=2 count=1
FAULT_ACTIVATE type=3 addr=41 bit=2 count=2
CHECKER_PASS run=1 requests=640 cycles=960 errors=2
CASE_RESULT id=1354 type=3 addr=41 bit=2 activated=1 activations=2 detected=1 errors=2 first_phase=2 first_addr=41 first_expected=ff first_actual=fb requests=640 cycles=960
CASE_BEGIN id=1355 type=3 addr=41 bit=3
FAULT_ACTIVATE type=3 addr=41 bit=3 count=1
FAULT_ACTIVATE type=3 addr=41 bit=3 count=2
CHECKER_PASS run=1 requests=640 cycles=960 errors=2
CASE_RESULT id=1355 type=3 addr=41 bit=3 activated=1 activations=2 detected=1 errors=2 first_phase=2 first_addr=41 first_expected=ff first_actual=f7 requests=640 cycles=960
CASE_BEGIN id=1356 type=3 addr=41 bit=4
FAULT_ACTIVATE type=3 addr=41 bit=4 count=1
FAULT_ACTIVATE type=3 addr=41 bit=4 count=2
CHECKER_PASS run=1 requests=640 cycles=960 errors=2
CASE_RESULT id=1356 type=3 addr=41 bit=4 activated=1 activations=2 detected=1 errors=2 first_phase=2 first_addr=41 first_expected=ff first_actual=ef requests=640 cycles=960
CASE_BEGIN id=1357 type=3 addr=41 bit=5
FAULT_ACTIVATE type=3 addr=41 bit=5 count=1
FAULT_ACTIVATE type=3 addr=41 bit=5 count=2
CHECKER_PASS run=1 requests=640 cycles=960 errors=2
CASE_RESULT id=1357 type=3 addr=41 bit=5 activated=1 activations=2 detected=1 errors=2 first_phase=2 first_addr=41 first_expected=ff first_actual=df requests=640 cycles=960
CASE_BEGIN id=1358 type=3 addr=41 bit=6
FAULT_ACTIVATE type=3 addr=41 bit=6 count=1
FAULT_ACTIVATE type=3 addr=41 bit=6 count=2
CHECKER_PASS run=1 requests=640 cycles=960 errors=2
CASE_RESULT id=1358 type=3 addr=41 bit=6 activated=1 activations=2 detected=1 errors=2 first_phase=2 first_addr=41 first_expected=ff first_actual=bf requests=640 cycles=960
CASE_BEGIN id=1359 type=3 addr=41 bit=7
FAULT_ACTIVATE type=3 addr=41 bit=7 count=1
FAULT_ACTIVATE type=3 addr=41 bit=7 count=2
CHECKER_PASS run=1 requests=640 cycles=960 errors=2
CASE_RESULT id=1359 type=3 addr=41 bit=7 activated=1 activations=2 detected=1 errors=2 first_phase=2 first_addr=41 first_expected=ff first_actual=7f requests=640 cycles=960
CASE_BEGIN id=1360 type=3 addr=42 bit=0
FAULT_ACTIVATE type=3 addr=42 bit=0 count=1
FAULT_ACTIVATE type=3 addr=42 bit=0 count=2
CHECKER_PASS run=1 requests=640 cycles=960 errors=2
CASE_RESULT id=1360 type=3 addr=42 bit=0 activated=1 activations=2 detected=1 errors=2 first_phase=2 first_addr=42 first_expected=ff first_actual=fe requests=640 cycles=960
CASE_BEGIN id=1361 type=3 addr=42 bit=1
FAULT_ACTIVATE type=3 addr=42 bit=1 count=1
FAULT_ACTIVATE type=3 addr=42 bit=1 count=2
CHECKER_PASS run=1 requests=640 cycles=960 errors=2
CASE_RESULT id=1361 type=3 addr=42 bit=1 activated=1 activations=2 detected=1 errors=2 first_phase=2 first_addr=42 first_expected=ff first_actual=fd requests=640 cycles=960
CASE_BEGIN id=1362 type=3 addr=42 bit=2
FAULT_ACTIVATE type=3 addr=42 bit=2 count=1
FAULT_ACTIVATE type=3 addr=42 bit=2 count=2
CHECKER_PASS run=1 requests=640 cycles=960 errors=2
CASE_RESULT id=1362 type=3 addr=42 bit=2 activated=1 activations=2 detected=1 errors=2 first_phase=2 first_addr=42 first_expected=ff first_actual=fb requests=640 cycles=960
CASE_BEGIN id=1363 type=3 addr=42 bit=3
FAULT_ACTIVATE type=3 addr=42 bit=3 count=1
FAULT_ACTIVATE type=3 addr=42 bit=3 count=2
CHECKER_PASS run=1 requests=640 cycles=960 errors=2
CASE_RESULT id=1363 type=3 addr=42 bit=3 activated=1 activations=2 detected=1 errors=2 first_phase=2 first_addr=42 first_expected=ff first_actual=f7 requests=640 cycles=960
CASE_BEGIN id=1364 type=3 addr=42 bit=4
FAULT_ACTIVATE type=3 addr=42 bit=4 count=1
FAULT_ACTIVATE type=3 addr=42 bit=4 count=2
CHECKER_PASS run=1 requests=640 cycles=960 errors=2
CASE_RESULT id=1364 type=3 addr=42 bit=4 activated=1 activations=2 detected=1 errors=2 first_phase=2 first_addr=42 first_expected=ff first_actual=ef requests=640 cycles=960
CASE_BEGIN id=1365 type=3 addr=42 bit=5
FAULT_ACTIVATE type=3 addr=42 bit=5 count=1
FAULT_ACTIVATE type=3 addr=42 bit=5 count=2
CHECKER_PASS run=1 requests=640 cycles=960 errors=2
CASE_RESULT id=1365 type=3 addr=42 bit=5 activated=1 activations=2 detected=1 errors=2 first_phase=2 first_addr=42 first_expected=ff first_actual=df requests=640 cycles=960
CASE_BEGIN id=1366 type=3 addr=42 bit=6
FAULT_ACTIVATE type=3 addr=42 bit=6 count=1
FAULT_ACTIVATE type=3 addr=42 bit=6 count=2
CHECKER_PASS run=1 requests=640 cycles=960 errors=2
CASE_RESULT id=1366 type=3 addr=42 bit=6 activated=1 activations=2 detected=1 errors=2 first_phase=2 first_addr=42 first_expected=ff first_actual=bf requests=640 cycles=960
CASE_BEGIN id=1367 type=3 addr=42 bit=7
FAULT_ACTIVATE type=3 addr=42 bit=7 count=1
FAULT_ACTIVATE type=3 addr=42 bit=7 count=2
CHECKER_PASS run=1 requests=640 cycles=960 errors=2
CASE_RESULT id=1367 type=3 addr=42 bit=7 activated=1 activations=2 detected=1 errors=2 first_phase=2 first_addr=42 first_expected=ff first_actual=7f requests=640 cycles=960
CASE_BEGIN id=1368 type=3 addr=43 bit=0
FAULT_ACTIVATE type=3 addr=43 bit=0 count=1
FAULT_ACTIVATE type=3 addr=43 bit=0 count=2
CHECKER_PASS run=1 requests=640 cycles=960 errors=2
CASE_RESULT id=1368 type=3 addr=43 bit=0 activated=1 activations=2 detected=1 errors=2 first_phase=2 first_addr=43 first_expected=ff first_actual=fe requests=640 cycles=960
CASE_BEGIN id=1369 type=3 addr=43 bit=1
FAULT_ACTIVATE type=3 addr=43 bit=1 count=1
FAULT_ACTIVATE type=3 addr=43 bit=1 count=2
CHECKER_PASS run=1 requests=640 cycles=960 errors=2
CASE_RESULT id=1369 type=3 addr=43 bit=1 activated=1 activations=2 detected=1 errors=2 first_phase=2 first_addr=43 first_expected=ff first_actual=fd requests=640 cycles=960
CASE_BEGIN id=1370 type=3 addr=43 bit=2
FAULT_ACTIVATE type=3 addr=43 bit=2 count=1
FAULT_ACTIVATE type=3 addr=43 bit=2 count=2
CHECKER_PASS run=1 requests=640 cycles=960 errors=2
CASE_RESULT id=1370 type=3 addr=43 bit=2 activated=1 activations=2 detected=1 errors=2 first_phase=2 first_addr=43 first_expected=ff first_actual=fb requests=640 cycles=960
CASE_BEGIN id=1371 type=3 addr=43 bit=3
FAULT_ACTIVATE type=3 addr=43 bit=3 count=1
FAULT_ACTIVATE type=3 addr=43 bit=3 count=2
CHECKER_PASS run=1 requests=640 cycles=960 errors=2
CASE_RESULT id=1371 type=3 addr=43 bit=3 activated=1 activations=2 detected=1 errors=2 first_phase=2 first_addr=43 first_expected=ff first_actual=f7 requests=640 cycles=960
CASE_BEGIN id=1372 type=3 addr=43 bit=4
FAULT_ACTIVATE type=3 addr=43 bit=4 count=1
FAULT_ACTIVATE type=3 addr=43 bit=4 count=2
CHECKER_PASS run=1 requests=640 cycles=960 errors=2
CASE_RESULT id=1372 type=3 addr=43 bit=4 activated=1 activations=2 detected=1 errors=2 first_phase=2 first_addr=43 first_expected=ff first_actual=ef requests=640 cycles=960
CASE_BEGIN id=1373 type=3 addr=43 bit=5
FAULT_ACTIVATE type=3 addr=43 bit=5 count=1
FAULT_ACTIVATE type=3 addr=43 bit=5 count=2
CHECKER_PASS run=1 requests=640 cycles=960 errors=2
CASE_RESULT id=1373 type=3 addr=43 bit=5 activated=1 activations=2 detected=1 errors=2 first_phase=2 first_addr=43 first_expected=ff first_actual=df requests=640 cycles=960
CASE_BEGIN id=1374 type=3 addr=43 bit=6
FAULT_ACTIVATE type=3 addr=43 bit=6 count=1
FAULT_ACTIVATE type=3 addr=43 bit=6 count=2
CHECKER_PASS run=1 requests=640 cycles=960 errors=2
CASE_RESULT id=1374 type=3 addr=43 bit=6 activated=1 activations=2 detected=1 errors=2 first_phase=2 first_addr=43 first_expected=ff first_actual=bf requests=640 cycles=960
CASE_BEGIN id=1375 type=3 addr=43 bit=7
FAULT_ACTIVATE type=3 addr=43 bit=7 count=1
FAULT_ACTIVATE type=3 addr=43 bit=7 count=2
CHECKER_PASS run=1 requests=640 cycles=960 errors=2
CASE_RESULT id=1375 type=3 addr=43 bit=7 activated=1 activations=2 detected=1 errors=2 first_phase=2 first_addr=43 first_expected=ff first_actual=7f requests=640 cycles=960
CASE_BEGIN id=1376 type=3 addr=44 bit=0
FAULT_ACTIVATE type=3 addr=44 bit=0 count=1
FAULT_ACTIVATE type=3 addr=44 bit=0 count=2
CHECKER_PASS run=1 requests=640 cycles=960 errors=2
CASE_RESULT id=1376 type=3 addr=44 bit=0 activated=1 activations=2 detected=1 errors=2 first_phase=2 first_addr=44 first_expected=ff first_actual=fe requests=640 cycles=960
CASE_BEGIN id=1377 type=3 addr=44 bit=1
FAULT_ACTIVATE type=3 addr=44 bit=1 count=1
FAULT_ACTIVATE type=3 addr=44 bit=1 count=2
CHECKER_PASS run=1 requests=640 cycles=960 errors=2
CASE_RESULT id=1377 type=3 addr=44 bit=1 activated=1 activations=2 detected=1 errors=2 first_phase=2 first_addr=44 first_expected=ff first_actual=fd requests=640 cycles=960
CASE_BEGIN id=1378 type=3 addr=44 bit=2
FAULT_ACTIVATE type=3 addr=44 bit=2 count=1
FAULT_ACTIVATE type=3 addr=44 bit=2 count=2
CHECKER_PASS run=1 requests=640 cycles=960 errors=2
CASE_RESULT id=1378 type=3 addr=44 bit=2 activated=1 activations=2 detected=1 errors=2 first_phase=2 first_addr=44 first_expected=ff first_actual=fb requests=640 cycles=960
CASE_BEGIN id=1379 type=3 addr=44 bit=3
FAULT_ACTIVATE type=3 addr=44 bit=3 count=1
FAULT_ACTIVATE type=3 addr=44 bit=3 count=2
CHECKER_PASS run=1 requests=640 cycles=960 errors=2
CASE_RESULT id=1379 type=3 addr=44 bit=3 activated=1 activations=2 detected=1 errors=2 first_phase=2 first_addr=44 first_expected=ff first_actual=f7 requests=640 cycles=960
CASE_BEGIN id=1380 type=3 addr=44 bit=4
FAULT_ACTIVATE type=3 addr=44 bit=4 count=1
FAULT_ACTIVATE type=3 addr=44 bit=4 count=2
CHECKER_PASS run=1 requests=640 cycles=960 errors=2
CASE_RESULT id=1380 type=3 addr=44 bit=4 activated=1 activations=2 detected=1 errors=2 first_phase=2 first_addr=44 first_expected=ff first_actual=ef requests=640 cycles=960
CASE_BEGIN id=1381 type=3 addr=44 bit=5
FAULT_ACTIVATE type=3 addr=44 bit=5 count=1
FAULT_ACTIVATE type=3 addr=44 bit=5 count=2
CHECKER_PASS run=1 requests=640 cycles=960 errors=2
CASE_RESULT id=1381 type=3 addr=44 bit=5 activated=1 activations=2 detected=1 errors=2 first_phase=2 first_addr=44 first_expected=ff first_actual=df requests=640 cycles=960
CASE_BEGIN id=1382 type=3 addr=44 bit=6
FAULT_ACTIVATE type=3 addr=44 bit=6 count=1
FAULT_ACTIVATE type=3 addr=44 bit=6 count=2
CHECKER_PASS run=1 requests=640 cycles=960 errors=2
CASE_RESULT id=1382 type=3 addr=44 bit=6 activated=1 activations=2 detected=1 errors=2 first_phase=2 first_addr=44 first_expected=ff first_actual=bf requests=640 cycles=960
CASE_BEGIN id=1383 type=3 addr=44 bit=7
FAULT_ACTIVATE type=3 addr=44 bit=7 count=1
FAULT_ACTIVATE type=3 addr=44 bit=7 count=2
CHECKER_PASS run=1 requests=640 cycles=960 errors=2
CASE_RESULT id=1383 type=3 addr=44 bit=7 activated=1 activations=2 detected=1 errors=2 first_phase=2 first_addr=44 first_expected=ff first_actual=7f requests=640 cycles=960
CASE_BEGIN id=1384 type=3 addr=45 bit=0
FAULT_ACTIVATE type=3 addr=45 bit=0 count=1
FAULT_ACTIVATE type=3 addr=45 bit=0 count=2
CHECKER_PASS run=1 requests=640 cycles=960 errors=2
CASE_RESULT id=1384 type=3 addr=45 bit=0 activated=1 activations=2 detected=1 errors=2 first_phase=2 first_addr=45 first_expected=ff first_actual=fe requests=640 cycles=960
CASE_BEGIN id=1385 type=3 addr=45 bit=1
FAULT_ACTIVATE type=3 addr=45 bit=1 count=1
FAULT_ACTIVATE type=3 addr=45 bit=1 count=2
CHECKER_PASS run=1 requests=640 cycles=960 errors=2
CASE_RESULT id=1385 type=3 addr=45 bit=1 activated=1 activations=2 detected=1 errors=2 first_phase=2 first_addr=45 first_expected=ff first_actual=fd requests=640 cycles=960
CASE_BEGIN id=1386 type=3 addr=45 bit=2
FAULT_ACTIVATE type=3 addr=45 bit=2 count=1
FAULT_ACTIVATE type=3 addr=45 bit=2 count=2
CHECKER_PASS run=1 requests=640 cycles=960 errors=2
CASE_RESULT id=1386 type=3 addr=45 bit=2 activated=1 activations=2 detected=1 errors=2 first_phase=2 first_addr=45 first_expected=ff first_actual=fb requests=640 cycles=960
CASE_BEGIN id=1387 type=3 addr=45 bit=3
FAULT_ACTIVATE type=3 addr=45 bit=3 count=1
FAULT_ACTIVATE type=3 addr=45 bit=3 count=2
CHECKER_PASS run=1 requests=640 cycles=960 errors=2
CASE_RESULT id=1387 type=3 addr=45 bit=3 activated=1 activations=2 detected=1 errors=2 first_phase=2 first_addr=45 first_expected=ff first_actual=f7 requests=640 cycles=960
CASE_BEGIN id=1388 type=3 addr=45 bit=4
FAULT_ACTIVATE type=3 addr=45 bit=4 count=1
FAULT_ACTIVATE type=3 addr=45 bit=4 count=2
CHECKER_PASS run=1 requests=640 cycles=960 errors=2
CASE_RESULT id=1388 type=3 addr=45 bit=4 activated=1 activations=2 detected=1 errors=2 first_phase=2 first_addr=45 first_expected=ff first_actual=ef requests=640 cycles=960
CASE_BEGIN id=1389 type=3 addr=45 bit=5
FAULT_ACTIVATE type=3 addr=45 bit=5 count=1
FAULT_ACTIVATE type=3 addr=45 bit=5 count=2
CHECKER_PASS run=1 requests=640 cycles=960 errors=2
CASE_RESULT id=1389 type=3 addr=45 bit=5 activated=1 activations=2 detected=1 errors=2 first_phase=2 first_addr=45 first_expected=ff first_actual=df requests=640 cycles=960
CASE_BEGIN id=1390 type=3 addr=45 bit=6
FAULT_ACTIVATE type=3 addr=45 bit=6 count=1
FAULT_ACTIVATE type=3 addr=45 bit=6 count=2
CHECKER_PASS run=1 requests=640 cycles=960 errors=2
CASE_RESULT id=1390 type=3 addr=45 bit=6 activated=1 activations=2 detected=1 errors=2 first_phase=2 first_addr=45 first_expected=ff first_actual=bf requests=640 cycles=960
CASE_BEGIN id=1391 type=3 addr=45 bit=7
FAULT_ACTIVATE type=3 addr=45 bit=7 count=1
FAULT_ACTIVATE type=3 addr=45 bit=7 count=2
CHECKER_PASS run=1 requests=640 cycles=960 errors=2
CASE_RESULT id=1391 type=3 addr=45 bit=7 activated=1 activations=2 detected=1 errors=2 first_phase=2 first_addr=45 first_expected=ff first_actual=7f requests=640 cycles=960
CASE_BEGIN id=1392 type=3 addr=46 bit=0
FAULT_ACTIVATE type=3 addr=46 bit=0 count=1
FAULT_ACTIVATE type=3 addr=46 bit=0 count=2
CHECKER_PASS run=1 requests=640 cycles=960 errors=2
CASE_RESULT id=1392 type=3 addr=46 bit=0 activated=1 activations=2 detected=1 errors=2 first_phase=2 first_addr=46 first_expected=ff first_actual=fe requests=640 cycles=960
CASE_BEGIN id=1393 type=3 addr=46 bit=1
FAULT_ACTIVATE type=3 addr=46 bit=1 count=1
FAULT_ACTIVATE type=3 addr=46 bit=1 count=2
CHECKER_PASS run=1 requests=640 cycles=960 errors=2
CASE_RESULT id=1393 type=3 addr=46 bit=1 activated=1 activations=2 detected=1 errors=2 first_phase=2 first_addr=46 first_expected=ff first_actual=fd requests=640 cycles=960
CASE_BEGIN id=1394 type=3 addr=46 bit=2
FAULT_ACTIVATE type=3 addr=46 bit=2 count=1
FAULT_ACTIVATE type=3 addr=46 bit=2 count=2
CHECKER_PASS run=1 requests=640 cycles=960 errors=2
CASE_RESULT id=1394 type=3 addr=46 bit=2 activated=1 activations=2 detected=1 errors=2 first_phase=2 first_addr=46 first_expected=ff first_actual=fb requests=640 cycles=960
CASE_BEGIN id=1395 type=3 addr=46 bit=3
FAULT_ACTIVATE type=3 addr=46 bit=3 count=1
FAULT_ACTIVATE type=3 addr=46 bit=3 count=2
CHECKER_PASS run=1 requests=640 cycles=960 errors=2
CASE_RESULT id=1395 type=3 addr=46 bit=3 activated=1 activations=2 detected=1 errors=2 first_phase=2 first_addr=46 first_expected=ff first_actual=f7 requests=640 cycles=960
CASE_BEGIN id=1396 type=3 addr=46 bit=4
FAULT_ACTIVATE type=3 addr=46 bit=4 count=1
FAULT_ACTIVATE type=3 addr=46 bit=4 count=2
CHECKER_PASS run=1 requests=640 cycles=960 errors=2
CASE_RESULT id=1396 type=3 addr=46 bit=4 activated=1 activations=2 detected=1 errors=2 first_phase=2 first_addr=46 first_expected=ff first_actual=ef requests=640 cycles=960
CASE_BEGIN id=1397 type=3 addr=46 bit=5
FAULT_ACTIVATE type=3 addr=46 bit=5 count=1
FAULT_ACTIVATE type=3 addr=46 bit=5 count=2
CHECKER_PASS run=1 requests=640 cycles=960 errors=2
CASE_RESULT id=1397 type=3 addr=46 bit=5 activated=1 activations=2 detected=1 errors=2 first_phase=2 first_addr=46 first_expected=ff first_actual=df requests=640 cycles=960
CASE_BEGIN id=1398 type=3 addr=46 bit=6
FAULT_ACTIVATE type=3 addr=46 bit=6 count=1
FAULT_ACTIVATE type=3 addr=46 bit=6 count=2
CHECKER_PASS run=1 requests=640 cycles=960 errors=2
CASE_RESULT id=1398 type=3 addr=46 bit=6 activated=1 activations=2 detected=1 errors=2 first_phase=2 first_addr=46 first_expected=ff first_actual=bf requests=640 cycles=960
CASE_BEGIN id=1399 type=3 addr=46 bit=7
FAULT_ACTIVATE type=3 addr=46 bit=7 count=1
FAULT_ACTIVATE type=3 addr=46 bit=7 count=2
CHECKER_PASS run=1 requests=640 cycles=960 errors=2
CASE_RESULT id=1399 type=3 addr=46 bit=7 activated=1 activations=2 detected=1 errors=2 first_phase=2 first_addr=46 first_expected=ff first_actual=7f requests=640 cycles=960
CASE_BEGIN id=1400 type=3 addr=47 bit=0
FAULT_ACTIVATE type=3 addr=47 bit=0 count=1
FAULT_ACTIVATE type=3 addr=47 bit=0 count=2
CHECKER_PASS run=1 requests=640 cycles=960 errors=2
CASE_RESULT id=1400 type=3 addr=47 bit=0 activated=1 activations=2 detected=1 errors=2 first_phase=2 first_addr=47 first_expected=ff first_actual=fe requests=640 cycles=960
CASE_BEGIN id=1401 type=3 addr=47 bit=1
FAULT_ACTIVATE type=3 addr=47 bit=1 count=1
FAULT_ACTIVATE type=3 addr=47 bit=1 count=2
CHECKER_PASS run=1 requests=640 cycles=960 errors=2
CASE_RESULT id=1401 type=3 addr=47 bit=1 activated=1 activations=2 detected=1 errors=2 first_phase=2 first_addr=47 first_expected=ff first_actual=fd requests=640 cycles=960
CASE_BEGIN id=1402 type=3 addr=47 bit=2
FAULT_ACTIVATE type=3 addr=47 bit=2 count=1
FAULT_ACTIVATE type=3 addr=47 bit=2 count=2
CHECKER_PASS run=1 requests=640 cycles=960 errors=2
CASE_RESULT id=1402 type=3 addr=47 bit=2 activated=1 activations=2 detected=1 errors=2 first_phase=2 first_addr=47 first_expected=ff first_actual=fb requests=640 cycles=960
CASE_BEGIN id=1403 type=3 addr=47 bit=3
FAULT_ACTIVATE type=3 addr=47 bit=3 count=1
FAULT_ACTIVATE type=3 addr=47 bit=3 count=2
CHECKER_PASS run=1 requests=640 cycles=960 errors=2
CASE_RESULT id=1403 type=3 addr=47 bit=3 activated=1 activations=2 detected=1 errors=2 first_phase=2 first_addr=47 first_expected=ff first_actual=f7 requests=640 cycles=960
CASE_BEGIN id=1404 type=3 addr=47 bit=4
FAULT_ACTIVATE type=3 addr=47 bit=4 count=1
FAULT_ACTIVATE type=3 addr=47 bit=4 count=2
CHECKER_PASS run=1 requests=640 cycles=960 errors=2
CASE_RESULT id=1404 type=3 addr=47 bit=4 activated=1 activations=2 detected=1 errors=2 first_phase=2 first_addr=47 first_expected=ff first_actual=ef requests=640 cycles=960
CASE_BEGIN id=1405 type=3 addr=47 bit=5
FAULT_ACTIVATE type=3 addr=47 bit=5 count=1
FAULT_ACTIVATE type=3 addr=47 bit=5 count=2
CHECKER_PASS run=1 requests=640 cycles=960 errors=2
CASE_RESULT id=1405 type=3 addr=47 bit=5 activated=1 activations=2 detected=1 errors=2 first_phase=2 first_addr=47 first_expected=ff first_actual=df requests=640 cycles=960
CASE_BEGIN id=1406 type=3 addr=47 bit=6
FAULT_ACTIVATE type=3 addr=47 bit=6 count=1
FAULT_ACTIVATE type=3 addr=47 bit=6 count=2
CHECKER_PASS run=1 requests=640 cycles=960 errors=2
CASE_RESULT id=1406 type=3 addr=47 bit=6 activated=1 activations=2 detected=1 errors=2 first_phase=2 first_addr=47 first_expected=ff first_actual=bf requests=640 cycles=960
CASE_BEGIN id=1407 type=3 addr=47 bit=7
FAULT_ACTIVATE type=3 addr=47 bit=7 count=1
FAULT_ACTIVATE type=3 addr=47 bit=7 count=2
CHECKER_PASS run=1 requests=640 cycles=960 errors=2
CASE_RESULT id=1407 type=3 addr=47 bit=7 activated=1 activations=2 detected=1 errors=2 first_phase=2 first_addr=47 first_expected=ff first_actual=7f requests=640 cycles=960
CAMPAIGN_DONE start=1344 count=64
$finish called at time : 1235200 ns : File "<PROJECT_ROOT>/tb/tb_step06_campaign.sv" Line 126
exit
INFO: [Common 17-206] Exiting xsim at Sat Sep 26 10:34:07 2026...
