
****** xsim v2018.3 (64-bit)
  **** SW Build 2405991 on Thu Dec  6 23:38:27 MST 2018
  **** IP Build 2404404 on Fri Dec  7 01:43:56 MST 2018
    ** Copyright 1986-2018 Xilinx, Inc. All Rights Reserved.

source xsim.dir/step06_snapshot/xsim_script.tcl
# xsim {step06_snapshot} -testplusarg "START_INDEX=704" -testplusarg "CASE_COUNT=64" -autoloadwcfg -runall
Vivado Simulator 2018.3
Time resolution is 1 ps
run -all
CASE_BEGIN id=704 type=2 addr=24 bit=0
FAULT_ACTIVATE type=2 addr=24 bit=0 count=1
FAULT_ACTIVATE type=2 addr=24 bit=0 count=2
FAULT_ACTIVATE type=2 addr=24 bit=0 count=3
CHECKER_PASS run=1 requests=640 cycles=960 errors=3
CASE_RESULT id=704 type=2 addr=24 bit=0 activated=1 activations=3 detected=1 errors=3 first_phase=1 first_addr=24 first_expected=00 first_actual=01 requests=640 cycles=960
CASE_BEGIN id=705 type=2 addr=24 bit=1
FAULT_ACTIVATE type=2 addr=24 bit=1 count=1
FAULT_ACTIVATE type=2 addr=24 bit=1 count=2
FAULT_ACTIVATE type=2 addr=24 bit=1 count=3
CHECKER_PASS run=1 requests=640 cycles=960 errors=3
CASE_RESULT id=705 type=2 addr=24 bit=1 activated=1 activations=3 detected=1 errors=3 first_phase=1 first_addr=24 first_expected=00 first_actual=02 requests=640 cycles=960
CASE_BEGIN id=706 type=2 addr=24 bit=2
FAULT_ACTIVATE type=2 addr=24 bit=2 count=1
FAULT_ACTIVATE type=2 addr=24 bit=2 count=2
FAULT_ACTIVATE type=2 addr=24 bit=2 count=3
CHECKER_PASS run=1 requests=640 cycles=960 errors=3
CASE_RESULT id=706 type=2 addr=24 bit=2 activated=1 activations=3 detected=1 errors=3 first_phase=1 first_addr=24 first_expected=00 first_actual=04 requests=640 cycles=960
CASE_BEGIN id=707 type=2 addr=24 bit=3
FAULT_ACTIVATE type=2 addr=24 bit=3 count=1
FAULT_ACTIVATE type=2 addr=24 bit=3 count=2
FAULT_ACTIVATE type=2 addr=24 bit=3 count=3
CHECKER_PASS run=1 requests=640 cycles=960 errors=3
CASE_RESULT id=707 type=2 addr=24 bit=3 activated=1 activations=3 detected=1 errors=3 first_phase=1 first_addr=24 first_expected=00 first_actual=08 requests=640 cycles=960
CASE_BEGIN id=708 type=2 addr=24 bit=4
FAULT_ACTIVATE type=2 addr=24 bit=4 count=1
FAULT_ACTIVATE type=2 addr=24 bit=4 count=2
FAULT_ACTIVATE type=2 addr=24 bit=4 count=3
CHECKER_PASS run=1 requests=640 cycles=960 errors=3
CASE_RESULT id=708 type=2 addr=24 bit=4 activated=1 activations=3 detected=1 errors=3 first_phase=1 first_addr=24 first_expected=00 first_actual=10 requests=640 cycles=960
CASE_BEGIN id=709 type=2 addr=24 bit=5
FAULT_ACTIVATE type=2 addr=24 bit=5 count=1
FAULT_ACTIVATE type=2 addr=24 bit=5 count=2
FAULT_ACTIVATE type=2 addr=24 bit=5 count=3
CHECKER_PASS run=1 requests=640 cycles=960 errors=3
CASE_RESULT id=709 type=2 addr=24 bit=5 activated=1 activations=3 detected=1 errors=3 first_phase=1 first_addr=24 first_expected=00 first_actual=20 requests=640 cycles=960
CASE_BEGIN id=710 type=2 addr=24 bit=6
FAULT_ACTIVATE type=2 addr=24 bit=6 count=1
FAULT_ACTIVATE type=2 addr=24 bit=6 count=2
FAULT_ACTIVATE type=2 addr=24 bit=6 count=3
CHECKER_PASS run=1 requests=640 cycles=960 errors=3
CASE_RESULT id=710 type=2 addr=24 bit=6 activated=1 activations=3 detected=1 errors=3 first_phase=1 first_addr=24 first_expected=00 first_actual=40 requests=640 cycles=960
CASE_BEGIN id=711 type=2 addr=24 bit=7
FAULT_ACTIVATE type=2 addr=24 bit=7 count=1
FAULT_ACTIVATE type=2 addr=24 bit=7 count=2
FAULT_ACTIVATE type=2 addr=24 bit=7 count=3
CHECKER_PASS run=1 requests=640 cycles=960 errors=3
CASE_RESULT id=711 type=2 addr=24 bit=7 activated=1 activations=3 detected=1 errors=3 first_phase=1 first_addr=24 first_expected=00 first_actual=80 requests=640 cycles=960
CASE_BEGIN id=712 type=2 addr=25 bit=0
FAULT_ACTIVATE type=2 addr=25 bit=0 count=1
FAULT_ACTIVATE type=2 addr=25 bit=0 count=2
FAULT_ACTIVATE type=2 addr=25 bit=0 count=3
CHECKER_PASS run=1 requests=640 cycles=960 errors=3
CASE_RESULT id=712 type=2 addr=25 bit=0 activated=1 activations=3 detected=1 errors=3 first_phase=1 first_addr=25 first_expected=00 first_actual=01 requests=640 cycles=960
CASE_BEGIN id=713 type=2 addr=25 bit=1
FAULT_ACTIVATE type=2 addr=25 bit=1 count=1
FAULT_ACTIVATE type=2 addr=25 bit=1 count=2
FAULT_ACTIVATE type=2 addr=25 bit=1 count=3
CHECKER_PASS run=1 requests=640 cycles=960 errors=3
CASE_RESULT id=713 type=2 addr=25 bit=1 activated=1 activations=3 detected=1 errors=3 first_phase=1 first_addr=25 first_expected=00 first_actual=02 requests=640 cycles=960
CASE_BEGIN id=714 type=2 addr=25 bit=2
FAULT_ACTIVATE type=2 addr=25 bit=2 count=1
FAULT_ACTIVATE type=2 addr=25 bit=2 count=2
FAULT_ACTIVATE type=2 addr=25 bit=2 count=3
CHECKER_PASS run=1 requests=640 cycles=960 errors=3
CASE_RESULT id=714 type=2 addr=25 bit=2 activated=1 activations=3 detected=1 errors=3 first_phase=1 first_addr=25 first_expected=00 first_actual=04 requests=640 cycles=960
CASE_BEGIN id=715 type=2 addr=25 bit=3
FAULT_ACTIVATE type=2 addr=25 bit=3 count=1
FAULT_ACTIVATE type=2 addr=25 bit=3 count=2
FAULT_ACTIVATE type=2 addr=25 bit=3 count=3
CHECKER_PASS run=1 requests=640 cycles=960 errors=3
CASE_RESULT id=715 type=2 addr=25 bit=3 activated=1 activations=3 detected=1 errors=3 first_phase=1 first_addr=25 first_expected=00 first_actual=08 requests=640 cycles=960
CASE_BEGIN id=716 type=2 addr=25 bit=4
FAULT_ACTIVATE type=2 addr=25 bit=4 count=1
FAULT_ACTIVATE type=2 addr=25 bit=4 count=2
FAULT_ACTIVATE type=2 addr=25 bit=4 count=3
CHECKER_PASS run=1 requests=640 cycles=960 errors=3
CASE_RESULT id=716 type=2 addr=25 bit=4 activated=1 activations=3 detected=1 errors=3 first_phase=1 first_addr=25 first_expected=00 first_actual=10 requests=640 cycles=960
CASE_BEGIN id=717 type=2 addr=25 bit=5
FAULT_ACTIVATE type=2 addr=25 bit=5 count=1
FAULT_ACTIVATE type=2 addr=25 bit=5 count=2
FAULT_ACTIVATE type=2 addr=25 bit=5 count=3
CHECKER_PASS run=1 requests=640 cycles=960 errors=3
CASE_RESULT id=717 type=2 addr=25 bit=5 activated=1 activations=3 detected=1 errors=3 first_phase=1 first_addr=25 first_expected=00 first_actual=20 requests=640 cycles=960
CASE_BEGIN id=718 type=2 addr=25 bit=6
FAULT_ACTIVATE type=2 addr=25 bit=6 count=1
FAULT_ACTIVATE type=2 addr=25 bit=6 count=2
FAULT_ACTIVATE type=2 addr=25 bit=6 count=3
CHECKER_PASS run=1 requests=640 cycles=960 errors=3
CASE_RESULT id=718 type=2 addr=25 bit=6 activated=1 activations=3 detected=1 errors=3 first_phase=1 first_addr=25 first_expected=00 first_actual=40 requests=640 cycles=960
CASE_BEGIN id=719 type=2 addr=25 bit=7
FAULT_ACTIVATE type=2 addr=25 bit=7 count=1
FAULT_ACTIVATE type=2 addr=25 bit=7 count=2
FAULT_ACTIVATE type=2 addr=25 bit=7 count=3
CHECKER_PASS run=1 requests=640 cycles=960 errors=3
CASE_RESULT id=719 type=2 addr=25 bit=7 activated=1 activations=3 detected=1 errors=3 first_phase=1 first_addr=25 first_expected=00 first_actual=80 requests=640 cycles=960
CASE_BEGIN id=720 type=2 addr=26 bit=0
FAULT_ACTIVATE type=2 addr=26 bit=0 count=1
FAULT_ACTIVATE type=2 addr=26 bit=0 count=2
FAULT_ACTIVATE type=2 addr=26 bit=0 count=3
CHECKER_PASS run=1 requests=640 cycles=960 errors=3
CASE_RESULT id=720 type=2 addr=26 bit=0 activated=1 activations=3 detected=1 errors=3 first_phase=1 first_addr=26 first_expected=00 first_actual=01 requests=640 cycles=960
CASE_BEGIN id=721 type=2 addr=26 bit=1
FAULT_ACTIVATE type=2 addr=26 bit=1 count=1
FAULT_ACTIVATE type=2 addr=26 bit=1 count=2
FAULT_ACTIVATE type=2 addr=26 bit=1 count=3
CHECKER_PASS run=1 requests=640 cycles=960 errors=3
CASE_RESULT id=721 type=2 addr=26 bit=1 activated=1 activations=3 detected=1 errors=3 first_phase=1 first_addr=26 first_expected=00 first_actual=02 requests=640 cycles=960
CASE_BEGIN id=722 type=2 addr=26 bit=2
FAULT_ACTIVATE type=2 addr=26 bit=2 count=1
FAULT_ACTIVATE type=2 addr=26 bit=2 count=2
FAULT_ACTIVATE type=2 addr=26 bit=2 count=3
CHECKER_PASS run=1 requests=640 cycles=960 errors=3
CASE_RESULT id=722 type=2 addr=26 bit=2 activated=1 activations=3 detected=1 errors=3 first_phase=1 first_addr=26 first_expected=00 first_actual=04 requests=640 cycles=960
CASE_BEGIN id=723 type=2 addr=26 bit=3
FAULT_ACTIVATE type=2 addr=26 bit=3 count=1
FAULT_ACTIVATE type=2 addr=26 bit=3 count=2
FAULT_ACTIVATE type=2 addr=26 bit=3 count=3
CHECKER_PASS run=1 requests=640 cycles=960 errors=3
CASE_RESULT id=723 type=2 addr=26 bit=3 activated=1 activations=3 detected=1 errors=3 first_phase=1 first_addr=26 first_expected=00 first_actual=08 requests=640 cycles=960
CASE_BEGIN id=724 type=2 addr=26 bit=4
FAULT_ACTIVATE type=2 addr=26 bit=4 count=1
FAULT_ACTIVATE type=2 addr=26 bit=4 count=2
FAULT_ACTIVATE type=2 addr=26 bit=4 count=3
CHECKER_PASS run=1 requests=640 cycles=960 errors=3
CASE_RESULT id=724 type=2 addr=26 bit=4 activated=1 activations=3 detected=1 errors=3 first_phase=1 first_addr=26 first_expected=00 first_actual=10 requests=640 cycles=960
CASE_BEGIN id=725 type=2 addr=26 bit=5
FAULT_ACTIVATE type=2 addr=26 bit=5 count=1
FAULT_ACTIVATE type=2 addr=26 bit=5 count=2
FAULT_ACTIVATE type=2 addr=26 bit=5 count=3
CHECKER_PASS run=1 requests=640 cycles=960 errors=3
CASE_RESULT id=725 type=2 addr=26 bit=5 activated=1 activations=3 detected=1 errors=3 first_phase=1 first_addr=26 first_expected=00 first_actual=20 requests=640 cycles=960
CASE_BEGIN id=726 type=2 addr=26 bit=6
FAULT_ACTIVATE type=2 addr=26 bit=6 count=1
FAULT_ACTIVATE type=2 addr=26 bit=6 count=2
FAULT_ACTIVATE type=2 addr=26 bit=6 count=3
CHECKER_PASS run=1 requests=640 cycles=960 errors=3
CASE_RESULT id=726 type=2 addr=26 bit=6 activated=1 activations=3 detected=1 errors=3 first_phase=1 first_addr=26 first_expected=00 first_actual=40 requests=640 cycles=960
CASE_BEGIN id=727 type=2 addr=26 bit=7
FAULT_ACTIVATE type=2 addr=26 bit=7 count=1
FAULT_ACTIVATE type=2 addr=26 bit=7 count=2
FAULT_ACTIVATE type=2 addr=26 bit=7 count=3
CHECKER_PASS run=1 requests=640 cycles=960 errors=3
CASE_RESULT id=727 type=2 addr=26 bit=7 activated=1 activations=3 detected=1 errors=3 first_phase=1 first_addr=26 first_expected=00 first_actual=80 requests=640 cycles=960
CASE_BEGIN id=728 type=2 addr=27 bit=0
FAULT_ACTIVATE type=2 addr=27 bit=0 count=1
FAULT_ACTIVATE type=2 addr=27 bit=0 count=2
FAULT_ACTIVATE type=2 addr=27 bit=0 count=3
CHECKER_PASS run=1 requests=640 cycles=960 errors=3
CASE_RESULT id=728 type=2 addr=27 bit=0 activated=1 activations=3 detected=1 errors=3 first_phase=1 first_addr=27 first_expected=00 first_actual=01 requests=640 cycles=960
CASE_BEGIN id=729 type=2 addr=27 bit=1
FAULT_ACTIVATE type=2 addr=27 bit=1 count=1
FAULT_ACTIVATE type=2 addr=27 bit=1 count=2
FAULT_ACTIVATE type=2 addr=27 bit=1 count=3
CHECKER_PASS run=1 requests=640 cycles=960 errors=3
CASE_RESULT id=729 type=2 addr=27 bit=1 activated=1 activations=3 detected=1 errors=3 first_phase=1 first_addr=27 first_expected=00 first_actual=02 requests=640 cycles=960
CASE_BEGIN id=730 type=2 addr=27 bit=2
FAULT_ACTIVATE type=2 addr=27 bit=2 count=1
FAULT_ACTIVATE type=2 addr=27 bit=2 count=2
FAULT_ACTIVATE type=2 addr=27 bit=2 count=3
CHECKER_PASS run=1 requests=640 cycles=960 errors=3
CASE_RESULT id=730 type=2 addr=27 bit=2 activated=1 activations=3 detected=1 errors=3 first_phase=1 first_addr=27 first_expected=00 first_actual=04 requests=640 cycles=960
CASE_BEGIN id=731 type=2 addr=27 bit=3
FAULT_ACTIVATE type=2 addr=27 bit=3 count=1
FAULT_ACTIVATE type=2 addr=27 bit=3 count=2
FAULT_ACTIVATE type=2 addr=27 bit=3 count=3
CHECKER_PASS run=1 requests=640 cycles=960 errors=3
CASE_RESULT id=731 type=2 addr=27 bit=3 activated=1 activations=3 detected=1 errors=3 first_phase=1 first_addr=27 first_expected=00 first_actual=08 requests=640 cycles=960
CASE_BEGIN id=732 type=2 addr=27 bit=4
FAULT_ACTIVATE type=2 addr=27 bit=4 count=1
FAULT_ACTIVATE type=2 addr=27 bit=4 count=2
FAULT_ACTIVATE type=2 addr=27 bit=4 count=3
CHECKER_PASS run=1 requests=640 cycles=960 errors=3
CASE_RESULT id=732 type=2 addr=27 bit=4 activated=1 activations=3 detected=1 errors=3 first_phase=1 first_addr=27 first_expected=00 first_actual=10 requests=640 cycles=960
CASE_BEGIN id=733 type=2 addr=27 bit=5
FAULT_ACTIVATE type=2 addr=27 bit=5 count=1
FAULT_ACTIVATE type=2 addr=27 bit=5 count=2
FAULT_ACTIVATE type=2 addr=27 bit=5 count=3
CHECKER_PASS run=1 requests=640 cycles=960 errors=3
CASE_RESULT id=733 type=2 addr=27 bit=5 activated=1 activations=3 detected=1 errors=3 first_phase=1 first_addr=27 first_expected=00 first_actual=20 requests=640 cycles=960
CASE_BEGIN id=734 type=2 addr=27 bit=6
FAULT_ACTIVATE type=2 addr=27 bit=6 count=1
FAULT_ACTIVATE type=2 addr=27 bit=6 count=2
FAULT_ACTIVATE type=2 addr=27 bit=6 count=3
CHECKER_PASS run=1 requests=640 cycles=960 errors=3
CASE_RESULT id=734 type=2 addr=27 bit=6 activated=1 activations=3 detected=1 errors=3 first_phase=1 first_addr=27 first_expected=00 first_actual=40 requests=640 cycles=960
CASE_BEGIN id=735 type=2 addr=27 bit=7
FAULT_ACTIVATE type=2 addr=27 bit=7 count=1
FAULT_ACTIVATE type=2 addr=27 bit=7 count=2
FAULT_ACTIVATE type=2 addr=27 bit=7 count=3
CHECKER_PASS run=1 requests=640 cycles=960 errors=3
CASE_RESULT id=735 type=2 addr=27 bit=7 activated=1 activations=3 detected=1 errors=3 first_phase=1 first_addr=27 first_expected=00 first_actual=80 requests=640 cycles=960
CASE_BEGIN id=736 type=2 addr=28 bit=0
FAULT_ACTIVATE type=2 addr=28 bit=0 count=1
FAULT_ACTIVATE type=2 addr=28 bit=0 count=2
FAULT_ACTIVATE type=2 addr=28 bit=0 count=3
CHECKER_PASS run=1 requests=640 cycles=960 errors=3
CASE_RESULT id=736 type=2 addr=28 bit=0 activated=1 activations=3 detected=1 errors=3 first_phase=1 first_addr=28 first_expected=00 first_actual=01 requests=640 cycles=960
CASE_BEGIN id=737 type=2 addr=28 bit=1
FAULT_ACTIVATE type=2 addr=28 bit=1 count=1
FAULT_ACTIVATE type=2 addr=28 bit=1 count=2
FAULT_ACTIVATE type=2 addr=28 bit=1 count=3
CHECKER_PASS run=1 requests=640 cycles=960 errors=3
CASE_RESULT id=737 type=2 addr=28 bit=1 activated=1 activations=3 detected=1 errors=3 first_phase=1 first_addr=28 first_expected=00 first_actual=02 requests=640 cycles=960
CASE_BEGIN id=738 type=2 addr=28 bit=2
FAULT_ACTIVATE type=2 addr=28 bit=2 count=1
FAULT_ACTIVATE type=2 addr=28 bit=2 count=2
FAULT_ACTIVATE type=2 addr=28 bit=2 count=3
CHECKER_PASS run=1 requests=640 cycles=960 errors=3
CASE_RESULT id=738 type=2 addr=28 bit=2 activated=1 activations=3 detected=1 errors=3 first_phase=1 first_addr=28 first_expected=00 first_actual=04 requests=640 cycles=960
CASE_BEGIN id=739 type=2 addr=28 bit=3
FAULT_ACTIVATE type=2 addr=28 bit=3 count=1
FAULT_ACTIVATE type=2 addr=28 bit=3 count=2
FAULT_ACTIVATE type=2 addr=28 bit=3 count=3
CHECKER_PASS run=1 requests=640 cycles=960 errors=3
CASE_RESULT id=739 type=2 addr=28 bit=3 activated=1 activations=3 detected=1 errors=3 first_phase=1 first_addr=28 first_expected=00 first_actual=08 requests=640 cycles=960
CASE_BEGIN id=740 type=2 addr=28 bit=4
FAULT_ACTIVATE type=2 addr=28 bit=4 count=1
FAULT_ACTIVATE type=2 addr=28 bit=4 count=2
FAULT_ACTIVATE type=2 addr=28 bit=4 count=3
CHECKER_PASS run=1 requests=640 cycles=960 errors=3
CASE_RESULT id=740 type=2 addr=28 bit=4 activated=1 activations=3 detected=1 errors=3 first_phase=1 first_addr=28 first_expected=00 first_actual=10 requests=640 cycles=960
CASE_BEGIN id=741 type=2 addr=28 bit=5
FAULT_ACTIVATE type=2 addr=28 bit=5 count=1
FAULT_ACTIVATE type=2 addr=28 bit=5 count=2
FAULT_ACTIVATE type=2 addr=28 bit=5 count=3
CHECKER_PASS run=1 requests=640 cycles=960 errors=3
CASE_RESULT id=741 type=2 addr=28 bit=5 activated=1 activations=3 detected=1 errors=3 first_phase=1 first_addr=28 first_expected=00 first_actual=20 requests=640 cycles=960
CASE_BEGIN id=742 type=2 addr=28 bit=6
FAULT_ACTIVATE type=2 addr=28 bit=6 count=1
FAULT_ACTIVATE type=2 addr=28 bit=6 count=2
FAULT_ACTIVATE type=2 addr=28 bit=6 count=3
CHECKER_PASS run=1 requests=640 cycles=960 errors=3
CASE_RESULT id=742 type=2 addr=28 bit=6 activated=1 activations=3 detected=1 errors=3 first_phase=1 first_addr=28 first_expected=00 first_actual=40 requests=640 cycles=960
CASE_BEGIN id=743 type=2 addr=28 bit=7
FAULT_ACTIVATE type=2 addr=28 bit=7 count=1
FAULT_ACTIVATE type=2 addr=28 bit=7 count=2
FAULT_ACTIVATE type=2 addr=28 bit=7 count=3
CHECKER_PASS run=1 requests=640 cycles=960 errors=3
CASE_RESULT id=743 type=2 addr=28 bit=7 activated=1 activations=3 detected=1 errors=3 first_phase=1 first_addr=28 first_expected=00 first_actual=80 requests=640 cycles=960
CASE_BEGIN id=744 type=2 addr=29 bit=0
FAULT_ACTIVATE type=2 addr=29 bit=0 count=1
FAULT_ACTIVATE type=2 addr=29 bit=0 count=2
FAULT_ACTIVATE type=2 addr=29 bit=0 count=3
CHECKER_PASS run=1 requests=640 cycles=960 errors=3
CASE_RESULT id=744 type=2 addr=29 bit=0 activated=1 activations=3 detected=1 errors=3 first_phase=1 first_addr=29 first_expected=00 first_actual=01 requests=640 cycles=960
CASE_BEGIN id=745 type=2 addr=29 bit=1
FAULT_ACTIVATE type=2 addr=29 bit=1 count=1
FAULT_ACTIVATE type=2 addr=29 bit=1 count=2
FAULT_ACTIVATE type=2 addr=29 bit=1 count=3
CHECKER_PASS run=1 requests=640 cycles=960 errors=3
CASE_RESULT id=745 type=2 addr=29 bit=1 activated=1 activations=3 detected=1 errors=3 first_phase=1 first_addr=29 first_expected=00 first_actual=02 requests=640 cycles=960
CASE_BEGIN id=746 type=2 addr=29 bit=2
FAULT_ACTIVATE type=2 addr=29 bit=2 count=1
FAULT_ACTIVATE type=2 addr=29 bit=2 count=2
FAULT_ACTIVATE type=2 addr=29 bit=2 count=3
CHECKER_PASS run=1 requests=640 cycles=960 errors=3
CASE_RESULT id=746 type=2 addr=29 bit=2 activated=1 activations=3 detected=1 errors=3 first_phase=1 first_addr=29 first_expected=00 first_actual=04 requests=640 cycles=960
CASE_BEGIN id=747 type=2 addr=29 bit=3
FAULT_ACTIVATE type=2 addr=29 bit=3 count=1
FAULT_ACTIVATE type=2 addr=29 bit=3 count=2
FAULT_ACTIVATE type=2 addr=29 bit=3 count=3
CHECKER_PASS run=1 requests=640 cycles=960 errors=3
CASE_RESULT id=747 type=2 addr=29 bit=3 activated=1 activations=3 detected=1 errors=3 first_phase=1 first_addr=29 first_expected=00 first_actual=08 requests=640 cycles=960
CASE_BEGIN id=748 type=2 addr=29 bit=4
FAULT_ACTIVATE type=2 addr=29 bit=4 count=1
FAULT_ACTIVATE type=2 addr=29 bit=4 count=2
FAULT_ACTIVATE type=2 addr=29 bit=4 count=3
CHECKER_PASS run=1 requests=640 cycles=960 errors=3
CASE_RESULT id=748 type=2 addr=29 bit=4 activated=1 activations=3 detected=1 errors=3 first_phase=1 first_addr=29 first_expected=00 first_actual=10 requests=640 cycles=960
CASE_BEGIN id=749 type=2 addr=29 bit=5
FAULT_ACTIVATE type=2 addr=29 bit=5 count=1
FAULT_ACTIVATE type=2 addr=29 bit=5 count=2
FAULT_ACTIVATE type=2 addr=29 bit=5 count=3
CHECKER_PASS run=1 requests=640 cycles=960 errors=3
CASE_RESULT id=749 type=2 addr=29 bit=5 activated=1 activations=3 detected=1 errors=3 first_phase=1 first_addr=29 first_expected=00 first_actual=20 requests=640 cycles=960
CASE_BEGIN id=750 type=2 addr=29 bit=6
FAULT_ACTIVATE type=2 addr=29 bit=6 count=1
FAULT_ACTIVATE type=2 addr=29 bit=6 count=2
FAULT_ACTIVATE type=2 addr=29 bit=6 count=3
CHECKER_PASS run=1 requests=640 cycles=960 errors=3
CASE_RESULT id=750 type=2 addr=29 bit=6 activated=1 activations=3 detected=1 errors=3 first_phase=1 first_addr=29 first_expected=00 first_actual=40 requests=640 cycles=960
CASE_BEGIN id=751 type=2 addr=29 bit=7
FAULT_ACTIVATE type=2 addr=29 bit=7 count=1
FAULT_ACTIVATE type=2 addr=29 bit=7 count=2
FAULT_ACTIVATE type=2 addr=29 bit=7 count=3
CHECKER_PASS run=1 requests=640 cycles=960 errors=3
CASE_RESULT id=751 type=2 addr=29 bit=7 activated=1 activations=3 detected=1 errors=3 first_phase=1 first_addr=29 first_expected=00 first_actual=80 requests=640 cycles=960
CASE_BEGIN id=752 type=2 addr=30 bit=0
FAULT_ACTIVATE type=2 addr=30 bit=0 count=1
FAULT_ACTIVATE type=2 addr=30 bit=0 count=2
FAULT_ACTIVATE type=2 addr=30 bit=0 count=3
CHECKER_PASS run=1 requests=640 cycles=960 errors=3
CASE_RESULT id=752 type=2 addr=30 bit=0 activated=1 activations=3 detected=1 errors=3 first_phase=1 first_addr=30 first_expected=00 first_actual=01 requests=640 cycles=960
CASE_BEGIN id=753 type=2 addr=30 bit=1
FAULT_ACTIVATE type=2 addr=30 bit=1 count=1
FAULT_ACTIVATE type=2 addr=30 bit=1 count=2
FAULT_ACTIVATE type=2 addr=30 bit=1 count=3
CHECKER_PASS run=1 requests=640 cycles=960 errors=3
CASE_RESULT id=753 type=2 addr=30 bit=1 activated=1 activations=3 detected=1 errors=3 first_phase=1 first_addr=30 first_expected=00 first_actual=02 requests=640 cycles=960
CASE_BEGIN id=754 type=2 addr=30 bit=2
FAULT_ACTIVATE type=2 addr=30 bit=2 count=1
FAULT_ACTIVATE type=2 addr=30 bit=2 count=2
FAULT_ACTIVATE type=2 addr=30 bit=2 count=3
CHECKER_PASS run=1 requests=640 cycles=960 errors=3
CASE_RESULT id=754 type=2 addr=30 bit=2 activated=1 activations=3 detected=1 errors=3 first_phase=1 first_addr=30 first_expected=00 first_actual=04 requests=640 cycles=960
CASE_BEGIN id=755 type=2 addr=30 bit=3
FAULT_ACTIVATE type=2 addr=30 bit=3 count=1
FAULT_ACTIVATE type=2 addr=30 bit=3 count=2
FAULT_ACTIVATE type=2 addr=30 bit=3 count=3
CHECKER_PASS run=1 requests=640 cycles=960 errors=3
CASE_RESULT id=755 type=2 addr=30 bit=3 activated=1 activations=3 detected=1 errors=3 first_phase=1 first_addr=30 first_expected=00 first_actual=08 requests=640 cycles=960
CASE_BEGIN id=756 type=2 addr=30 bit=4
FAULT_ACTIVATE type=2 addr=30 bit=4 count=1
FAULT_ACTIVATE type=2 addr=30 bit=4 count=2
FAULT_ACTIVATE type=2 addr=30 bit=4 count=3
CHECKER_PASS run=1 requests=640 cycles=960 errors=3
CASE_RESULT id=756 type=2 addr=30 bit=4 activated=1 activations=3 detected=1 errors=3 first_phase=1 first_addr=30 first_expected=00 first_actual=10 requests=640 cycles=960
CASE_BEGIN id=757 type=2 addr=30 bit=5
FAULT_ACTIVATE type=2 addr=30 bit=5 count=1
FAULT_ACTIVATE type=2 addr=30 bit=5 count=2
FAULT_ACTIVATE type=2 addr=30 bit=5 count=3
CHECKER_PASS run=1 requests=640 cycles=960 errors=3
CASE_RESULT id=757 type=2 addr=30 bit=5 activated=1 activations=3 detected=1 errors=3 first_phase=1 first_addr=30 first_expected=00 first_actual=20 requests=640 cycles=960
CASE_BEGIN id=758 type=2 addr=30 bit=6
FAULT_ACTIVATE type=2 addr=30 bit=6 count=1
FAULT_ACTIVATE type=2 addr=30 bit=6 count=2
FAULT_ACTIVATE type=2 addr=30 bit=6 count=3
CHECKER_PASS run=1 requests=640 cycles=960 errors=3
CASE_RESULT id=758 type=2 addr=30 bit=6 activated=1 activations=3 detected=1 errors=3 first_phase=1 first_addr=30 first_expected=00 first_actual=40 requests=640 cycles=960
CASE_BEGIN id=759 type=2 addr=30 bit=7
FAULT_ACTIVATE type=2 addr=30 bit=7 count=1
FAULT_ACTIVATE type=2 addr=30 bit=7 count=2
FAULT_ACTIVATE type=2 addr=30 bit=7 count=3
CHECKER_PASS run=1 requests=640 cycles=960 errors=3
CASE_RESULT id=759 type=2 addr=30 bit=7 activated=1 activations=3 detected=1 errors=3 first_phase=1 first_addr=30 first_expected=00 first_actual=80 requests=640 cycles=960
CASE_BEGIN id=760 type=2 addr=31 bit=0
FAULT_ACTIVATE type=2 addr=31 bit=0 count=1
FAULT_ACTIVATE type=2 addr=31 bit=0 count=2
FAULT_ACTIVATE type=2 addr=31 bit=0 count=3
CHECKER_PASS run=1 requests=640 cycles=960 errors=3
CASE_RESULT id=760 type=2 addr=31 bit=0 activated=1 activations=3 detected=1 errors=3 first_phase=1 first_addr=31 first_expected=00 first_actual=01 requests=640 cycles=960
CASE_BEGIN id=761 type=2 addr=31 bit=1
FAULT_ACTIVATE type=2 addr=31 bit=1 count=1
FAULT_ACTIVATE type=2 addr=31 bit=1 count=2
FAULT_ACTIVATE type=2 addr=31 bit=1 count=3
CHECKER_PASS run=1 requests=640 cycles=960 errors=3
CASE_RESULT id=761 type=2 addr=31 bit=1 activated=1 activations=3 detected=1 errors=3 first_phase=1 first_addr=31 first_expected=00 first_actual=02 requests=640 cycles=960
CASE_BEGIN id=762 type=2 addr=31 bit=2
FAULT_ACTIVATE type=2 addr=31 bit=2 count=1
FAULT_ACTIVATE type=2 addr=31 bit=2 count=2
FAULT_ACTIVATE type=2 addr=31 bit=2 count=3
CHECKER_PASS run=1 requests=640 cycles=960 errors=3
CASE_RESULT id=762 type=2 addr=31 bit=2 activated=1 activations=3 detected=1 errors=3 first_phase=1 first_addr=31 first_expected=00 first_actual=04 requests=640 cycles=960
CASE_BEGIN id=763 type=2 addr=31 bit=3
FAULT_ACTIVATE type=2 addr=31 bit=3 count=1
FAULT_ACTIVATE type=2 addr=31 bit=3 count=2
FAULT_ACTIVATE type=2 addr=31 bit=3 count=3
CHECKER_PASS run=1 requests=640 cycles=960 errors=3
CASE_RESULT id=763 type=2 addr=31 bit=3 activated=1 activations=3 detected=1 errors=3 first_phase=1 first_addr=31 first_expected=00 first_actual=08 requests=640 cycles=960
CASE_BEGIN id=764 type=2 addr=31 bit=4
FAULT_ACTIVATE type=2 addr=31 bit=4 count=1
FAULT_ACTIVATE type=2 addr=31 bit=4 count=2
FAULT_ACTIVATE type=2 addr=31 bit=4 count=3
CHECKER_PASS run=1 requests=640 cycles=960 errors=3
CASE_RESULT id=764 type=2 addr=31 bit=4 activated=1 activations=3 detected=1 errors=3 first_phase=1 first_addr=31 first_expected=00 first_actual=10 requests=640 cycles=960
CASE_BEGIN id=765 type=2 addr=31 bit=5
FAULT_ACTIVATE type=2 addr=31 bit=5 count=1
FAULT_ACTIVATE type=2 addr=31 bit=5 count=2
FAULT_ACTIVATE type=2 addr=31 bit=5 count=3
CHECKER_PASS run=1 requests=640 cycles=960 errors=3
CASE_RESULT id=765 type=2 addr=31 bit=5 activated=1 activations=3 detected=1 errors=3 first_phase=1 first_addr=31 first_expected=00 first_actual=20 requests=640 cycles=960
CASE_BEGIN id=766 type=2 addr=31 bit=6
FAULT_ACTIVATE type=2 addr=31 bit=6 count=1
FAULT_ACTIVATE type=2 addr=31 bit=6 count=2
FAULT_ACTIVATE type=2 addr=31 bit=6 count=3
CHECKER_PASS run=1 requests=640 cycles=960 errors=3
CASE_RESULT id=766 type=2 addr=31 bit=6 activated=1 activations=3 detected=1 errors=3 first_phase=1 first_addr=31 first_expected=00 first_actual=40 requests=640 cycles=960
CASE_BEGIN id=767 type=2 addr=31 bit=7
FAULT_ACTIVATE type=2 addr=31 bit=7 count=1
FAULT_ACTIVATE type=2 addr=31 bit=7 count=2
FAULT_ACTIVATE type=2 addr=31 bit=7 count=3
CHECKER_PASS run=1 requests=640 cycles=960 errors=3
CASE_RESULT id=767 type=2 addr=31 bit=7 activated=1 activations=3 detected=1 errors=3 first_phase=1 first_addr=31 first_expected=00 first_actual=80 requests=640 cycles=960
CAMPAIGN_DONE start=704 count=64
$finish called at time : 1235200 ns : File "<PROJECT_ROOT>/tb/tb_step06_campaign.sv" Line 126
exit
INFO: [Common 17-206] Exiting xsim at Sat Sep 26 10:33:30 2026...
