Copyright 1986-2018 Xilinx, Inc. All Rights Reserved.
--------------------------------------------------------------------------------------------------------------------------------------------------------------------------------
| Tool Version : Vivado v.2018.3 (win64) Build 2405991 Thu Dec  6 23:38:27 MST 2018
| Date         : Sat Sep 26 17:59:06 2026
| Host         : Hugo running 64-bit major release  (build 9200)
| Command      : report_timing -delay_type min -max_paths 10 -file C:/Users/32035/Desktop/FPGA/ProjectIII/results/reruns/20260926_engineering_review/step08/base/hold_paths.rpt
| Design       : board_top
| Device       : 7a35t-fgg484
| Speed File   : -2  PRODUCTION 1.23 2018-06-13
--------------------------------------------------------------------------------------------------------------------------------------------------------------------------------

Timing Report

Slack (MET) :             0.091ns  (arrival time - required time)
  Source:                 u_mbist/u_address/addr_reg[2]/C
                            (rising edge-triggered cell FDRE clocked by sys_clk  {rise@0.000ns fall@10.000ns period=20.000ns})
  Destination:            u_bram/mem_reg/ADDRARDADDR[6]
                            (rising edge-triggered cell RAMB18E1 clocked by sys_clk  {rise@0.000ns fall@10.000ns period=20.000ns})
  Path Group:             sys_clk
  Path Type:              Hold (Min at Fast Process Corner)
  Requirement:            0.000ns  (sys_clk rise@0.000ns - sys_clk rise@0.000ns)
  Data Path Delay:        0.330ns  (logic 0.164ns (49.718%)  route 0.166ns (50.282%))
  Logic Levels:           0  
  Clock Path Skew:        0.056ns (DCD - SCD - CPR)
    Destination Clock Delay (DCD):    2.046ns
    Source Clock Delay      (SCD):    1.492ns
    Clock Pessimism Removal (CPR):    0.498ns

    Location             Delay type                Incr(ns)  Path(ns)    Netlist Resource(s)
  -------------------------------------------------------------------    -------------------
                         (clock sys_clk rise edge)    0.000     0.000 r  
    R4                                                0.000     0.000 r  sys_clk (IN)
                         net (fo=0)                   0.000     0.000    sys_clk
    R4                   IBUF (Prop_ibuf_I_O)         0.269     0.269 r  sys_clk_IBUF_inst/O
                         net (fo=1, routed)           0.631     0.900    sys_clk_IBUF
    BUFGCTRL_X0Y0        BUFG (Prop_bufg_I_O)         0.026     0.926 r  sys_clk_IBUF_BUFG_inst/O
                         net (fo=63, routed)          0.567     1.492    u_mbist/u_address/clk
    SLICE_X56Y42         FDRE                                         r  u_mbist/u_address/addr_reg[2]/C
  -------------------------------------------------------------------    -------------------
    SLICE_X56Y42         FDRE (Prop_fdre_C_Q)         0.164     1.656 r  u_mbist/u_address/addr_reg[2]/Q
                         net (fo=7, routed)           0.166     1.822    u_bram/req_addr[2]
    RAMB18_X2Y16         RAMB18E1                                     r  u_bram/mem_reg/ADDRARDADDR[6]
  -------------------------------------------------------------------    -------------------

                         (clock sys_clk rise edge)    0.000     0.000 r  
    R4                                                0.000     0.000 r  sys_clk (IN)
                         net (fo=0)                   0.000     0.000    sys_clk
    R4                   IBUF (Prop_ibuf_I_O)         0.457     0.457 r  sys_clk_IBUF_inst/O
                         net (fo=1, routed)           0.685     1.141    sys_clk_IBUF
    BUFGCTRL_X0Y0        BUFG (Prop_bufg_I_O)         0.029     1.170 r  sys_clk_IBUF_BUFG_inst/O
                         net (fo=63, routed)          0.875     2.046    u_bram/clk
    RAMB18_X2Y16         RAMB18E1                                     r  u_bram/mem_reg/CLKARDCLK
                         clock pessimism             -0.498     1.548    
    RAMB18_X2Y16         RAMB18E1 (Hold_ramb18e1_CLKARDCLK_ADDRARDADDR[6])
                                                      0.183     1.731    u_bram/mem_reg
  -------------------------------------------------------------------
                         required time                         -1.731    
                         arrival time                           1.822    
  -------------------------------------------------------------------
                         slack                                  0.091    

Slack (MET) :             0.159ns  (arrival time - required time)
  Source:                 key_sync_reg[0]/C
                            (rising edge-triggered cell FDSE clocked by sys_clk  {rise@0.000ns fall@10.000ns period=20.000ns})
  Destination:            key_sync_reg[1]/D
                            (rising edge-triggered cell FDSE clocked by sys_clk  {rise@0.000ns fall@10.000ns period=20.000ns})
  Path Group:             sys_clk
  Path Type:              Hold (Min at Fast Process Corner)
  Requirement:            0.000ns  (sys_clk rise@0.000ns - sys_clk rise@0.000ns)
  Data Path Delay:        0.219ns  (logic 0.164ns (74.792%)  route 0.055ns (25.208%))
  Logic Levels:           0  
  Clock Path Skew:        0.000ns (DCD - SCD - CPR)
    Destination Clock Delay (DCD):    2.036ns
    Source Clock Delay      (SCD):    1.520ns
    Clock Pessimism Removal (CPR):    0.516ns

    Location             Delay type                Incr(ns)  Path(ns)    Netlist Resource(s)
  -------------------------------------------------------------------    -------------------
                         (clock sys_clk rise edge)    0.000     0.000 r  
    R4                                                0.000     0.000 r  sys_clk (IN)
                         net (fo=0)                   0.000     0.000    sys_clk
    R4                   IBUF (Prop_ibuf_I_O)         0.269     0.269 r  sys_clk_IBUF_inst/O
                         net (fo=1, routed)           0.631     0.900    sys_clk_IBUF
    BUFGCTRL_X0Y0        BUFG (Prop_bufg_I_O)         0.026     0.926 r  sys_clk_IBUF_BUFG_inst/O
                         net (fo=63, routed)          0.595     1.520    sys_clk_IBUF_BUFG
    SLICE_X64Y43         FDSE                                         r  key_sync_reg[0]/C
  -------------------------------------------------------------------    -------------------
    SLICE_X64Y43         FDSE (Prop_fdse_C_Q)         0.164     1.684 r  key_sync_reg[0]/Q
                         net (fo=1, routed)           0.055     1.740    key_sync[0]
    SLICE_X64Y43         FDSE                                         r  key_sync_reg[1]/D
  -------------------------------------------------------------------    -------------------

                         (clock sys_clk rise edge)    0.000     0.000 r  
    R4                                                0.000     0.000 r  sys_clk (IN)
                         net (fo=0)                   0.000     0.000    sys_clk
    R4                   IBUF (Prop_ibuf_I_O)         0.457     0.457 r  sys_clk_IBUF_inst/O
                         net (fo=1, routed)           0.685     1.141    sys_clk_IBUF
    BUFGCTRL_X0Y0        BUFG (Prop_bufg_I_O)         0.029     1.170 r  sys_clk_IBUF_BUFG_inst/O
                         net (fo=63, routed)          0.866     2.036    sys_clk_IBUF_BUFG
    SLICE_X64Y43         FDSE                                         r  key_sync_reg[1]/C
                         clock pessimism             -0.516     1.520    
    SLICE_X64Y43         FDSE (Hold_fdse_C_D)         0.060     1.580    key_sync_reg[1]
  -------------------------------------------------------------------
                         required time                         -1.580    
                         arrival time                           1.740    
  -------------------------------------------------------------------
                         slack                                  0.159    

Slack (MET) :             0.167ns  (arrival time - required time)
  Source:                 u_mbist/u_address/addr_reg[4]/C
                            (rising edge-triggered cell FDRE clocked by sys_clk  {rise@0.000ns fall@10.000ns period=20.000ns})
  Destination:            u_bram/mem_reg/ADDRARDADDR[8]
                            (rising edge-triggered cell RAMB18E1 clocked by sys_clk  {rise@0.000ns fall@10.000ns period=20.000ns})
  Path Group:             sys_clk
  Path Type:              Hold (Min at Fast Process Corner)
  Requirement:            0.000ns  (sys_clk rise@0.000ns - sys_clk rise@0.000ns)
  Data Path Delay:        0.406ns  (logic 0.164ns (40.408%)  route 0.242ns (59.592%))
  Logic Levels:           0  
  Clock Path Skew:        0.056ns (DCD - SCD - CPR)
    Destination Clock Delay (DCD):    2.046ns
    Source Clock Delay      (SCD):    1.492ns
    Clock Pessimism Removal (CPR):    0.498ns

    Location             Delay type                Incr(ns)  Path(ns)    Netlist Resource(s)
  -------------------------------------------------------------------    -------------------
                         (clock sys_clk rise edge)    0.000     0.000 r  
    R4                                                0.000     0.000 r  sys_clk (IN)
                         net (fo=0)                   0.000     0.000    sys_clk
    R4                   IBUF (Prop_ibuf_I_O)         0.269     0.269 r  sys_clk_IBUF_inst/O
                         net (fo=1, routed)           0.631     0.900    sys_clk_IBUF
    BUFGCTRL_X0Y0        BUFG (Prop_bufg_I_O)         0.026     0.926 r  sys_clk_IBUF_BUFG_inst/O
                         net (fo=63, routed)          0.567     1.492    u_mbist/u_address/clk
    SLICE_X56Y41         FDRE                                         r  u_mbist/u_address/addr_reg[4]/C
  -------------------------------------------------------------------    -------------------
    SLICE_X56Y41         FDRE (Prop_fdre_C_Q)         0.164     1.656 r  u_mbist/u_address/addr_reg[4]/Q
                         net (fo=5, routed)           0.242     1.898    u_bram/req_addr[4]
    RAMB18_X2Y16         RAMB18E1                                     r  u_bram/mem_reg/ADDRARDADDR[8]
  -------------------------------------------------------------------    -------------------

                         (clock sys_clk rise edge)    0.000     0.000 r  
    R4                                                0.000     0.000 r  sys_clk (IN)
                         net (fo=0)                   0.000     0.000    sys_clk
    R4                   IBUF (Prop_ibuf_I_O)         0.457     0.457 r  sys_clk_IBUF_inst/O
                         net (fo=1, routed)           0.685     1.141    sys_clk_IBUF
    BUFGCTRL_X0Y0        BUFG (Prop_bufg_I_O)         0.029     1.170 r  sys_clk_IBUF_BUFG_inst/O
                         net (fo=63, routed)          0.875     2.046    u_bram/clk
    RAMB18_X2Y16         RAMB18E1                                     r  u_bram/mem_reg/CLKARDCLK
                         clock pessimism             -0.498     1.548    
    RAMB18_X2Y16         RAMB18E1 (Hold_ramb18e1_CLKARDCLK_ADDRARDADDR[8])
                                                      0.183     1.731    u_bram/mem_reg
  -------------------------------------------------------------------
                         required time                         -1.731    
                         arrival time                           1.898    
  -------------------------------------------------------------------
                         slack                                  0.167    

Slack (MET) :             0.181ns  (arrival time - required time)
  Source:                 u_mbist/u_address/addr_reg[5]/C
                            (rising edge-triggered cell FDRE clocked by sys_clk  {rise@0.000ns fall@10.000ns period=20.000ns})
  Destination:            u_bram/mem_reg/ADDRARDADDR[9]
                            (rising edge-triggered cell RAMB18E1 clocked by sys_clk  {rise@0.000ns fall@10.000ns period=20.000ns})
  Path Group:             sys_clk
  Path Type:              Hold (Min at Fast Process Corner)
  Requirement:            0.000ns  (sys_clk rise@0.000ns - sys_clk rise@0.000ns)
  Data Path Delay:        0.420ns  (logic 0.141ns (33.603%)  route 0.279ns (66.397%))
  Logic Levels:           0  
  Clock Path Skew:        0.056ns (DCD - SCD - CPR)
    Destination Clock Delay (DCD):    2.046ns
    Source Clock Delay      (SCD):    1.492ns
    Clock Pessimism Removal (CPR):    0.498ns

    Location             Delay type                Incr(ns)  Path(ns)    Netlist Resource(s)
  -------------------------------------------------------------------    -------------------
                         (clock sys_clk rise edge)    0.000     0.000 r  
    R4                                                0.000     0.000 r  sys_clk (IN)
                         net (fo=0)                   0.000     0.000    sys_clk
    R4                   IBUF (Prop_ibuf_I_O)         0.269     0.269 r  sys_clk_IBUF_inst/O
                         net (fo=1, routed)           0.631     0.900    sys_clk_IBUF
    BUFGCTRL_X0Y0        BUFG (Prop_bufg_I_O)         0.026     0.926 r  sys_clk_IBUF_BUFG_inst/O
                         net (fo=63, routed)          0.567     1.492    u_mbist/u_address/clk
    SLICE_X57Y41         FDRE                                         r  u_mbist/u_address/addr_reg[5]/C
  -------------------------------------------------------------------    -------------------
    SLICE_X57Y41         FDRE (Prop_fdre_C_Q)         0.141     1.633 r  u_mbist/u_address/addr_reg[5]/Q
                         net (fo=4, routed)           0.279     1.912    u_bram/req_addr[5]
    RAMB18_X2Y16         RAMB18E1                                     r  u_bram/mem_reg/ADDRARDADDR[9]
  -------------------------------------------------------------------    -------------------

                         (clock sys_clk rise edge)    0.000     0.000 r  
    R4                                                0.000     0.000 r  sys_clk (IN)
                         net (fo=0)                   0.000     0.000    sys_clk
    R4                   IBUF (Prop_ibuf_I_O)         0.457     0.457 r  sys_clk_IBUF_inst/O
                         net (fo=1, routed)           0.685     1.141    sys_clk_IBUF
    BUFGCTRL_X0Y0        BUFG (Prop_bufg_I_O)         0.029     1.170 r  sys_clk_IBUF_BUFG_inst/O
                         net (fo=63, routed)          0.875     2.046    u_bram/clk
    RAMB18_X2Y16         RAMB18E1                                     r  u_bram/mem_reg/CLKARDCLK
                         clock pessimism             -0.498     1.548    
    RAMB18_X2Y16         RAMB18E1 (Hold_ramb18e1_CLKARDCLK_ADDRARDADDR[9])
                                                      0.183     1.731    u_bram/mem_reg
  -------------------------------------------------------------------
                         required time                         -1.731    
                         arrival time                           1.912    
  -------------------------------------------------------------------
                         slack                                  0.181    

Slack (MET) :             0.183ns  (arrival time - required time)
  Source:                 u_mbist/u_address/addr_reg[3]/C
                            (rising edge-triggered cell FDRE clocked by sys_clk  {rise@0.000ns fall@10.000ns period=20.000ns})
  Destination:            u_bram/mem_reg/ADDRARDADDR[7]
                            (rising edge-triggered cell RAMB18E1 clocked by sys_clk  {rise@0.000ns fall@10.000ns period=20.000ns})
  Path Group:             sys_clk
  Path Type:              Hold (Min at Fast Process Corner)
  Requirement:            0.000ns  (sys_clk rise@0.000ns - sys_clk rise@0.000ns)
  Data Path Delay:        0.422ns  (logic 0.164ns (38.854%)  route 0.258ns (61.146%))
  Logic Levels:           0  
  Clock Path Skew:        0.056ns (DCD - SCD - CPR)
    Destination Clock Delay (DCD):    2.046ns
    Source Clock Delay      (SCD):    1.492ns
    Clock Pessimism Removal (CPR):    0.498ns

    Location             Delay type                Incr(ns)  Path(ns)    Netlist Resource(s)
  -------------------------------------------------------------------    -------------------
                         (clock sys_clk rise edge)    0.000     0.000 r  
    R4                                                0.000     0.000 r  sys_clk (IN)
                         net (fo=0)                   0.000     0.000    sys_clk
    R4                   IBUF (Prop_ibuf_I_O)         0.269     0.269 r  sys_clk_IBUF_inst/O
                         net (fo=1, routed)           0.631     0.900    sys_clk_IBUF
    BUFGCTRL_X0Y0        BUFG (Prop_bufg_I_O)         0.026     0.926 r  sys_clk_IBUF_BUFG_inst/O
                         net (fo=63, routed)          0.567     1.492    u_mbist/u_address/clk
    SLICE_X56Y41         FDRE                                         r  u_mbist/u_address/addr_reg[3]/C
  -------------------------------------------------------------------    -------------------
    SLICE_X56Y41         FDRE (Prop_fdre_C_Q)         0.164     1.656 r  u_mbist/u_address/addr_reg[3]/Q
                         net (fo=7, routed)           0.258     1.914    u_bram/req_addr[3]
    RAMB18_X2Y16         RAMB18E1                                     r  u_bram/mem_reg/ADDRARDADDR[7]
  -------------------------------------------------------------------    -------------------

                         (clock sys_clk rise edge)    0.000     0.000 r  
    R4                                                0.000     0.000 r  sys_clk (IN)
                         net (fo=0)                   0.000     0.000    sys_clk
    R4                   IBUF (Prop_ibuf_I_O)         0.457     0.457 r  sys_clk_IBUF_inst/O
                         net (fo=1, routed)           0.685     1.141    sys_clk_IBUF
    BUFGCTRL_X0Y0        BUFG (Prop_bufg_I_O)         0.029     1.170 r  sys_clk_IBUF_BUFG_inst/O
                         net (fo=63, routed)          0.875     2.046    u_bram/clk
    RAMB18_X2Y16         RAMB18E1                                     r  u_bram/mem_reg/CLKARDCLK
                         clock pessimism             -0.498     1.548    
    RAMB18_X2Y16         RAMB18E1 (Hold_ramb18e1_CLKARDCLK_ADDRARDADDR[7])
                                                      0.183     1.731    u_bram/mem_reg
  -------------------------------------------------------------------
                         required time                         -1.731    
                         arrival time                           1.914    
  -------------------------------------------------------------------
                         slack                                  0.183    

Slack (MET) :             0.191ns  (arrival time - required time)
  Source:                 u_mbist/u_controller/phase_reg[0]/C
                            (rising edge-triggered cell FDRE clocked by sys_clk  {rise@0.000ns fall@10.000ns period=20.000ns})
  Destination:            u_bram/mem_reg/DIADI[7]
                            (rising edge-triggered cell RAMB18E1 clocked by sys_clk  {rise@0.000ns fall@10.000ns period=20.000ns})
  Path Group:             sys_clk
  Path Type:              Hold (Min at Fast Process Corner)
  Requirement:            0.000ns  (sys_clk rise@0.000ns - sys_clk rise@0.000ns)
  Data Path Delay:        0.564ns  (logic 0.186ns (33.003%)  route 0.378ns (66.997%))
  Logic Levels:           1  (LUT2=1)
  Clock Path Skew:        0.077ns (DCD - SCD - CPR)
    Destination Clock Delay (DCD):    2.046ns
    Source Clock Delay      (SCD):    1.490ns
    Clock Pessimism Removal (CPR):    0.479ns

    Location             Delay type                Incr(ns)  Path(ns)    Netlist Resource(s)
  -------------------------------------------------------------------    -------------------
                         (clock sys_clk rise edge)    0.000     0.000 r  
    R4                                                0.000     0.000 r  sys_clk (IN)
                         net (fo=0)                   0.000     0.000    sys_clk
    R4                   IBUF (Prop_ibuf_I_O)         0.269     0.269 r  sys_clk_IBUF_inst/O
                         net (fo=1, routed)           0.631     0.900    sys_clk_IBUF
    BUFGCTRL_X0Y0        BUFG (Prop_bufg_I_O)         0.026     0.926 r  sys_clk_IBUF_BUFG_inst/O
                         net (fo=63, routed)          0.565     1.490    u_mbist/u_controller/clk
    SLICE_X55Y42         FDRE                                         r  u_mbist/u_controller/phase_reg[0]/C
  -------------------------------------------------------------------    -------------------
    SLICE_X55Y42         FDRE (Prop_fdre_C_Q)         0.141     1.631 r  u_mbist/u_controller/phase_reg[0]/Q
                         net (fo=13, routed)          0.191     1.822    u_mbist/u_data/phase[0]
    SLICE_X55Y42         LUT2 (Prop_lut2_I0_O)        0.045     1.867 r  u_mbist/u_data/write_data[7]_INST_0/O
                         net (fo=8, routed)           0.187     2.054    u_bram/req_wdata[7]
    RAMB18_X2Y16         RAMB18E1                                     r  u_bram/mem_reg/DIADI[7]
  -------------------------------------------------------------------    -------------------

                         (clock sys_clk rise edge)    0.000     0.000 r  
    R4                                                0.000     0.000 r  sys_clk (IN)
                         net (fo=0)                   0.000     0.000    sys_clk
    R4                   IBUF (Prop_ibuf_I_O)         0.457     0.457 r  sys_clk_IBUF_inst/O
                         net (fo=1, routed)           0.685     1.141    sys_clk_IBUF
    BUFGCTRL_X0Y0        BUFG (Prop_bufg_I_O)         0.029     1.170 r  sys_clk_IBUF_BUFG_inst/O
                         net (fo=63, routed)          0.875     2.046    u_bram/clk
    RAMB18_X2Y16         RAMB18E1                                     r  u_bram/mem_reg/CLKARDCLK
                         clock pessimism             -0.479     1.567    
    RAMB18_X2Y16         RAMB18E1 (Hold_ramb18e1_CLKARDCLK_DIADI[7])
                                                      0.296     1.863    u_bram/mem_reg
  -------------------------------------------------------------------
                         required time                         -1.863    
                         arrival time                           2.054    
  -------------------------------------------------------------------
                         slack                                  0.191    

Slack (MET) :             0.205ns  (arrival time - required time)
  Source:                 accepted_count_reg[0]/C
                            (rising edge-triggered cell FDRE clocked by sys_clk  {rise@0.000ns fall@10.000ns period=20.000ns})
  Destination:            accepted_count_reg[5]/D
                            (rising edge-triggered cell FDRE clocked by sys_clk  {rise@0.000ns fall@10.000ns period=20.000ns})
  Path Group:             sys_clk
  Path Type:              Hold (Min at Fast Process Corner)
  Requirement:            0.000ns  (sys_clk rise@0.000ns - sys_clk rise@0.000ns)
  Data Path Delay:        0.310ns  (logic 0.209ns (67.526%)  route 0.101ns (32.474%))
  Logic Levels:           1  (LUT6=1)
  Clock Path Skew:        0.013ns (DCD - SCD - CPR)
    Destination Clock Delay (DCD):    2.033ns
    Source Clock Delay      (SCD):    1.518ns
    Clock Pessimism Removal (CPR):    0.502ns

    Location             Delay type                Incr(ns)  Path(ns)    Netlist Resource(s)
  -------------------------------------------------------------------    -------------------
                         (clock sys_clk rise edge)    0.000     0.000 r  
    R4                                                0.000     0.000 r  sys_clk (IN)
                         net (fo=0)                   0.000     0.000    sys_clk
    R4                   IBUF (Prop_ibuf_I_O)         0.269     0.269 r  sys_clk_IBUF_inst/O
                         net (fo=1, routed)           0.631     0.900    sys_clk_IBUF
    BUFGCTRL_X0Y0        BUFG (Prop_bufg_I_O)         0.026     0.926 r  sys_clk_IBUF_BUFG_inst/O
                         net (fo=63, routed)          0.593     1.518    sys_clk_IBUF_BUFG
    SLICE_X60Y40         FDRE                                         r  accepted_count_reg[0]/C
  -------------------------------------------------------------------    -------------------
    SLICE_X60Y40         FDRE (Prop_fdre_C_Q)         0.164     1.682 r  accepted_count_reg[0]/Q
                         net (fo=7, routed)           0.101     1.783    accepted_count[0]
    SLICE_X61Y40         LUT6 (Prop_lut6_I2_O)        0.045     1.828 r  accepted_count[5]_i_1/O
                         net (fo=1, routed)           0.000     1.828    p_1_in__0[5]
    SLICE_X61Y40         FDRE                                         r  accepted_count_reg[5]/D
  -------------------------------------------------------------------    -------------------

                         (clock sys_clk rise edge)    0.000     0.000 r  
    R4                                                0.000     0.000 r  sys_clk (IN)
                         net (fo=0)                   0.000     0.000    sys_clk
    R4                   IBUF (Prop_ibuf_I_O)         0.457     0.457 r  sys_clk_IBUF_inst/O
                         net (fo=1, routed)           0.685     1.141    sys_clk_IBUF
    BUFGCTRL_X0Y0        BUFG (Prop_bufg_I_O)         0.029     1.170 r  sys_clk_IBUF_BUFG_inst/O
                         net (fo=63, routed)          0.863     2.033    sys_clk_IBUF_BUFG
    SLICE_X61Y40         FDRE                                         r  accepted_count_reg[5]/C
                         clock pessimism             -0.502     1.531    
    SLICE_X61Y40         FDRE (Hold_fdre_C_D)         0.092     1.623    accepted_count_reg[5]
  -------------------------------------------------------------------
                         required time                         -1.623    
                         arrival time                           1.828    
  -------------------------------------------------------------------
                         slack                                  0.205    

Slack (MET) :             0.206ns  (arrival time - required time)
  Source:                 accepted_count_reg[1]/C
                            (rising edge-triggered cell FDRE clocked by sys_clk  {rise@0.000ns fall@10.000ns period=20.000ns})
  Destination:            accepted_count_reg[4]/D
                            (rising edge-triggered cell FDRE clocked by sys_clk  {rise@0.000ns fall@10.000ns period=20.000ns})
  Path Group:             sys_clk
  Path Type:              Hold (Min at Fast Process Corner)
  Requirement:            0.000ns  (sys_clk rise@0.000ns - sys_clk rise@0.000ns)
  Data Path Delay:        0.311ns  (logic 0.209ns (67.272%)  route 0.102ns (32.728%))
  Logic Levels:           1  (LUT5=1)
  Clock Path Skew:        0.013ns (DCD - SCD - CPR)
    Destination Clock Delay (DCD):    2.033ns
    Source Clock Delay      (SCD):    1.518ns
    Clock Pessimism Removal (CPR):    0.502ns

    Location             Delay type                Incr(ns)  Path(ns)    Netlist Resource(s)
  -------------------------------------------------------------------    -------------------
                         (clock sys_clk rise edge)    0.000     0.000 r  
    R4                                                0.000     0.000 r  sys_clk (IN)
                         net (fo=0)                   0.000     0.000    sys_clk
    R4                   IBUF (Prop_ibuf_I_O)         0.269     0.269 r  sys_clk_IBUF_inst/O
                         net (fo=1, routed)           0.631     0.900    sys_clk_IBUF
    BUFGCTRL_X0Y0        BUFG (Prop_bufg_I_O)         0.026     0.926 r  sys_clk_IBUF_BUFG_inst/O
                         net (fo=63, routed)          0.593     1.518    sys_clk_IBUF_BUFG
    SLICE_X60Y40         FDRE                                         r  accepted_count_reg[1]/C
  -------------------------------------------------------------------    -------------------
    SLICE_X60Y40         FDRE (Prop_fdre_C_Q)         0.164     1.682 r  accepted_count_reg[1]/Q
                         net (fo=6, routed)           0.102     1.784    accepted_count[1]
    SLICE_X61Y40         LUT5 (Prop_lut5_I2_O)        0.045     1.829 r  accepted_count[4]_i_1/O
                         net (fo=1, routed)           0.000     1.829    p_1_in__0[4]
    SLICE_X61Y40         FDRE                                         r  accepted_count_reg[4]/D
  -------------------------------------------------------------------    -------------------

                         (clock sys_clk rise edge)    0.000     0.000 r  
    R4                                                0.000     0.000 r  sys_clk (IN)
                         net (fo=0)                   0.000     0.000    sys_clk
    R4                   IBUF (Prop_ibuf_I_O)         0.457     0.457 r  sys_clk_IBUF_inst/O
                         net (fo=1, routed)           0.685     1.141    sys_clk_IBUF
    BUFGCTRL_X0Y0        BUFG (Prop_bufg_I_O)         0.029     1.170 r  sys_clk_IBUF_BUFG_inst/O
                         net (fo=63, routed)          0.863     2.033    sys_clk_IBUF_BUFG
    SLICE_X61Y40         FDRE                                         r  accepted_count_reg[4]/C
                         clock pessimism             -0.502     1.531    
    SLICE_X61Y40         FDRE (Hold_fdre_C_D)         0.092     1.623    accepted_count_reg[4]
  -------------------------------------------------------------------
                         required time                         -1.623    
                         arrival time                           1.829    
  -------------------------------------------------------------------
                         slack                                  0.206    

Slack (MET) :             0.207ns  (arrival time - required time)
  Source:                 u_mbist/u_address/addr_reg[1]/C
                            (rising edge-triggered cell FDRE clocked by sys_clk  {rise@0.000ns fall@10.000ns period=20.000ns})
  Destination:            u_bram/mem_reg/ADDRARDADDR[5]
                            (rising edge-triggered cell RAMB18E1 clocked by sys_clk  {rise@0.000ns fall@10.000ns period=20.000ns})
  Path Group:             sys_clk
  Path Type:              Hold (Min at Fast Process Corner)
  Requirement:            0.000ns  (sys_clk rise@0.000ns - sys_clk rise@0.000ns)
  Data Path Delay:        0.392ns  (logic 0.148ns (37.733%)  route 0.244ns (62.267%))
  Logic Levels:           0  
  Clock Path Skew:        0.056ns (DCD - SCD - CPR)
    Destination Clock Delay (DCD):    2.046ns
    Source Clock Delay      (SCD):    1.492ns
    Clock Pessimism Removal (CPR):    0.498ns

    Location             Delay type                Incr(ns)  Path(ns)    Netlist Resource(s)
  -------------------------------------------------------------------    -------------------
                         (clock sys_clk rise edge)    0.000     0.000 r  
    R4                                                0.000     0.000 r  sys_clk (IN)
                         net (fo=0)                   0.000     0.000    sys_clk
    R4                   IBUF (Prop_ibuf_I_O)         0.269     0.269 r  sys_clk_IBUF_inst/O
                         net (fo=1, routed)           0.631     0.900    sys_clk_IBUF
    BUFGCTRL_X0Y0        BUFG (Prop_bufg_I_O)         0.026     0.926 r  sys_clk_IBUF_BUFG_inst/O
                         net (fo=63, routed)          0.567     1.492    u_mbist/u_address/clk
    SLICE_X56Y41         FDRE                                         r  u_mbist/u_address/addr_reg[1]/C
  -------------------------------------------------------------------    -------------------
    SLICE_X56Y41         FDRE (Prop_fdre_C_Q)         0.148     1.640 r  u_mbist/u_address/addr_reg[1]/Q
                         net (fo=7, routed)           0.244     1.885    u_bram/req_addr[1]
    RAMB18_X2Y16         RAMB18E1                                     r  u_bram/mem_reg/ADDRARDADDR[5]
  -------------------------------------------------------------------    -------------------

                         (clock sys_clk rise edge)    0.000     0.000 r  
    R4                                                0.000     0.000 r  sys_clk (IN)
                         net (fo=0)                   0.000     0.000    sys_clk
    R4                   IBUF (Prop_ibuf_I_O)         0.457     0.457 r  sys_clk_IBUF_inst/O
                         net (fo=1, routed)           0.685     1.141    sys_clk_IBUF
    BUFGCTRL_X0Y0        BUFG (Prop_bufg_I_O)         0.029     1.170 r  sys_clk_IBUF_BUFG_inst/O
                         net (fo=63, routed)          0.875     2.046    u_bram/clk
    RAMB18_X2Y16         RAMB18E1                                     r  u_bram/mem_reg/CLKARDCLK
                         clock pessimism             -0.498     1.548    
    RAMB18_X2Y16         RAMB18E1 (Hold_ramb18e1_CLKARDCLK_ADDRARDADDR[5])
                                                      0.130     1.678    u_bram/mem_reg
  -------------------------------------------------------------------
                         required time                         -1.678    
                         arrival time                           1.885    
  -------------------------------------------------------------------
                         slack                                  0.207    

Slack (MET) :             0.208ns  (arrival time - required time)
  Source:                 accepted_count_reg[1]/C
                            (rising edge-triggered cell FDRE clocked by sys_clk  {rise@0.000ns fall@10.000ns period=20.000ns})
  Destination:            accepted_count_reg[3]/D
                            (rising edge-triggered cell FDRE clocked by sys_clk  {rise@0.000ns fall@10.000ns period=20.000ns})
  Path Group:             sys_clk
  Path Type:              Hold (Min at Fast Process Corner)
  Requirement:            0.000ns  (sys_clk rise@0.000ns - sys_clk rise@0.000ns)
  Data Path Delay:        0.312ns  (logic 0.209ns (67.056%)  route 0.103ns (32.944%))
  Logic Levels:           1  (LUT4=1)
  Clock Path Skew:        0.013ns (DCD - SCD - CPR)
    Destination Clock Delay (DCD):    2.033ns
    Source Clock Delay      (SCD):    1.518ns
    Clock Pessimism Removal (CPR):    0.502ns

    Location             Delay type                Incr(ns)  Path(ns)    Netlist Resource(s)
  -------------------------------------------------------------------    -------------------
                         (clock sys_clk rise edge)    0.000     0.000 r  
    R4                                                0.000     0.000 r  sys_clk (IN)
                         net (fo=0)                   0.000     0.000    sys_clk
    R4                   IBUF (Prop_ibuf_I_O)         0.269     0.269 r  sys_clk_IBUF_inst/O
                         net (fo=1, routed)           0.631     0.900    sys_clk_IBUF
    BUFGCTRL_X0Y0        BUFG (Prop_bufg_I_O)         0.026     0.926 r  sys_clk_IBUF_BUFG_inst/O
                         net (fo=63, routed)          0.593     1.518    sys_clk_IBUF_BUFG
    SLICE_X60Y40         FDRE                                         r  accepted_count_reg[1]/C
  -------------------------------------------------------------------    -------------------
    SLICE_X60Y40         FDRE (Prop_fdre_C_Q)         0.164     1.682 r  accepted_count_reg[1]/Q
                         net (fo=6, routed)           0.103     1.785    accepted_count[1]
    SLICE_X61Y40         LUT4 (Prop_lut4_I0_O)        0.045     1.830 r  accepted_count[3]_i_1/O
                         net (fo=1, routed)           0.000     1.830    p_1_in__0[3]
    SLICE_X61Y40         FDRE                                         r  accepted_count_reg[3]/D
  -------------------------------------------------------------------    -------------------

                         (clock sys_clk rise edge)    0.000     0.000 r  
    R4                                                0.000     0.000 r  sys_clk (IN)
                         net (fo=0)                   0.000     0.000    sys_clk
    R4                   IBUF (Prop_ibuf_I_O)         0.457     0.457 r  sys_clk_IBUF_inst/O
                         net (fo=1, routed)           0.685     1.141    sys_clk_IBUF
    BUFGCTRL_X0Y0        BUFG (Prop_bufg_I_O)         0.029     1.170 r  sys_clk_IBUF_BUFG_inst/O
                         net (fo=63, routed)          0.863     2.033    sys_clk_IBUF_BUFG
    SLICE_X61Y40         FDRE                                         r  accepted_count_reg[3]/C
                         clock pessimism             -0.502     1.531    
    SLICE_X61Y40         FDRE (Hold_fdre_C_D)         0.091     1.622    accepted_count_reg[3]
  -------------------------------------------------------------------
                         required time                         -1.622    
                         arrival time                           1.830    
  -------------------------------------------------------------------
                         slack                                  0.208    




